 Robot64_R

 Timestamp is 5746638a (Thu May 26 10:46:34 2016)

 Preferred load address is 0000000140000000

 Start         Length     Name                   Class
 0001:00000000 0003b78fH .text                   CODE
 0001:0003b790 00001929H .text$x                 CODE
 0001:0003d0c0 00000185H .text$yc                CODE
 0001:0003d250 00000048H .text$yd                CODE
 0002:00000000 000005f8H .idata$5                DATA
 0002:000005f8 00000008H .CRT$XCA                DATA
 0002:00000600 00000008H .CRT$XCAA               DATA
 0002:00000608 00000038H .CRT$XCU                DATA
 0002:00000640 00000008H .CRT$XCZ                DATA
 0002:00000648 00000008H .CRT$XIA                DATA
 0002:00000650 00000008H .CRT$XIAA               DATA
 0002:00000658 00000008H .CRT$XIY                DATA
 0002:00000660 00000008H .CRT$XIZ                DATA
 0002:00000670 0000a578H .rdata                  DATA
 0002:0000abe8 00000051H .rdata$debug            DATA
 0002:0000ac40 00002ae4H .rdata$r                DATA
 0002:0000d728 00000008H .rtc$IAA                DATA
 0002:0000d730 00000008H .rtc$IZZ                DATA
 0002:0000d738 00000008H .rtc$TAA                DATA
 0002:0000d740 00000008H .rtc$TZZ                DATA
 0002:0000d748 00004ff4H .xdata                  DATA
 0002:00012740 00000194H .xdata$x                DATA
 0002:000128d4 00000078H .idata$2                DATA
 0002:0001294c 00000014H .idata$3                DATA
 0002:00012960 000005f8H .idata$4                DATA
 0002:00012f58 000009bcH .idata$6                DATA
 0002:00013914 00000000H .edata                  DATA
 0003:00000000 00003032H .data                   DATA
 0003:00003040 00031c40H .bss                    DATA
 0004:00000000 00004470H .pdata                  DATA

  Address         Publics by Value              Rva+Base               Lib:Object

 0000:00000000       ___safe_se_handler_count   0000000000000000     <absolute>
 0000:00000000       ___safe_se_handler_table   0000000000000000     <absolute>
 0000:00000000       __ImageBase                0000000140000000     <linker-defined>
 0001:00000000       ?alloc@CAnsiString@string@wylib@@MEAAPEAXPEAX_K@Z 0000000140001000 f i srvlib_x64:CustomLuaConfig.obj
 0001:00000050       ?setData@CAnsiString@string@wylib@@IEAAXPEBD@Z 0000000140001050 f i srvlib_x64:CustomLuaConfig.obj
 0001:000000f0       ?catData@CAnsiString@string@wylib@@IEAAXPEBD@Z 00000001400010f0 f i srvlib_x64:CustomLuaConfig.obj
 0001:00000190       ??0CAnsiString@string@wylib@@QEAA@XZ 0000000140001190 f i srvlib_x64:CustomLuaConfig.obj
 0001:000001c0       ??0CAnsiString@string@wylib@@QEAA@PEBD@Z 00000001400011c0 f i srvlib_x64:CustomLuaConfig.obj
 0001:00000210       ??1CAnsiString@string@wylib@@UEAA@XZ 0000000140001210 f i srvlib_x64:CustomLuaConfig.obj
 0001:00000240       ??BCAnsiString@string@wylib@@QEAAPEADXZ 0000000140001240 f i srvlib_x64:CustomLuaConfig.obj
 0001:00000280       ??4CAnsiString@string@wylib@@QEAAXPEBD@Z 0000000140001280 f i srvlib_x64:CustomLuaConfig.obj
 0001:000002c0       ??YCAnsiString@string@wylib@@QEAAXPEBD@Z 00000001400012c0 f i srvlib_x64:CustomLuaConfig.obj
 0001:00000330       ?length@CAnsiString@string@wylib@@QEBA_KXZ 0000000140001330 f i srvlib_x64:CustomLuaConfig.obj
 0001:00000370       ?isEmpty@CAnsiString@string@wylib@@QEBA_NXZ 0000000140001370 f i srvlib_x64:CustomLuaConfig.obj
 0001:000003b0       ??_GCAnsiString@string@wylib@@UEAAPEAXI@Z 00000001400013b0 f i srvlib_x64:CustomLuaConfig.obj
 0001:000003b0       ??_ECAnsiString@string@wylib@@UEAAPEAXI@Z 00000001400013b0 f i  CIL library: CIL module
 0001:000003f0       ??_ECCustomLuaConfig@@UEAAPEAXI@Z 00000001400013f0 f i  CIL library: CIL module
 0001:000003f0       ??_GCCustomLuaConfig@@UEAAPEAXI@Z 00000001400013f0 f i srvlib_x64:CustomLuaConfig.obj
 0001:00000430       ??4?$CTRefString@VCAnsiString@string@wylib@@D@string@wylib@@QEAAXPEBD@Z 0000000140001430 f i srvlib_x64:CustomLuaConfig.obj
 0001:000004d0       ??0?$CBaseList@PEAV?$CRefObjectImpl@VCAnsiString@string@wylib@@@misc@wylib@@@container@wylib@@QEAA@XZ 00000001400014d0 f i srvlib_x64:CustomLuaConfig.obj
 0001:00000520       ??1?$CBaseList@PEAV?$CRefObjectImpl@VCAnsiString@string@wylib@@@misc@wylib@@@container@wylib@@UEAA@XZ 0000000140001520 f i srvlib_x64:CustomLuaConfig.obj
 0001:00000550       ?add@?$CBaseList@PEAVCTimeProfMgr@@@container@wylib@@QEAA_JAEBQEAVCTimeProfMgr@@@Z 0000000140001550 f i srvlib_x64:TimeStat.obj
 0001:00000550       ?add@?$CBaseList@PEAD@container@wylib@@QEAA_JAEBQEAD@Z 0000000140001550 f i srvlib_x64:CustomLuaPreProcess.obj
 0001:00000550       ?add@?$CBaseList@PEAVCDataPacket@@@container@wylib@@QEAA_JAEBQEAVCDataPacket@@@Z 0000000140001550 f i srvlib_x64:CustomWorkSocket.obj
 0001:00000550       ?add@?$CBaseList@PEAVCTimeProfRecord@@@container@wylib@@QEAA_JAEBQEAVCTimeProfRecord@@@Z 0000000140001550 f i srvlib_x64:TimeStat.obj
 0001:00000550       ?add@?$CBaseList@PEAV?$CRefObjectImpl@VCAnsiString@string@wylib@@@misc@wylib@@@container@wylib@@QEAA_JAEBQEAV?$CRefObjectImpl@VCAnsiString@string@wylib@@@misc@3@@Z 0000000140001550 f i srvlib_x64:CustomLuaConfig.obj
 0001:00000550       ?add@?$CBaseList@PEAVCAnsiString@string@wylib@@@container@wylib@@QEAA_JAEBQEAVCAnsiString@string@3@@Z 0000000140001550 f i srvlib_x64:CustomLuaPreProcess.obj
 0001:00000600       ?remove@?$CBaseList@PEAV?$CRefObjectImpl@VCAnsiString@string@wylib@@@misc@wylib@@@container@wylib@@QEAAX_J@Z 0000000140001600 f i srvlib_x64:CustomLuaConfig.obj
 0001:00000640       ??0?$CRefObjectImpl@VCAnsiString@string@wylib@@@misc@wylib@@QEAA@XZ 0000000140001640 f i srvlib_x64:CustomLuaConfig.obj
 0001:00000680       ?addRef@?$CRefObjectImpl@VCAnsiString@string@wylib@@@misc@wylib@@QEAAJXZ 0000000140001680 f i srvlib_x64:CustomLuaConfig.obj
 0001:000006a0       ?release@?$CRefObjectImpl@VCAnsiString@string@wylib@@@misc@wylib@@QEAAJXZ 00000001400016a0 f i srvlib_x64:CustomLuaConfig.obj
 0001:000006f0       ?finallRelease@?$CRefObjectImpl@VCAnsiString@string@wylib@@@misc@wylib@@MEAAXXZ 00000001400016f0 f i srvlib_x64:CustomLuaConfig.obj
 0001:00000740       ??_G?$CBaseList@PEAV?$CRefObjectImpl@VCAnsiString@string@wylib@@@misc@wylib@@@container@wylib@@UEAAPEAXI@Z 0000000140001740 f i srvlib_x64:CustomLuaConfig.obj
 0001:00000740       ??_E?$CBaseList@PEAV?$CRefObjectImpl@VCAnsiString@string@wylib@@@misc@wylib@@@container@wylib@@UEAAPEAXI@Z 0000000140001740 f i  CIL library: CIL module
 0001:00000780       ??_E?$CRefObjectImpl@VCAnsiString@string@wylib@@@misc@wylib@@UEAAPEAXI@Z 0000000140001780 f i  CIL library: CIL module
 0001:00000780       ??_G?$CRefObjectImpl@VCAnsiString@string@wylib@@@misc@wylib@@UEAAPEAXI@Z 0000000140001780 f i srvlib_x64:CustomLuaConfig.obj
 0001:000007c0       ??1?$CRefObjectImpl@VCAnsiString@string@wylib@@@misc@wylib@@UEAA@XZ 00000001400017c0 f i srvlib_x64:CustomLuaConfig.obj
 0001:000007e0       ?remove@?$CBaseList@PEAV?$CRefObjectImpl@VCAnsiString@string@wylib@@@misc@wylib@@@container@wylib@@QEAAX_J0@Z 00000001400017e0 f i srvlib_x64:CustomLuaConfig.obj
 0001:00000880       _tcsncpy                   0000000140001880 f i srvlib_x64:CustomLuaScript.obj
 0001:000008b0       ??_H@YAXPEAX_KHP6APEAX0@Z@Z 00000001400018b0 f i srvlib_x64:CustomLuaScript.obj
 0001:00000900       ?writeBuf@CDataPacket@@QEAAXPEBX_K@Z 0000000140001900 f i srvlib_x64:CustomLuaScript.obj
 0001:000009c0       ?setLength@CDataPacket@@QEAAX_K@Z 00000001400019c0 f i srvlib_x64:CustomLuaScript.obj
 0001:00000a40       ?_Assert@CDataPacket@@QEAAXXZ 0000000140001a40 f i srvlib_x64:CustomLuaScript.obj
 0001:00000a50       ?setSize@CDataPacket@@IEAAX_K@Z 0000000140001a50 f i srvlib_x64:CustomLuaScript.obj
 0001:00000b90       ??_GCCustomLuaScript@@UEAAPEAXI@Z 0000000140001b90 f i srvlib_x64:CustomLuaScript.obj
 0001:00000b90       ??_ECCustomLuaScript@@UEAAPEAXI@Z 0000000140001b90 f i  CIL library: CIL module
 0001:00000bd0       ??1?$CTRefString@VCAnsiString@string@wylib@@D@string@wylib@@UEAA@XZ 0000000140001bd0 f i srvlib_x64:CustomLuaScript.obj
 0001:00000bf0       ?lcCheck@CCustomLuaScript@@IEAA_NH@Z 0000000140001bf0 f i srvlib_x64:CustomLuaScript.obj
 0001:00000d10       ??0?$CTRefString@VCAnsiString@string@wylib@@D@string@wylib@@QEAA@XZ 0000000140001d10 f i srvlib_x64:CustomLuaScript.obj
 0001:00000d40       ??1?$CRefObject@VCAnsiString@string@wylib@@@misc@wylib@@UEAA@XZ 0000000140001d40 f i srvlib_x64:CustomLuaScript.obj
 0001:00000d80       ??_E?$CTRefString@VCAnsiString@string@wylib@@D@string@wylib@@UEAAPEAXI@Z 0000000140001d80 f i  CIL library: CIL module
 0001:00000d80       ??_G?$CTRefString@VCAnsiString@string@wylib@@D@string@wylib@@UEAAPEAXI@Z 0000000140001d80 f i srvlib_x64:CustomLuaScript.obj
 0001:00000dc0       ??_E?$CRefObject@VCAnsiString@string@wylib@@@misc@wylib@@UEAAPEAXI@Z 0000000140001dc0 f i  CIL library: CIL module
 0001:00000dc0       ??_G?$CRefObject@VCAnsiString@string@wylib@@@misc@wylib@@UEAAPEAXI@Z 0000000140001dc0 f i srvlib_x64:CustomLuaScript.obj
 0001:00000e00       ??0?$CRefObject@VCAnsiString@string@wylib@@@misc@wylib@@QEAA@XZ 0000000140001e00 f i srvlib_x64:CustomLuaScript.obj
 0001:00000e30       _tcschr                    0000000140001e30 f i srvlib_x64:CustomLuaPreProcess.obj
 0001:00000e60       _tcscmp                    0000000140001e60 f i srvlib_x64:CustomLuaPreProcess.obj
 0001:00000e90       _tcsnicmp                  0000000140001e90 f i srvlib_x64:CustomLuaPreProcess.obj
 0001:00000ec0       ??4CAnsiString@string@wylib@@QEAAXAEBV012@@Z 0000000140001ec0 f i srvlib_x64:CustomLuaPreProcess.obj
 0001:00000f00       ?getPosition@CBaseStream@stream@wylib@@QEAA_JXZ 0000000140001f00 f i srvlib_x64:CustomLuaPreProcess.obj
 0001:00000f30       ?SaveParseEnvir@CCustomLuaPreProcessor@@IEAAXXZ 0000000140001f30 f i srvlib_x64:CustomLuaPreProcess.obj
 0001:00000f60       ?RestorsParseEnvir@CCustomLuaPreProcessor@@IEAAXXZ 0000000140001f60 f i srvlib_x64:CustomLuaPreProcess.obj
 0001:00001000       ?abort@CCustomLuaPreProcessor@@IEAAXXZ 0000000140002000 f i srvlib_x64:CustomLuaPreProcess.obj
 0001:00001020       ??_ECCustomLuaPreProcessor@@UEAAPEAXI@Z 0000000140002020 f i  CIL library: CIL module
 0001:00001020       ??_GCCustomLuaPreProcessor@@UEAAPEAXI@Z 0000000140002020 f i srvlib_x64:CustomLuaPreProcess.obj
 0001:00001060       ??0CLineRangeList@CCustomLuaPreProcessor@@QEAA@XZ 0000000140002060 f i srvlib_x64:CustomLuaPreProcess.obj
 0001:00001090       ??1CLineRangeList@CCustomLuaPreProcessor@@UEAA@XZ 0000000140002090 f i srvlib_x64:CustomLuaPreProcess.obj
 0001:000010b0       ??_GCLineRangeList@CCustomLuaPreProcessor@@UEAAPEAXI@Z 00000001400020b0 f i srvlib_x64:CustomLuaPreProcess.obj
 0001:000010b0       ??_ECLineRangeList@CCustomLuaPreProcessor@@UEAAPEAXI@Z 00000001400020b0 f i  CIL library: CIL module
 0001:000010f0       ?fileExists@@YA_NPEBD@Z    00000001400020f0 f i srvlib_x64:CustomLuaPreProcess.obj
 0001:00001130       ??0?$CBaseList@ULineRange@CCustomLuaPreProcessor@@@container@wylib@@QEAA@XZ 0000000140002130 f i srvlib_x64:CustomLuaPreProcess.obj
 0001:00001180       ??1?$CBaseList@ULineRange@CCustomLuaPreProcessor@@@container@wylib@@UEAA@XZ 0000000140002180 f i srvlib_x64:CustomLuaPreProcess.obj
 0001:000011b0       ?trunc@?$CBaseList@PEAVCDataPacket@@@container@wylib@@QEAAX_J@Z 00000001400021b0 f i srvlib_x64:SendPackPool.obj
 0001:000011b0       ?trunc@?$CBaseList@UtagPreProcParseEnvir@CCustomLuaPreProcessor@@@container@wylib@@QEAAX_J@Z 00000001400021b0 f i srvlib_x64:CustomLuaPreProcess.obj
 0001:000011b0       ?trunc@?$CBaseList@_N@container@wylib@@QEAAX_J@Z 00000001400021b0 f i srvlib_x64:CustomLuaPreProcess.obj
 0001:000011b0       ?trunc@?$CBaseList@PEAVCAnsiString@string@wylib@@@container@wylib@@QEAAX_J@Z 00000001400021b0 f i srvlib_x64:CustomLuaPreProcess.obj
 0001:000011b0       ?trunc@?$CBaseList@PEAUtagAppInternalMessage@@@container@wylib@@QEAAX_J@Z 00000001400021b0 f i srvlib_x64:CustomWorkSocket.obj
 0001:000011b0       ?trunc@?$CBaseList@PEAD@container@wylib@@QEAAX_J@Z 00000001400021b0 f i srvlib_x64:CustomLuaPreProcess.obj
 0001:000011b0       ?trunc@?$CBaseList@ULineRange@CCustomLuaPreProcessor@@@container@wylib@@QEAAX_J@Z 00000001400021b0 f i srvlib_x64:CustomLuaPreProcess.obj
 0001:000011e0       ?reserve@?$CBaseList@ULineRange@CCustomLuaPreProcessor@@@container@wylib@@UEAAX_J@Z 00000001400021e0 f i srvlib_x64:CustomLuaPreProcess.obj
 0001:00001250       ??0?$CBaseList@UtagPreProcParseEnvir@CCustomLuaPreProcessor@@@container@wylib@@QEAA@XZ 0000000140002250 f i srvlib_x64:CustomLuaPreProcess.obj
 0001:000012a0       ??1?$CBaseList@UtagPreProcParseEnvir@CCustomLuaPreProcessor@@@container@wylib@@UEAA@XZ 00000001400022a0 f i srvlib_x64:CustomLuaPreProcess.obj
 0001:000012d0       ?count@?$CBaseList@UtagMacro@CCustomLuaPreProcessor@@@container@wylib@@QEBA_JXZ 00000001400022d0 f i srvlib_x64:CustomLuaPreProcess.obj
 0001:000012d0       ?count@?$CBaseList@PEAVCTimeProfMgr@@@container@wylib@@QEBA_JXZ 00000001400022d0 f i srvlib_x64:TimeStat.obj
 0001:000012d0       ?count@?$CBaseList@PEAVCTimeProfRecord@@@container@wylib@@QEBA_JXZ 00000001400022d0 f i srvlib_x64:TimeStat.obj
 0001:000012d0       ?count@?$CBaseList@PEAVCAnsiString@string@wylib@@@container@wylib@@QEBA_JXZ 00000001400022d0 f i srvlib_x64:CustomLuaPreProcess.obj
 0001:000012d0       ?count@?$CBaseList@_N@container@wylib@@QEBA_JXZ 00000001400022d0 f i srvlib_x64:CustomLuaPreProcess.obj
 0001:000012d0       ?count@?$CBaseList@PEAD@container@wylib@@QEBA_JXZ 00000001400022d0 f i srvlib_x64:CustomLuaPreProcess.obj
 0001:000012d0       ?count@?$CBaseList@UtagPreProcParseEnvir@CCustomLuaPreProcessor@@@container@wylib@@QEBA_JXZ 00000001400022d0 f i srvlib_x64:CustomLuaPreProcess.obj
 0001:000012d0       ?count@?$CBaseList@PEAV?$CRefObjectImpl@VCAnsiString@string@wylib@@@misc@wylib@@@container@wylib@@QEBA_JXZ 00000001400022d0 f i srvlib_x64:CustomLuaConfig.obj
 0001:000012d0       ?count@?$CBaseList@PEAUtagAppInternalMessage@@@container@wylib@@QEBA_JXZ 00000001400022d0 f i srvlib_x64:CustomWorkSocket.obj
 0001:000012d0       ?count@?$CBaseList@ULineRange@CCustomLuaPreProcessor@@@container@wylib@@QEBA_JXZ 00000001400022d0 f i srvlib_x64:CustomLuaPreProcess.obj
 0001:000012d0       ?count@?$CBaseList@PEAVCDataPacket@@@container@wylib@@QEBA_JXZ 00000001400022d0 f i srvlib_x64:SendPackPool.obj
 0001:000012e0       ?add@?$CBaseList@UtagPreProcParseEnvir@CCustomLuaPreProcessor@@@container@wylib@@QEAA_JAEBUtagPreProcParseEnvir@CCustomLuaPreProcessor@@@Z 00000001400022e0 f i srvlib_x64:CustomLuaPreProcess.obj
 0001:00001390       ?reserve@?$CBaseList@UtagPreProcParseEnvir@CCustomLuaPreProcessor@@@container@wylib@@UEAAX_J@Z 0000000140002390 f i srvlib_x64:CustomLuaPreProcess.obj
 0001:00001400       ??0?$CBaseList@PEAVCAnsiString@string@wylib@@@container@wylib@@QEAA@XZ 0000000140002400 f i srvlib_x64:CustomLuaPreProcess.obj
 0001:00001450       ??1?$CBaseList@PEAVCAnsiString@string@wylib@@@container@wylib@@UEAA@XZ 0000000140002450 f i srvlib_x64:CustomLuaPreProcess.obj
 0001:00001480       ?reserve@?$CBaseList@PEAUtagAppInternalMessage@@@container@wylib@@UEAAX_J@Z 0000000140002480 f i srvlib_x64:CustomWorkSocket.obj
 0001:00001480       ?reserve@?$CBaseList@PEAV?$CRefObjectImpl@VCAnsiString@string@wylib@@@misc@wylib@@@container@wylib@@UEAAX_J@Z 0000000140002480 f i srvlib_x64:CustomLuaConfig.obj
 0001:00001480       ?reserve@?$CBaseList@PEAVCDataPacket@@@container@wylib@@UEAAX_J@Z 0000000140002480 f i srvlib_x64:SendPackPool.obj
 0001:00001480       ?reserve@?$CBaseList@PEAD@container@wylib@@UEAAX_J@Z 0000000140002480 f i srvlib_x64:CustomLuaPreProcess.obj
 0001:00001480       ?reserve@?$CBaseList@PEAVCTimeProfRecord@@@container@wylib@@UEAAX_J@Z 0000000140002480 f i srvlib_x64:TimeStat.obj
 0001:00001480       ?reserve@?$CBaseList@PEAVCTimeProfMgr@@@container@wylib@@UEAAX_J@Z 0000000140002480 f i srvlib_x64:TimeStat.obj
 0001:00001480       ?reserve@?$CBaseList@PEAVCAnsiString@string@wylib@@@container@wylib@@UEAAX_J@Z 0000000140002480 f i srvlib_x64:CustomLuaPreProcess.obj
 0001:000014f0       ??0?$CBaseList@UtagMacro@CCustomLuaPreProcessor@@@container@wylib@@QEAA@XZ 00000001400024f0 f i srvlib_x64:CustomLuaPreProcess.obj
 0001:00001540       ??1?$CBaseList@UtagMacro@CCustomLuaPreProcessor@@@container@wylib@@UEAA@XZ 0000000140002540 f i srvlib_x64:CustomLuaPreProcess.obj
 0001:00001570       ?add@?$CBaseList@UtagMacro@CCustomLuaPreProcessor@@@container@wylib@@QEAA_JAEBUtagMacro@CCustomLuaPreProcessor@@@Z 0000000140002570 f i srvlib_x64:CustomLuaPreProcess.obj
 0001:00001630       ?remove@?$CBaseList@UtagMacro@CCustomLuaPreProcessor@@@container@wylib@@QEAAX_J@Z 0000000140002630 f i srvlib_x64:CustomLuaPreProcess.obj
 0001:00001670       ?reserve@?$CBaseList@UtagMacro@CCustomLuaPreProcessor@@@container@wylib@@UEAAX_J@Z 0000000140002670 f i srvlib_x64:CustomLuaPreProcess.obj
 0001:000016e0       ??0?$CBaseList@_N@container@wylib@@QEAA@XZ 00000001400026e0 f i srvlib_x64:CustomLuaPreProcess.obj
 0001:00001730       ??1?$CBaseList@_N@container@wylib@@UEAA@XZ 0000000140002730 f i srvlib_x64:CustomLuaPreProcess.obj
 0001:00001760       ?add@?$CBaseList@_N@container@wylib@@QEAA_JAEB_N@Z 0000000140002760 f i srvlib_x64:CustomLuaPreProcess.obj
 0001:00001810       ?get@?$CBaseList@_N@container@wylib@@QEBAAEB_N_J@Z 0000000140002810 f i srvlib_x64:CustomLuaPreProcess.obj
 0001:00001840       ?reserve@?$CBaseList@_N@container@wylib@@UEAAX_J@Z 0000000140002840 f i srvlib_x64:CustomLuaPreProcess.obj
 0001:000018a0       ??0?$CBaseList@PEAD@container@wylib@@QEAA@XZ 00000001400028a0 f i srvlib_x64:CustomLuaPreProcess.obj
 0001:000018f0       ??1?$CBaseList@PEAD@container@wylib@@UEAA@XZ 00000001400028f0 f i srvlib_x64:CustomLuaPreProcess.obj
 0001:00001920       ??0?$CTRefString@VCAnsiString@string@wylib@@D@string@wylib@@QEAA@AEBV012@@Z 0000000140002920 f i srvlib_x64:CustomLuaPreProcess.obj
 0001:00001980       ??B?$CTRefString@VCAnsiString@string@wylib@@D@string@wylib@@QEAAPEADXZ 0000000140002980 f i srvlib_x64:CustomLuaPreProcess.obj
 0001:00001980       ??B?$CTRefString@VCAnsiString@string@wylib@@D@string@wylib@@QEBAPEBDXZ 0000000140002980 f i srvlib_x64:CustomLuaPreProcess.obj
 0001:000019c0       ??Y?$CTRefString@VCAnsiString@string@wylib@@D@string@wylib@@QEAAXPEBD@Z 00000001400029c0 f i srvlib_x64:CustomLuaPreProcess.obj
 0001:00001a80       ?format@?$CTRefString@VCAnsiString@string@wylib@@D@string@wylib@@QEAA_KPEBDZZ 0000000140002a80 f i srvlib_x64:CustomLuaPreProcess.obj
 0001:00001ae0       ??0?$CRefObject@VCAnsiString@string@wylib@@@misc@wylib@@QEAA@AEAV012@@Z 0000000140002ae0 f i srvlib_x64:CustomLuaPreProcess.obj
 0001:00001b40       ??_G?$CBaseList@ULineRange@CCustomLuaPreProcessor@@@container@wylib@@UEAAPEAXI@Z 0000000140002b40 f i srvlib_x64:CustomLuaPreProcess.obj
 0001:00001b40       ??_E?$CBaseList@ULineRange@CCustomLuaPreProcessor@@@container@wylib@@UEAAPEAXI@Z 0000000140002b40 f i  CIL library: CIL module
 0001:00001b80       ??_E?$CBaseList@UtagPreProcParseEnvir@CCustomLuaPreProcessor@@@container@wylib@@UEAAPEAXI@Z 0000000140002b80 f i  CIL library: CIL module
 0001:00001b80       ??_G?$CBaseList@UtagPreProcParseEnvir@CCustomLuaPreProcessor@@@container@wylib@@UEAAPEAXI@Z 0000000140002b80 f i srvlib_x64:CustomLuaPreProcess.obj
 0001:00001bc0       ??_G?$CBaseList@PEAVCAnsiString@string@wylib@@@container@wylib@@UEAAPEAXI@Z 0000000140002bc0 f i srvlib_x64:CustomLuaPreProcess.obj
 0001:00001bc0       ??_E?$CBaseList@PEAVCAnsiString@string@wylib@@@container@wylib@@UEAAPEAXI@Z 0000000140002bc0 f i  CIL library: CIL module
 0001:00001c00       ??_G?$CBaseList@UtagMacro@CCustomLuaPreProcessor@@@container@wylib@@UEAAPEAXI@Z 0000000140002c00 f i srvlib_x64:CustomLuaPreProcess.obj
 0001:00001c00       ??_E?$CBaseList@UtagMacro@CCustomLuaPreProcessor@@@container@wylib@@UEAAPEAXI@Z 0000000140002c00 f i  CIL library: CIL module
 0001:00001c40       ??_G?$CBaseList@_N@container@wylib@@UEAAPEAXI@Z 0000000140002c40 f i srvlib_x64:CustomLuaPreProcess.obj
 0001:00001c40       ??_E?$CBaseList@_N@container@wylib@@UEAAPEAXI@Z 0000000140002c40 f i  CIL library: CIL module
 0001:00001c80       ??_G?$CBaseList@PEAD@container@wylib@@UEAAPEAXI@Z 0000000140002c80 f i srvlib_x64:CustomLuaPreProcess.obj
 0001:00001c80       ??_E?$CBaseList@PEAD@container@wylib@@UEAAPEAXI@Z 0000000140002c80 f i  CIL library: CIL module
 0001:00001cc0       ?remove@?$CBaseList@UtagMacro@CCustomLuaPreProcessor@@@container@wylib@@QEAAX_J0@Z 0000000140002cc0 f i srvlib_x64:CustomLuaPreProcess.obj
 0001:00001d70       ?format_args@?$CTRefString@VCAnsiString@string@wylib@@D@string@wylib@@QEAA_KPEBDPEAD@Z 0000000140002d70 f i srvlib_x64:CustomLuaPreProcess.obj
 0001:00001e30       ??2@YAPEAX_KPEAX@Z         0000000140002e30 f i srvlib_x64:LangTextSection.obj
 0001:00001e40       ??3@YAXPEAX0@Z             0000000140002e40 f i srvlib_x64:LangTextSection.obj
 0001:00001e50       ??_ECLangTextPacket@@UEAAPEAXI@Z 0000000140002e50 f i  CIL library: CIL module
 0001:00001e50       ??_GCLangTextPacket@@UEAAPEAXI@Z 0000000140002e50 f i srvlib_x64:LangTextSection.obj
 0001:00001e90       ??0?$CCustomHashTable@VCLangTextSection@@@@QEAA@_K@Z 0000000140002e90 f i srvlib_x64:LangTextSection.obj
 0001:00001f60       ??1?$CCustomHashTable@VCLangTextSection@@@@UEAA@XZ 0000000140002f60 f i srvlib_x64:LangTextSection.obj
 0001:00001f90       ?clear@?$CCustomHashTable@VCLangTextSection@@@@QEAAXXZ 0000000140002f90 f i srvlib_x64:LangTextSection.obj
 0001:00002050       ?get@?$CCustomHashTable@VCLangTextSection@@@@QEAAPEAVCLangTextSection@@PEBD@Z 0000000140003050 f i srvlib_x64:LangTextSection.obj
 0001:000020b0       ?put@?$CCustomHashTable@VCLangTextSection@@@@QEAAPEAVCLangTextSection@@PEBD@Z 00000001400030b0 f i srvlib_x64:LangTextSection.obj
 0001:00002330       ?realloc@?$CCustomHashTable@VCLangTextSection@@@@MEAAPEAXPEAX_K@Z 0000000140003330 f i srvlib_x64:LangTextSection.obj
 0001:00002360       ?allocObjects@?$CObjectAllocator@D@@QEAAPEAD_J@Z 0000000140003360 f i srvlib_x64:LangTextSection.obj
 0001:000024f0       ??_E?$CCustomHashTable@VCLangTextSection@@@@UEAAPEAXI@Z 00000001400034f0 f i  CIL library: CIL module
 0001:000024f0       ??_G?$CCustomHashTable@VCLangTextSection@@@@UEAAPEAXI@Z 00000001400034f0 f i srvlib_x64:LangTextSection.obj
 0001:00002530       ??_GCLangTextSection@@QEAAPEAXI@Z 0000000140003530 f i srvlib_x64:LangTextSection.obj
 0001:00002570       ?getIndex@?$CCustomHashTable@VCLangTextSection@@@@QEBA_JPEBD@Z 0000000140003570 f i srvlib_x64:LangTextSection.obj
 0001:000026f0       _tcsstr                    00000001400036f0 f i srvlib_x64:SingleObjectAllocator.obj
 0001:00002720       ??0CounterNode@CounterManager@@QEAA@XZ 0000000140003720 f i srvlib_x64:SingleObjectAllocator.obj
 0001:00002750       ??0CounterNode@CounterManager@@QEAA@PEBDPEAX_K@Z 0000000140003750 f i srvlib_x64:SingleObjectAllocator.obj
 0001:00002910       ??4CounterNode@CounterManager@@QEAAAEAU01@AEBU01@@Z 0000000140003910 f i srvlib_x64:SingleObjectAllocator.obj
 0001:00002940       ?getSingleton@CounterManager@@SAAEAV1@XZ 0000000140003940 f i srvlib_x64:SingleObjectAllocator.obj
 0001:00002990       ??0CounterManager@@QEAA@XZ 0000000140003990 f i srvlib_x64:SingleObjectAllocator.obj
 0001:000029e0       ?addObjectCounter@CounterManager@@QEAAXPEBDPEAX_K@Z 00000001400039e0 f i srvlib_x64:SingleObjectAllocator.obj
 0001:00002aa0       ?getSingleton@CSingleObjectAllocStatMgr@@SAAEAV1@XZ 0000000140003aa0 f i srvlib_x64:SingleObjectAllocator.obj
 0001:00002af0       ??1CSingleObjectAllocStatMgr@@QEAA@XZ 0000000140003af0 f i srvlib_x64:SingleObjectAllocator.obj
 0001:00002b20       ?clear@CSingleObjectAllocStatMgr@@QEAAXXZ 0000000140003b20 f i srvlib_x64:SingleObjectAllocator.obj
 0001:00002b40       ??0CSingleObjectAllocStatMgr@@QEAA@XZ 0000000140003b40 f i srvlib_x64:SingleObjectAllocator.obj
 0001:00002b60       ?addToStat@CObjectAllocatorStat@@IEBAXXZ 0000000140003b60 f i srvlib_x64:SingleObjectAllocator.obj
 0001:00002b90       ?removeFromStat@CObjectAllocatorStat@@IEBAXXZ 0000000140003b90 f i srvlib_x64:SingleObjectAllocator.obj
 0001:00002bc0       ??0?$CBaseLinkedList@PEBVCObjectAllocatorStat@@@container@wylib@@QEAA@XZ 0000000140003bc0 f i srvlib_x64:SingleObjectAllocator.obj
 0001:00002c10       ??1?$CBaseLinkedList@PEBVCObjectAllocatorStat@@@container@wylib@@UEAA@XZ 0000000140003c10 f i srvlib_x64:SingleObjectAllocator.obj
 0001:00002c40       ?linkAfter@?$CBaseLinkedList@PEBVCObjectAllocatorStat@@@container@wylib@@QEAAPEAV?$CLinkedNode@PEBVCObjectAllocatorStat@@@23@AEBQEBVCObjectAllocatorStat@@PEAV423@@Z 0000000140003c40 f i srvlib_x64:SingleObjectAllocator.obj
 0001:00002d60       ?clear@?$CBaseLinkedList@PEBVCObjectAllocatorStat@@@container@wylib@@UEAAXXZ 0000000140003d60 f i srvlib_x64:SingleObjectAllocator.obj
 0001:00002de0       ?allocNode@?$CBaseLinkedList@PEBVCObjectAllocatorStat@@@container@wylib@@MEAAPEAV?$CLinkedNode@PEBVCObjectAllocatorStat@@@23@XZ 0000000140003de0 f i srvlib_x64:SingleObjectAllocator.obj
 0001:00002e40       ?freeNode@?$CBaseLinkedList@PEBVCObjectAllocatorStat@@@container@wylib@@MEAAXPEAV?$CLinkedNode@PEBVCObjectAllocatorStat@@@23@@Z 0000000140003e40 f i srvlib_x64:SingleObjectAllocator.obj
 0001:00002e90       ??0?$CLinkedListIterator@PEBVCObjectAllocatorStat@@@container@wylib@@QEAA@AEAV?$CBaseLinkedList@PEBVCObjectAllocatorStat@@@12@@Z 0000000140003e90 f i srvlib_x64:SingleObjectAllocator.obj
 0001:00002ef0       ??1?$CLinkedListIterator@PEBVCObjectAllocatorStat@@@container@wylib@@QEAA@XZ 0000000140003ef0 f i srvlib_x64:SingleObjectAllocator.obj
 0001:00002fb0       ?remove@?$CLinkedListIterator@PEBVCObjectAllocatorStat@@@container@wylib@@QEAAXPEAV?$CLinkedNode@PEBVCObjectAllocatorStat@@@23@H@Z 0000000140003fb0 f i srvlib_x64:SingleObjectAllocator.obj
 0001:00003000       ?first@?$CLinkedListIterator@PEBVCObjectAllocatorStat@@@container@wylib@@QEAAPEAV?$CLinkedNode@PEBVCObjectAllocatorStat@@@23@XZ 0000000140004000 f i srvlib_x64:SingleObjectAllocator.obj
 0001:00003030       ?next@?$CLinkedListIterator@PEBVCObjectAllocatorStat@@@container@wylib@@QEAAPEAV?$CLinkedNode@PEBVCObjectAllocatorStat@@@23@XZ 0000000140004030 f i srvlib_x64:SingleObjectAllocator.obj
 0001:00003090       ??_G?$CBaseLinkedList@PEBVCObjectAllocatorStat@@@container@wylib@@UEAAPEAXI@Z 0000000140004090 f i srvlib_x64:SingleObjectAllocator.obj
 0001:00003090       ??_E?$CBaseLinkedList@PEBVCObjectAllocatorStat@@@container@wylib@@UEAAPEAXI@Z 0000000140004090 f i  CIL library: CIL module
 0001:000030d0       ??0?$CLinkedNode@PEBVCObjectAllocatorStat@@@container@wylib@@QEAA@XZ 00000001400040d0 f i srvlib_x64:SingleObjectAllocator.obj
 0001:000030f0       ??_G?$CLinkedNode@PEBVCObjectAllocatorStat@@@container@wylib@@QEAAPEAXI@Z 00000001400040f0 f i srvlib_x64:SingleObjectAllocator.obj
 0001:00003130       ??1?$CLinkedNode@PEBVCObjectAllocatorStat@@@container@wylib@@QEAA@XZ 0000000140004130 f i srvlib_x64:SingleObjectAllocator.obj
 0001:00003150       ??B?$CBaseList@PEAVCAnsiString@string@wylib@@@container@wylib@@QEBAPEAPEAVCAnsiString@string@2@XZ 0000000140004150 f i srvlib_x64:CustomLuaPreProcess.obj
 0001:00003150       ?rawStr@CAnsiString@string@wylib@@QEAAPEADXZ 0000000140004150 f i srvlib_x64:CustomLuaConfig.obj
 0001:00003150       ??B?$CBaseList@_N@container@wylib@@QEBAPEA_NXZ 0000000140004150 f i srvlib_x64:CustomLuaPreProcess.obj
 0001:00003150       ??B?$CBaseList@PEAV?$CRefObjectImpl@VCAnsiString@string@wylib@@@misc@wylib@@@container@wylib@@QEBAPEAPEAV?$CRefObjectImpl@VCAnsiString@string@wylib@@@misc@2@XZ 0000000140004150 f i srvlib_x64:CustomLuaConfig.obj
 0001:00003150       ??B?$CBaseList@PEAVCTimeProfRecord@@@container@wylib@@QEBAPEAPEAVCTimeProfRecord@@XZ 0000000140004150 f i srvlib_x64:TimeStat.obj
 0001:00003150       ?first@?$CBaseLinkedList@PEBVCObjectAllocatorStat@@@container@wylib@@QEAAPEAV?$CLinkedNode@PEBVCObjectAllocatorStat@@@23@XZ 0000000140004150 f i srvlib_x64:SingleObjectAllocator.obj
 0001:00003150       ??B?$CBaseList@UtagMacro@CCustomLuaPreProcessor@@@container@wylib@@QEBAPEAUtagMacro@CCustomLuaPreProcessor@@XZ 0000000140004150 f i srvlib_x64:CustomLuaPreProcess.obj
 0001:00003150       ?getText@CLangTextSection@@QEAAPEBDXZ 0000000140004150 f i srvlib_x64:LuaLangTextSection.obj
 0001:00003150       ??B?$CBaseList@ULineRange@CCustomLuaPreProcessor@@@container@wylib@@QEBAPEAULineRange@CCustomLuaPreProcessor@@XZ 0000000140004150 f i srvlib_x64:CustomLuaPreProcess.obj
 0001:00003150       ??B?$CBaseList@PEAVCDataPacket@@@container@wylib@@QEBAPEAPEAVCDataPacket@@XZ 0000000140004150 f i srvlib_x64:SendPackPool.obj
 0001:00003150       ??B?$CBaseList@UtagPreProcParseEnvir@CCustomLuaPreProcessor@@@container@wylib@@QEBAPEAUtagPreProcParseEnvir@CCustomLuaPreProcessor@@XZ 0000000140004150 f i srvlib_x64:CustomLuaPreProcess.obj
 0001:00003150       ??B?$CBaseList@PEAUtagAppInternalMessage@@@container@wylib@@QEBAPEAPEAUtagAppInternalMessage@@XZ 0000000140004150 f i srvlib_x64:CustomWorkSocket.obj
 0001:00003150       ??B?$CBaseList@PEAVCTimeProfMgr@@@container@wylib@@QEBAPEAPEAVCTimeProfMgr@@XZ 0000000140004150 f i srvlib_x64:TimeStat.obj
 0001:00003150       ?getMemory@CMemoryStream@stream@wylib@@QEAAPEAXXZ 0000000140004150 f i srvlib_x64:CustomLuaPreProcess.obj
 0001:00003150       ??B?$CBaseList@PEAD@container@wylib@@QEBAPEAPEADXZ 0000000140004150 f i srvlib_x64:CustomLuaPreProcess.obj
 0001:00003160       ?remove@?$CBaseLinkedList@PEBVCObjectAllocatorStat@@@container@wylib@@QEAAXPEAV?$CLinkedNode@PEBVCObjectAllocatorStat@@@23@H@Z 0000000140004160 f i srvlib_x64:SingleObjectAllocator.obj
 0001:000032d0       ?setList@?$CLinkedListIterator@PEBVCObjectAllocatorStat@@@container@wylib@@QEAAXAEAV?$CBaseLinkedList@PEBVCObjectAllocatorStat@@@23@@Z 00000001400042d0 f i srvlib_x64:SingleObjectAllocator.obj
 0001:00003360       ??0?$Counter@V?$CLinkedNode@PEBVCObjectAllocatorStat@@@container@wylib@@@@QEAA@XZ 0000000140004360 f i srvlib_x64:SingleObjectAllocator.obj
 0001:00003380       ??1?$Counter@V?$CLinkedNode@PEBVCObjectAllocatorStat@@@container@wylib@@@@QEAA@XZ 0000000140004380 f i srvlib_x64:SingleObjectAllocator.obj
 0001:000033a0       ??_G?$CLinkedListIterator@PEBVCObjectAllocatorStat@@@container@wylib@@QEAAPEAXI@Z 00000001400043a0 f i srvlib_x64:SingleObjectAllocator.obj
 0001:000033e0       ?addToStat@?$Counter@V?$CLinkedNode@PEBVCObjectAllocatorStat@@@container@wylib@@@@IEAAXXZ 00000001400043e0 f i srvlib_x64:SingleObjectAllocator.obj
 0001:00003440       ?getCount@?$Counter@V?$CLinkedNode@PEBVCObjectAllocatorStat@@@container@wylib@@@@SA_KXZ 0000000140004440 f i srvlib_x64:SingleObjectAllocator.obj
 0001:00003450       ?hashstr@CCLVariant@@SAIPEBD@Z 0000000140004450 f i srvlib_x64:LuaLangTextSection.obj
 0001:00003480       ?hashlstr@CCLVariant@@SAIPEBD_K@Z 0000000140004480 f i srvlib_x64:LuaLangTextSection.obj
 0001:00003510       ?getType@CLangTextSection@@QEAA?AW4ElementType@1@XZ 0000000140004510 f i srvlib_x64:LuaLangTextSection.obj
 0001:00003520       ?GetAccessViolationOperationName@@YAPEBD_K@Z 0000000140004520 f i srvlib_x64:DefExceptHander.obj
 0001:00003570       ??0CTimeProfRecord@@QEAA@XZ 0000000140004570 f i srvlib_x64:TimeStat.obj
 0001:000035a0       ?reset@CTimeProfRecord@@QEAAX_N@Z 00000001400045a0 f i srvlib_x64:TimeStat.obj
 0001:00003620       ?getSingleton@CTimeProfMgr@@SAAEAV1@XZ 0000000140004620 f i srvlib_x64:TimeStat.obj
 0001:00003670       ?getThreadInst@CTimeProfMgr@@QEAAPEAV1@XZ 0000000140004670 f i srvlib_x64:TimeStat.obj
 0001:000037a0       ?freeRecord@CTimeProfMgr@@QEAAXPEAVCTimeProfRecord@@@Z 00000001400047a0 f i srvlib_x64:TimeStat.obj
 0001:000037d0       ?clear@CTimeProfMgr@@QEAAXXZ 00000001400047d0 f i srvlib_x64:TimeStat.obj
 0001:00003970       ?allocTimeProfRecord@CTimeProfMgr@@IEAAXXZ 0000000140004970 f i srvlib_x64:TimeStat.obj
 0001:00003a20       ?setThreadId@CTimeProfMgr@@IEAAXK@Z 0000000140004a20 f i srvlib_x64:TimeStat.obj
 0001:00003a40       ??_GCTimeProfRecord@@QEAAPEAXI@Z 0000000140004a40 f i srvlib_x64:TimeStat.obj
 0001:00003a80       ??_GCTimeProfMgr@@QEAAPEAXI@Z 0000000140004a80 f i srvlib_x64:TimeStat.obj
 0001:00003ac0       ??0?$Counter@VCTimeProfRecord@@@@QEAA@XZ 0000000140004ac0 f i srvlib_x64:TimeStat.obj
 0001:00003ae0       ??1?$Counter@VCTimeProfRecord@@@@QEAA@XZ 0000000140004ae0 f i srvlib_x64:TimeStat.obj
 0001:00003b00       ??0?$CBaseList@PEAVCTimeProfRecord@@@container@wylib@@QEAA@XZ 0000000140004b00 f i srvlib_x64:TimeStat.obj
 0001:00003b50       ??1?$CBaseList@PEAVCTimeProfRecord@@@container@wylib@@UEAA@XZ 0000000140004b50 f i srvlib_x64:TimeStat.obj
 0001:00003b80       ?push@?$CBaseList@PEAVCTimeProfRecord@@@container@wylib@@QEAA_JAEBQEAVCTimeProfRecord@@@Z 0000000140004b80 f i srvlib_x64:TimeStat.obj
 0001:00003bb0       ??0?$CBaseList@PEAVCTimeProfMgr@@@container@wylib@@QEAA@XZ 0000000140004bb0 f i srvlib_x64:TimeStat.obj
 0001:00003c00       ??1?$CBaseList@PEAVCTimeProfMgr@@@container@wylib@@UEAA@XZ 0000000140004c00 f i srvlib_x64:TimeStat.obj
 0001:00003c30       ?empty@?$CBaseList@PEAV?$CRefObjectImpl@VCAnsiString@string@wylib@@@misc@wylib@@@container@wylib@@UEAAXXZ 0000000140004c30 f i srvlib_x64:CustomLuaConfig.obj
 0001:00003c30       ?empty@?$CBaseList@PEAD@container@wylib@@UEAAXXZ 0000000140004c30 f i srvlib_x64:CustomLuaPreProcess.obj
 0001:00003c30       ?empty@?$CBaseList@_N@container@wylib@@UEAAXXZ 0000000140004c30 f i srvlib_x64:CustomLuaPreProcess.obj
 0001:00003c30       ?empty@?$CBaseList@UtagPreProcParseEnvir@CCustomLuaPreProcessor@@@container@wylib@@UEAAXXZ 0000000140004c30 f i srvlib_x64:CustomLuaPreProcess.obj
 0001:00003c30       ?empty@?$CBaseList@PEAVCAnsiString@string@wylib@@@container@wylib@@UEAAXXZ 0000000140004c30 f i srvlib_x64:CustomLuaPreProcess.obj
 0001:00003c30       ?empty@?$CBaseList@PEAVCDataPacket@@@container@wylib@@UEAAXXZ 0000000140004c30 f i srvlib_x64:SendPackPool.obj
 0001:00003c30       ?empty@?$CBaseList@PEAVCTimeProfMgr@@@container@wylib@@UEAAXXZ 0000000140004c30 f i srvlib_x64:TimeStat.obj
 0001:00003c30       ?empty@?$CBaseList@PEAUtagAppInternalMessage@@@container@wylib@@UEAAXXZ 0000000140004c30 f i srvlib_x64:CustomWorkSocket.obj
 0001:00003c30       ?empty@?$CBaseList@ULineRange@CCustomLuaPreProcessor@@@container@wylib@@UEAAXXZ 0000000140004c30 f i srvlib_x64:CustomLuaPreProcess.obj
 0001:00003c30       ?empty@?$CBaseList@PEAVCTimeProfRecord@@@container@wylib@@UEAAXXZ 0000000140004c30 f i srvlib_x64:TimeStat.obj
 0001:00003c30       ?empty@?$CBaseList@UtagMacro@CCustomLuaPreProcessor@@@container@wylib@@UEAAXXZ 0000000140004c30 f i srvlib_x64:CustomLuaPreProcess.obj
 0001:00003c80       ??_E?$CBaseList@PEAVCTimeProfRecord@@@container@wylib@@UEAAPEAXI@Z 0000000140004c80 f i  CIL library: CIL module
 0001:00003c80       ??_G?$CBaseList@PEAVCTimeProfRecord@@@container@wylib@@UEAAPEAXI@Z 0000000140004c80 f i srvlib_x64:TimeStat.obj
 0001:00003cc0       ??_E?$CBaseList@PEAVCTimeProfMgr@@@container@wylib@@UEAAPEAXI@Z 0000000140004cc0 f i  CIL library: CIL module
 0001:00003cc0       ??_G?$CBaseList@PEAVCTimeProfMgr@@@container@wylib@@UEAAPEAXI@Z 0000000140004cc0 f i srvlib_x64:TimeStat.obj
 0001:00003d00       ?addToStat@?$Counter@VCTimeProfRecord@@@@IEAAXXZ 0000000140004d00 f i srvlib_x64:TimeStat.obj
 0001:00003d60       ?clear@?$CBaseList@UtagMacro@CCustomLuaPreProcessor@@@container@wylib@@QEAAXXZ 0000000140004d60 f i srvlib_x64:CustomLuaPreProcess.obj
 0001:00003d60       ?clear@?$CBaseList@PEAD@container@wylib@@QEAAXXZ 0000000140004d60 f i srvlib_x64:CustomLuaPreProcess.obj
 0001:00003d60       ?clear@?$CBaseList@_N@container@wylib@@QEAAXXZ 0000000140004d60 f i srvlib_x64:CustomLuaPreProcess.obj
 0001:00003d60       ?clear@?$CBaseList@UtagPreProcParseEnvir@CCustomLuaPreProcessor@@@container@wylib@@QEAAXXZ 0000000140004d60 f i srvlib_x64:CustomLuaPreProcess.obj
 0001:00003d60       ?clear@?$CBaseList@PEAVCTimeProfRecord@@@container@wylib@@QEAAXXZ 0000000140004d60 f i srvlib_x64:TimeStat.obj
 0001:00003d60       ?clear@?$CBaseList@PEAVCTimeProfMgr@@@container@wylib@@QEAAXXZ 0000000140004d60 f i srvlib_x64:TimeStat.obj
 0001:00003d60       ?clear@?$CBaseList@PEAVCAnsiString@string@wylib@@@container@wylib@@QEAAXXZ 0000000140004d60 f i srvlib_x64:CustomLuaPreProcess.obj
 0001:00003d60       ?clear@?$CBaseList@PEAV?$CRefObjectImpl@VCAnsiString@string@wylib@@@misc@wylib@@@container@wylib@@QEAAXXZ 0000000140004d60 f i srvlib_x64:CustomLuaConfig.obj
 0001:00003d60       ?clear@?$CBaseList@PEAUtagAppInternalMessage@@@container@wylib@@QEAAXXZ 0000000140004d60 f i srvlib_x64:CustomWorkSocket.obj
 0001:00003d60       ?clear@?$CBaseList@PEAVCDataPacket@@@container@wylib@@QEAAXXZ 0000000140004d60 f i srvlib_x64:SendPackPool.obj
 0001:00003d60       ?clear@?$CBaseList@ULineRange@CCustomLuaPreProcessor@@@container@wylib@@QEAAXXZ 0000000140004d60 f i srvlib_x64:CustomLuaPreProcess.obj
 0001:00003d80       ?getCount@?$Counter@VCTimeProfRecord@@@@SA_KXZ 0000000140004d80 f i srvlib_x64:TimeStat.obj
 0001:00003d90       ??$strcpy_s@$0EA@@@YAHAEAY0EA@DPEBD@Z 0000000140004d90 f i srvlib_x64:TimeStat.obj
 0001:00003dc0       ?connected@CCustomSocket@socket@inet@wylib@@QEAA_NXZ 0000000140004dc0 f i srvlib_x64:CustomWorkSocket.obj
 0001:00003dd0       ?getLength@CDataPacketReader@@QEAA_KXZ 0000000140004dd0 f i srvlib_x64:CustomWorkSocket.obj
 0001:00003df0       ?setPosition@CDataPacket@@QEAA_K_K@Z 0000000140004df0 f i srvlib_x64:CustomWorkSocket.obj
 0001:00003e80       ?allocSendPacket@CSendPacketPool@@QEAAAEAVCDataPacket@@XZ 0000000140004e80 f i srvlib_x64:CustomWorkSocket.obj
 0001:00003ec0       ?flushSendPacket@CSendPacketPool@@QEAAXAEAVCDataPacket@@@Z 0000000140004ec0 f i srvlib_x64:CustomWorkSocket.obj
 0001:00003f70       ??_GCCustomWorkSocket@@UEAAPEAXI@Z 0000000140004f70 f i srvlib_x64:CustomWorkSocket.obj
 0001:00003f70       ??_ECCustomWorkSocket@@UEAAPEAXI@Z 0000000140004f70 f i  CIL library: CIL module
 0001:00003fb0       ??0?$CQueueList@PEAUtagAppInternalMessage@@@container@wylib@@QEAA@XZ 0000000140004fb0 f i srvlib_x64:CustomWorkSocket.obj
 0001:00003ff0       ??1?$CQueueList@PEAUtagAppInternalMessage@@@container@wylib@@UEAA@XZ 0000000140004ff0 f i srvlib_x64:CustomWorkSocket.obj
 0001:00004020       ??_G?$CQueueList@PEAUtagAppInternalMessage@@@container@wylib@@UEAAPEAXI@Z 0000000140005020 f i srvlib_x64:CustomWorkSocket.obj
 0001:00004020       ??_E?$CQueueList@PEAUtagAppInternalMessage@@@container@wylib@@UEAAPEAXI@Z 0000000140005020 f i  CIL library: CIL module
 0001:00004060       ??1?$CLockList@PEAUtagAppInternalMessage@@@container@wylib@@UEAA@XZ 0000000140005060 f i srvlib_x64:CustomWorkSocket.obj
 0001:00004080       ?append@?$CQueueList@PEAVCDataPacket@@@container@wylib@@QEAAXAEBQEAVCDataPacket@@@Z 0000000140005080 f i srvlib_x64:CustomWorkSocket.obj
 0001:000040c0       ?lock@?$CLockList@PEAUtagAppInternalMessage@@@container@wylib@@QEAAXXZ 00000001400050c0 f i srvlib_x64:CustomWorkSocket.obj
 0001:000040c0       ?lock@?$CLockList@PEAVCDataPacket@@@container@wylib@@QEAAXXZ 00000001400050c0 f i srvlib_x64:CustomWorkSocket.obj
 0001:00004100       ?unlock@?$CLockList@PEAVCDataPacket@@@container@wylib@@QEAAXXZ 0000000140005100 f i srvlib_x64:CustomWorkSocket.obj
 0001:00004100       ?unlock@?$CLockList@PEAUtagAppInternalMessage@@@container@wylib@@QEAAXXZ 0000000140005100 f i srvlib_x64:CustomWorkSocket.obj
 0001:00004140       ??0?$CLockList@PEAUtagAppInternalMessage@@@container@wylib@@QEAA@PEAVCBaseLock@lock@sync@2@@Z 0000000140005140 f i srvlib_x64:CustomWorkSocket.obj
 0001:00004180       ?setLock@?$CLockList@PEAUtagAppInternalMessage@@@container@wylib@@QEAAPEAVCBaseLock@lock@sync@3@PEAV4563@@Z 0000000140005180 f i srvlib_x64:CustomWorkSocket.obj
 0001:00004180       ?setLock@?$CLockList@PEAVCDataPacket@@@container@wylib@@QEAAPEAVCBaseLock@lock@sync@3@PEAV4563@@Z 0000000140005180 f i srvlib_x64:SendPackPool.obj
 0001:000041c0       ??0?$CBaseList@PEAUtagAppInternalMessage@@@container@wylib@@QEAA@XZ 00000001400051c0 f i srvlib_x64:CustomWorkSocket.obj
 0001:00004210       ??1?$CBaseList@PEAUtagAppInternalMessage@@@container@wylib@@UEAA@XZ 0000000140005210 f i srvlib_x64:CustomWorkSocket.obj
 0001:00004240       ??_E?$CLockList@PEAUtagAppInternalMessage@@@container@wylib@@UEAAPEAXI@Z 0000000140005240 f i  CIL library: CIL module
 0001:00004240       ??_G?$CLockList@PEAUtagAppInternalMessage@@@container@wylib@@UEAAPEAXI@Z 0000000140005240 f i srvlib_x64:CustomWorkSocket.obj
 0001:00004280       ??_G?$CBaseList@PEAUtagAppInternalMessage@@@container@wylib@@UEAAPEAXI@Z 0000000140005280 f i srvlib_x64:CustomWorkSocket.obj
 0001:00004280       ??_E?$CBaseList@PEAUtagAppInternalMessage@@@container@wylib@@UEAAPEAXI@Z 0000000140005280 f i  CIL library: CIL module
 0001:000042c0       ?addList@?$CBaseList@PEAUtagAppInternalMessage@@@container@wylib@@QEAAXAEBV123@@Z 00000001400052c0 f i srvlib_x64:CustomWorkSocket.obj
 0001:000042c0       ?addList@?$CBaseList@PEAVCDataPacket@@@container@wylib@@QEAAXAEBV123@@Z 00000001400052c0 f i srvlib_x64:SendPackPool.obj
 0001:00004300       ?addArray@?$CBaseList@PEAVCDataPacket@@@container@wylib@@QEAAXPEAPEAVCDataPacket@@_J@Z 0000000140005300 f i srvlib_x64:SendPackPool.obj
 0001:00004300       ?addArray@?$CBaseList@PEAUtagAppInternalMessage@@@container@wylib@@QEAAXPEAPEAUtagAppInternalMessage@@_J@Z 0000000140005300 f i srvlib_x64:CustomWorkSocket.obj
 0001:000043a0       ?getAvaliableLength@CDataPacketReader@@QEAA_KXZ 00000001400053a0 f i srvlib_x64:SendPackPool.obj
 0001:000043c0       ?maxCount@?$CBaseList@PEAVCDataPacket@@@container@wylib@@QEBA_JXZ 00000001400053c0 f i srvlib_x64:SendPackPool.obj
 0001:000043c0       ?getOffsetPtr@CDataPacketReader@@QEAAPEADXZ 00000001400053c0 f i srvlib_x64:SendPackPool.obj
 0001:000043d0       ??0CDataPacketReader@@QEAA@XZ 00000001400053d0 f i srvlib_x64:SendPackPool.obj
 0001:00004410       ?adjustOffset@CDataPacket@@QEAA_K_J@Z 0000000140005410 f i srvlib_x64:SendPackPool.obj
 0001:000044d0       ??0CDataPacket@@QEAA@PEAVCBufferAllocator@@@Z 00000001400054d0 f i srvlib_x64:SendPackPool.obj
 0001:00004520       ??1CDataPacket@@QEAA@XZ    0000000140005520 f i srvlib_x64:SendPackPool.obj
 0001:000045b0       ??0?$CQueueList@PEAVCDataPacket@@@container@wylib@@QEAA@XZ 00000001400055b0 f i srvlib_x64:SendPackPool.obj
 0001:000045f0       ??1?$CQueueList@PEAVCDataPacket@@@container@wylib@@UEAA@XZ 00000001400055f0 f i srvlib_x64:SendPackPool.obj
 0001:00004620       ??1?$CLockList@PEAVCDataPacket@@@container@wylib@@UEAA@XZ 0000000140005620 f i srvlib_x64:SendPackPool.obj
 0001:00004640       ??_G?$CQueueList@PEAVCDataPacket@@@container@wylib@@UEAAPEAXI@Z 0000000140005640 f i srvlib_x64:SendPackPool.obj
 0001:00004640       ??_E?$CQueueList@PEAVCDataPacket@@@container@wylib@@UEAAPEAXI@Z 0000000140005640 f i  CIL library: CIL module
 0001:00004680       ??_GCDataPacket@@QEAAPEAXI@Z 0000000140005680 f i srvlib_x64:SendPackPool.obj
 0001:000046c0       ??0?$Counter@VCDataPacket@@@@QEAA@XZ 00000001400056c0 f i srvlib_x64:SendPackPool.obj
 0001:000046e0       ??1?$Counter@VCDataPacket@@@@QEAA@XZ 00000001400056e0 f i srvlib_x64:SendPackPool.obj
 0001:00004700       ?flush@?$CQueueList@PEAVCDataPacket@@@container@wylib@@QEAAXXZ 0000000140005700 f i srvlib_x64:SendPackPool.obj
 0001:00004700       ?flush@?$CQueueList@PEAUtagAppInternalMessage@@@container@wylib@@QEAAXXZ 0000000140005700 f i srvlib_x64:CustomWorkSocket.obj
 0001:00004770       ??0?$CLockList@PEAVCDataPacket@@@container@wylib@@QEAA@PEAVCBaseLock@lock@sync@2@@Z 0000000140005770 f i srvlib_x64:SendPackPool.obj
 0001:000047b0       ??0?$CBaseList@PEAVCDataPacket@@@container@wylib@@QEAA@XZ 00000001400057b0 f i srvlib_x64:SendPackPool.obj
 0001:00004800       ??1?$CBaseList@PEAVCDataPacket@@@container@wylib@@UEAA@XZ 0000000140005800 f i srvlib_x64:SendPackPool.obj
 0001:00004830       ??_E?$CLockList@PEAVCDataPacket@@@container@wylib@@UEAAPEAXI@Z 0000000140005830 f i  CIL library: CIL module
 0001:00004830       ??_G?$CLockList@PEAVCDataPacket@@@container@wylib@@UEAAPEAXI@Z 0000000140005830 f i srvlib_x64:SendPackPool.obj
 0001:00004870       ??_G?$CBaseList@PEAVCDataPacket@@@container@wylib@@UEAAPEAXI@Z 0000000140005870 f i srvlib_x64:SendPackPool.obj
 0001:00004870       ??_E?$CBaseList@PEAVCDataPacket@@@container@wylib@@UEAAPEAXI@Z 0000000140005870 f i  CIL library: CIL module
 0001:000048b0       ?addToStat@?$Counter@VCDataPacket@@@@IEAAXXZ 00000001400058b0 f i srvlib_x64:SendPackPool.obj
 0001:00004910       ?getCount@?$Counter@VCDataPacket@@@@SA_KXZ 0000000140005910 f i srvlib_x64:SendPackPool.obj
 0001:00004920       ??0VirturalMap@@QEAA@XZ    0000000140005920 f i servercommon_x64:JXAbsGameMap.obj
 0001:00004940       ?canEntityMove@VirturalMap@@UEAA_NHHHHHH@Z 0000000140005940 f i servercommon_x64:JXAbsGameMap.obj
 0001:00004960       ??_GCAbstractMap@gameMap@jxcomm@@UEAAPEAXI@Z 0000000140005960 f i servercommon_x64:JXAbsGameMap.obj
 0001:00004960       ??_ECAbstractMap@gameMap@jxcomm@@UEAAPEAXI@Z 0000000140005960 f i  CIL library: CIL module
 0001:000049a0       ?FillInHeader@CNetworkDataHandler@@SAXPEAD_KPEAUDATAHEADER@@PEAVEncrypt@@@Z 00000001400059a0 f   NetworkDataHandler.obj
 0001:00004a30       ?getCurrentTimeDesc@@YAPEBDXZ 0000000140005a30 f   FileLogger.obj
 0001:00004a80       ??1CFileLogger@@QEAA@XZ    0000000140005a80 f   FileLogger.obj
 0001:00004ad0       ??$?6G@CDataPacket@@QEAAAEAV0@G@Z 0000000140005ad0 f i FileLogger.obj
 0001:00004b30       ?addMsg@COPMToFile@@QEAAXW4tagShareOutputMsgType@@PEBD_J@Z 0000000140005b30 f i FileLogger.obj
 0001:00004ec0       ?OutputMsgToFileFn@@YA_JW4tagShareOutputMsgType@@PEBD_J@Z 0000000140005ec0 f   FileLogger.obj
 0001:00004ef0       ??0COPMToFile@@QEAA@PEBD@Z 0000000140005ef0 f i FileLogger.obj
 0001:00005050       ?writeMessage@COPMToFile@@IEAAXW4tagShareOutputMsgType@@PEBD_K12@Z 0000000140006050 f i FileLogger.obj
 0001:000051b0       ?convertToUTF8@COPMToFile@@IEAA_KPEBD_KPEAD1@Z 00000001400061b0 f i FileLogger.obj
 0001:00005280       ??$rawReadStringLen@PEADG@CDataPacketReader@@IEAA_KPEAD_K@Z 0000000140006280 f i FileLogger.obj
 0001:00005370       ??_ECOPMToFile@@WBI@EAAPEAXI@Z 0000000140006370 f i FileLogger.obj
 0001:00005380       ?ProcessMessages@COPMToFile@@IEAAXXZ 0000000140006380 f i FileLogger.obj
 0001:000056d0       ?DumpImpl@COPMToFile@@IEAAXXZ 00000001400066d0 f i FileLogger.obj
 0001:00005aa0       ?OnRountine@COPMToFile@@MEAAXXZ 0000000140006aa0 f i FileLogger.obj
 0001:00005b00       ??1COPMToFile@@UEAA@XZ     0000000140006b00 f i FileLogger.obj
 0001:00005da0       ??_GCOPMToFile@@UEAAPEAXI@Z 0000000140006da0 f i FileLogger.obj
 0001:00005da0       ??_ECOPMToFile@@UEAAPEAXI@Z 0000000140006da0 f i FileLogger.obj
 0001:00005dd0       ??0CFileLogger@@QEAA@PEBDZZ 0000000140006dd0 f   FileLogger.obj
 0001:00005e80       ?NextAction@CAction@@QEAAXXZ 0000000140006e80 f   Action.obj
 0001:00005ea0       ?OnEvent@CTransAction@@UEAAX_J0000@Z 0000000140006ea0 f i ActionMgr.obj
 0001:00005ed0       ?GetActionName@CTransAction@@UEBAPEBDXZ 0000000140006ed0 f i ActionMgr.obj
 0001:00005ee0       ?GetWaitMilliSec@CAutoCombatAction@@UEAAHXZ 0000000140006ee0 f i ActionMgr.obj
 0001:00005ee0       ?GetWaitMilliSec@CTransAction@@UEAAHXZ 0000000140006ee0 f i ActionMgr.obj
 0001:00005ef0       ?getCount@?$Counter@VEntityHandle@@@@SA_KXZ 0000000140006ef0 f i ActionMgr.obj
 0001:00005f00       ?Start@CActionMgr@@QEAAXXZ 0000000140006f00 f   ActionMgr.obj
 0001:00005f40       ?Next@CActionMgr@@QEAAXXZ  0000000140006f40 f   ActionMgr.obj
 0001:00005f80       ?Update@CActionMgr@@QEAAX_J@Z 0000000140006f80 f   ActionMgr.obj
 0001:00005fc0       ?OnEvent@CActionMgr@@QEAAX_J0000@Z 0000000140006fc0 f   ActionMgr.obj
 0001:00006000       ??1?$CBaseList@PEAVCAction@@@container@wylib@@UEAA@XZ 0000000140007000 f i ActionMgr.obj
 0001:00006040       ??_E?$CBaseList@PEAVCAction@@@container@wylib@@UEAAPEAXI@Z 0000000140007040 f i ActionMgr.obj
 0001:00006040       ??_G?$CBaseList@PEAVCAction@@@container@wylib@@UEAAPEAXI@Z 0000000140007040 f i ActionMgr.obj
 0001:000060a0       ?addToStat@?$Counter@VEntityHandle@@@@IEAAXXZ 00000001400070a0 f i ActionMgr.obj
 0001:00006160       ??1CActionMgr@@QEAA@XZ     0000000140007160 f   ActionMgr.obj
 0001:000061f0       ?GetActionName@CAutoCombatAction@@UEBAPEBDXZ 00000001400071f0 f i ActionMgr.obj
 0001:00006200       ?OnEvent@CAutoCombatAction@@UEAAX_J0000@Z 0000000140007200 f i ActionMgr.obj
 0001:00006270       ?Init@CMiscActionMgr@@UEAAXXZ 0000000140007270 f   ActionMgr.obj
 0001:00006390       ?GetDir@CAutoCombatAction@@KA_J_J000@Z 0000000140007390 f   AutoCombatAction.obj
 0001:000063f0       ?Start@CAutoCombatAction@@UEAAXXZ 00000001400073f0 f   AutoCombatAction.obj
 0001:000064a0       ??$?6E@CDataPacket@@QEAAAEAV0@E@Z 00000001400074a0 f i AutoCombatAction.obj
 0001:00006500       ?CheckDead@CAutoCombatAction@@IEAA_NXZ 0000000140007500 f   AutoCombatAction.obj
 0001:000065e0       ?ResetEnemy@CAutoCombatAction@@IEAAXXZ 00000001400075e0 f i AutoCombatAction.obj
 0001:00006620       ??0EntityHandle@@QEAA@AEBV0@@Z 0000000140007620 f i AutoCombatAction.obj
 0001:00006660       ?Move@CAutoCombatAction@@IEAAXHHHH@Z 0000000140007660 f   AutoCombatAction.obj
 0001:00006770       ?GetHandle@CClientEntity@@QEBA?AVEntityHandle@@XZ 0000000140007770 f i AutoCombatAction.obj
 0001:000067c0       ?GetEnemy@CAutoCombatAction@@IEAAXXZ 00000001400077c0 f   AutoCombatAction.obj
 0001:00006890       ?Update@CAutoCombatAction@@UEAAX_J@Z 0000000140007890 f   AutoCombatAction.obj
 0001:00006a10       ?SetDestSceneId@CTransAction@@QEAA_NHH@Z 0000000140007a10 f   TransAction.obj
 0001:00006ba0       ??$rawWriteStringLen@G@CDataPacket@@IEAAXPEBD_K@Z 0000000140007ba0 f i TransAction.obj
 0001:00006ca0       ?Start@CTransAction@@UEAAXXZ 0000000140007ca0 f   TransAction.obj
 0001:00006ef0       ??$readAtom@G@CDataPacketReader@@QEAAGXZ 0000000140007ef0 f i DbAgent.obj
 0001:00006f70       ??$readAtom@I@CDataPacketReader@@QEAAIXZ 0000000140007f70 f i DbAgent.obj
 0001:00006f70       ??$readAtom@H@CDataPacketReader@@QEAAHXZ 0000000140007f70 f i DbAgent.obj
 0001:00006ff0       ?SetServerAddress@CRobotClient@@QEAAXPEADH@Z 0000000140007ff0 f i DbAgent.obj
 0001:000070b0       ?OnEvent@CLogicAgent@@QEAAX_J0000@Z 00000001400080b0 f   LogicAgent.obj
 0001:000070e0       ?GetLoginErrorStr@CLogicAgent@@IEAAPEAD_J@Z 00000001400080e0 f   LogicAgent.obj
 0001:00007190       ?reserve@?$CBaseList@VCClientMonster@@@container@wylib@@UEAAX_J@Z 0000000140008190 f i LogicAgent.obj
 0001:000071d0       ?reserve@?$CBaseList@VCClientActor@@@container@wylib@@UEAAX_J@Z 00000001400081d0 f i LogicAgent.obj
 0001:00007210       ?reserve@?$CBaseList@UtagClientSkillData@@@container@wylib@@UEAAX_J@Z 0000000140008210 f i LogicAgent.obj
 0001:00007250       ?reserve@?$CBaseList@TItemSeries@CUserItem@@@container@wylib@@UEAAX_J@Z 0000000140008250 f i LogicAgent.obj
 0001:00007250       ?reserve@?$CBaseList@PEAVCClientFB@@@container@wylib@@UEAAX_J@Z 0000000140008250 f i RobotManager.obj
 0001:00007250       ?reserve@?$CBaseList@PEAVCAction@@@container@wylib@@UEAAX_J@Z 0000000140008250 f i ActionMgr.obj
 0001:00007290       ?appendList@?$CQueueList@PEAVCDataPacket@@@container@wylib@@QEAAXAEAV?$CBaseList@PEAVCDataPacket@@@23@@Z 0000000140008290 f i LogicAgent.obj
 0001:00007340       ?empty@?$CBaseList@UtagSceneMapPoint@@@container@wylib@@UEAAXXZ 0000000140008340 f i RobotManager.obj
 0001:00007340       ?empty@?$CBaseList@P8CConfigLoader@@EAA_NXZ@container@wylib@@UEAAXXZ 0000000140008340 f i ConfigLoader.obj
 0001:00007340       ?empty@?$CBaseList@VCRobotGroup@@@container@wylib@@UEAAXXZ 0000000140008340 f i RobotManager.obj
 0001:00007340       ?empty@?$CBaseList@VCClientActor@@@container@wylib@@UEAAXXZ 0000000140008340 f i LogicAgent.obj
 0001:00007340       ?empty@?$CBaseList@PEAVCClientFB@@@container@wylib@@UEAAXXZ 0000000140008340 f i RobotManager.obj
 0001:00007340       ?empty@?$CBaseList@UDefinition@CVSPDefinition@@@container@wylib@@UEAAXXZ 0000000140008340 f i VSPDef.obj
 0001:00007340       ?empty@?$CBaseList@TItemSeries@CUserItem@@@container@wylib@@UEAAXXZ 0000000140008340 f i LogicAgent.obj
 0001:00007340       ?empty@?$CBaseList@UtagLoginAccount@@@container@wylib@@UEAAXXZ 0000000140008340 f i RobotManager.obj
 0001:00007340       ?empty@?$CBaseList@PEAVCAction@@@container@wylib@@UEAAXXZ 0000000140008340 f i ActionMgr.obj
 0001:00007340       ?empty@?$CBaseList@UtagClientSkillData@@@container@wylib@@UEAAXXZ 0000000140008340 f i LogicAgent.obj
 0001:00007340       ?empty@?$CBaseList@VCClientMonster@@@container@wylib@@UEAAXXZ 0000000140008340 f i LogicAgent.obj
 0001:00007340       ?empty@?$CBaseList@UtagServerConfig@@@container@wylib@@UEAAXXZ 0000000140008340 f i RobotManager.obj
 0001:00007380       ??_E?$CBaseList@VCClientMonster@@@container@wylib@@UEAAPEAXI@Z 0000000140008380 f i LogicAgent.obj
 0001:00007380       ??_G?$CBaseList@VCClientMonster@@@container@wylib@@UEAAPEAXI@Z 0000000140008380 f i LogicAgent.obj
 0001:000073e0       ??_G?$CBaseList@VCClientActor@@@container@wylib@@UEAAPEAXI@Z 00000001400083e0 f i LogicAgent.obj
 0001:000073e0       ??_E?$CBaseList@VCClientActor@@@container@wylib@@UEAAPEAXI@Z 00000001400083e0 f i LogicAgent.obj
 0001:00007440       ??_G?$CBaseList@UtagClientSkillData@@@container@wylib@@UEAAPEAXI@Z 0000000140008440 f i LogicAgent.obj
 0001:00007440       ??_E?$CBaseList@UtagClientSkillData@@@container@wylib@@UEAAPEAXI@Z 0000000140008440 f i LogicAgent.obj
 0001:000074a0       ??_G?$CBaseList@TItemSeries@CUserItem@@@container@wylib@@UEAAPEAXI@Z 00000001400084a0 f i LogicAgent.obj
 0001:000074a0       ??_E?$CBaseList@TItemSeries@CUserItem@@@container@wylib@@UEAAPEAXI@Z 00000001400084a0 f i LogicAgent.obj
 0001:00007500       ??1CDefaultSystem@@QEAA@XZ 0000000140008500 f i LogicAgent.obj
 0001:00007570       ??1CSkillSystem@@QEAA@XZ   0000000140008570 f i LogicAgent.obj
 0001:000075c0       ??1CItemSystem@@QEAA@XZ    00000001400085c0 f i LogicAgent.obj
 0001:00007610       ?SendLogin@CLogicAgent@@IEAAXXZ 0000000140008610 f   LogicAgent.obj
 0001:000077c0       ?SendCreateActor@CLogicAgent@@IEAAXXZ 00000001400087c0 f   LogicAgent.obj
 0001:000078f0       ?SelActorEnterGame@CLogicAgent@@IEAAXIPEAD@Z 00000001400088f0 f   LogicAgent.obj
 0001:00007a60       ?RandActorName@CLogicAgent@@IEAAXXZ 0000000140008a60 f   LogicAgent.obj
 0001:00007b60       ?CreateActor@CLogicAgent@@IEAAXPEADHHH@Z 0000000140008b60 f   LogicAgent.obj
 0001:00007d20       ?OnRecvLoginMsg@CLogicAgent@@IEAAXEAEAVCDataPacketReader@@@Z 0000000140008d20 f   LogicAgent.obj
 0001:00008040       ??0CMiscActionMgr@@QEAA@XZ 0000000140009040 f i LogicAgent.obj
 0001:000080b0       ?OnConnected@CLogicAgent@@UEAAXXZ 00000001400090b0 f   LogicAgent.obj
 0001:000080d0       ?OnDisConnected@CLogicAgent@@UEAAXXZ 00000001400090d0 f   LogicAgent.obj
 0001:00008120       ?DispatchMsg@CLogicAgent@@IEAAXEEAEAVCDataPacketReader@@@Z 0000000140009120 f   LogicAgent.obj
 0001:000081e0       ??1?$CSwapQueue@PEAVCDataPacket@@@@UEAA@XZ 00000001400091e0 f i LogicAgent.obj
 0001:00008210       ??1CLogicAgent@@UEAA@XZ    0000000140009210 f   LogicAgent.obj
 0001:00008330       ?Init@CLogicAgent@@UEAAXPEAVCRobotClient@@@Z 0000000140009330 f i LogicAgent.obj
 0001:00008360       ?ProcessNetMsg@CLogicAgent@@IEAA_NXZ 0000000140009360 f   LogicAgent.obj
 0001:00008560       ?AllocPacket@CLogicAgent@@IEAAPEAVCDataPacket@@XZ 0000000140009560 f   LogicAgent.obj
 0001:00008700       ??0?$CSwapQueue@PEAVCDataPacket@@@@QEAA@XZ 0000000140009700 f i LogicAgent.obj
 0001:00008770       ??_E?$CSwapQueue@PEAVCDataPacket@@@@UEAAPEAXI@Z 0000000140009770 f i LogicAgent.obj
 0001:00008770       ??_G?$CSwapQueue@PEAVCDataPacket@@@@UEAAPEAXI@Z 0000000140009770 f i LogicAgent.obj
 0001:000087c0       ??0CLogicAgent@@QEAA@XZ    00000001400097c0 f   LogicAgent.obj
 0001:00008920       ??_ECLogicAgent@@UEAAPEAXI@Z 0000000140009920 f i LogicAgent.obj
 0001:00008920       ??_GCLogicAgent@@UEAAPEAXI@Z 0000000140009920 f i LogicAgent.obj
 0001:00008950       ?OnTimeRun@CLogicAgent@@UEAAX_J@Z 0000000140009950 f   LogicAgent.obj
 0001:000089d0       ?OnRecv@CLogicAgent@@UEAAXAEAVCDataPacketReader@@@Z 00000001400099d0 f   LogicAgent.obj
 0001:00008b00       ?LoadAllConfig@CConfigLoader@@QEAA_NXZ 0000000140009b00 f   ConfigLoader.obj
 0001:00008b90       ?LoadSceneConfig@CConfigLoader@@IEAA_NPEBD@Z 0000000140009b90 f   ConfigLoader.obj
 0001:00008ba0       ?ReadChatConfig@CConfigLoader@@IEAA_NXZ 0000000140009ba0 f   ConfigLoader.obj
 0001:00008c20       ?LoadQuestConfig@CConfigLoader@@IEAA_NPEBD@Z 0000000140009c20 f   ConfigLoader.obj
 0001:00008c30       ?LoadMonsterConfig@CConfigLoader@@QEAA_NPEBD@Z 0000000140009c30 f   ConfigLoader.obj
 0001:00008c40       ??1bad_alloc@std@@UEAA@XZ  0000000140009c40 f i ConfigLoader.obj
 0001:00008c60       ??_Gbad_alloc@std@@UEAAPEAXI@Z 0000000140009c60 f i ConfigLoader.obj
 0001:00008c60       ??_Ebad_alloc@std@@UEAAPEAXI@Z 0000000140009c60 f i ConfigLoader.obj
 0001:00008ca0       ?reserve@?$CBaseList@P8CConfigLoader@@EAA_NXZ@container@wylib@@UEAAX_J@Z 0000000140009ca0 f i ConfigLoader.obj
 0001:00008ce0       ??0bad_alloc@std@@QEAA@AEBV01@@Z 0000000140009ce0 f i ConfigLoader.obj
 0001:00008d10       ?LoadFileFunc@?$CFileReader@VCConfigLoader@@@@QEAA_NPEAVCConfigLoader@@PEBDAEAV?$CBaseList@P8CConfigLoader@@EAA_NXZ@container@wylib@@@Z 0000000140009d10 f i ConfigLoader.obj
 0001:00008eb0       ?allocate@?$allocator@PEAD@std@@QEAAPEAPEAD_K@Z 0000000140009eb0 f i ConfigLoader.obj
 0001:00008f20       ??1?$CBaseList@P8CConfigLoader@@EAA_NXZ@container@wylib@@UEAA@XZ 0000000140009f20 f i ConfigLoader.obj
 0001:00008f60       ??_G?$CBaseList@P8CConfigLoader@@EAA_NXZ@container@wylib@@UEAAPEAXI@Z 0000000140009f60 f i ConfigLoader.obj
 0001:00008f60       ??_E?$CBaseList@P8CConfigLoader@@EAA_NXZ@container@wylib@@UEAAPEAXI@Z 0000000140009f60 f i ConfigLoader.obj
 0001:00008fc0       ?reserve@?$vector@PEADV?$allocator@PEAD@std@@@std@@QEAAX_K@Z 0000000140009fc0 f i ConfigLoader.obj
 0001:00009090       ?_Reserve@?$vector@PEADV?$allocator@PEAD@std@@@std@@IEAAX_K@Z 000000014000a090 f i ConfigLoader.obj
 0001:00009110       ?LoadFile@?$CFileReader@VCConfigLoader@@@@QEAA_NPEAVCConfigLoader@@PEBDP82@EAA_NXZ222@Z 000000014000a110 f i ConfigLoader.obj
 0001:00009300       ?LoadChatRobotConfig@CConfigLoader@@IEAA_NPEBD@Z 000000014000a300 f i ConfigLoader.obj
 0001:000093e0       ?clear@?$vector@PEADV?$allocator@PEAD@std@@@std@@QEAAXXZ 000000014000a3e0 f i ConfigLoader.obj
 0001:00009440       ?readLanguagePacket@CLanguageTextProvider@@AEAA_NAEAVCLangTextSection@@@Z 000000014000a440 f   LanguageTextProvider.obj
 0001:000095d0       ??1?$CObjectAllocator@D@@QEAA@XZ 000000014000a5d0 f i LanguageTextProvider.obj
 0001:00009620       ??0CLanguageTextProvider@@QEAA@XZ 000000014000a620 f   LanguageTextProvider.obj
 0001:000096c0       ??1CLanguageTextProvider@@UEAA@XZ 000000014000a6c0 f   LanguageTextProvider.obj
 0001:000097a0       ??_GCLanguageTextProvider@@UEAAPEAXI@Z 000000014000a7a0 f i LanguageTextProvider.obj
 0001:000097a0       ??_ECLanguageTextProvider@@UEAAPEAXI@Z 000000014000a7a0 f i LanguageTextProvider.obj
 0001:000097d0       ?showError@CLanguageTextProvider@@MEAAXPEBD@Z 000000014000a7d0 f   LanguageTextProvider.obj
 0001:00009940       ?LoadLangConfig@CLanguageTextProvider@@QEAA_NAEAUtagRobotConfig@@PEBD@Z 000000014000a940 f   LanguageTextProvider.obj
 0001:00009b00       ?LoadFromFile@CLanguageTextProvider@@QEAA_NPEBD@Z 000000014000ab00 f   LanguageTextProvider.obj
 0001:00009d30       ?alloc@CLogicLuaAllocator@@KAPEAXPEAX0_K1@Z 000000014000ad30 f   LogicLuaAllocator.obj
 0001:00009d40       ?createLuaVM@CLogicLuaAllocator@@SAPEAUlua_State@@XZ 000000014000ad40 f   LogicLuaAllocator.obj
 0001:00009d60       ?registLocalLibs@CCustomLogicLuaConfig@@MEAA_NXZ 000000014000ad60 f   LogicLuaAllocator.obj
 0001:00009dc0       ?createLuaVM@CCustomLogicLuaConfig@@MEAAPEAUlua_State@@XZ 000000014000adc0 f i QuestConfig.obj
 0001:00009dd0       ?GetQuestConfig@CQuestConfigLoader@@QEAAPEBUtagQuestConfig@@G@Z 000000014000add0 f   QuestConfig.obj
 0001:00009e40       ?allocate@?$allocator@UMonsterData@@@std@@QEAAPEAUMonsterData@@_K@Z 000000014000ae40 f i QuestConfig.obj
 0001:00009eb0       ?allocate@?$allocator@UtagQuestConfig@@@std@@QEAAPEAUtagQuestConfig@@_K@Z 000000014000aeb0 f i QuestConfig.obj
 0001:00009f20       ??$_Uninit_move@PEAUMonsterData@@PEAU1@V?$allocator@UMonsterData@@@std@@U1@@std@@YAPEAUMonsterData@@PEAU1@00AEAV?$allocator@UMonsterData@@@0@0U_Nonscalar_ptr_iterator_tag@0@@Z 000000014000af20 f i QuestConfig.obj
 0001:00009f80       ??$_Uninit_move@PEAUtagQuestConfig@@PEAU1@V?$allocator@UtagQuestConfig@@@std@@U1@@std@@YAPEAUtagQuestConfig@@PEAU1@00AEAV?$allocator@UtagQuestConfig@@@0@0U_Nonscalar_ptr_iterator_tag@0@@Z 000000014000af80 f i QuestConfig.obj
 0001:00009fe0       ?reserve@?$vector@UMonsterData@@V?$allocator@UMonsterData@@@std@@@std@@QEAAX_K@Z 000000014000afe0 f i QuestConfig.obj
 0001:0000a0f0       ?_Reserve@?$vector@UMonsterData@@V?$allocator@UMonsterData@@@std@@@std@@IEAAX_K@Z 000000014000b0f0 f i QuestConfig.obj
 0001:0000a1a0       ?reserve@?$vector@UtagQuestConfig@@V?$allocator@UtagQuestConfig@@@std@@@std@@QEAAX_K@Z 000000014000b1a0 f i QuestConfig.obj
 0001:0000a2c0       ?clear@?$vector@UtagQuestConfig@@V?$allocator@UtagQuestConfig@@@std@@@std@@QEAAXXZ 000000014000b2c0 f i QuestConfig.obj
 0001:0000a330       ?push_back@?$vector@UMonsterData@@V?$allocator@UMonsterData@@@std@@@std@@QEAAXAEBUMonsterData@@@Z 000000014000b330 f i QuestConfig.obj
 0001:0000a430       ?clear@?$vector@UMonsterData@@V?$allocator@UMonsterData@@@std@@@std@@QEAAXXZ 000000014000b430 f i QuestConfig.obj
 0001:0000a490       ?_Reserve@?$vector@UtagQuestConfig@@V?$allocator@UtagQuestConfig@@@std@@@std@@IEAAX_K@Z 000000014000b490 f i QuestConfig.obj
 0001:0000a540       ??0CQuestConfigLoader@@QEAA@XZ 000000014000b540 f   QuestConfig.obj
 0001:0000a5c0       ??1CQuestConfigLoader@@UEAA@XZ 000000014000b5c0 f   QuestConfig.obj
 0001:0000a680       ?ReadMonsterConfig@CQuestConfigLoader@@QEAA_NXZ 000000014000b680 f   QuestConfig.obj
 0001:0000a7a0       ?push_back@?$vector@UtagQuestConfig@@V?$allocator@UtagQuestConfig@@@std@@@std@@QEAAXAEBUtagQuestConfig@@@Z 000000014000b7a0 f i QuestConfig.obj
 0001:0000a880       ??_GCQuestConfigLoader@@UEAAPEAXI@Z 000000014000b880 f i QuestConfig.obj
 0001:0000a880       ??_ECQuestConfigLoader@@UEAAPEAXI@Z 000000014000b880 f i QuestConfig.obj
 0001:0000a8b0       ?ReadQuestConfig@CQuestConfigLoader@@QEAA_NXZ 000000014000b8b0 f   QuestConfig.obj
 0001:0000ace0       ?LoadMonsterConfig@CQuestConfigLoader@@QEAA_NPEBD@Z 000000014000bce0 f   QuestConfig.obj
 0001:0000ae60       ?LoadFile@CQuestConfigLoader@@QEAA_NPEBD@Z 000000014000be60 f   QuestConfig.obj
 0001:0000afe0       ?reserve@?$CBaseList@UDefinition@CVSPDefinition@@@container@wylib@@UEAAX_J@Z 000000014000bfe0 f i VSPDef.obj
 0001:0000b020       ?RegisteToPreprocessor@CVSPDefinition@@QEAAXAEAVCCustomLuaPreProcessor@@@Z 000000014000c020 f   VSPDef.obj
 0001:0000b0a0       ?ClearDefinitions@CVSPDefinition@@IEAAXXZ 000000014000c0a0 f   VSPDef.obj
 0001:0000b100       ?SetDefinition@CVSPDefinition@@QEAAXPEBD0@Z 000000014000c100 f   VSPDef.obj
 0001:0000b240       ??1?$CBaseList@UDefinition@CVSPDefinition@@@container@wylib@@UEAA@XZ 000000014000c240 f i VSPDef.obj
 0001:0000b280       ??_E?$CBaseList@UDefinition@CVSPDefinition@@@container@wylib@@UEAAPEAXI@Z 000000014000c280 f i VSPDef.obj
 0001:0000b280       ??_G?$CBaseList@UDefinition@CVSPDefinition@@@container@wylib@@UEAAPEAXI@Z 000000014000c280 f i VSPDef.obj
 0001:0000b2e0       ??0CVSPDefinition@@QEAA@XZ 000000014000c2e0 f   VSPDef.obj
 0001:0000b300       ??1CVSPDefinition@@QEAA@XZ 000000014000c300 f   VSPDef.obj
 0001:0000b360       ?LoadDefinitions@CVSPDefinition@@QEAA_NPEBD@Z 000000014000c360 f   VSPDef.obj
 0001:0000b500       ?SetChatDelayTime@CChatSystem@@QEAAX_J@Z 000000014000c500 f   ChatSystem.obj
 0001:0000b530       ?OnRecvData@CChatSystem@@UEAAX_JAEAVCDataPacketReader@@@Z 000000014000c530 f   ChatSystem.obj
 0001:0000b720       ?Talk@CChatSystem@@QEAAXEPEBD@Z 000000014000c720 f   ChatSystem.obj
 0001:0000b820       ?RobotRandTalk@CChatSystem@@QEAAX_J@Z 000000014000c820 f   ChatSystem.obj
 0001:0000b8e0       ?OnTimeRun@CChatSystem@@UEAAX_J@Z 000000014000c8e0 f   ChatSystem.obj
 0001:0000b8f0       ??$readAtom@E@CDataPacketReader@@QEAAEXZ 000000014000c8f0 f i DbAgent.obj
 0001:0000b8f0       ??$readAtom@_N@CDataPacketReader@@QEAA_NXZ 000000014000c8f0 f i DefaultSystem.obj
 0001:0000b8f0       ??$readAtom@D@CDataPacketReader@@QEAADXZ 000000014000c8f0 f i DbAgent.obj
 0001:0000b970       ?convertToACP@COPMToFile@@IEAA_KPEBD_KPEAD1@Z 000000014000c970 f i FileLogger.obj
 0001:0000b970       ?convertToACP@CConfigLoader@@QEAA_KPEBD_KPEAD1@Z 000000014000c970 f i DefaultSystem.obj
 0001:0000ba40       ?GetVisibleEntityByName@CDefaultSystem@@QEAAPEAVCClientMonster@@PEBD@Z 000000014000ca40 f   DefaultSystem.obj
 0001:0000bac0       ??1tagOtherActorPropData@@QEAA@XZ 000000014000cac0 f i DefaultSystem.obj
 0001:0000bac0       ??1tagNonActorPropData@@QEAA@XZ 000000014000cac0 f i DefaultSystem.obj
 0001:0000bac0       ??1CClientActor@@QEAA@XZ   000000014000cac0 f i DefaultSystem.obj
 0001:0000bac0       ??1EntityHandle@@QEAA@XZ   000000014000cac0 f i ActionMgr.obj
 0001:0000bac0       ??1CClientMonster@@QEAA@XZ 000000014000cac0 f i DefaultSystem.obj
 0001:0000bac0       ??1tagMeetingActor@@QEAA@XZ 000000014000cac0 f i DefaultSystem.obj
 0001:0000bad0       ?ProcessLoginFail@CDefaultSystem@@AEAAXAEAVCDataPacketReader@@@Z 000000014000cad0 f   DefaultSystem.obj
 0001:0000bb10       ?ProcessCommonOpResult@CDefaultSystem@@AEAAXAEAVCDataPacketReader@@@Z 000000014000cb10 f   DefaultSystem.obj
 0001:0000bba0       ?GetActorByTeam@CDefaultSystem@@QEAAPEAVCClientActor@@_N@Z 000000014000cba0 f   DefaultSystem.obj
 0001:0000bc30       ??$SetValue@H@CPropertySet@@QEAAXPEAHAEBH@Z 000000014000cc30 f i DefaultSystem.obj
 0001:0000bcd0       ?ProcessHeartBeat@CDefaultSystem@@AEAAXAEAVCDataPacketReader@@@Z 000000014000ccd0 f   DefaultSystem.obj
 0001:0000bdc0       ??0CClientActor@@QEAA@XZ   000000014000cdc0 f i DefaultSystem.obj
 0001:0000be30       ?GetPropertyPtr@CClientActor@@MEBAPEBVCPropertySet@@XZ 000000014000ce30 f i DefaultSystem.obj
 0001:0000be30       ?GetPropertyPtr@CClientMonster@@MEBAPEBVCPropertySet@@XZ 000000014000ce30 f i DefaultSystem.obj
 0001:0000be30       ?GetPropertyPtr@CClientMonster@@MEAAPEAVCPropertySet@@XZ 000000014000ce30 f i DefaultSystem.obj
 0001:0000be30       ?GetPropertyPtr@CClientActor@@MEAAPEAVCPropertySet@@XZ 000000014000ce30 f i DefaultSystem.obj
 0001:0000be40       ?GetPropertyTotalSize@CClientActor@@MEBA_JXZ 000000014000ce40 f i DefaultSystem.obj
 0001:0000be50       ?GetPropertyTotalSize@CClientMonster@@MEBA_JXZ 000000014000ce50 f i DefaultSystem.obj
 0001:0000be60       ??0tagMeetingActor@@QEAA@XZ 000000014000ce60 f i DefaultSystem.obj
 0001:0000be90       ?UpdateEntityPropImpl@CDefaultSystem@@AEAAXPEAVCClientEntity@@AEAVCDataPacketReader@@@Z 000000014000ce90 f   DefaultSystem.obj
 0001:0000c080       ?ProcessPlayerEnterScene@CDefaultSystem@@AEAAXAEAVCDataPacketReader@@@Z 000000014000d080 f   DefaultSystem.obj
 0001:0000c4a0       ?SetPosition@CDefaultSystem@@AEAAXHH@Z 000000014000d4a0 f   DefaultSystem.obj
 0001:0000c540       ??$readAtom@VEntityHandle@@@CDataPacketReader@@QEAA?AVEntityHandle@@XZ 000000014000d540 f i DefaultSystem.obj
 0001:0000c5d0       ?GetVisibleMonsterByHandle@CDefaultSystem@@AEAAPEAVCClientMonster@@VEntityHandle@@@Z 000000014000d5d0 f   DefaultSystem.obj
 0001:0000c680       ?GetVisibleActorByHandle@CDefaultSystem@@AEAAPEAVCClientActor@@VEntityHandle@@@Z 000000014000d680 f   DefaultSystem.obj
 0001:0000c730       ?ProcessResetMainActorPos@CDefaultSystem@@AEAAXAEAVCDataPacketReader@@@Z 000000014000d730 f   DefaultSystem.obj
 0001:0000c780       ?GetNearMonster@CDefaultSystem@@QEAAPEAVCClientMonster@@XZ 000000014000d780 f   DefaultSystem.obj
 0001:0000c8c0       ?GetMonsterPos@CDefaultSystem@@QEAA_NVEntityHandle@@AEAH1@Z 000000014000d8c0 f   DefaultSystem.obj
 0001:0000c970       ?Move@CDefaultSystem@@QEAAXHHHH@Z 000000014000d970 f   DefaultSystem.obj
 0001:0000cbb0       ?GetNpcHandle@CDefaultSystem@@QEAA?AVEntityHandle@@PEBD@Z 000000014000dbb0 f   DefaultSystem.obj
 0001:0000cca0       ?ProcessMainActorCreated@CDefaultSystem@@AEAAXAEAVCDataPacketReader@@@Z 000000014000dca0 f   DefaultSystem.obj
 0001:0000cee0       ?ProcessActorAppear@CDefaultSystem@@AEAAXAEAVCDataPacketReader@@@Z 000000014000dee0 f   DefaultSystem.obj
 0001:0000de30       ?ProcessNonActorAppear@CDefaultSystem@@AEAAXAEAVCDataPacketReader@@@Z 000000014000ee30 f   DefaultSystem.obj
 0001:0000ed20       ?ProcessEntityDisappear@CDefaultSystem@@AEAAXAEAVCDataPacketReader@@@Z 000000014000fd20 f   DefaultSystem.obj
 0001:0000eef0       ?ProcessOtherEntityPropChange@CDefaultSystem@@AEAAXAEAVCDataPacketReader@@@Z 000000014000fef0 f   DefaultSystem.obj
 0001:0000efd0       ?ProcessOtherEntityMove@CDefaultSystem@@AEAAXAEAVCDataPacketReader@@@Z 000000014000ffd0 f   DefaultSystem.obj
 0001:0000f2a0       ?OnRecvData@CDefaultSystem@@UEAAX_JAEAVCDataPacketReader@@@Z 00000001400102a0 f   DefaultSystem.obj
 0001:0000f3c0       ?OnRecvData@CItemSystem@@UEAAX_JAEAVCDataPacketReader@@@Z 00000001400103c0 f   ItemSystem.obj
 0001:0000f3f0       ?RequestItemList@CItemSystem@@AEAAXXZ 00000001400103f0 f   ItemSystem.obj
 0001:0000f4d0       ?ProcessInitItems@CItemSystem@@AEAAXAEAVCDataPacketReader@@@Z 00000001400104d0 f   ItemSystem.obj
 0001:0000f5b0       ?OnEnterGame@CItemSystem@@UEAAXXZ 00000001400105b0 f   ItemSystem.obj
 0001:0000f5c0       ?AddNewItem@CItemSystem@@AEAAXAEAVCDataPacketReader@@@Z 00000001400105c0 f   ItemSystem.obj
 0001:0000f6f0       ?IsInTeam@CMiscSystem@@QEAA_NPEBD@Z 00000001400106f0 f i MiscSystem.obj
 0001:0000f740       ?allocate@?$allocator@UtagMeetingActor@@@std@@QEAAPEAUtagMeetingActor@@_K@Z 0000000140010740 f i MiscSystem.obj
 0001:0000f7b0       ?OnCheckTeam@CMiscSystem@@QEAAXXZ 00000001400107b0 f   MiscSystem.obj
 0001:0000f8a0       ??0tagMeetingActor@@QEAA@AEBU0@@Z 00000001400108a0 f i MiscSystem.obj
 0001:0000f940       ??$_Move@PEAUtagMeetingActor@@PEAU1@@std@@YAPEAUtagMeetingActor@@PEAU1@00U_Nonscalar_ptr_iterator_tag@0@@Z 0000000140010940 f i MiscSystem.obj
 0001:0000f9f0       ??$_Uninit_move@PEAUtagMeetingActor@@PEAU1@V?$allocator@UtagMeetingActor@@@std@@U1@@std@@YAPEAUtagMeetingActor@@PEAU1@00AEAV?$allocator@UtagMeetingActor@@@0@0U_Nonscalar_ptr_iterator_tag@0@@Z 00000001400109f0 f i MiscSystem.obj
 0001:0000fa60       ??1?$vector@UtagMeetingActor@@V?$allocator@UtagMeetingActor@@@std@@@std@@QEAA@XZ 0000000140010a60 f i MiscSystem.obj
 0001:0000fac0       ??0CMiscSystem@@QEAA@XZ    0000000140010ac0 f   MiscSystem.obj
 0001:0000fb50       ??1CMiscSystem@@QEAA@XZ    0000000140010b50 f   MiscSystem.obj
 0001:0000fc50       ?reserve@?$vector@UtagMeetingActor@@V?$allocator@UtagMeetingActor@@@std@@@std@@QEAAX_K@Z 0000000140010c50 f i MiscSystem.obj
 0001:0000fd90       ?OnCheckFriend@CMiscSystem@@QEAAXXZ 0000000140010d90 f   MiscSystem.obj
 0001:000100e0       ?_Reserve@?$vector@UtagMeetingActor@@V?$allocator@UtagMeetingActor@@@std@@@std@@IEAAX_K@Z 00000001400110e0 f i MiscSystem.obj
 0001:00010190       ?OnTimeRun@CMiscSystem@@UEAAX_J@Z 0000000140011190 f   MiscSystem.obj
 0001:000101c0       ?push_back@?$vector@UtagMeetingActor@@V?$allocator@UtagMeetingActor@@@std@@@std@@QEAAXAEBUtagMeetingActor@@@Z 00000001400111c0 f i MiscSystem.obj
 0001:00010260       ?AddFriendMeeting@CMiscSystem@@QEAA_NAEAUtagMeetingActor@@@Z 0000000140011260 f   MiscSystem.obj
 0001:00010280       ?GoAcceptQuest@CQuestSystem@@QEAA_NG@Z 0000000140011280 f   QuestSystem.obj
 0001:00010340       ?SendQueryQuest@CQuestSystem@@QEAAXXZ 0000000140011340 f   QuestSystem.obj
 0001:000103e0       ?GetMonsterId@CConfigLoader@@QEAAHPEBD@Z 00000001400113e0 f i QuestSystem.obj
 0001:00010440       ??$writeAtom@VEntityHandle@@@CDataPacket@@QEAAXVEntityHandle@@@Z 0000000140011440 f i QuestSystem.obj
 0001:000104c0       ??$?6VEntityHandle@@@CDataPacket@@QEAAAEAV0@VEntityHandle@@@Z 00000001400114c0 f i QuestSystem.obj
 0001:00010520       ??0CQuestSystem@@QEAA@XZ   0000000140011520 f   QuestSystem.obj
 0001:00010580       ??1CQuestSystem@@QEAA@XZ   0000000140011580 f   QuestSystem.obj
 0001:00010610       ?CheckFinishQuest@CQuestSystem@@QEAA_NXZ 0000000140011610 f   QuestSystem.obj
 0001:00010b60       ?CallNpcFunc@CQuestSystem@@QEAA_NVEntityHandle@@PEBD@Z 0000000140011b60 f   QuestSystem.obj
 0001:00010c80       ?CheckAcceptQuest@CQuestSystem@@QEAA_NXZ 0000000140011c80 f   QuestSystem.obj
 0001:00010df0       ?OnTimeRun@CQuestSystem@@UEAAX_J@Z 0000000140011df0 f   QuestSystem.obj
 0001:00010e50       ?OnRecvData@CSkillSystem@@UEAAX_JAEAVCDataPacketReader@@@Z 0000000140011e50 f   SkillSystem.obj
 0001:00010e80       ?ProcessRcvInitSkillList@CSkillSystem@@IEAAXAEAVCDataPacketReader@@@Z 0000000140011e80 f   SkillSystem.obj
 0001:00010f50       ?RequestSkillList@CSkillSystem@@IEAAXXZ 0000000140011f50 f   SkillSystem.obj
 0001:00010ff0       ?OnEnterGame@CSkillSystem@@UEAAXXZ 0000000140011ff0 f   SkillSystem.obj
 0001:00011000       ?NearAttack@CSkillSystem@@QEAAXVEntityHandle@@@Z 0000000140012000 f   SkillSystem.obj
 0001:00011180       ??1CRobotConfig@@UEAA@XZ   0000000140012180 f i main.obj
 0001:00011180       ??1CCustomLogicLuaConfig@@UEAA@XZ 0000000140012180 f i QuestConfig.obj
 0001:00011190       ??_GCRobotConfig@@UEAAPEAXI@Z 0000000140012190 f i main.obj
 0001:00011190       ??_ECRobotConfig@@UEAAPEAXI@Z 0000000140012190 f i main.obj
 0001:000111c0       ??$sprintf_s@$0CA@@@YAHAEAY0CA@DPEBDZZ 00000001400121c0 f i main.obj
 0001:000111f0       ?SetupRobotManagerConfig@@YAHPEAVCRobotManager@@PEBD@Z 00000001400121f0 f   main.obj
 0001:00011260       ?ServerMain@@YAXHPEAPEAD@Z 0000000140012260 f   main.obj
 0001:00011670       main                       0000000140012670 f   main.obj
 0001:00011710       ?GetCurrentAgent@CRobotClient@@AEAAPEAVCAgent@@XZ 0000000140012710 f   RobotClient.obj
 0001:00011730       ?DispatchInternalMessage@CRobotClient@@UEAAXI_K000@Z 0000000140012730 f   RobotClient.obj
 0001:00011760       ?SingleRun@CRobotClient@@UEAAXXZ 0000000140012760 f   RobotClient.obj
 0001:00011770       ?OnError@CRobotClient@@UEAAXH@Z 0000000140012770 f   RobotClient.obj
 0001:000117b0       ?OnDisconnected@CRobotClient@@UEAAXXZ 00000001400127b0 f   RobotClient.obj
 0001:00011820       ?OnRun@CRobotClient@@UEAAXXZ 0000000140012820 f   RobotClient.obj
 0001:00011870       ?ConnectToServer@CRobotClient@@QEAAHXZ 0000000140012870 f   RobotClient.obj
 0001:00011a00       ?ConnectNextServer@CRobotClient@@QEAAXXZ 0000000140012a00 f   RobotClient.obj
 0001:00011a30       ?AllocProtoPacket@CRobotClient@@QEAAAEAVCDataPacket@@XZ 0000000140012a30 f   RobotClient.obj
 0001:00011ad0       ?ProcessRecvBuffers@CRobotClient@@UEAAXPEAUtagDataBuffer@@@Z 0000000140012ad0 f   RobotClient.obj
 0001:00011cf0       ?OnConnected@CRobotClient@@UEAAXXZ 0000000140012cf0 f   RobotClient.obj
 0001:00011dd0       ?FlushProtoPacket@CRobotClient@@QEAAXAEAVCDataPacket@@@Z 0000000140012dd0 f   RobotClient.obj
 0001:00011e20       ?MoveBySceneName@CRobotClient@@QEAA_NPEBDHH@Z 0000000140012e20 f   RobotClient.obj
 0001:00011f80       ?MoveBySceneId@CRobotClient@@QEAA_NHHH@Z 0000000140012f80 f   RobotClient.obj
 0001:00011ff0       ?readMapPoints@CRobotConfig@@IEAA_NPEAVCRobotManager@@@Z 0000000140012ff0 f   RobotConfig.obj
 0001:00012170       ?readConfig@CRobotConfig@@IEAA_NPEAVCRobotManager@@@Z 0000000140013170 f   RobotConfig.obj
 0001:000125e0       ?loadConfig@CRobotConfig@@QEAA_NPEAVCRobotManager@@PEBD@Z 00000001400135e0 f   RobotConfig.obj
 0001:000126a0       ?showError@CRobotConfig@@MEAAXPEBD@Z 00000001400136a0 f   RobotConfig.obj
 0001:00012810       ?Stop@CRobotGroup@@QEAAXXZ 0000000140013810 f   RobotGroup.obj
 0001:00012840       ?SetTimeRand@CRobotGroup@@QEAAXXZ 0000000140013840 f   RobotGroup.obj
 0001:00012910       ??1CRobotClient@@UEAA@XZ   0000000140013910 f i RobotGroup.obj
 0001:00012950       ??_ECRobotClient@@UEAAPEAXI@Z 0000000140013950 f i RobotGroup.obj
 0001:000129e0       ?ThreadRun@CRobotGroup@@SAXPEAV1@@Z 00000001400139e0 f   RobotGroup.obj
 0001:00012a90       ?Start@CRobotGroup@@QEAA_NXZ 0000000140013a90 f   RobotGroup.obj
 0001:00012b10       ??0CRobotClient@@QEAA@XZ   0000000140013b10 f i RobotGroup.obj
 0001:00012bc0       ?Init@CRobotGroup@@QEAA_NHH@Z 0000000140013bc0 f   RobotGroup.obj
 0001:00012e10       ??1CSceneMap@@QEAA@XZ      0000000140013e10 f i RobotManager.obj
 0001:00012e20       ?LoadConfig@CRobotManager@@AEAA_NXZ 0000000140013e20 f   RobotManager.obj
 0001:00012e90       ??1CRobotGroup@@QEAA@XZ    0000000140013e90 f i RobotManager.obj
 0001:00012ec0       ?reserve@?$CBaseList@VCRobotGroup@@@container@wylib@@UEAAX_J@Z 0000000140013ec0 f i RobotManager.obj
 0001:00012ec0       ?reserve@?$CBaseList@UtagServerConfig@@@container@wylib@@UEAAX_J@Z 0000000140013ec0 f i RobotManager.obj
 0001:00012f00       ?reserve@?$CBaseList@UtagLoginAccount@@@container@wylib@@UEAAX_J@Z 0000000140013f00 f i RobotManager.obj
 0001:00012f40       ?reserve@?$CBaseList@UtagSceneMapPoint@@@container@wylib@@UEAAX_J@Z 0000000140013f40 f i RobotManager.obj
 0001:00012f80       ?Startup@CRobotManager@@QEAAHXZ 0000000140013f80 f   RobotManager.obj
 0001:00013160       ?Shutdown@CRobotManager@@QEAAXXZ 0000000140014160 f   RobotManager.obj
 0001:000131d0       ?GetServerPtr@CRobotManager@@QEAAPEAUtagServerConfig@@XZ 00000001400141d0 f   RobotManager.obj
 0001:00013230       ?ShowServerAgentCount@CRobotManager@@QEAAXXZ 0000000140014230 f   RobotManager.obj
 0001:00013450       ?RobotTalk@CRobotManager@@QEAAXPEBD0@Z 0000000140014450 f   RobotManager.obj
 0001:00013550       ?GetRandomSceneId@CRobotManager@@QEAAHAEAH@Z 0000000140014550 f   RobotManager.obj
 0001:000135a0       ??1?$CBaseList@PEAVCClientFB@@@container@wylib@@UEAA@XZ 00000001400145a0 f i RobotManager.obj
 0001:000135e0       ??1?$CBaseList@UtagServerConfig@@@container@wylib@@UEAA@XZ 00000001400145e0 f i RobotManager.obj
 0001:00013620       ??1?$CBaseList@UtagLoginAccount@@@container@wylib@@UEAA@XZ 0000000140014620 f i RobotManager.obj
 0001:00013660       ??1?$CBaseList@VCRobotGroup@@@container@wylib@@UEAA@XZ 0000000140014660 f i RobotManager.obj
 0001:000136a0       ??1?$CBaseList@UtagSceneMapPoint@@@container@wylib@@UEAA@XZ 00000001400146a0 f i RobotManager.obj
 0001:000136e0       ??_E?$CBaseList@PEAVCClientFB@@@container@wylib@@UEAAPEAXI@Z 00000001400146e0 f i RobotManager.obj
 0001:000136e0       ??_G?$CBaseList@PEAVCClientFB@@@container@wylib@@UEAAPEAXI@Z 00000001400146e0 f i RobotManager.obj
 0001:00013740       ??_E?$CBaseList@UtagServerConfig@@@container@wylib@@UEAAPEAXI@Z 0000000140014740 f i RobotManager.obj
 0001:00013740       ??_G?$CBaseList@UtagServerConfig@@@container@wylib@@UEAAPEAXI@Z 0000000140014740 f i RobotManager.obj
 0001:000137a0       ??_E?$CBaseList@UtagLoginAccount@@@container@wylib@@UEAAPEAXI@Z 00000001400147a0 f i RobotManager.obj
 0001:000137a0       ??_G?$CBaseList@UtagLoginAccount@@@container@wylib@@UEAAPEAXI@Z 00000001400147a0 f i RobotManager.obj
 0001:00013800       ??_G?$CBaseList@VCRobotGroup@@@container@wylib@@UEAAPEAXI@Z 0000000140014800 f i RobotManager.obj
 0001:00013800       ??_E?$CBaseList@VCRobotGroup@@@container@wylib@@UEAAPEAXI@Z 0000000140014800 f i RobotManager.obj
 0001:00013860       ??_G?$CBaseList@UtagSceneMapPoint@@@container@wylib@@UEAAPEAXI@Z 0000000140014860 f i RobotManager.obj
 0001:00013860       ??_E?$CBaseList@UtagSceneMapPoint@@@container@wylib@@UEAAPEAXI@Z 0000000140014860 f i RobotManager.obj
 0001:000138c0       ??1CSceneConfigLoader@@UEAA@XZ 00000001400148c0 f i RobotManager.obj
 0001:000139a0       ??1tagRobotConfig@@QEAA@XZ 00000001400149a0 f i RobotManager.obj
 0001:000139a0       ??1?$vector@UtagQuestConfig@@V?$allocator@UtagQuestConfig@@@std@@@std@@QEAA@XZ 00000001400149a0 f i QuestConfig.obj
[...]
 0001:0003c020       ?dtor$0@?0??LoadDefinitions@CVSPDefinition@@QEAA_NPEBD@Z@4HA 000000014003d020 f   VSPDef.obj
 0001:0003c030       ?dtor$0@?0???$writeAtom@VEntityHandle@@@CDataPacket@@QEAAXVEntityHandle@@@Z@4HA 000000014003d030 f   DefaultSystem.obj
 0001:0003c030       ?dtor$0@?0???$?6VEntityHandle@@@CDataPacket@@QEAAAEAV0@VEntityHandle@@@Z@4HA 000000014003d030 f   DefaultSystem.obj
 0001:0003c030       ?dtor$0@?0??GetMonsterPos@CDefaultSystem@@QEAA_NVEntityHandle@@AEAH1@Z@4HA 000000014003d030 f   DefaultSystem.obj
 0001:0003c040       ?dtor$0@?0??ProcessMainActorCreated@CDefaultSystem@@AEAAXAEAVCDataPacketReader@@@Z@4HA 000000014003d040 f   DefaultSystem.obj
 0001:0003c050       ?dtor$0@?0??ProcessActorAppear@CDefaultSystem@@AEAAXAEAVCDataPacketReader@@@Z@4HA 000000014003d050 f   DefaultSystem.obj
 0001:0003c060       ?dtor$1@?0??ProcessActorAppear@CDefaultSystem@@AEAAXAEAVCDataPacketReader@@@Z@4HA 000000014003d060 f   DefaultSystem.obj
 0001:0003c070       ?dtor$3@?0??ProcessActorAppear@CDefaultSystem@@AEAAXAEAVCDataPacketReader@@@Z@4HA 000000014003d070 f   DefaultSystem.obj
 0001:0003c080       ?dtor$0@?0??ProcessNonActorAppear@CDefaultSystem@@AEAAXAEAVCDataPacketReader@@@Z@4HA 000000014003d080 f   DefaultSystem.obj
 0001:0003c090       ?dtor$1@?0??ProcessNonActorAppear@CDefaultSystem@@AEAAXAEAVCDataPacketReader@@@Z@4HA 000000014003d090 f   DefaultSystem.obj
 0001:0003c0a0       ?dtor$2@?0??ProcessNonActorAppear@CDefaultSystem@@AEAAXAEAVCDataPacketReader@@@Z@4HA 000000014003d0a0 f   DefaultSystem.obj
 0001:0003c0b0       ?dtor$0@?0??ProcessEntityDisappear@CDefaultSystem@@AEAAXAEAVCDataPacketReader@@@Z@4HA 000000014003d0b0 f   DefaultSystem.obj
 0001:0003c0c0       ?dtor$0@?0??ProcessOtherEntityPropChange@CDefaultSystem@@AEAAXAEAVCDataPacketReader@@@Z@4HA 000000014003d0c0 f   DefaultSystem.obj
 0001:0003c0d0       ?dtor$0@?0??ProcessOtherEntityMove@CDefaultSystem@@AEAAXAEAVCDataPacketReader@@@Z@4HA 000000014003d0d0 f   DefaultSystem.obj
 0001:0003c0e0       ?catch$0@?0???$_Uninit_move@PEAUtagMeetingActor@@PEAU1@V?$allocator@UtagMeetingActor@@@std@@U1@@std@@YAPEAUtagMeetingActor@@PEAU1@00AEAV?$allocator@UtagMeetingActor@@@0@0U_Nonscalar_ptr_iterator_tag@0@@Z@4HA 000000014003d0e0 f   MiscSystem.obj
 0001:0003c0ed       __catch$??$_Uninit_move@PEAUtagMeetingActor@@PEAU1@V?$allocator@UtagMeetingActor@@@std@@U1@@std@@YAPEAUtagMeetingActor@@PEAU1@00AEAV?$allocator@UtagMeetingActor@@@0@0U_Nonscalar_ptr_iterator_tag@0@@Z$0 000000014003d0ed f   MiscSystem.obj
 0001:0003c120       ?dtor$0@?0???0CMiscSystem@@QEAA@XZ@4HA 000000014003d120 f   MiscSystem.obj
 0001:0003c130       ?dtor$1@?0???0CMiscSystem@@QEAA@XZ@4HA 000000014003d130 f   MiscSystem.obj
 0001:0003c140       ?dtor$0@?0???1CMiscSystem@@QEAA@XZ@4HA 000000014003d140 f   MiscSystem.obj
 0001:0003c150       ?dtor$1@?0???1CMiscSystem@@QEAA@XZ@4HA 000000014003d150 f   MiscSystem.obj
 0001:0003c160       ?catch$0@?0??reserve@?$vector@UtagMeetingActor@@V?$allocator@UtagMeetingActor@@@std@@@std@@QEAAX_K@Z@4HA 000000014003d160 f   MiscSystem.obj
 0001:0003c16d       __catch$?reserve@?$vector@UtagMeetingActor@@V?$allocator@UtagMeetingActor@@@std@@@std@@QEAAX_K@Z$0 000000014003d16d f   MiscSystem.obj
 0001:0003c180       ?dtor$0@?0???1CQuestSystem@@QEAA@XZ@4HA 000000014003d180 f   QuestSystem.obj
 0001:0003c190       ?dtor$1@?0??CheckFinishQuest@CQuestSystem@@QEAA_NXZ@4HA 000000014003d190 f   QuestSystem.obj
 0001:0003c1a0       ?dtor$3@?0??CheckFinishQuest@CQuestSystem@@QEAA_NXZ@4HA 000000014003d1a0 f   QuestSystem.obj
 0001:0003c1b0       ?dtor$5@?0??CheckFinishQuest@CQuestSystem@@QEAA_NXZ@4HA 000000014003d1b0 f   QuestSystem.obj
 0001:0003c1c0       ?dtor$0@?0??CallNpcFunc@CQuestSystem@@QEAA_NVEntityHandle@@PEBD@Z@4HA 000000014003d1c0 f   QuestSystem.obj
 0001:0003c1d0       ?dtor$2@?0??CallNpcFunc@CQuestSystem@@QEAA_NVEntityHandle@@PEBD@Z@4HA 000000014003d1d0 f   QuestSystem.obj
 0001:0003c1e0       ?dtor$0@?0??CheckAcceptQuest@CQuestSystem@@QEAA_NXZ@4HA 000000014003d1e0 f   QuestSystem.obj
 0001:0003c1f0       ?dtor$0@?0??NearAttack@CSkillSystem@@QEAAXVEntityHandle@@@Z@4HA 000000014003d1f0 f   SkillSystem.obj
 0001:0003c200       ?dtor$1@?0??NearAttack@CSkillSystem@@QEAAXVEntityHandle@@@Z@4HA 000000014003d200 f   SkillSystem.obj
 0001:0003c210       ?dtor$2@?0??NearAttack@CSkillSystem@@QEAAXVEntityHandle@@@Z@4HA 000000014003d210 f   SkillSystem.obj
 0001:0003c220       ?dtor$0@?0??SetupRobotManagerConfig@@YAHPEAVCRobotManager@@PEBD@Z@4HA 000000014003d220 f   main.obj
 0001:0003c230       ?dtor$0@?0??ServerMain@@YAXHPEAPEAD@Z@4HA 000000014003d230 f   main.obj
 0001:0003c240       ?dtor$1@?0??ServerMain@@YAXHPEAPEAD@Z@4HA 000000014003d240 f   main.obj
 0001:0003c250       ?dtor$0@?0??getSingleton@CTimeProfMgr@@SAAEAV1@XZ@4HA 000000014003d250 f   main.obj
 0001:0003c250       main$dtor$0                000000014003d250 f   main.obj
 0001:0003c270       ?dtor$0@?0??loadConfig@CRobotConfig@@QEAA_NPEAVCRobotManager@@PEBD@Z@4HA 000000014003d270 f   RobotConfig.obj
 0001:0003c280       ?catch$0@?0??loadConfig@CRobotConfig@@QEAA_NPEAVCRobotManager@@PEBD@Z@4HA 000000014003d280 f   RobotConfig.obj
 0001:0003c28d       __catch$?loadConfig@CRobotConfig@@QEAA_NPEAVCRobotManager@@PEBD@Z$0 000000014003d28d f   RobotConfig.obj
 0001:0003c2c0       ?catch$1@?0??loadConfig@CRobotConfig@@QEAA_NPEAVCRobotManager@@PEBD@Z@4HA 000000014003d2c0 f   RobotConfig.obj
 0001:0003c2cd       __catch$?loadConfig@CRobotConfig@@QEAA_NPEAVCRobotManager@@PEBD@Z$1 000000014003d2cd f   RobotConfig.obj
 0001:0003c2f0       ?dtor$0@?0???_ECRobotClient@@UEAAPEAXI@Z@4HA 000000014003d2f0 f   RobotGroup.obj
 0001:0003c2f0       ?dtor$0@?0???1CRobotClient@@UEAA@XZ@4HA 000000014003d2f0 f   RobotGroup.obj
 0001:0003c300       ?dtor$0@?0???0CRobotClient@@QEAA@XZ@4HA 000000014003d300 f   RobotGroup.obj
 0001:0003c310       ?dtor$1@?0???0CRobotClient@@QEAA@XZ@4HA 000000014003d310 f   RobotGroup.obj
 0001:0003c330       ?dtor$2@?0???0CRobotClient@@QEAA@XZ@4HA 000000014003d330 f   RobotGroup.obj
 0001:0003c350       ?dtor$0@?0??Init@CRobotGroup@@QEAA_NHH@Z@4HA 000000014003d350 f   RobotGroup.obj
 0001:0003c360       ?dtor$0@?0??Startup@CRobotManager@@QEAAHXZ@4HA 000000014003d360 f   RobotManager.obj
 0001:0003c370       ?dtor$0@?0???1CSceneConfigLoader@@UEAA@XZ@4HA 000000014003d370 f   RobotManager.obj
 0001:0003c380       ?dtor$1@?0???1CSceneConfigLoader@@UEAA@XZ@4HA 000000014003d380 f   RobotManager.obj
 0001:0003c3a0       ?dtor$2@?0???1CSceneConfigLoader@@UEAA@XZ@4HA 000000014003d3a0 f   RobotManager.obj
 0001:0003c3c0       ?dtor$0@?0???0CConfigLoader@@QEAA@XZ@4HA 000000014003d3c0 f   RobotManager.obj
 0001:0003c3d0       ?dtor$1@?0???0CConfigLoader@@QEAA@XZ@4HA 000000014003d3d0 f   RobotManager.obj
 0001:0003c3f0       ?dtor$2@?0???0CConfigLoader@@QEAA@XZ@4HA 000000014003d3f0 f   RobotManager.obj
 0001:0003c410       ?dtor$0@?0???1CConfigLoader@@UEAA@XZ@4HA 000000014003d410 f   RobotManager.obj
 0001:0003c420       ?dtor$1@?0???1CConfigLoader@@UEAA@XZ@4HA 000000014003d420 f   RobotManager.obj
 0001:0003c440       ?dtor$2@?0???1CConfigLoader@@UEAA@XZ@4HA 000000014003d440 f   RobotManager.obj
 0001:0003c460       ?dtor$3@?0???1CConfigLoader@@UEAA@XZ@4HA 000000014003d460 f   RobotManager.obj
 0001:0003c480       ?dtor$0@?0???1CRobotManager@@QEAA@XZ@4HA 000000014003d480 f   RobotManager.obj
 0001:0003c490       ?dtor$1@?0???1CRobotManager@@QEAA@XZ@4HA 000000014003d490 f   RobotManager.obj
 0001:0003c4a0       ?dtor$2@?0???1CRobotManager@@QEAA@XZ@4HA 000000014003d4a0 f   RobotManager.obj
 0001:0003c4b0       ?dtor$3@?0???1CRobotManager@@QEAA@XZ@4HA 000000014003d4b0 f   RobotManager.obj
 0001:0003c4c0       ?dtor$4@?0???1CRobotManager@@QEAA@XZ@4HA 000000014003d4c0 f   RobotManager.obj
 0001:0003c4e0       ?dtor$5@?0???1CRobotManager@@QEAA@XZ@4HA 000000014003d4e0 f   RobotManager.obj
 0001:0003c500       ?dtor$6@?0???1CRobotManager@@QEAA@XZ@4HA 000000014003d500 f   RobotManager.obj
 0001:0003c520       ?dtor$0@?0???0CRobotManager@@QEAA@XZ@4HA 000000014003d520 f   RobotManager.obj
 0001:0003c530       ?dtor$1@?0???0CRobotManager@@QEAA@XZ@4HA 000000014003d530 f   RobotManager.obj
 0001:0003c540       ?dtor$2@?0???0CRobotManager@@QEAA@XZ@4HA 000000014003d540 f   RobotManager.obj
 0001:0003c550       ?dtor$3@?0???0CRobotManager@@QEAA@XZ@4HA 000000014003d550 f   RobotManager.obj
 0001:0003c560       ?dtor$4@?0???0CRobotManager@@QEAA@XZ@4HA 000000014003d560 f   RobotManager.obj
 0001:0003c580       ?dtor$5@?0???0CRobotManager@@QEAA@XZ@4HA 000000014003d580 f   RobotManager.obj
 0001:0003c5a0       ?dtor$0@?0???0CSceneConfigLoader@@QEAA@XZ@4HA 000000014003d5a0 f   SceneConfigLoader.obj
 0001:0003c5b0       ?dtor$1@?0???0CSceneConfigLoader@@QEAA@XZ@4HA 000000014003d5b0 f   SceneConfigLoader.obj
 0001:0003c5d0       ?dtor$2@?0???0CSceneConfigLoader@@QEAA@XZ@4HA 000000014003d5d0 f   SceneConfigLoader.obj
 0001:0003c5f0       ?dtor$0@?0??Load@CSceneConfigLoader@@QEAA_NXZ@4HA 000000014003d5f0 f   SceneConfigLoader.obj
 0001:0003c600       ?dtor$1@?0??Load@CSceneConfigLoader@@QEAA_NXZ@4HA 000000014003d600 f   SceneConfigLoader.obj
 0001:0003c610       ?catch$0@?0??Load@CSceneConfigLoader@@QEAA_NXZ@4HA 000000014003d610 f   SceneConfigLoader.obj
 0001:0003c61d       __catch$?Load@CSceneConfigLoader@@QEAA_NXZ$0 000000014003d61d f   SceneConfigLoader.obj
 0001:0003c650       ?catch$1@?0??Load@CSceneConfigLoader@@QEAA_NXZ@4HA 000000014003d650 f   SceneConfigLoader.obj
 0001:0003c65d       __catch$?Load@CSceneConfigLoader@@QEAA_NXZ$1 000000014003d65d f   SceneConfigLoader.obj
 0001:0003c690       ?dtor$0@?0???1CZDecompressionStream@zstream@wylib@@UEAA@XZ@4HA 000000014003d690 f   wylib_x64:FileStream.obj
 0001:0003c690       ?dtor$0@?0???0CFileStream@stream@wylib@@QEAA@PEBDKW4OpenDisposition@012@@Z@4HA 000000014003d690 f   wylib_x64:FileStream.obj
 0001:0003c690       ?dtor$0@?0???_GCZDecompressionStream@zstream@wylib@@UEAAPEAXI@Z@4HA 000000014003d690 f   wylib_x64:FileStream.obj
 0001:0003c690       ?dtor$0@?0???0CBaseZStream@zstream@wylib@@QEAA@AEAVCBaseStream@stream@2@@Z@4HA 000000014003d690 f   wylib_x64:FileStream.obj
 0001:0003c690       ?dtor$0@?0???0CFileStream@stream@wylib@@QEAA@PEBDK@Z@4HA 000000014003d690 f   wylib_x64:FileStream.obj
 0001:0003c6a0       ?dtor$0@?0??loadFromFile@CMemoryStream@stream@wylib@@QEAA_JPEBD@Z@4HA 000000014003d6a0 f   wylib_x64:MemoryStream.obj
 0001:0003c6ac       ?fin$0@?0???_L@YAXPEAX_KHP6AX0@Z2@Z@4HA 000000014003d6ac f   MSVCRT:ehvecctr.obj
 0001:0003c6d8       ?filt$0@?0??__ArrayUnwind@@YAXPEAX_KHP6AX0@Z@Z@4HA 000000014003d6d8 f   MSVCRT:ehvecdtr.obj
 0001:0003c719       ?fin$0@?0???_M@YAXPEAX_KHP6AX0@Z@Z@4HA 000000014003d719 f   MSVCRT:ehvecdtr.obj
 0001:0003c745       _onexit$fin$0              000000014003d745 f   MSVCRT:atonexit.obj
 0001:0003c760       __tmainCRTStartup$filt$0   000000014003d760 f   MSVCRT:crtexe.obj
 0001:0003c780       _IsNonwritableInCurrentImage$filt$0 000000014003d780 f   MSVCRT:pesect.obj
 0001:0003c7b0       ?dtor$0@?0??LoadFromStreamDKM@CAbstractMap@gameMap@jxcomm@@QEAA_NAEAVCBaseStream@stream@wylib@@@Z@4HA 000000014003d7b0 f    CIL library: CIL module
 0001:0003c7d0       ?dtor$1@?0??LoadFromStreamDKM@CAbstractMap@gameMap@jxcomm@@QEAA_NAEAVCBaseStream@stream@wylib@@@Z@4HA 000000014003d7d0 f    CIL library: CIL module
 0001:0003c7f0       ?dtor$0@?0??LoadFromStream@CAbstractMap@gameMap@jxcomm@@QEAA_NAEAVCBaseStream@stream@wylib@@@Z@4HA 000000014003d7f0 f    CIL library: CIL module
 0001:0003c810       ?dtor$1@?0??LoadFromStream@CAbstractMap@gameMap@jxcomm@@QEAA_NAEAVCBaseStream@stream@wylib@@@Z@4HA 000000014003d810 f    CIL library: CIL module
 0001:0003c830       ?dtor$0@?0??LoadFromFile@CAbstractMap@gameMap@jxcomm@@QEAA_NPEBD@Z@4HA 000000014003d830 f    CIL library: CIL module
 0001:0003c860       ?dtor$0@?0???0CSendPacketPool@@QEAA@XZ@4HA 000000014003d860 f    CIL library: CIL module
 0001:0003c880       ?dtor$1@?0???0CSendPacketPool@@QEAA@XZ@4HA 000000014003d880 f    CIL library: CIL module
 0001:0003c8b0       ?dtor$0@?0??removeAllocStat@CSingleObjectAllocStatMgr@@QEAAXPEBVCObjectAllocatorStat@@@Z@4HA 000000014003d8b0 f    CIL library: CIL module
 0001:0003c8d0       ?dtor$0@?0??addAllocStat@CSingleObjectAllocStatMgr@@QEAAXPEBVCObjectAllocatorStat@@@Z@4HA 000000014003d8d0 f    CIL library: CIL module
 0001:0003c8f0       ?dtor$0@?0???1CCustomLuaPreProcessor@@UEAA@XZ@4HA 000000014003d8f0 f    CIL library: CIL module
 0001:0003c910       ?dtor$1@?0???1CCustomLuaPreProcessor@@UEAA@XZ@4HA 000000014003d910 f    CIL library: CIL module
 0001:0003c930       ?dtor$2@?0???1CCustomLuaPreProcessor@@UEAA@XZ@4HA 000000014003d930 f    CIL library: CIL module
 0001:0003c950       ?dtor$3@?0???1CCustomLuaPreProcessor@@UEAA@XZ@4HA 000000014003d950 f    CIL library: CIL module
 0001:0003c970       ?dtor$4@?0???1CCustomLuaPreProcessor@@UEAA@XZ@4HA 000000014003d970 f    CIL library: CIL module
 0001:0003c990       ?dtor$5@?0???1CCustomLuaPreProcessor@@UEAA@XZ@4HA 000000014003d990 f    CIL library: CIL module
 0001:0003c9b0       ?dtor$6@?0???1CCustomLuaPreProcessor@@UEAA@XZ@4HA 000000014003d9b0 f    CIL library: CIL module
 0001:0003c9d0       ?dtor$7@?0???1CCustomLuaPreProcessor@@UEAA@XZ@4HA 000000014003d9d0 f    CIL library: CIL module
 0001:0003ca00       ?dtor$0@?0???1CSendPacketPool@@QEAA@XZ@4HA 000000014003da00 f    CIL library: CIL module
 0001:0003ca20       ?dtor$1@?0???1CSendPacketPool@@QEAA@XZ@4HA 000000014003da20 f    CIL library: CIL module
 0001:0003ca40       ?dtor$2@?0???1CSendPacketPool@@QEAA@XZ@4HA 000000014003da40 f    CIL library: CIL module
 0001:0003ca60       ?dtor$3@?0???1CSendPacketPool@@QEAA@XZ@4HA 000000014003da60 f    CIL library: CIL module
 0001:0003ca80       ?dtor$4@?0???1CSendPacketPool@@QEAA@XZ@4HA 000000014003da80 f    CIL library: CIL module
 0001:0003caa0       ?dtor$5@?0???1CSendPacketPool@@QEAA@XZ@4HA 000000014003daa0 f    CIL library: CIL module
 0001:0003cac0       ?dtor$6@?0???1CSendPacketPool@@QEAA@XZ@4HA 000000014003dac0 f    CIL library: CIL module
 0001:0003caf0       ?dtor$0@?0???1CCustomWorkSocket@@UEAA@XZ@4HA 000000014003daf0 f    CIL library: CIL module
 0001:0003cb10       ?dtor$1@?0???1CCustomWorkSocket@@UEAA@XZ@4HA 000000014003db10 f    CIL library: CIL module
 0001:0003cb30       ?dtor$2@?0???1CCustomWorkSocket@@UEAA@XZ@4HA 000000014003db30 f    CIL library: CIL module
 0001:0003cb50       ?dtor$3@?0???1CCustomWorkSocket@@UEAA@XZ@4HA 000000014003db50 f    CIL library: CIL module
 0001:0003cb70       ?dtor$4@?0???1CCustomWorkSocket@@UEAA@XZ@4HA 000000014003db70 f    CIL library: CIL module
 0001:0003cba0       ?dtor$0@?0???0CCustomWorkSocket@@QEAA@XZ@4HA 000000014003dba0 f    CIL library: CIL module
 0001:0003cbc0       ?dtor$1@?0???0CCustomWorkSocket@@QEAA@XZ@4HA 000000014003dbc0 f    CIL library: CIL module
 0001:0003cbe0       ?dtor$2@?0???0CCustomWorkSocket@@QEAA@XZ@4HA 000000014003dbe0 f    CIL library: CIL module
 0001:0003cc00       ?dtor$3@?0???0CCustomWorkSocket@@QEAA@XZ@4HA 000000014003dc00 f    CIL library: CIL module
 0001:0003cc30       ?dtor$0@?0???1CLangTextPacket@@UEAA@XZ@4HA 000000014003dc30 f    CIL library: CIL module
 0001:0003cc50       ?dtor$0@?0???1CCustomLuaScript@@UEAA@XZ@4HA 000000014003dc50 f    CIL library: CIL module
 0001:0003cc80       ?dtor$0@?0???1CCustomLuaConfig@@UEAA@XZ@4HA 000000014003dc80 f    CIL library: CIL module
 0001:0003cca0       ?dtor$1@?0???1CCustomLuaConfig@@UEAA@XZ@4HA 000000014003dca0 f    CIL library: CIL module
 0001:0003ccd0       ?dtor$0@?0??SearchAndLoadIncludeFile@CCustomLuaPreProcessor@@AEAA_NPEBD_N@Z@4HA 000000014003dcd0 f    CIL library: CIL module
 0001:0003ccf0       ?dtor$0@?0??showError@CCustomLuaPreProcessor@@MEAAXPEBD@Z@4HA 000000014003dcf0 f    CIL library: CIL module
 0001:0003cd20       ?fin$0@?0??ParseSource@CCustomLuaPreProcessor@@IEAAPEBDPEBD@Z@4HA 000000014003dd20 f    CIL library: CIL module
 0001:0003cd50       ?dtor$0@?0??showFieldDoesNotContainValue@CCustomLuaConfig@@IEAAXPEBD0@Z@4HA 000000014003dd50 f    CIL library: CIL module
 0001:0003cd70       ?dtor$0@?0??showTableNotExists@CCustomLuaConfig@@IEAAXPEBD@Z@4HA 000000014003dd70 f    CIL library: CIL module
 0001:0003cd90       ?dtor$0@?0??showError@CCustomLuaConfig@@MEAAXPEBD@Z@4HA 000000014003dd90 f    CIL library: CIL module
 0001:0003cdb0       ?dtor$0@?0??allocSendPacketList@CSendPacketPool@@QEAAXAEAV?$CBaseList@PEAVCDataPacket@@@container@wylib@@_JPEAPEAVCDataPacket@@@Z@4HA 000000014003ddb0 f    CIL library: CIL module
 0001:0003cde0       ?dtor$0@?0??SaveFileDirAndParse@CCustomLuaPreProcessor@@AEAAPEBDPEBD0@Z@4HA 000000014003dde0 f    CIL library: CIL module
 0001:0003ce00       ?dtor$0@?0???0CTimeProfMgr@@QEAA@XZ@4HA 000000014003de00 f    CIL library: CIL module
 0001:0003ce20       ?dtor$1@?0???0CTimeProfMgr@@QEAA@XZ@4HA 000000014003de20 f    CIL library: CIL module
 0001:0003ce40       ?dtor$2@?0???0CTimeProfMgr@@QEAA@XZ@4HA 000000014003de40 f    CIL library: CIL module
 0001:0003ce60       ?dtor$3@?0???0CTimeProfMgr@@QEAA@XZ@4HA 000000014003de60 f    CIL library: CIL module
 0001:0003ce80       ?dtor$4@?0???0CTimeProfMgr@@QEAA@XZ@4HA 000000014003de80 f    CIL library: CIL module
 0001:0003ceb0       ?dtor$0@?0??LoadIncludeFile@CCustomLuaPreProcessor@@AEAA_NPEBD_N@Z@4HA 000000014003deb0 f    CIL library: CIL module
 0001:0003ced0       ?dtor$0@?0???1CTimeProfRecord@@QEAA@XZ@4HA 000000014003ded0 f    CIL library: CIL module
 0001:0003cef0       ?dtor$1@?0???1CTimeProfRecord@@QEAA@XZ@4HA 000000014003def0 f    CIL library: CIL module
 0001:0003cf20       ?dtor$0@?0???1CTimeProfMgr@@QEAA@XZ@4HA 000000014003df20 f    CIL library: CIL module
 0001:0003cf40       ?dtor$1@?0???1CTimeProfMgr@@QEAA@XZ@4HA 000000014003df40 f    CIL library: CIL module
 0001:0003cf60       ?dtor$2@?0???1CTimeProfMgr@@QEAA@XZ@4HA 000000014003df60 f    CIL library: CIL module
 0001:0003cf80       ?dtor$3@?0???1CTimeProfMgr@@QEAA@XZ@4HA 000000014003df80 f    CIL library: CIL module
 0001:0003cfa0       ?dtor$4@?0???1CTimeProfMgr@@QEAA@XZ@4HA 000000014003dfa0 f    CIL library: CIL module
 0001:0003cfc0       ?dtor$0@?0???1CSingleObjectAllocStatMgr@@QEAA@XZ@4HA 000000014003dfc0 f    CIL library: CIL module
 0001:0003cfe0       ?dtor$0@?0???1CDataPacket@@QEAA@XZ@4HA 000000014003dfe0 f    CIL library: CIL module
 0001:0003d000       ?dtor$0@?0??getSingleton@CounterManager@@SAAEAV1@XZ@4HA 000000014003e000 f    CIL library: CIL module
 0001:0003d020       ?dtor$0@?0???YCAnsiString@string@wylib@@QEAAXPEBD@Z@4HA 000000014003e020 f    CIL library: CIL module
 0001:0003d040       ?dtor$0@?0??allocNode@?$CBaseLinkedList@PEBVCObjectAllocatorStat@@@container@wylib@@MEAAPEAV?$CLinkedNode@PEBVCObjectAllocatorStat@@@23@XZ@4HA 000000014003e040 f    CIL library: CIL module
 0001:0003d060       ?dtor$0@?0???0?$CTRefString@VCAnsiString@string@wylib@@D@string@wylib@@QEAA@AEBV012@@Z@4HA 000000014003e060 f    CIL library: CIL module
 0001:0003d080       ?dtor$0@?0??allocTimeProfRecord@CTimeProfMgr@@IEAAXXZ@4HA 000000014003e080 f    CIL library: CIL module
 0001:0003d0a0       ?dtor$0@?0??getThreadInst@CTimeProfMgr@@QEAAPEAV1@XZ@4HA 000000014003e0a0 f    CIL library: CIL module
 0001:0003d0c0       ??__ERegistedTypeId@CLangTextSectionExport@@YAXXZ 000000014003e0c0 f    CIL library: CIL module
 0001:0003d0e0       ??__ERegistedRefTypeId@CLangTextSectionExport@@YAXXZ 000000014003e0e0 f    CIL library: CIL module
 0001:0003d100       ??__E?sLoader@CConfigLoader@@0QBUDataProviderLoadTerm@1@B@@YAXXZ 000000014003e100 f   ConfigLoader.obj
 0001:0003d1c0       ??__EINVALID_ENTITY_HANDLE@@YAXXZ 000000014003e1c0 f   StdAfx.obj
 0001:0003d1f0       ??__EmmPeriod@@YAXXZ       000000014003e1f0 f   wylib_x64:Tick.obj
 0001:0003d210       ??__EllStartTick@@YAXXZ    000000014003e210 f   wylib_x64:Tick.obj
 0001:0003d230       ??__EdwLastShortTick@@YAXXZ 000000014003e230 f   wylib_x64:Tick.obj
 0001:0003d290       ??__FINVALID_ENTITY_HANDLE@@YAXXZ 000000014003e290 f   StdAfx.obj
