
 Start         Length     Name                   Class
 0001:00401000 000922C8H .text                   CODE
 0002:00494000 00000B1CH .itext                  ICODE
 0003:00495000 00003AACH .data                   DATA
 0004:00499000 00005C74H .bss                    BSS
 0005:00000000 00000038H .tls                    TLS


Detailed map of segments

 0001:00000000 00005A85 C=CODE     S=.text    G=(none)   M=System   ACBP=A9
 0001:00005A88 00000105 C=CODE     S=.text    G=(none)   M=SysInit  ACBP=A9
 0001:00005B90 00000058 C=CODE     S=.text    G=(none)   M=Types    ACBP=A9
 0001:00005BE8 00000C7C C=CODE     S=.text    G=(none)   M=Windows  ACBP=A9
 0001:00006864 0000000E C=CODE     S=.text    G=(none)   M=ActiveX  ACBP=A9
 0001:00006874 000002E8 C=CODE     S=.text    G=(none)   M=SysConst ACBP=A9
 0001:00006B5C 00007785 C=CODE     S=.text    G=(none)   M=SysUtils ACBP=A9
 0001:0000E2E4 000007EE C=CODE     S=.text    G=(none)   M=VarUtils ACBP=A9
 0001:0000EAD4 00002990 C=CODE     S=.text    G=(none)   M=Variants ACBP=A9
 0001:00011464 00000110 C=CODE     S=.text    G=(none)   M=RTLConsts ACBP=A9
 0001:00011574 000008DB C=CODE     S=.text    G=(none)   M=TypInfo  ACBP=A9
 0001:00011E50 0000B2E9 C=CODE     S=.text    G=(none)   M=Classes  ACBP=A9
 0001:0001D13C 00000191 C=CODE     S=.text    G=(none)   M=Contnrs  ACBP=A9
 0001:0001D2D0 00001262 C=CODE     S=.text    G=(none)   M=HelpIntfs ACBP=A9
 0001:0001E534 00000772 C=CODE     S=.text    G=(none)   M=MultiMon ACBP=A9
 0001:0001ECA8 00000194 C=CODE     S=.text    G=(none)   M=CommCtrl ACBP=A9
 0001:0001EE3C 00000250 C=CODE     S=.text    G=(none)   M=Consts   ACBP=A9
 0001:0001F08C 0000005D C=CODE     S=.text    G=(none)   M=IniFiles ACBP=A9
 0001:0001F0EC 000005C5 C=CODE     S=.text    G=(none)   M=Registry ACBP=A9
 0001:0001F6B4 00009142 C=CODE     S=.text    G=(none)   M=Graphics ACBP=A9
 0001:000287F8 0000016A C=CODE     S=.text    G=(none)   M=SyncObjs ACBP=A9
 0001:00028964 00000BB9 C=CODE     S=.text    G=(none)   M=UxTheme  ACBP=A9
 0001:00029520 00000194 C=CODE     S=.text    G=(none)   M=DwmApi   ACBP=A9
 0001:000296B4 000045DB C=CODE     S=.text    G=(none)   M=StdCtrls ACBP=A9
 0001:0002DC90 0000003A C=CODE     S=.text    G=(none)   M=Printers ACBP=A9
 0001:0002DCCC 00000047 C=CODE     S=.text    G=(none)   M=WideStrUtils ACBP=A9
 0001:0002DD14 00000D76 C=CODE     S=.text    G=(none)   M=GraphUtil ACBP=A9
 0001:0002EA8C 00002662 C=CODE     S=.text    G=(none)   M=ExtCtrls ACBP=A9
 0001:000310F0 00001B28 C=CODE     S=.text    G=(none)   M=Dialogs  ACBP=A9
 0001:00032C18 0000003A C=CODE     S=.text    G=(none)   M=Clipbrd  ACBP=A9
 0001:00032C54 0000012D C=CODE     S=.text    G=(none)   M=StdActns ACBP=A9
 0001:00032D84 0000030E C=CODE     S=.text    G=(none)   M=FlatSB   ACBP=A9
 0001:00033094 00007AE1 C=CODE     S=.text    G=(none)   M=Menus    ACBP=A9
 0001:0003AB78 00013D48 C=CODE     S=.text    G=(none)   M=Controls ACBP=A9
 0001:0004E8C0 00000B76 C=CODE     S=.text    G=(none)   M=Themes   ACBP=A9
 0001:0004F438 000016DD C=CODE     S=.text    G=(none)   M=ImgList  ACBP=A9
 0001:00050B18 00001332 C=CODE     S=.text    G=(none)   M=ActnList ACBP=A9
 0001:00051E4C 0000F484 C=CODE     S=.text    G=(none)   M=Forms    ACBP=A9
 0001:000612D0 0000106A C=CODE     S=.text    G=(none)   M=mysql    ACBP=A9
 0001:0006233C 00000D08 C=CODE     S=.text    G=(none)   M=uTMySql  ACBP=A9
 0001:00063044 00000057 C=CODE     S=.text    G=(none)   M=IdSysBase ACBP=A9
 0001:0006309C 00000BC2 C=CODE     S=.text    G=(none)   M=IdSysVCL ACBP=A9
 0001:00063C60 00000072 C=CODE     S=.text    G=(none)   M=IdSysNativeVCL ACBP=A9
 0001:00063CD4 00000208 C=CODE     S=.text    G=(none)   M=IdResourceStrings ACBP=A9
 0001:00063EDC 00000542 C=CODE     S=.text    G=(none)   M=IdException ACBP=A9
 0001:00064420 00000200 C=CODE     S=.text    G=(none)   M=IdSysWin32 ACBP=A9
 0001:00064620 0000023C C=CODE     S=.text    G=(none)   M=IdStreamVCL ACBP=A9
 0001:0006485C 000015C3 C=CODE     S=.text    G=(none)   M=IdGlobal ACBP=A9
 0001:00065E20 00002556 C=CODE     S=.text    G=(none)   M=IdWinSock2 ACBP=A9
 0001:00068378 000001CD C=CODE     S=.text    G=(none)   M=IdWship6 ACBP=A9
 0001:00068548 00000F79 C=CODE     S=.text    G=(none)   M=IdStackBSDBase ACBP=A9
 0001:000694C4 000022BA C=CODE     S=.text    G=(none)   M=IdStackWindows ACBP=A9
 0001:0006B780 0000111E C=CODE     S=.text    G=(none)   M=IdStack  ACBP=A9
 0001:0006C8A0 00000259 C=CODE     S=.text    G=(none)   M=IdBaseComponent ACBP=A9
 0001:0006CAFC 00000267 C=CODE     S=.text    G=(none)   M=IdAntiFreezeBase ACBP=A9
 0001:0006CD64 0000061C C=CODE     S=.text    G=(none)   M=IdComponent ACBP=A9
 0001:0006D380 00000862 C=CODE     S=.text    G=(none)   M=IdSocketHandle ACBP=A9
 0001:0006DBE4 00000108 C=CODE     S=.text    G=(none)   M=IdResourceStringsCore ACBP=A9
 0001:0006DCEC 00000560 C=CODE     S=.text    G=(none)   M=IdReply  ACBP=A9
 0001:0006E24C 00000ADC C=CODE     S=.text    G=(none)   M=IdBuffer ACBP=A9
 0001:0006ED28 00000448 C=CODE     S=.text    G=(none)   M=IdIntercept ACBP=A9
 0001:0006F170 00000D7E C=CODE     S=.text    G=(none)   M=IdExceptionCore ACBP=A9
 0001:0006FEF0 00001CC3 C=CODE     S=.text    G=(none)   M=IdIOHandler ACBP=A9
 0001:00071BB4 00000618 C=CODE     S=.text    G=(none)   M=IdCustomTransparentProxy ACBP=A9
 0001:000721CC 000005A1 C=CODE     S=.text    G=(none)   M=IdReplyRFC ACBP=A9
 0001:00072770 00000960 C=CODE     S=.text    G=(none)   M=IdTCPClient ACBP=A9
 0001:000730D0 00000B9C C=CODE     S=.text    G=(none)   M=IdIPAddress ACBP=A9
 0001:00073C6C 00003351 C=CODE     S=.text    G=(none)   M=IdSocks  ACBP=A9
 0001:00076FC0 000007C2 C=CODE     S=.text    G=(none)   M=IdIOHandlerSocket ACBP=A9
 0001:00077784 00000AC6 C=CODE     S=.text    G=(none)   M=IdIOHandlerStack ACBP=A9
 0001:0007824C 00000805 C=CODE     S=.text    G=(none)   M=IdTCPConnection ACBP=A9
 0001:00078A54 00000040 C=CODE     S=.text    G=(none)   M=IdResourceStringsProtocols ACBP=A9
 0001:00078A94 0000409A C=CODE     S=.text    G=(none)   M=IdCharsets ACBP=A9
 0001:0007CB30 00001654 C=CODE     S=.text    G=(none)   M=IdGlobalProtocols ACBP=A9
 0001:0007E184 00000A30 C=CODE     S=.text    G=(none)   M=IdURI    ACBP=A9
 0001:0007EBB4 00000889 C=CODE     S=.text    G=(none)   M=IdHeaderList ACBP=A9
 0001:0007F440 000001F5 C=CODE     S=.text    G=(none)   M=IdCoder  ACBP=A9
 0001:0007F638 00000EE4 C=CODE     S=.text    G=(none)   M=IdCoder3to4 ACBP=A9
 0001:0008051C 00000166 C=CODE     S=.text    G=(none)   M=IdCoderMIME ACBP=A9
 0001:00080684 0000095C C=CODE     S=.text    G=(none)   M=IdAuthentication ACBP=A9
 0001:00080FE0 000001D3 C=CODE     S=.text    G=(none)   M=IdAuthenticationManager ACBP=A9
 0001:000811B4 000017DE C=CODE     S=.text    G=(none)   M=IdCookie ACBP=A9
 0001:00082994 00000820 C=CODE     S=.text    G=(none)   M=IdCookieManager ACBP=A9
 0001:000831B4 00000449 C=CODE     S=.text    G=(none)   M=IdZLibCompressorBase ACBP=A9
 0001:00083600 0000013E C=CODE     S=.text    G=(none)   M=IdThreadSafe ACBP=A9
 0001:00083740 0000002E C=CODE     S=.text    G=(none)   M=IdThread ACBP=A9
 0001:00083770 000001FF C=CODE     S=.text    G=(none)   M=IdSSL    ACBP=A9
 0001:00083970 00002103 C=CODE     S=.text    G=(none)   M=IdHTTPHeaderInfo ACBP=A9
 0001:00085A74 00003D05 C=CODE     S=.text    G=(none)   M=IdHTTP   ACBP=A9
 0001:0008977C 00000218 C=CODE     S=.text    G=(none)   M=Base64   ACBP=A9
 0001:00089994 000065CD C=CODE     S=.text    G=(none)   M=ElAES    ACBP=A9
 0001:0008FF64 0000021B C=CODE     S=.text    G=(none)   M=AES      ACBP=A9
 0001:00090180 00000292 C=CODE     S=.text    G=(none)   M=CA_EDPass ACBP=A9
 0001:00090414 00000D95 C=CODE     S=.text    G=(none)   M=md5      ACBP=A9
 0001:000911AC 00000D2C C=CODE     S=.text    G=(none)   M=Unit1    ACBP=A9
 0001:00091ED8 000003F0 C=CODE     S=.text    G=(none)   M=payTest  ACBP=A9
 0002:00000000 00000095 C=ICODE    S=.itext   G=(none)   M=System   ACBP=A9
 0002:00000098 00000011 C=ICODE    S=.itext   G=(none)   M=Windows  ACBP=A9
 0002:000000AC 00000088 C=ICODE    S=.itext   G=(none)   M=SysUtils ACBP=A9
 0002:00000134 0000000F C=ICODE    S=.itext   G=(none)   M=VarUtils ACBP=A9
 0002:00000144 000000AA C=ICODE    S=.itext   G=(none)   M=Variants ACBP=A9
 0002:000001F0 00000008 C=ICODE    S=.itext   G=(none)   M=TypInfo  ACBP=A9
 0002:000001F8 00000092 C=ICODE    S=.itext   G=(none)   M=Classes  ACBP=A9
 0002:0000028C 00000008 C=ICODE    S=.itext   G=(none)   M=HelpIntfs ACBP=A9
 0002:00000294 0000000F C=ICODE    S=.itext   G=(none)   M=MultiMon ACBP=A9
 0002:000002A4 00000008 C=ICODE    S=.itext   G=(none)   M=IniFiles ACBP=A9
 0002:000002AC 00000008 C=ICODE    S=.itext   G=(none)   M=Registry ACBP=A9
 0002:000002B4 000000FB C=ICODE    S=.itext   G=(none)   M=Graphics ACBP=A9
 0002:000003B0 0000001B C=ICODE    S=.itext   G=(none)   M=UxTheme  ACBP=A9
 0002:000003CC 00000008 C=ICODE    S=.itext   G=(none)   M=DwmApi   ACBP=A9
 0002:000003D4 00000008 C=ICODE    S=.itext   G=(none)   M=Printers ACBP=A9
 0002:000003DC 00000098 C=ICODE    S=.itext   G=(none)   M=GraphUtil ACBP=A9
 0002:00000474 00000044 C=ICODE    S=.itext   G=(none)   M=ExtCtrls ACBP=A9
 0002:000004B8 0000003D C=ICODE    S=.itext   G=(none)   M=Dialogs  ACBP=A9
 0002:000004F8 00000058 C=ICODE    S=.itext   G=(none)   M=Clipbrd  ACBP=A9
 0002:00000550 0000000F C=ICODE    S=.itext   G=(none)   M=FlatSB   ACBP=A9
 0002:00000560 00000085 C=ICODE    S=.itext   G=(none)   M=Menus    ACBP=A9
 0002:000005E8 0000008F C=ICODE    S=.itext   G=(none)   M=Controls ACBP=A9
 0002:00000678 00000008 C=ICODE    S=.itext   G=(none)   M=Themes   ACBP=A9
 0002:00000680 0000002A C=ICODE    S=.itext   G=(none)   M=ActnList ACBP=A9
 0002:000006AC 00000070 C=ICODE    S=.itext   G=(none)   M=Forms    ACBP=A9
 0002:0000071C 0000003C C=ICODE    S=.itext   G=(none)   M=mysql    ACBP=A9
 0002:00000758 00000038 C=ICODE    S=.itext   G=(none)   M=uTMySql  ACBP=A9
 0002:00000790 00000008 C=ICODE    S=.itext   G=(none)   M=IdSysVCL ACBP=A9
 0002:00000798 00000068 C=ICODE    S=.itext   G=(none)   M=IdGlobal ACBP=A9
 0002:00000800 0000000F C=ICODE    S=.itext   G=(none)   M=IdWinSock2 ACBP=A9
 0002:00000810 0000000F C=ICODE    S=.itext   G=(none)   M=IdWship6 ACBP=A9
 0002:00000820 00000031 C=ICODE    S=.itext   G=(none)   M=IdStackWindows ACBP=A9
 0002:00000854 00000025 C=ICODE    S=.itext   G=(none)   M=IdStack  ACBP=A9
 0002:0000087C 00000014 C=ICODE    S=.itext   G=(none)   M=IdComponent ACBP=A9
 0002:00000890 00000008 C=ICODE    S=.itext   G=(none)   M=IdIOHandler ACBP=A9
 0002:00000898 00000014 C=ICODE    S=.itext   G=(none)   M=IdIOHandlerStack ACBP=A9
 0002:000008AC 00000074 C=ICODE    S=.itext   G=(none)   M=IdCharsets ACBP=A9
 0002:00000920 000000F0 C=ICODE    S=.itext   G=(none)   M=IdGlobalProtocols ACBP=A9
 0002:00000A10 0000001F C=ICODE    S=.itext   G=(none)   M=IdCoderMIME ACBP=A9
 0002:00000A30 0000002C C=ICODE    S=.itext   G=(none)   M=IdAuthentication ACBP=A9
 0002:00000A5C 00000008 C=ICODE    S=.itext   G=(none)   M=IdCookie ACBP=A9
 0002:00000A64 00000038 C=ICODE    S=.itext   G=(none)   M=IdThread ACBP=A9
 0002:00000A9C 0000001B C=ICODE    S=.itext   G=(none)   M=IdSSL    ACBP=A9
 0002:00000AB8 00000008 C=ICODE    S=.itext   G=(none)   M=IdHTTP   ACBP=A9
 0002:00000AC0 0000005B C=ICODE    S=.itext   G=(none)   M=payTest  ACBP=A9
 0003:00000000 00000790 C=DATA     S=.data    G=DGROUP   M=System   ACBP=A9
 0003:00000790 00000020 C=DATA     S=.data    G=DGROUP   M=SysInit  ACBP=A9
 0003:000007B0 00000250 C=DATA     S=.data    G=DGROUP   M=SysUtils ACBP=A9
 0003:00000A00 00000008 C=DATA     S=.data    G=DGROUP   M=VarUtils ACBP=A9
 0003:00000A08 0000008E C=DATA     S=.data    G=DGROUP   M=Variants ACBP=A9
 0003:00000A98 0000000C C=DATA     S=.data    G=DGROUP   M=TypInfo  ACBP=A9
 0003:00000AA4 00000064 C=DATA     S=.data    G=DGROUP   M=Classes  ACBP=A9
 0003:00000B08 00000008 C=DATA     S=.data    G=DGROUP   M=IniFiles ACBP=A9
 0003:00000B10 00000008 C=DATA     S=.data    G=DGROUP   M=Registry ACBP=A9
 0003:00000B18 0000030C C=DATA     S=.data    G=DGROUP   M=Graphics ACBP=A9
 0003:00000E24 00000090 C=DATA     S=.data    G=DGROUP   M=StdCtrls ACBP=A9
 0003:00000EB4 00000004 C=DATA     S=.data    G=DGROUP   M=Printers ACBP=A9
 0003:00000EB8 00000450 C=DATA     S=.data    G=DGROUP   M=GraphUtil ACBP=A9
 0003:00001308 000000F8 C=DATA     S=.data    G=DGROUP   M=Dialogs  ACBP=A9
 0003:00001400 0000012C C=DATA     S=.data    G=DGROUP   M=Menus    ACBP=A9
 0003:0000152C 00000140 C=DATA     S=.data    G=DGROUP   M=Controls ACBP=A9
 0003:0000166C 00000068 C=DATA     S=.data    G=DGROUP   M=Themes   ACBP=A9
 0003:000016D4 00000020 C=DATA     S=.data    G=DGROUP   M=ImgList  ACBP=A9
 0003:000016F4 0000013C C=DATA     S=.data    G=DGROUP   M=Forms    ACBP=A9
 0003:00001830 00000168 C=DATA     S=.data    G=DGROUP   M=mysql    ACBP=A9
 0003:00001998 0000004C C=DATA     S=.data    G=DGROUP   M=IdSysVCL ACBP=A9
 0003:000019E4 00000004 C=DATA     S=.data    G=DGROUP   M=IdGlobal ACBP=A9
 0003:000019E8 00000014 C=DATA     S=.data    G=DGROUP   M=IdWinSock2 ACBP=A9
 0003:000019FC 00000014 C=DATA     S=.data    G=DGROUP   M=IdWship6 ACBP=A9
 0003:00001A10 00000010 C=DATA     S=.data    G=DGROUP   M=IdStackBSDBase ACBP=A9
 0003:00001A20 00000001 C=DATA     S=.data    G=DGROUP   M=IdStackWindows ACBP=A9
 0003:00001A24 0000000C C=DATA     S=.data    G=DGROUP   M=IdStack  ACBP=A9
 0003:00001A30 00000004 C=DATA     S=.data    G=DGROUP   M=IdAntiFreezeBase ACBP=A9
 0003:00001A34 00000024 C=DATA     S=.data    G=DGROUP   M=IdComponent ACBP=A9
 0003:00001A58 00000008 C=DATA     S=.data    G=DGROUP   M=IdIOHandler ACBP=A9
 0003:00001A60 00000C5C C=DATA     S=.data    G=DGROUP   M=IdCharsets ACBP=A9
 0003:000026BC 0000004C C=DATA     S=.data    G=DGROUP   M=IdGlobalProtocols ACBP=A9
 0003:00002708 00000004 C=DATA     S=.data    G=DGROUP   M=IdCoderMIME ACBP=A9
 0003:0000270C 00000004 C=DATA     S=.data    G=DGROUP   M=IdAuthentication ACBP=A9
 0003:00002710 0000004C C=DATA     S=.data    G=DGROUP   M=IdCookie ACBP=A9
 0003:0000275C 00000004 C=DATA     S=.data    G=DGROUP   M=IdThread ACBP=A9
 0003:00002760 00000008 C=DATA     S=.data    G=DGROUP   M=IdHTTP   ACBP=A9
 0003:00002768 00000C78 C=DATA     S=.data    G=DGROUP   M=ElAES    ACBP=A9
 0003:000033E0 00000050 C=DATA     S=.data    G=DGROUP   M=md5      ACBP=A9
 0004:00000000 000027F0 C=BSS      S=.bss     G=DGROUP   M=System   ACBP=A9
 0004:000027F0 0000000C C=BSS      S=.bss     G=DGROUP   M=SysInit  ACBP=A9
 0004:000027FC 00000008 C=BSS      S=.bss     G=DGROUP   M=Windows  ACBP=A9
 0004:00002804 00002108 C=BSS      S=.bss     G=DGROUP   M=SysUtils ACBP=A9
 0004:0000490C 0000005C C=BSS      S=.bss     G=DGROUP   M=VarUtils ACBP=A9
 0004:00004968 00000040 C=BSS      S=.bss     G=DGROUP   M=Variants ACBP=A9
 0004:000049A8 00000004 C=BSS      S=.bss     G=DGROUP   M=TypInfo  ACBP=A9
 0004:000049AC 00000044 C=BSS      S=.bss     G=DGROUP   M=Classes  ACBP=A9
 0004:000049F0 00000008 C=BSS      S=.bss     G=DGROUP   M=HelpIntfs ACBP=A9
 0004:000049F8 00000031 C=BSS      S=.bss     G=DGROUP   M=MultiMon ACBP=A9
 0004:00004A2C 0000000C C=BSS      S=.bss     G=DGROUP   M=CommCtrl ACBP=A9
 0004:00004A38 00000004 C=BSS      S=.bss     G=DGROUP   M=IniFiles ACBP=A9
 0004:00004A3C 00000004 C=BSS      S=.bss     G=DGROUP   M=Registry ACBP=A9
 0004:00004A40 00000060 C=BSS      S=.bss     G=DGROUP   M=Graphics ACBP=A9
 0004:00004AA0 000000DC C=BSS      S=.bss     G=DGROUP   M=UxTheme  ACBP=A9
 0004:00004B7C 00000010 C=BSS      S=.bss     G=DGROUP   M=DwmApi   ACBP=A9
 0004:00004B8C 00000004 C=BSS      S=.bss     G=DGROUP   M=Printers ACBP=A9
 0004:00004B90 00000010 C=BSS      S=.bss     G=DGROUP   M=GraphUtil ACBP=A9
 0004:00004BA0 00000008 C=BSS      S=.bss     G=DGROUP   M=ExtCtrls ACBP=A9
 0004:00004BA8 00000038 C=BSS      S=.bss     G=DGROUP   M=Dialogs  ACBP=A9
 0004:00004BE0 0000000C C=BSS      S=.bss     G=DGROUP   M=Clipbrd  ACBP=A9
 0004:00004BEC 00000034 C=BSS      S=.bss     G=DGROUP   M=FlatSB   ACBP=A9
 0004:00004C20 00000010 C=BSS      S=.bss     G=DGROUP   M=Menus    ACBP=A9
 0004:00004C30 00000088 C=BSS      S=.bss     G=DGROUP   M=Controls ACBP=A9
 0004:00004CB8 0000000C C=BSS      S=.bss     G=DGROUP   M=Themes   ACBP=A9
 0004:00004CC4 00000008 C=BSS      S=.bss     G=DGROUP   M=ImgList  ACBP=A9
 0004:00004CCC 00000004 C=BSS      S=.bss     G=DGROUP   M=ActnList ACBP=A9
 0004:00004CD0 00000031 C=BSS      S=.bss     G=DGROUP   M=Forms    ACBP=A9
 0004:00004D04 00000068 C=BSS      S=.bss     G=DGROUP   M=mysql    ACBP=A9
 0004:00004D6C 0000000C C=BSS      S=.bss     G=DGROUP   M=uTMySql  ACBP=A9
 0004:00004D78 00000004 C=BSS      S=.bss     G=DGROUP   M=IdSysVCL ACBP=A9
 0004:00004D7C 00000008 C=BSS      S=.bss     G=DGROUP   M=IdGlobal ACBP=A9
 0004:00004D84 000001BC C=BSS      S=.bss     G=DGROUP   M=IdWinSock2 ACBP=A9
 0004:00004F40 00000004 C=BSS      S=.bss     G=DGROUP   M=IdWship6 ACBP=A9
 0004:00004F44 00000008 C=BSS      S=.bss     G=DGROUP   M=IdStackWindows ACBP=A9
 0004:00004F4C 0000000C C=BSS      S=.bss     G=DGROUP   M=IdStack  ACBP=A9
 0004:00004F58 00000004 C=BSS      S=.bss     G=DGROUP   M=IdComponent ACBP=A9
 0004:00004F5C 00000004 C=BSS      S=.bss     G=DGROUP   M=IdIOHandler ACBP=A9
 0004:00004F60 00000004 C=BSS      S=.bss     G=DGROUP   M=IdIOHandlerStack ACBP=A9
 0004:00004F64 00000C60 C=BSS      S=.bss     G=DGROUP   M=IdCharsets ACBP=A9
 0004:00005BC4 00000010 C=BSS      S=.bss     G=DGROUP   M=IdGlobalProtocols ACBP=A9
 0004:00005BD4 00000084 C=BSS      S=.bss     G=DGROUP   M=IdCoderMIME ACBP=A9
 0004:00005C58 00000004 C=BSS      S=.bss     G=DGROUP   M=IdAuthentication ACBP=A9
 0004:00005C5C 00000004 C=BSS      S=.bss     G=DGROUP   M=IdCookie ACBP=A9
 0004:00005C60 00000004 C=BSS      S=.bss     G=DGROUP   M=IdThread ACBP=A9
 0004:00005C64 00000008 C=BSS      S=.bss     G=DGROUP   M=IdSSL    ACBP=A9
 0004:00005C6C 00000004 C=BSS      S=.bss     G=DGROUP   M=IdHTTP   ACBP=A9
 0004:00005C70 00000004 C=BSS      S=.bss     G=DGROUP   M=Unit1    ACBP=A9
 0005:00000000 00000008 C=TLS      S=.tls     G=(none)   M=System   ACBP=A9
 0005:00000008 00000008 C=TLS      S=.tls     G=(none)   M=Classes  ACBP=A9
 0005:00000010 00000028 C=TLS      S=.tls     G=(none)   M=GraphUtil ACBP=A9


  Address             Publics by Name

 0001:00006864       ActiveX.CoTaskMemAlloc
 0001:0000686C       ActiveX.CoTaskMemFree
 0004:00004CCC       ActnList..9
 0001:00050F40       ActnList..TActionLink
 0001:00050B18       ActnList..TContainedAction
 0001:00050E38       ActnList..TCustomAction
 0001:00050C3C       ActnList..TCustomActionList
 0001:00050D1C       ActnList..TShortCutList
 0002:00000680       ActnList.ActnList
 0001:00051E1C       ActnList.Finalization
 0001:00051630       ActnList.TActionLink.IsCaptionLinked
 0001:00051644       ActnList.TActionLink.IsCheckedLinked
 0001:00051658       ActnList.TActionLink.IsEnabledLinked
 0001:0005166C       ActnList.TActionLink.IsGroupIndexLinked
 0001:00051680       ActnList.TActionLink.IsHelpContextLinked
 0001:00051694       ActnList.TActionLink.IsHelpLinked
 0001:000516A8       ActnList.TActionLink.IsHintLinked
 0001:000516BC       ActnList.TActionLink.IsImageIndexLinked
 0001:000516D0       ActnList.TActionLink.IsShortCutLinked
 0001:000516E4       ActnList.TActionLink.IsVisibleLinked
 0001:000516F8       ActnList.TActionLink.SetAutoCheck
 0001:000516FC       ActnList.TActionLink.SetCaption
 0001:00051700       ActnList.TActionLink.SetChecked
 0001:00051704       ActnList.TActionLink.SetEnabled
 0001:00051708       ActnList.TActionLink.SetGroupIndex
 0001:0005170C       ActnList.TActionLink.SetHelpContext
 0001:00051710       ActnList.TActionLink.SetHelpKeyword
 0001:00051714       ActnList.TActionLink.SetHelpType
 0001:00051718       ActnList.TActionLink.SetHint
 0001:0005171C       ActnList.TActionLink.SetImageIndex
 0001:00051720       ActnList.TActionLink.SetShortCut
 0001:00051724       ActnList.TActionLink.SetVisible
 0001:00051010       ActnList.TContainedAction.Destroy
 0001:0005117C       ActnList.TContainedAction.Execute
 0001:00051044       ActnList.TContainedAction.GetIndex
 0001:00051060       ActnList.TContainedAction.GetParentComponent
 0001:00051070       ActnList.TContainedAction.HasParent
 0001:0005105C       ActnList.TContainedAction.IsCategoryStored
 0001:00051080       ActnList.TContainedAction.ReadState
 0001:00051128       ActnList.TContainedAction.SetActionList
 0001:000510FC       ActnList.TContainedAction.SetCategory
 0001:000510B4       ActnList.TContainedAction.SetIndex
 0001:00051150       ActnList.TContainedAction.SetParentComponent
 0001:000511D4       ActnList.TContainedAction.Update
 0001:000517CC       ActnList.TCustomAction.AssignTo
 0001:00051728       ActnList.TCustomAction.Create
 0001:0005177C       ActnList.TCustomAction.Destroy
 0001:00051CEC       ActnList.TCustomAction.DoHint
 0001:00051D14       ActnList.TCustomAction.Execute
 0001:00051D78       ActnList.TCustomAction.GetSecondaryShortCuts
 0001:00051DA0       ActnList.TCustomAction.HandleShortCut
 0001:0005187C       ActnList.TCustomAction.SetCaption
 0001:000518DC       ActnList.TCustomAction.SetChecked
 0001:000519E4       ActnList.TCustomAction.SetEnabled
 0001:00051AC8       ActnList.TCustomAction.SetHelpContext
 0001:00051A60       ActnList.TCustomAction.SetHelpKeyword
 0001:00051B20       ActnList.TCustomAction.SetHint
 0001:00051B80       ActnList.TCustomAction.SetImageIndex
 0001:00051CA0       ActnList.TCustomAction.SetName
 0001:00051BDC       ActnList.TCustomAction.SetShortCut
 0001:00051C40       ActnList.TCustomAction.SetVisible
 0001:00051404       ActnList.TCustomActionList.AddAction
 0001:00051440       ActnList.TCustomActionList.Change
 0001:0005122C       ActnList.TCustomActionList.Create
 0001:00051298       ActnList.TCustomActionList.Destroy
 0001:0005154C       ActnList.TCustomActionList.ExecuteAction
 0001:00051360       ActnList.TCustomActionList.GetAction
 0001:00051374       ActnList.TCustomActionList.GetActionCount
 0001:000512E8       ActnList.TCustomActionList.GetChildren
 0001:000513B0       ActnList.TCustomActionList.ImageListChange
 0001:000514A8       ActnList.TCustomActionList.IsShortCut
 0001:000513BC       ActnList.TCustomActionList.Notification
 0001:00051424       ActnList.TCustomActionList.RemoveAction
 0001:00051330       ActnList.TCustomActionList.SetChildOrder
 0001:0005137C       ActnList.TCustomActionList.SetImages
 0001:0005158C       ActnList.TCustomActionList.SetState
 0001:0005156C       ActnList.TCustomActionList.UpdateAction
 0001:00051DAC       ActnList.TShortCutList.Add
 0001:00051DD8       ActnList.TShortCutList.IndexOfShortCut
 0001:0008FF64       AES.DecryptBuf
 0001:0008977C       Base64.Base64Decode
 0001:000901A4       CA_EDPass.DecodePassword
 0001:0009033C       CA_EDPass.GetKeyKey
 0004:000049B8       Classes..95
 0001:00012398       Classes..EBitsError
 0001:00012288       Classes..EClassNotFound
 0001:00012450       Classes..EComponentError
 0001:000120CC       Classes..EFCreateError
 0001:00012180       Classes..EFilerError
 0001:0001206C       Classes..EFileStreamError
 0001:00012128       Classes..EFOpenError
 0001:00012508       Classes..EInvalidOperation
 0001:00012340       Classes..EListError
 0001:000124AC       Classes..EOutOfResources
 0001:000121D8       Classes..EReadError
 0001:000122E4       Classes..EResNotFound
 0001:00012010       Classes..EStreamError
 0001:000123F0       Classes..EStringListError
 0001:00013344       Classes..EThread
 0001:00012230       Classes..EWriteError
 0001:000136C8       Classes..TBasicAction
 0001:00013648       Classes..TBasicActionLink
 0001:00012624       Classes..TBits
 0001:000131F0       Classes..TClassFinder
 0001:000128D4       Classes..TCollection
 0001:0001281C       Classes..TCollectionItem
 0001:000134E8       Classes..TComponent
 0001:00012E5C       Classes..TCustomMemoryStream
 0001:0001324C       Classes..TFiler
 0001:00012DD4       Classes..TFileStream
 0001:00012D5C       Classes..THandleStream
 0001:00014570       Classes..TIntConst
 0001:00012768       Classes..TInterfacedPersistent
 0001:00012568       Classes..TList
 0001:00012ED8       Classes..TMemoryStream
 0001:000129A8       Classes..TOwnedCollection
 0001:00012678       Classes..TPersistent
 0001:00018284       Classes..TPropFixup
 0001:000182FC       Classes..TPropIntfFixup
 0001:000132B0       Classes..TReader
 0001:0001384C       Classes..TRegGroup
 0001:000138A4       Classes..TRegGroups
 0001:00012FDC       Classes..TResourceStream
 0001:00012CEC       Classes..TStream
 0001:00013168       Classes..TStreamAdapter
 0001:00012BD4       Classes..TStringList
 0001:00012A9C       Classes..TStrings
 0001:00012F54       Classes..TStringStream
 0001:00013398       Classes..TThread
 0001:000125CC       Classes..TThreadList
 0001:00014514       Classes.ActivateClassGroup
 0003:00000AA4       Classes.AddDataModule
 0001:0001855C       Classes.AddFinished
 0001:00018594       Classes.AddNotFinished
 0001:00019108       Classes.AddSubComponentsToLoaded
 0001:0001B624       Classes.AddThread
 0001:0001CFB0       Classes.AllocateHWnd
 0003:00000AB4       Classes.ApplicationHandleException
 0003:00000ABC       Classes.ApplicationShowException
 0001:0001486C       Classes.BeginGlobalLoading
 0003:00000ADC       Classes.BlockCode
 0001:00013810       Classes.Bounds
 0001:0001CEEC       Classes.CalcJmpOffset
 0001:00019144       Classes.CheckSubComponents
 0001:0001B63C       Classes.CheckSynchronize
 0002:000001F8       Classes.Classes
 0001:000142D8       Classes.ClassNotFound
 0001:00019224       Classes.ComponentCreated
 0001:000192A4       Classes.CreateComponent
 0001:0001D064       Classes.DeallocateHWnd
 0001:0001B5D8       Classes.DoneThreadSynchronization
 0001:00015EBC       Classes.DoWrite
 0001:000148F4       Classes.EndGlobalLoading
 0001:000180BC       Classes.Error
 0001:00013E78       Classes.Error
 0003:00000ACC       Classes.FilerSignature
 0001:0001D08C       Classes.Finalization
 0001:00014398       Classes.FindClass
 0001:00019454       Classes.FindExistingComponent
 0001:00014784       Classes.FindGlobalComponent
 0004:000049C4       Classes.FindGlobalComponentProcs
 0001:0001462C       Classes.FindIdentToInt
 0001:00018490       Classes.FindNestedComponent
 0001:0001A3F8       Classes.FindUniqueName
 0001:0001CE58       Classes.FreeIntConstList
 0001:0001CF8C       Classes.FreeObjectInstance
 0001:00014344       Classes.GetClass
 0001:00015494       Classes.GetDesigner
 0001:000142CC       Classes.GetFieldClassTable
 0004:000049C8       Classes.GlobalFixupList
 0001:000185DC       Classes.GlobalFixupReferences
 0005:0000000C       Classes.GlobalLists
 0005:00000008       Classes.GlobalLoaded
 0004:000049AC       Classes.GlobalNameSpace
 0001:000144C0       Classes.GroupDescendentsWith
 0001:00019BC8       Classes.HandleException
 0001:000146A8       Classes.IdentToInt
 0001:00014950       Classes.InitComponent
 0001:000149F8       Classes.InitInheritedComponent
 0001:0001B5A4       Classes.InitThreadSynchronization
 0004:000049E8       Classes.InstBlockList
 0004:000049EC       Classes.InstFreeList
 0004:000049BC       Classes.IntConstList
 0001:000147E8       Classes.InternalReadComponentRes
 0001:000146E8       Classes.IntToIdent
 0001:00013838       Classes.InvalidPoint
 0001:000147C4       Classes.IsUniqueGlobalComponentName
 0004:000049B0       Classes.IsUniqueGlobalComponentNameProc
 0001:0001CEF4       Classes.MakeObjectInstance
 0001:000150B8       Classes.Min
 0001:0001CEC4       Classes.ModuleUnload
 0003:00000AD0       Classes.NilMethod
 0001:00015534       Classes.NotifyDesigner
 0001:000148C4       Classes.NotifyGlobalLoading
 0001:000137C0       Classes.Point
 0001:00013C04       Classes.PointerInModule
 0001:000188FC       Classes.PropertyNotFound
 0001:00019CC8       Classes.PropPathError
 0001:000188F0       Classes.PropValueError
 0001:00017774       Classes.RaiseException
 0001:0001AFAC       Classes.ReadCustomVariant
 0001:000188D8       Classes.ReadError
 0001:00019244       Classes.Recover
 0001:000137E8       Classes.Rect
 0004:000049C0       Classes.RegGroups
 0001:000143B8       Classes.RegisterClass
 0001:0001472C       Classes.RegisterFindGlobalComponentProc
 0001:00014600       Classes.RegisterIntegerConsts
 0003:00000AAC       Classes.RemoveDataModule
 0001:000187A8       Classes.RemoveFixupReferences
 0001:00018854       Classes.RemoveFixups
 0001:00018BEC       Classes.RemoveGlobalFixup
 0001:0001B630       Classes.RemoveThread
 0001:0001B5F0       Classes.ResetSyncEvent
 0001:00014B88       Classes.ReturnAddr
 0001:0001601C       Classes.ReturnAddr
 0001:000193B4       Classes.SetCompName
 0001:00018928       Classes.SetElementValue
 0001:0001A020       Classes.SetInterfaceReference
 0001:00019F3C       Classes.SetIntIdent
 0001:00019F84       Classes.SetObjectIdent
 0001:000191BC       Classes.SetSubComponentState
 0001:00019FC4       Classes.SetVariantReference
 0001:0001B618       Classes.SignalSyncEvent
 0001:0001AACC       Classes.SkipBinary
 0001:0001AAFC       Classes.SkipCollection
 0001:0001AAA4       Classes.SkipList
 0001:000137D8       Classes.SmallPoint
 0001:00014474       Classes.StartClassGroup
 0001:0001CECC       Classes.StdWndProc
 0001:00017584       Classes.StringListCompareStrings
 0004:000049B4       Classes.SyncEvent
 0003:00000AD8       Classes.SyncList
 0001:0001C8C4       Classes.TBasicAction.Change
 0001:0001C758       Classes.TBasicAction.Create
 0001:0001C79C       Classes.TBasicAction.Destroy
 0001:0001C830       Classes.TBasicAction.Execute
 0001:0001C800       Classes.TBasicAction.ExecuteTarget
 0001:0001C7FC       Classes.TBasicAction.HandlesTarget
 0001:0001C804       Classes.TBasicAction.Notification
 0001:0001C8D8       Classes.TBasicAction.RegisterChanges
 0001:0001C924       Classes.TBasicAction.SetActionComponent
 0001:0001C868       Classes.TBasicAction.SetOnExecute
 0001:0001C8E4       Classes.TBasicAction.UnRegisterChanges
 0001:0001C84C       Classes.TBasicAction.Update
 0001:0001C82C       Classes.TBasicAction.UpdateTarget
 0001:0001C6A8       Classes.TBasicActionLink.AssignClient
 0001:0001C6E0       Classes.TBasicActionLink.Change
 0001:0001C664       Classes.TBasicActionLink.Create
 0001:0001C6AC       Classes.TBasicActionLink.Destroy
 0001:0001C6F8       Classes.TBasicActionLink.Execute
 0001:0001C740       Classes.TBasicActionLink.IsOnExecuteLinked
 0001:0001C714       Classes.TBasicActionLink.SetAction
 0001:0001C744       Classes.TBasicActionLink.SetOnExecute
 0001:0001C74C       Classes.TBasicActionLink.Update
 0001:00015070       Classes.TBits.Destroy
 0001:000150A0       Classes.TBits.Error
 0001:00015194       Classes.TBits.OpenBit
 0001:00015168       Classes.TBits.SetBit
 0001:000150C4       Classes.TBits.SetSize
 0001:000140E8       Classes.TClassFinder.Create
 0001:00014214       Classes.TClassFinder.Destroy
 0001:00014244       Classes.TClassFinder.GetClass
 0001:00015814       Classes.TCollection.Add
 0001:00015C48       Classes.TCollection.Added
 0001:00015834       Classes.TCollection.Assign
 0001:000158CC       Classes.TCollection.BeginUpdate
 0001:000158D0       Classes.TCollection.Changed
 0001:000158E0       Classes.TCollection.Clear
 0001:0001577C       Classes.TCollection.Create
 0001:00015C4C       Classes.TCollection.Deleting
 0001:000157C8       Classes.TCollection.Destroy
 0001:00015948       Classes.TCollection.EndUpdate
 0001:00015958       Classes.TCollection.GetAttr
 0001:00015954       Classes.TCollection.GetAttrCount
 0001:00015984       Classes.TCollection.GetCount
 0001:0001598C       Classes.TCollection.GetItem
 0001:00015964       Classes.TCollection.GetItemAttr
 0001:000159A0       Classes.TCollection.GetNamePath
 0001:00015A68       Classes.TCollection.GetPropName
 0001:00015B84       Classes.TCollection.InsertItem
 0001:00015C50       Classes.TCollection.Notify
 0001:00015BEC       Classes.TCollection.RemoveItem
 0001:00015C40       Classes.TCollection.SetItemName
 0001:00015C44       Classes.TCollection.Update
 0001:00015600       Classes.TCollectionItem.Changed
 0001:00015598       Classes.TCollectionItem.Create
 0001:000155D0       Classes.TCollectionItem.Destroy
 0001:0001563C       Classes.TCollectionItem.GetDisplayName
 0001:00015624       Classes.TCollectionItem.GetIndex
 0001:00015664       Classes.TCollectionItem.GetNamePath
 0001:00015718       Classes.TCollectionItem.GetOwner
 0001:0001571C       Classes.TCollectionItem.SetCollection
 0001:00015744       Classes.TCollectionItem.SetDisplayName
 0001:0001574C       Classes.TCollectionItem.SetIndex
 0001:0001BEE8       Classes.TComponent.BeforeDestruction
 0001:0001C420       Classes.TComponent.ChangeName
 0001:0001BE20       Classes.TComponent.Create
 0001:0001C1B0       Classes.TComponent.DefineProperties
 0001:0001BE6C       Classes.TComponent.Destroy
 0001:0001C078       Classes.TComponent.DestroyComponents
 0001:0001C0D4       Classes.TComponent.Destroying
 0001:0001C55C       Classes.TComponent.ExecuteAction
 0001:0001C340       Classes.TComponent.FindComponent
 0001:0001BEF4       Classes.TComponent.FreeNotification
 0001:0001C244       Classes.TComponent.GetChildOwner
 0001:0001C248       Classes.TComponent.GetChildParent
 0001:0001C23C       Classes.TComponent.GetChildren
 0001:0001C434       Classes.TComponent.GetComponent
 0001:0001C460       Classes.TComponent.GetComponentCount
 0001:0001C24C       Classes.TComponent.GetNamePath
 0001:0001C260       Classes.TComponent.GetOwner
 0001:0001C268       Classes.TComponent.GetParentComponent
 0001:0001C238       Classes.TComponent.HasParent
 0001:0001BF88       Classes.TComponent.Insert
 0001:0001BFDC       Classes.TComponent.InsertComponent
 0001:0001C660       Classes.TComponent.IntfGetComponent
 0001:0001C288       Classes.TComponent.Loaded
 0001:0001C150       Classes.TComponent.Notification
 0001:0001C294       Classes.TComponent.PaletteCreated
 0001:0001C5E0       Classes.TComponent.QueryInterface
 0001:0001BF48       Classes.TComponent.ReadLeft
 0001:0001C298       Classes.TComponent.ReadState
 0001:0001BF5C       Classes.TComponent.ReadTop
 0001:0001BFB4       Classes.TComponent.Remove
 0001:0001C040       Classes.TComponent.RemoveComponent
 0001:0001C134       Classes.TComponent.RemoveFreeNotification
 0001:0001C110       Classes.TComponent.RemoveNotification
 0001:0001C5C0       Classes.TComponent.SafeCallException
 0001:0001C264       Classes.TComponent.SetChildOrder
 0001:0001C470       Classes.TComponent.SetComponentIndex
 0001:0001C4C4       Classes.TComponent.SetDesigning
 0001:0001C390       Classes.TComponent.SetName
 0001:0001C26C       Classes.TComponent.SetParentComponent
 0001:0001C514       Classes.TComponent.SetReference
 0001:0001C5AC       Classes.TComponent.SetSubComponent
 0001:0001C584       Classes.TComponent.UpdateAction
 0001:0001C27C       Classes.TComponent.Updated
 0001:0001C5D8       Classes.TComponent.UpdateRegistry
 0001:0001C270       Classes.TComponent.Updating
 0001:0001C328       Classes.TComponent.ValidateContainer
 0001:0001C33C       Classes.TComponent.ValidateInsert
 0001:0001C2A8       Classes.TComponent.ValidateRename
 0001:0001BF70       Classes.TComponent.WriteLeft
 0001:0001C2A0       Classes.TComponent.WriteState
 0001:0001BF7C       Classes.TComponent.WriteTop
 0001:0001C620       Classes.TComponent._AddRef
 0001:0001C640       Classes.TComponent._Release
 0001:00017D30       Classes.TCustomMemoryStream.Read
 0001:00017D68       Classes.TCustomMemoryStream.Seek
 0001:00017D28       Classes.TCustomMemoryStream.SetPointer
 0001:00018210       Classes.TFiler.Create
 0001:00018258       Classes.TFiler.Destroy
 0001:00018280       Classes.TFiler.SetRoot
 0001:00017B80       Classes.TFileStream.Create
 0001:00017B3C       Classes.TFileStream.Create
 0001:00017CF4       Classes.TFileStream.Destroy
 0001:00017A78       Classes.THandleStream.Create
 0001:00017AB4       Classes.THandleStream.Read
 0001:00017AD4       Classes.THandleStream.Seek
 0001:00017B14       Classes.THandleStream.SetSize
 0001:00017B00       Classes.THandleStream.SetSize
 0001:00017AC4       Classes.THandleStream.Write
 0004:000049E4       Classes.ThreadCount
 0004:000049CC       Classes.ThreadLock
 0001:0001B814       Classes.ThreadProc
 0001:000145C8       Classes.TIntConst.Create
 0001:000153DC       Classes.TInterfacedPersistent.AfterConstruction
 0001:0001546C       Classes.TInterfacedPersistent.QueryInterface
 0001:0001542C       Classes.TInterfacedPersistent._AddRef
 0001:0001544C       Classes.TInterfacedPersistent._Release
 0001:00014AE0       Classes.TList.Add
 0001:00014B14       Classes.TList.Clear
 0001:00014B2C       Classes.TList.Delete
 0001:00014AC0       Classes.TList.Destroy
 0001:00014BC4       Classes.TList.Error
 0001:00014B8C       Classes.TList.Error
 0001:00014C18       Classes.TList.Expand
 0001:00014C30       Classes.TList.First
 0001:00014C38       Classes.TList.Get
 0001:00014C60       Classes.TList.Grow
 0001:00014C94       Classes.TList.IndexOf
 0001:00014CB4       Classes.TList.Insert
 0001:00014D20       Classes.TList.Last
 0001:00014D2C       Classes.TList.Move
 0001:00014EA4       Classes.TList.Notify
 0001:00014D84       Classes.TList.Put
 0001:00014DD4       Classes.TList.Remove
 0001:00014DF4       Classes.TList.SetCapacity
 0001:00014E30       Classes.TList.SetCount
 0001:00017DB8       Classes.TMemoryStream.Clear
 0001:00017D8C       Classes.TMemoryStream.Destroy
 0001:00017DD0       Classes.TMemoryStream.LoadFromStream
 0001:00017E5C       Classes.TMemoryStream.Realloc
 0001:00017E08       Classes.TMemoryStream.SetCapacity
 0001:00017E30       Classes.TMemoryStream.SetSize
 0001:00017EDC       Classes.TMemoryStream.Write
 0001:00015C74       Classes.TOwnedCollection.Create
 0001:00015CB8       Classes.TOwnedCollection.GetOwner
 0001:00015238       Classes.TPersistent.Assign
 0001:0001524C       Classes.TPersistent.AssignError
 0001:0001531C       Classes.TPersistent.AssignTo
 0001:00015324       Classes.TPersistent.DefineProperties
 0001:0001520C       Classes.TPersistent.Destroy
 0001:00015328       Classes.TPersistent.GetNamePath
 0001:000153D8       Classes.TPersistent.GetOwner
 0001:0001835C       Classes.TPropFixup.Create
 0001:000183B4       Classes.TPropFixup.MakeGlobalReference
 0001:000183FC       Classes.TPropFixup.ResolveReference
 0001:0001840C       Classes.TPropIntfFixup.ResolveReference
 0001:0001897C       Classes.TReader.CheckValue
 0001:000189DC       Classes.TReader.DefineBinaryProperty
 0001:000189A0       Classes.TReader.DefineProperty
 0001:00018940       Classes.TReader.Destroy
 0001:00018C68       Classes.TReader.DoFixupReferences
 0001:00018AC4       Classes.TReader.EndOfList
 0001:00018AD8       Classes.TReader.Error
 0001:0001ADF8       Classes.TReader.FindAncestorComponent
 0001:0001AEF0       Classes.TReader.FindComponentClass
 0001:00018B84       Classes.TReader.FindMethod
 0001:00018AFC       Classes.TReader.FindMethodInstance
 0001:00018DAC       Classes.TReader.FlushBuffer
 0001:00018DD0       Classes.TReader.FreeFixups
 0001:00018E0C       Classes.TReader.GetFieldClass
 0001:00018EA4       Classes.TReader.GetPosition
 0001:00018EBC       Classes.TReader.NextValue
 0001:00018ECC       Classes.TReader.PropertyError
 0001:00018EE0       Classes.TReader.Read
 0001:00018F68       Classes.TReader.ReadBoolean
 0001:00018F2C       Classes.TReader.ReadBuffer
 0001:00018F7C       Classes.TReader.ReadChar
 0001:00019038       Classes.TReader.ReadCollection
 0001:000194F8       Classes.TReader.ReadComponent
 0001:00019938       Classes.TReader.ReadCurrency
 0001:00019738       Classes.TReader.ReadData
 0001:000197A8       Classes.TReader.ReadDataInner
 0001:00019988       Classes.TReader.ReadDate
 0001:000198B0       Classes.TReader.ReadDouble
 0001:00019878       Classes.TReader.ReadFloat
 0001:000199CC       Classes.TReader.ReadIdent
 0001:00019B34       Classes.TReader.ReadInt64
 0001:00019AC8       Classes.TReader.ReadInteger
 0001:00019B78       Classes.TReader.ReadListBegin
 0001:00019B80       Classes.TReader.ReadListEnd
 0001:00019B88       Classes.TReader.ReadPrefix
 0001:00019CE4       Classes.TReader.ReadProperty
 0001:0001A0E0       Classes.TReader.ReadPropValue
 0001:0001A458       Classes.TReader.ReadRootComponent
 0001:0001A78C       Classes.TReader.ReadSet
 0001:0001A848       Classes.TReader.ReadSignature
 0001:000198F4       Classes.TReader.ReadSingle
 0001:0001A86C       Classes.TReader.ReadStr
 0001:0001A8A8       Classes.TReader.ReadString
 0001:0001AA48       Classes.TReader.ReadValue
 0001:0001B174       Classes.TReader.ReadVariant
 0001:00018FDC       Classes.TReader.ReadWideChar
 0001:0001A964       Classes.TReader.ReadWideString
 0001:0001AEB0       Classes.TReader.ReferenceName
 0001:0001AEC8       Classes.TReader.SetName
 0001:0001AF64       Classes.TReader.SkipBytes
 0001:0001AD50       Classes.TReader.SkipComponent
 0001:0001AD08       Classes.TReader.SkipProperty
 0001:0001AA5C       Classes.TReader.SkipSetBody
 0001:0001AB58       Classes.TReader.SkipValue
 0001:000138FC       Classes.TRegGroup.AddClass
 0001:00013908       Classes.TRegGroup.BestClass
 0001:00013968       Classes.TRegGroup.BestGroup
 0001:000139D8       Classes.TRegGroup.Create
 0001:00013A34       Classes.TRegGroup.Destroy
 0001:00013A74       Classes.TRegGroup.GetClass
 0001:00013ADC       Classes.TRegGroup.InGroup
 0001:00013B20       Classes.TRegGroup.RegisterClass
 0001:00013BE0       Classes.TRegGroup.Registered
 0001:00013C24       Classes.TRegGroup.UnregisterModuleClasses
 0001:00013CD0       Classes.TRegGroups.Activate
 0001:00013D1C       Classes.TRegGroups.Create
 0001:00013D90       Classes.TRegGroups.Destroy
 0001:00013DF0       Classes.TRegGroups.FindGroup
 0001:00013E34       Classes.TRegGroups.GetClass
 0001:00013F08       Classes.TRegGroups.GroupWith
 0001:00013FD4       Classes.TRegGroups.Lock
 0001:00013FE0       Classes.TRegGroups.RegisterClass
 0001:00013FF8       Classes.TRegGroups.Registered
 0001:0001403C       Classes.TRegGroups.StartGroup
 0001:0001408C       Classes.TRegGroups.Unlock
 0001:00014098       Classes.TRegGroups.UnregisterModuleClasses
 0001:00018064       Classes.TResourceStream.Create
 0001:000181C8       Classes.TResourceStream.Destroy
 0001:0001815C       Classes.TResourceStream.Initialize
 0001:000181F8       Classes.TResourceStream.Write
 0001:00017924       Classes.TStream.CopyFrom
 0001:00017688       Classes.TStream.GetPosition
 0001:000176BC       Classes.TStream.GetSize
 0001:000178B4       Classes.TStream.ReadBuffer
 0001:00017A18       Classes.TStream.ReadComponent
 0001:000177C0       Classes.TStream.Seek
 0001:00017844       Classes.TStream.Seek
 0001:000176A8       Classes.TStream.SetPosition
 0001:00017720       Classes.TStream.SetSize
 0001:00017708       Classes.TStream.SetSize
 0001:0001770C       Classes.TStream.SetSize64
 0001:000178EC       Classes.TStream.WriteBuffer
 0001:0001CE40       Classes.TStreamAdapter.Clone
 0001:0001CD94       Classes.TStreamAdapter.Commit
 0001:0001CB8C       Classes.TStreamAdapter.CopyTo
 0001:0001C950       Classes.TStreamAdapter.Create
 0001:0001C99C       Classes.TStreamAdapter.Destroy
 0001:0001CDAC       Classes.TStreamAdapter.LockRegion
 0001:0001C9D4       Classes.TStreamAdapter.Read
 0001:0001CDA0       Classes.TStreamAdapter.Revert
 0001:0001CAA4       Classes.TStreamAdapter.Seek
 0001:0001CB28       Classes.TStreamAdapter.SetSize
 0001:0001CDC4       Classes.TStreamAdapter.Stat
 0001:0001CDB8       Classes.TStreamAdapter.UnlockRegion
 0001:0001CA3C       Classes.TStreamAdapter.Write
 0001:00016FF0       Classes.TStringList.Add
 0001:00017000       Classes.TStringList.AddObject
 0001:00017064       Classes.TStringList.Changed
 0001:00017080       Classes.TStringList.Changing
 0001:0001709C       Classes.TStringList.Clear
 0001:000175EC       Classes.TStringList.CompareStrings
 0001:000175B4       Classes.TStringList.CustomSort
 0001:000170DC       Classes.TStringList.Delete
 0001:00016F94       Classes.TStringList.Destroy
 0001:00017148       Classes.TStringList.Exchange
 0001:000171A4       Classes.TStringList.ExchangeItems
 0001:000171C8       Classes.TStringList.Find
 0001:0001724C       Classes.TStringList.Get
 0001:00017280       Classes.TStringList.GetCapacity
 0001:00017284       Classes.TStringList.GetCount
 0001:00017288       Classes.TStringList.GetObject
 0001:000172B0       Classes.TStringList.Grow
 0001:000172E4       Classes.TStringList.IndexOf
 0001:00017320       Classes.TStringList.Insert
 0001:00017384       Classes.TStringList.InsertItem
 0001:00017330       Classes.TStringList.InsertObject
 0001:00017400       Classes.TStringList.Put
 0001:0001745C       Classes.TStringList.PutObject
 0001:0001749C       Classes.TStringList.QuickSort
 0001:00017530       Classes.TStringList.SetCapacity
 0001:00017670       Classes.TStringList.SetCaseSensitive
 0001:0001754C       Classes.TStringList.SetSorted
 0001:0001756C       Classes.TStringList.SetUpdateState
 0001:000175A4       Classes.TStringList.Sort
 0001:00015CEC       Classes.TStrings.Add
 0001:00015D10       Classes.TStrings.AddObject
 0001:00015D34       Classes.TStrings.AddStrings
 0001:00015DEC       Classes.TStrings.Assign
 0001:00015EA4       Classes.TStrings.BeginUpdate
 0001:00016F1C       Classes.TStrings.CompareStrings
 0001:00015F14       Classes.TStrings.DefineProperties
 0001:00015CBC       Classes.TStrings.Destroy
 0001:00015F60       Classes.TStrings.EndUpdate
 0001:00015F74       Classes.TStrings.Equals
 0001:00016020       Classes.TStrings.Error
 0001:00016058       Classes.TStrings.Error
 0001:000160B0       Classes.TStrings.Exchange
 0001:0001619C       Classes.TStrings.ExtractName
 0001:00016218       Classes.TStrings.GetCapacity
 0001:00016E20       Classes.TStrings.GetDelimiter
 0001:00016E38       Classes.TStrings.GetLineBreak
 0001:00016220       Classes.TStrings.GetName
 0001:00016F60       Classes.TStrings.GetNameValueSeparator
 0001:00016280       Classes.TStrings.GetObject
 0001:00016E6C       Classes.TStrings.GetQuoteChar
 0001:00016E84       Classes.TStrings.GetStrictDelimiter
 0001:00016284       Classes.TStrings.GetText
 0001:000162D8       Classes.TStrings.GetTextStr
 0001:00016410       Classes.TStrings.GetValue
 0001:0001649C       Classes.TStrings.IndexOf
 0001:00016528       Classes.TStrings.IndexOfName
 0001:000165FC       Classes.TStrings.IndexOfObject
 0001:00016630       Classes.TStrings.InsertObject
 0001:00016660       Classes.TStrings.LoadFromFile
 0001:000166B4       Classes.TStrings.LoadFromStream
 0001:00016760       Classes.TStrings.Move
 0001:00016810       Classes.TStrings.Put
 0001:00016840       Classes.TStrings.PutObject
 0001:00016844       Classes.TStrings.ReadData
 0001:000168F4       Classes.TStrings.SaveToFile
 0001:0001694C       Classes.TStrings.SaveToStream
 0001:000169AC       Classes.TStrings.SetCapacity
 0001:000169B0       Classes.TStrings.SetCommaText
 0001:00016C84       Classes.TStrings.SetDelimitedText
 0001:00016E9C       Classes.TStrings.SetDelimiter
 0001:00016EB8       Classes.TStrings.SetLineBreak
 0001:00016F78       Classes.TStrings.SetNameValueSeparator
 0001:00016EE4       Classes.TStrings.SetQuoteChar
 0001:00016F00       Classes.TStrings.SetStrictDelimiter
 0001:000169D4       Classes.TStrings.SetStringsAdapter
 0001:00016A08       Classes.TStrings.SetText
 0001:00016A58       Classes.TStrings.SetTextStr
 0001:00016BFC       Classes.TStrings.SetUpdateState
 0001:00016C00       Classes.TStrings.WriteData
 0001:00017F2C       Classes.TStringStream.Create
 0001:00017F70       Classes.TStringStream.Read
 0001:00017FE8       Classes.TStringStream.Seek
 0001:00018048       Classes.TStringStream.SetSize
 0001:00017FB0       Classes.TStringStream.Write
 0001:0001BA00       Classes.TThread.AfterConstruction
 0001:0001BAA0       Classes.TThread.CallOnTerminate
 0001:0001BA0C       Classes.TThread.CheckThreadError
 0001:0001BA88       Classes.TThread.CheckThreadError
 0001:0001B8BC       Classes.TThread.Create
 0001:0001B98C       Classes.TThread.Destroy
 0001:0001BAB4       Classes.TThread.DoTerminate
 0001:0001BAC8       Classes.TThread.RemoveQueuedEvents
 0001:0001BD4C       Classes.TThread.Resume
 0001:0001BB88       Classes.TThread.Synchronize
 0001:0001BD24       Classes.TThread.Synchronize
 0001:0001BD74       Classes.TThread.Terminate
 0001:0001BD7C       Classes.TThread.WaitFor
 0001:00014F78       Classes.TThreadList.Add
 0001:00014EA8       Classes.TThreadList.Create
 0001:00014EFC       Classes.TThreadList.Destroy
 0001:00015000       Classes.TThreadList.LockList
 0001:00015014       Classes.TThreadList.Remove
 0001:00015064       Classes.TThreadList.UnlockList
 0001:0001B394       Classes.TWriter.Write
 0001:0001B3F8       Classes.TWriter.WriteBoolean
 0001:0001B3E0       Classes.TWriter.WriteBuffer
 0001:0001B40C       Classes.TWriter.WriteInteger
 0001:0001B480       Classes.TWriter.WriteListBegin
 0001:0001B488       Classes.TWriter.WriteListEnd
 0001:0001B490       Classes.TWriter.WriteMinStr
 0001:0001B53C       Classes.TWriter.WriteString
 0001:0001B590       Classes.TWriter.WriteValue
 0001:0001476C       Classes.UnregisterFindGlobalComponentProc
 0001:00014428       Classes.UnRegisterModuleClasses
 0003:00000AE0       Classes.UtilWindowClass
 0001:0001B5FC       Classes.WaitForSyncEvent
 0003:00000AC4       Classes.WakeMainThread
 0004:00004BE4       Clipbrd..2
 0004:00004BE2       Clipbrd.CF_COMPONENT
 0004:00004BE0       Clipbrd.CF_PICTURE
 0002:000004F8       Clipbrd.Clipbrd
 0004:00004BE8       Clipbrd.FClipboard
 0001:00032C18       Clipbrd.Finalization
 0004:00004A2C       CommCtrl.ComCtl32DLL
 0001:0001ED28       CommCtrl.ImageList_Add
 0001:0001ED58       CommCtrl.ImageList_BeginDrag
 0001:0001ED08       CommCtrl.ImageList_Create
 0001:0001ED10       CommCtrl.ImageList_Destroy
 0001:0001ED68       CommCtrl.ImageList_DragEnter
 0001:0001ED70       CommCtrl.ImageList_DragLeave
 0001:0001ED78       CommCtrl.ImageList_DragMove
 0001:0001ED80       CommCtrl.ImageList_DragShowNolock
 0001:0001ED40       CommCtrl.ImageList_Draw
 0001:0001ED48       CommCtrl.ImageList_DrawEx
 0001:0001ED60       CommCtrl.ImageList_EndDrag
 0001:0001ED38       CommCtrl.ImageList_GetBkColor
 0001:0001ED98       CommCtrl.ImageList_GetIconSize
 0001:0001ED18       CommCtrl.ImageList_GetImageCount
 0001:0001ED88       CommCtrl.ImageList_Read
 0001:0001ED50       CommCtrl.ImageList_Remove
 0001:0001ED30       CommCtrl.ImageList_SetBkColor
 0001:0001EDA0       CommCtrl.ImageList_SetIconSize
 0001:0001ED20       CommCtrl.ImageList_SetImageCount
 0001:0001ED90       CommCtrl.ImageList_Write
 0001:0001ECA8       CommCtrl.InitComCtl
 0001:0001EDB0       CommCtrl.TaskDialogIndirect
 0004:00004A30       CommCtrl._InitCommonControlsEx
 0004:00004A34       CommCtrl._TaskDialogIndirect
 0001:0001EDA8       CommCtrl._TrackMouseEvent
 0001:0001D13C       Contnrs..TOrderedList
 0001:0001D1A4       Contnrs..TStack
 0001:0001D21C       Contnrs.TOrderedList.Create
 0001:0001D260       Contnrs.TOrderedList.Destroy
 0001:0001D290       Contnrs.TOrderedList.PeekItem
 0001:0001D204       Contnrs.TOrderedList.Pop
 0001:0001D2A4       Contnrs.TOrderedList.PopItem
 0001:0001D20C       Contnrs.TOrderedList.Push
 0001:0001D2C4       Contnrs.TStack.PushItem
 0004:00004C40       Controls..33
 0001:0003ACAC       Controls..TBaseDragControlObject
 0001:0003C038       Controls..TControl
 0001:0003B17C       Controls..TControlActionLink
 0001:0003AFF4       Controls..TControlCanvas
 0001:0003CDE4       Controls..TCustomControl
 0001:0003B094       Controls..TCustomControlAction
 0001:0003D22C       Controls..TDockTree
 0001:0003D0E0       Controls..TDockZone
 0001:0003AD70       Controls..TDragControlObject
 0001:0003ADFC       Controls..TDragControlObjectEx
 0001:0003AE8C       Controls..TDragDockObject
 0001:0003AF54       Controls..TDragDockObjectEx
 0001:0003AC08       Controls..TDragObject
 0001:0003CCC0       Controls..TGraphicControl
 0001:0003CF50       Controls..THintWindow
 0001:0003B5CC       Controls..TMargins
 0001:0003D2D0       Controls..TMouse
 0001:0003B6E4       Controls..TPadding
 0001:0003D834       Controls..TSiteList
 0001:0003B480       Controls..TSizeConstraints
 0001:0003C8B0       Controls..TWinControl
 0001:0003C4A8       Controls..TWinControlActionLink
 0001:0003DEA4       Controls.AbsMin
 0004:00004C74       Controls.ActiveDrag
 0001:00044370       Controls.AlignWork
 0003:00001538       Controls.AnchorAlign
 0003:0000152C       Controls.AnimateWindowProc
 0003:00001638       Controls.AnimationStyle
 0001:00040E1C       Controls.BackgroundClipped
 0001:0004DA2C       Controls.CalcSplitterPos
 0001:0003EF48       Controls.CancelDrag
 0004:00004C88       Controls.CanvasList
 0003:000015F0       Controls.CaptureControl
 0001:0003D324       Controls.ChangeBiDiModeAlignment
 0001:0003EBB0       Controls.CheckUndock
 0001:0004A8B4       Controls.ClientToWindow
 0004:00004C46       Controls.ControlAtom
 0004:00004C4C       Controls.ControlAtomString
 0002:000005E8       Controls.Controls
 0003:00001530       Controls.CreationControl
 0003:000015F4       Controls.csPerformingShowingChanged
 0003:00001630       Controls.Ctl3DStyles
 0003:00001540       Controls.Cursors
 0001:0003D6CC       Controls.CursorToIdent
 0003:00001534       Controls.DefaultDockTreeClass
 0001:000452FC       Controls.DestroyChildWindow
 0001:000441E4       Controls.DoAlign
 0001:00049160       Controls.DoCalcConstraints
 0004:00004C7C       Controls.DockSiteList
 0001:000461D0       Controls.DoControlMsg
 0001:0003E4B8       Controls.DoDragOver
 0001:0004B534       Controls.DoFindControlZone
 0001:0004BC5C       Controls.DoFindZone
 0001:0004B5B8       Controls.DoForEach
 0001:0004D200       Controls.DoGetNextLimit
 0001:0004E238       Controls.DoneControls
 0001:0004419C       Controls.DoPosition
 0001:0004C710       Controls.DoPrune
 0001:0004CC24       Controls.DoSaveZone
 0001:0004CEE8       Controls.DoSetNewBounds
 0001:00044FA8       Controls.DoWriteDesignSize
 0001:0004219C       Controls.DoWriteExplicit
 0001:00042168       Controls.DoWriteIsControl
 0004:00004C60       Controls.DragCapture
 0004:00004C54       Controls.DragControl
 0001:0003EC24       Controls.DragDone
 0001:0003E468       Controls.DragFindTarget
 0001:0003E43C       Controls.DragFindWindow
 0004:00004C78       Controls.DragImageList
 0001:0003E87C       Controls.DragInit
 0001:0003E9EC       Controls.DragInitControl
 0004:00004C5C       Controls.DragInternalObject
 0001:0003E384       Controls.DragMessage
 0004:00004C58       Controls.DragObject
 0004:00004C84       Controls.DragSave
 0004:00004C6C       Controls.DragSaveCursor
 0004:00004C64       Controls.DragStartPos
 0004:00004C70       Controls.DragThreshold
 0001:0003E594       Controls.DragTo
 0001:0004C194       Controls.DrawCloseButton
 0001:0004C228       Controls.DrawGrabberLine
 0001:0004C2B0       Controls.DrawThemedGrabber
 0001:0004667C       Controls.DrawThemeEdge
 0003:00001620       Controls.EdgeStyles
 0001:0004E858       Controls.Finalization
 0001:0003D47C       Controls.FindControl
 0001:0003EF94       Controls.FindDragTarget
 0001:0003EF60       Controls.FindVCLWindow
 0001:0003F058       Controls.FreeDeviceContext
 0001:0003F114       Controls.FreeDeviceContexts
 0001:0003D7C8       Controls.GetCaptureControl
 0001:0004400C       Controls.GetClientSize
 0001:00045818       Controls.GetControlAtPos
 0001:0004D2E0       Controls.GetDockAlign
 0001:0003E1D4       Controls.GetDockSiteAtPos
 0001:0003E4F4       Controls.GetDropCtl
 0001:0004B264       Controls.GetLastChildZone
 0001:0003D730       Controls.GetLongHint
 0001:0003D6EC       Controls.GetShortHint
 0001:0003D8D4       Controls.GetTopParent
 0001:0004D35C       Controls.HideZone
 0001:0003D6DC       Controls.IdentToCursor
 0003:00001660       Controls.IMM32DLL
 0001:0004E224       Controls.Imm32IsIME
 0001:0004E2C0       Controls.InitControls
 0001:0004DEC8       Controls.InitIMM32
 0001:0003D338       Controls.InitWndProc
 0003:00001600       Controls.InnerStyles
 0001:0004406C       Controls.InsertBefore
 0001:0003DF88       Controls.IsBeforeTargetWindow
 0001:0003E3DC       Controls.IsDelphiHandle
 0001:0004AC98       Controls.IsOrientationSet
 0001:0003E190       Controls.IsSiteChildOfClient
 0001:0003D4D8       Controls.IsVCLControl
 0004:00004C34       Controls.IsVCLControlHook
 0001:0003EFE0       Controls.ListAdd
 0001:0003F008       Controls.ListRemove
 0003:0000164C       Controls.MakeLast
 0001:000432A4       Controls.MinVar
 0003:00001664       Controls.ModeMap
 0004:00004C30       Controls.Mouse
 0001:0003F028       Controls.MoveWindowOrg
 0004:00004C3C       Controls.NewStyleControls
 0001:0004AC7C       Controls.NextVisibleZone
 0001:0003D448       Controls.ObjectFromHWnd
 0003:00001644       Controls.OrientArray
 0003:00001610       Controls.OuterStyles
 0001:0004B08C       Controls.ParentNotLast
 0001:0003D774       Controls.PerformEraseBackground
 0001:00044F94       Controls.PointsEqual
 0004:00004C80       Controls.QualifyingSites
 0001:0004BDF8       Controls.ReadControlName
 0001:0003E328       Controls.RegisterDockSite
 0004:00004C50       Controls.RM_GetObjectInstance
 0001:0003D508       Controls.SendAppMessage
 0001:0003D7F0       Controls.SetCaptureControl
 0001:0004E14C       Controls.SetImeMode
 0001:00042C24       Controls.SetParentColor
 0003:000015F8       Controls.ShowFlags
 0001:0004D3DC       Controls.ShowZone
 0003:00001658       Controls.SizeCursors
 0001:0003DCA4       Controls.TBaseDragControlObject.Assign
 0001:0003DC80       Controls.TBaseDragControlObject.Create
 0001:0003DCD0       Controls.TBaseDragControlObject.EndDrag
 0001:0003DCF4       Controls.TBaseDragControlObject.Finished
 0001:00042FD4       Controls.TControl.ActionChange
 0001:000433C4       Controls.TControl.AdjustSize
 0001:000431F8       Controls.TControl.AssignTo
 0001:0004117C       Controls.TControl.BeginAutoDrag
 0001:00041198       Controls.TControl.BeginDrag
 0001:00040CB4       Controls.TControl.BringToFront
 0001:00041BE0       Controls.TControl.CalcCursorPos
 0001:00041D48       Controls.TControl.CalcDockSizes
 0001:00041AE0       Controls.TControl.CanAutoSize
 0001:00041AE4       Controls.TControl.CanResize
 0001:00040624       Controls.TControl.Changed
 0001:00040634       Controls.TControl.ChangeScale
 0001:00042758       Controls.TControl.CheckNewSize
 0001:0004254C       Controls.TControl.Click
 0001:00043604       Controls.TControl.ClientToParent
 0001:000404AC       Controls.TControl.ClientToScreen
 0001:00042D2C       Controls.TControl.CMBiDiModeChanged
 0001:00042C14       Controls.TControl.CMColorChanged
 0001:00042E5C       Controls.TControl.CMDesignHitTest
 0001:00042BF4       Controls.TControl.CMEnabledChanged
 0001:00042F74       Controls.TControl.CMFloat
 0001:00042C04       Controls.TControl.CMFontChanged
 0001:00043450       Controls.TControl.CMHintShow
 0001:00042DDC       Controls.TControl.CMHitTest
 0001:00043714       Controls.TControl.CMMouseActivate
 0001:00042DE4       Controls.TControl.CMMouseEnter
 0001:00042E20       Controls.TControl.CMMouseLeave
 0001:00042CBC       Controls.TControl.CMMouseWheel
 0001:00042C98       Controls.TControl.CMParentBiDiModeChanged
 0001:00042C5C       Controls.TControl.CMParentColorChanged
 0001:00042D88       Controls.TControl.CMParentFontChanged
 0001:00042D4C       Controls.TControl.CMParentShowHintChanged
 0001:00042DB8       Controls.TControl.CMSysFontChanged
 0001:00042BCC       Controls.TControl.CMVisibleChanged
 0001:00041BB0       Controls.TControl.ConstrainedResize
 0001:0003F884       Controls.TControl.Create
 0001:00042E64       Controls.TControl.CreateFloatingDockSite
 0001:000425B8       Controls.TControl.DblClick
 0001:00041620       Controls.TControl.DefaultDockImage
 0001:000420C0       Controls.TControl.DefaultHandler
 0001:000423BC       Controls.TControl.DefineProperties
 0001:00041C0C       Controls.TControl.DesignWndProc
 0001:0003F97C       Controls.TControl.Destroy
 0001:000430D4       Controls.TControl.DoActionChange
 0001:00041B14       Controls.TControl.DoCanAutoSize
 0001:00041B80       Controls.TControl.DoCanResize
 0001:0004017C       Controls.TControl.Dock
 0001:0004141C       Controls.TControl.DockTrackNoTarget
 0001:00041C40       Controls.TControl.DoConstrainedResize
 0001:00041AD0       Controls.TControl.DoConstraintsChange
 0001:000435C4       Controls.TControl.DoContextPopup
 0001:000402AC       Controls.TControl.DoDock
 0001:0004176C       Controls.TControl.DoDragMsg
 0001:00041434       Controls.TControl.DoEndDock
 0001:0004131C       Controls.TControl.DoEndDrag
 0001:00043738       Controls.TControl.DoMarginChange
 0001:00041480       Controls.TControl.DoMouseActivate
 0001:00042610       Controls.TControl.DoMouseDown
 0001:00042988       Controls.TControl.DoMouseUp
 0001:000414B4       Controls.TControl.DoMouseWheel
 0001:00041588       Controls.TControl.DoMouseWheelDown
 0001:000415D4       Controls.TControl.DoMouseWheelUp
 0001:00041460       Controls.TControl.DoStartDock
 0001:000412FC       Controls.TControl.DoStartDrag
 0001:00041284       Controls.TControl.DragCanceled
 0001:000412D0       Controls.TControl.DragDrop
 0001:00041288       Controls.TControl.Dragging
 0001:00041294       Controls.TControl.DragOver
 0001:0004174C       Controls.TControl.DrawDragDockImage
 0001:000433E4       Controls.TControl.DrawTextBiDiModeFlags
 0001:00043424       Controls.TControl.DrawTextBiDiModeFlagsReadingOnly
 0001:0004175C       Controls.TControl.EraseDragDockImage
 0001:00040AD4       Controls.TControl.FontChanged
 0001:0003FB04       Controls.TControl.GetAction
 0001:000430F8       Controls.TControl.GetActionLinkClass
 0001:0004374C       Controls.TControl.GetAlignWithMargins
 0001:0004033C       Controls.TControl.GetBoundsRect
 0001:000403DC       Controls.TControl.GetClientHeight
 0001:0004041C       Controls.TControl.GetClientOrigin
 0001:00040380       Controls.TControl.GetClientRect
 0001:00040398       Controls.TControl.GetClientWidth
 0001:0004112C       Controls.TControl.GetControlsAlignment
 0001:00040D74       Controls.TControl.GetDeviceContext
 0001:000432E0       Controls.TControl.GetDockEdge
 0001:0003FA44       Controls.TControl.GetDragImages
 0001:0003FA48       Controls.TControl.GetEnabled
 0001:00043390       Controls.TControl.GetFloating
 0001:000433BC       Controls.TControl.GetFloatingDockSiteClass
 0001:00040C7C       Controls.TControl.GetMouseCapture
 0001:0003FA50       Controls.TControl.GetPalette
 0001:0003FA5C       Controls.TControl.GetParentComponent
 0001:00042750       Controls.TControl.GetPopupMenu
 0001:00040A24       Controls.TControl.GetText
 0001:000409A4       Controls.TControl.GetTextBuf
 0001:00040994       Controls.TControl.GetTextLen
 0001:000409B0       Controls.TControl.GetUndockHeight
 0001:000409C4       Controls.TControl.GetUndockWidth
 0001:0003FA54       Controls.TControl.HasParent
 0001:00043440       Controls.TControl.InitiateAction
 0001:00040F34       Controls.TControl.Invalidate
 0001:00040EA8       Controls.TControl.InvalidateControl
 0001:0003FC30       Controls.TControl.IsAnchorsStored
 0001:00040B48       Controls.TControl.IsBiDiModeStored
 0001:00043100       Controls.TControl.IsCaptionStored
 0001:00040C10       Controls.TControl.IsColorStored
 0001:00043120       Controls.TControl.IsEnabledStored
 0001:00040B28       Controls.TControl.IsFontStored
 0001:00043160       Controls.TControl.IsHelpContextStored
 0001:00043140       Controls.TControl.IsHintStored
 0001:000431A0       Controls.TControl.IsOnClickStored
 0001:00040B3C       Controls.TControl.IsShowHintStored
 0001:00043180       Controls.TControl.IsVisibleStored
 0001:000431C0       Controls.TControl.Loaded
 0001:0004185C       Controls.TControl.ManualDock
 0001:00041A3C       Controls.TControl.ManualFloat
 0001:00040F48       Controls.TControl.MouseActivate
 0001:000425D8       Controls.TControl.MouseDown
 0001:000428A4       Controls.TControl.MouseMove
 0001:00042950       Controls.TControl.MouseUp
 0001:00040F90       Controls.TControl.MouseWheelHandler
 0001:0003FD48       Controls.TControl.Notification
 0001:0003FA88       Controls.TControl.PaletteChanged
 0001:00041D14       Controls.TControl.Perform
 0001:00041348       Controls.TControl.PositionDockRect
 0001:00043828       Controls.TControl.ReadExplicitHeight
 0001:00043840       Controls.TControl.ReadExplicitLeft
 0001:00043810       Controls.TControl.ReadExplicitTop
 0001:000437E8       Controls.TControl.ReadExplicitWidth
 0001:00042148       Controls.TControl.ReadIsControl
 0001:0003FCB4       Controls.TControl.ReadState
 0001:00041024       Controls.TControl.Refresh
 0001:00041030       Controls.TControl.Repaint
 0001:0003FC84       Controls.TControl.RequestAlign
 0001:0003FC94       Controls.TControl.Resize
 0001:000404D8       Controls.TControl.ScaleConstraints
 0001:0004055C       Controls.TControl.ScreenToClient
 0001:00040588       Controls.TControl.SendCancelMode
 0001:000405B8       Controls.TControl.SendDockNotification
 0001:0003FBB4       Controls.TControl.SetAction
 0001:0003FDA0       Controls.TControl.SetAlign
 0001:00043754       Controls.TControl.SetAlignWithMargins
 0001:0003FB14       Controls.TControl.SetAnchors
 0001:000407F0       Controls.TControl.SetAutoSize
 0001:00040AB8       Controls.TControl.SetBiDiMode
 0001:0003FE88       Controls.TControl.SetBounds
 0001:0004035C       Controls.TControl.SetBoundsRect
 0001:000403F4       Controls.TControl.SetClientHeight
 0001:000408B0       Controls.TControl.SetClientSize
 0001:000403B0       Controls.TControl.SetClientWidth
 0001:00040BC4       Controls.TControl.SetColor
 0001:000435F8       Controls.TControl.SetConstraints
 0001:00040C60       Controls.TControl.SetCursor
 0001:0003FC48       Controls.TControl.SetDesignVisible
 0001:0003FC80       Controls.TControl.SetDragMode
 0001:0004097C       Controls.TControl.SetEnabled
 0001:00040B18       Controls.TControl.SetFont
 0001:00040148       Controls.TControl.SetHeight
 0001:00040304       Controls.TControl.SetHelpContext
 0001:00040318       Controls.TControl.SetHelpKeyword
 0001:000400AC       Controls.TControl.SetLeft
 0001:00043740       Controls.TControl.SetMargins
 0001:00040C8C       Controls.TControl.SetMouseCapture
 0001:0004080C       Controls.TControl.SetName
 0001:000408F8       Controls.TControl.SetParent
 0001:00040C3C       Controls.TControl.SetParentBiDiMode
 0001:00040C18       Controls.TControl.SetParentColor
 0001:0003FA60       Controls.TControl.SetParentComponent
 0001:00040B50       Controls.TControl.SetParentFont
 0001:00040B98       Controls.TControl.SetParentShowHint
 0001:000409D8       Controls.TControl.SetPopupMenu
 0001:00040B74       Controls.TControl.SetShowHint
 0001:00040A54       Controls.TControl.SetText
 0001:00040A00       Controls.TControl.SetTextBuf
 0001:000400E0       Controls.TControl.SetTop
 0001:00040944       Controls.TControl.SetVisible
 0001:00040114       Controls.TControl.SetWidth
 0001:00040D50       Controls.TControl.SetZOrder
 0001:00040CC8       Controls.TControl.SetZOrderPosition
 0001:00041010       Controls.TControl.Update
 0001:0003FF28       Controls.TControl.UpdateAnchorRules
 0001:00041DBC       Controls.TControl.UpdateBoundsRect
 0001:00043784       Controls.TControl.UpdateExplicitBounds
 0001:00041148       Controls.TControl.UseRightToLeftAlignment
 0001:00041130       Controls.TControl.UseRightToLeftReading
 0001:00041160       Controls.TControl.UseRightToLeftScrollBar
 0001:00041DEC       Controls.TControl.VisibleChanging
 0001:00042ADC       Controls.TControl.WMCancelMode
 0001:00043480       Controls.TControl.WMContextMenu
 0001:000426FC       Controls.TControl.WMLButtonDblClk
 0001:00042694       Controls.TControl.WMLButtonDown
 0001:000429C0       Controls.TControl.WMLButtonUp
 0001:00042878       Controls.TControl.WMMButtonDblClk
 0001:0004284C       Controls.TControl.WMMButtonDown
 0001:00042A64       Controls.TControl.WMMButtonUp
 0001:000428D8       Controls.TControl.WMMouseMove
 0001:00042A84       Controls.TControl.WMMouseWheel
 0001:000426E0       Controls.TControl.WMNCLButtonDown
 0001:00042820       Controls.TControl.WMRButtonDblClk
 0001:000427F4       Controls.TControl.WMRButtonDown
 0001:00042A44       Controls.TControl.WMRButtonUp
 0001:00042B1C       Controls.TControl.WMWindowPosChanged
 0001:00041DF0       Controls.TControl.WndProc
 0001:000437C8       Controls.TControl.WriteExplicitHeight
 0001:000437D8       Controls.TControl.WriteExplicitLeft
 0001:000437B8       Controls.TControl.WriteExplicitTop
 0001:00043800       Controls.TControl.WriteExplicitWidth
 0001:0004215C       Controls.TControl.WriteIsControl
 0001:0003F430       Controls.TControlActionLink.AssignClient
 0001:0003F44C       Controls.TControlActionLink.DoShowHint
 0001:0003F53C       Controls.TControlActionLink.IsCaptionLinked
 0001:0003F5B0       Controls.TControlActionLink.IsDropdownMenuLinked
 0001:0003F5C4       Controls.TControlActionLink.IsEnabledLinked
 0001:0003F5F8       Controls.TControlActionLink.IsEnableDropdownLinked
 0001:0003F798       Controls.TControlActionLink.IsHelpLinked
 0001:0003F60C       Controls.TControlActionLink.IsHintLinked
 0001:0003F6B8       Controls.TControlActionLink.IsOnExecuteLinked
 0001:0003F644       Controls.TControlActionLink.IsPopupMenuLinked
 0001:0003F684       Controls.TControlActionLink.IsVisibleLinked
 0001:0003F6E0       Controls.TControlActionLink.SetCaption
 0001:0003F700       Controls.TControlActionLink.SetDropdownMenu
 0001:0003F704       Controls.TControlActionLink.SetEnabled
 0001:0003F724       Controls.TControlActionLink.SetEnableDropdown
 0001:0003F820       Controls.TControlActionLink.SetHelpContext
 0001:0003F800       Controls.TControlActionLink.SetHelpKeyword
 0001:0003F840       Controls.TControlActionLink.SetHelpType
 0001:0003F728       Controls.TControlActionLink.SetHint
 0001:0003F76C       Controls.TControlActionLink.SetOnExecute
 0001:0003F860       Controls.TControlActionLink.SetPopupMenu
 0001:0003F74C       Controls.TControlActionLink.SetVisible
 0001:0003F1EC       Controls.TControlCanvas.CreateHandle
 0001:0003F1C0       Controls.TControlCanvas.Destroy
 0001:0003F294       Controls.TControlCanvas.FreeHandle
 0001:0003F2C8       Controls.TControlCanvas.SetControl
 0001:0003F2E0       Controls.TControlCanvas.UpdateTextFlags
 0001:0004AB20       Controls.TCustomControl.Create
 0001:0004AB7C       Controls.TCustomControl.Destroy
 0001:0004AC78       Controls.TCustomControl.Paint
 0001:0004ABCC       Controls.TCustomControl.PaintWindow
 0001:0004ABAC       Controls.TCustomControl.WMPaint
 0001:0004D834       Controls.TDockTree.ActualSize
 0001:0004B504       Controls.TDockTree.AdjustDockRect
 0001:0004D8C8       Controls.TDockTree.AdjustFrameRect
 0001:0004B51C       Controls.TDockTree.BeginUpdate
 0001:0004D514       Controls.TDockTree.ControlVisibilityChanged
 0001:0004B348       Controls.TDockTree.Create
 0001:0004B4B0       Controls.TDockTree.Destroy
 0001:0004D114       Controls.TDockTree.DrawSizeSplitter
 0001:0004B520       Controls.TDockTree.EndUpdate
 0001:0004BBD0       Controls.TDockTree.FindControlAtPos
 0001:0004B58C       Controls.TDockTree.FindControlZone
 0001:0004B5F4       Controls.TDockTree.ForEachAt
 0001:0004B60C       Controls.TDockTree.GetControlBounds
 0001:0004D290       Controls.TDockTree.GetNextLimit
 0001:0004B680       Controls.TDockTree.HitTest
 0001:0004B690       Controls.TDockTree.InsertControl
 0001:0004B8AC       Controls.TDockTree.InsertNewParent
 0001:0004BA54       Controls.TDockTree.InsertSibling
 0001:0004BD70       Controls.TDockTree.InternalHitTest
 0001:0004BE40       Controls.TDockTree.LoadFromStream
 0001:0004D908       Controls.TDockTree.MouseDown
 0001:0004DABC       Controls.TDockTree.MouseMove
 0001:0004DB0C       Controls.TDockTree.MouseUp
 0001:0004C30C       Controls.TDockTree.PaintDockFrame
 0001:0004C460       Controls.TDockTree.PaintSite
 0001:0004C594       Controls.TDockTree.PositionDockRect
 0001:0004C744       Controls.TDockTree.PruneZone
 0001:0004D89C       Controls.TDockTree.ReferenceFromOrient
 0001:0004D864       Controls.TDockTree.RelativeSize
 0001:0004C7A0       Controls.TDockTree.RemoveControl
 0001:0004C7E0       Controls.TDockTree.RemoveZone
 0001:0004CA80       Controls.TDockTree.ResetBounds
 0001:0004CD34       Controls.TDockTree.SaveToStream
 0001:0004CB68       Controls.TDockTree.ScaleZone
 0001:0004CF70       Controls.TDockTree.SetNewBounds
 0001:0004CFA0       Controls.TDockTree.SetReplacingControl
 0001:0004CFB8       Controls.TDockTree.ShiftZone
 0001:0004DB80       Controls.TDockTree.ShowHint
 0001:0004CFEC       Controls.TDockTree.SplitterMouseDown
 0001:0004D04C       Controls.TDockTree.SplitterMouseUp
 0001:0004D0C8       Controls.TDockTree.UpdateAll
 0001:0004D0F0       Controls.TDockTree.UpdateZone
 0001:0004D100       Controls.TDockTree.WindowProc
 0001:0004D59C       Controls.TDockTree.WndProc
 0001:0004BACC       Controls.TDockTree.ZoneCaptionHitTest
 0001:0004ACBC       Controls.TDockZone.Create
 0001:0004B274       Controls.TDockZone.ExpandZoneLimit
 0001:0004B33C       Controls.TDockZone.FirstVisibleChild
 0001:0004ACE0       Controls.TDockZone.GetChildCount
 0001:0004AFC4       Controls.TDockZone.GetControlName
 0001:0004AE64       Controls.TDockZone.GetHeightWidth
 0001:0004AD50       Controls.TDockZone.GetLimitBegin
 0001:0004AD98       Controls.TDockZone.GetLimitSize
 0001:0004ADE0       Controls.TDockZone.GetTopLeft
 0001:0004AD18       Controls.TDockZone.GetVisible
 0001:0004ACF4       Controls.TDockZone.GetVisibleChildCount
 0001:0004B238       Controls.TDockZone.GetZoneLimit
 0001:0004B314       Controls.TDockZone.NextVisible
 0001:0004B320       Controls.TDockZone.PrevVisible
 0001:0004AF1C       Controls.TDockZone.ResetChildren
 0001:0004B2B4       Controls.TDockZone.ResetZoneLimits
 0001:0004B008       Controls.TDockZone.SetControlName
 0001:0004B260       Controls.TDockZone.SetZoneLimit
 0001:0004B0BC       Controls.TDockZone.Update
 0001:0003DD28       Controls.TDragControlObject.GetDragCursor
 0001:0003DD40       Controls.TDragControlObject.GetDragImages
 0001:0003DD4C       Controls.TDragControlObject.HideDragImage
 0001:0003DD6C       Controls.TDragControlObject.ShowDragImage
 0001:0003DD8C       Controls.TDragControlObjectEx.BeforeDestruction
 0001:0003DEC8       Controls.TDragDockObject.AdjustDockRect
 0001:0003DE28       Controls.TDragDockObject.Assign
 0001:0003DD90       Controls.TDragDockObject.Create
 0001:0003DDF8       Controls.TDragDockObject.Destroy
 0001:0003DF44       Controls.TDragDockObject.DrawDragDockImage
 0001:0003DE88       Controls.TDragDockObject.EndDrag
 0001:0003DF58       Controls.TDragDockObject.EraseDragDockImage
 0001:0003DF6C       Controls.TDragDockObject.GetDragCursor
 0001:0003DF78       Controls.TDragDockObject.GetEraseWhenMoving
 0001:0003DF7C       Controls.TDragDockObject.GetFrameWidth
 0001:0003DF84       Controls.TDragDockObjectEx.BeforeDestruction
 0001:0004A960       Controls.TDragImageList.BeginDrag
 0001:0004A9D4       Controls.TDragImageList.DragLock
 0001:0004AA5C       Controls.TDragImageList.DragMove
 0001:0004AA38       Controls.TDragImageList.DragUnlock
 0001:0004AAD0       Controls.TDragImageList.EndDrag
 0001:0004AAB8       Controls.TDragImageList.HideDragImage
 0001:0004A93C       Controls.TDragImageList.SetDragCursor
 0001:0004A8F4       Controls.TDragImageList.SetDragImage
 0001:0004AAA0       Controls.TDragImageList.ShowDragImage
 0001:0003DC70       Controls.TDragObject.AfterConstruction
 0001:0003DA1C       Controls.TDragObject.Assign
 0001:0003DC60       Controls.TDragObject.BeforeDestruction
 0001:0003DA5C       Controls.TDragObject.Capture
 0001:0003DA74       Controls.TDragObject.Finished
 0001:0003DBEC       Controls.TDragObject.GetDragCursor
 0001:0003DBE8       Controls.TDragObject.GetDragImages
 0001:0003DA7C       Controls.TDragObject.GetName
 0001:0003DC04       Controls.TDragObject.HideDragImage
 0001:0003DC08       Controls.TDragObject.Instance
 0001:0003DC14       Controls.TDragObject.MainWndProc
 0001:0003DAA4       Controls.TDragObject.ReleaseCapture
 0001:0003DC10       Controls.TDragObject.ShowDragImage
 0001:0003DAB8       Controls.TDragObject.WndProc
 0001:0004A0E0       Controls.TGraphicControl.Create
 0001:0004A13C       Controls.TGraphicControl.Destroy
 0001:0004A230       Controls.TGraphicControl.Paint
 0001:0004A17C       Controls.TGraphicControl.WMPaint
 0001:0004A520       Controls.THintWindow.ActivateHint
 0001:0004A79C       Controls.THintWindow.ActivateHintData
 0001:0004A7C4       Controls.THintWindow.CalcHintRect
 0001:0004A488       Controls.THintWindow.CMTextChanged
 0001:0004A234       Controls.THintWindow.Create
 0001:0004A2A0       Controls.THintWindow.CreateParams
 0001:0004A418       Controls.THintWindow.IsHintMsg
 0001:0004A820       Controls.THintWindow.NCPaint
 0001:0004A370       Controls.THintWindow.Paint
 0001:0004A47C       Controls.THintWindow.ReleaseHandle
 0001:0004A8B0       Controls.THintWindow.ShouldHideHint
 0001:0004A304       Controls.THintWindow.WMNCHitTest
 0001:0004A30C       Controls.THintWindow.WMNCPaint
 0001:0004A88C       Controls.THintWindow.WMPrint
 0001:0004E4D0       Controls.TMargins.AssignTo
 0001:0004E518       Controls.TMargins.Change
 0001:0004E48C       Controls.TMargins.Create
 0001:0004E690       Controls.TMargins.GetControlBound
 0001:0004E52C       Controls.TMargins.InitDefaults
 0001:0004E5A4       Controls.TMargins.SetControlBounds
 0001:0004E54C       Controls.TMargins.SetMargin
 0001:0004DC74       Controls.TMouse.Create
 0001:0004DD04       Controls.TMouse.CreatePanningWindow
 0001:0004DD30       Controls.TMouse.Destroy
 0001:0004DD60       Controls.TMouse.GetCapture
 0001:0004DD68       Controls.TMouse.GetCursorPos
 0001:0004DD78       Controls.TMouse.GetIsDragging
 0001:0004DD84       Controls.TMouse.GetIsPanning
 0001:0004DDA8       Controls.TMouse.GetMouseData
 0001:0004DDC4       Controls.TMouse.GetNativeData
 0001:0004DDF4       Controls.TMouse.GetRegisteredData
 0001:0004DE1C       Controls.TMouse.SetCapture
 0001:0004DE44       Controls.TMouse.SetPanningWindow
 0001:0004DE64       Controls.TMouse.SettingChanged
 0001:0004E854       Controls.TPadding.InitDefaults
 0001:00047AF8       Controls.TraverseControls
 0003:00001654       Controls.TreeStreamEndFlag
 0001:0003D900       Controls.TSiteList.AddSite
 0001:0003D984       Controls.TSiteList.Clear
 0001:0003D89C       Controls.TSiteList.Find
 0001:0003D9B8       Controls.TSiteList.GetTopSite
 0001:0003F348       Controls.TSizeConstraints.AssignTo
 0001:0003F41C       Controls.TSizeConstraints.Change
 0001:0003F30C       Controls.TSizeConstraints.Create
 0001:0003F390       Controls.TSizeConstraints.SetConstraints
 0001:000496EC       Controls.TWinControl.ActionChange
 0001:00044B64       Controls.TWinControl.AddBiDiModeExStyle
 0001:00043BFC       Controls.TWinControl.AdjustClientRect
 0001:00048C54       Controls.TWinControl.AdjustSize
 0001:000444C8       Controls.TWinControl.AlignControl
 0001:000443C4       Controls.TWinControl.AlignControls
 0001:00043C2C       Controls.TWinControl.ArrangeControl
 0001:00049734       Controls.TWinControl.AssignTo
 0001:00044A60       Controls.TWinControl.Broadcast
 0001:00049224       Controls.TWinControl.CalcConstraints
 0001:00049764       Controls.TWinControl.CanAutoSize
 0001:00048A10       Controls.TWinControl.CanFocus
 0001:00049158       Controls.TWinControl.CanResize
 0001:000485D4       Controls.TWinControl.ChangeScale
 0001:00047E20       Controls.TWinControl.CMBiDiModeChanged
 0001:0004807C       Controls.TWinControl.CMBorderChanged
 0001:00047EF8       Controls.TWinControl.CMChanged
[...]
  1126 0001:0008A38A  1127 0001:0008A390  1130 0001:0008A3E2  1084 0001:0008A3E5
  1131 0001:0008A3EF  1134 0001:0008A3F4  1135 0001:0008A400  1136 0001:0008A40B
  1137 0001:0008A413  1143 0001:0008A418  1144 0001:0008A421  1146 0001:0008A428
  1147 0001:0008A437  1148 0001:0008A442  1149 0001:0008A462  1150 0001:0008A46D
  1151 0001:0008A48D  1152 0001:0008A498  1153 0001:0008A4B8  1154 0001:0008A4BE
  1157 0001:0008A50F  1158 0001:0008A51F  1159 0001:0008A52A  1160 0001:0008A54A
  1161 0001:0008A555  1162 0001:0008A575  1163 0001:0008A580  1164 0001:0008A5A0
  1165 0001:0008A5A6  1168 0001:0008A5F8  1169 0001:0008A608  1170 0001:0008A613
  1171 0001:0008A633  1172 0001:0008A63E  1173 0001:0008A65E  1174 0001:0008A669
  1175 0001:0008A689  1176 0001:0008A68F  1179 0001:0008A6E1  1180 0001:0008A6F1
  1181 0001:0008A6FC  1182 0001:0008A71C  1183 0001:0008A727  1184 0001:0008A747
  1185 0001:0008A752  1186 0001:0008A772  1187 0001:0008A778  1190 0001:0008A7CA
  1144 0001:0008A7CD  1191 0001:0008A7D7  1194 0001:0008A7DC  1195 0001:0008A7E8
  1196 0001:0008A7F3  1197 0001:0008A7FB  1203 0001:0008A800  1204 0001:0008A809
  1206 0001:0008A810  1207 0001:0008A81F  1208 0001:0008A82A  1209 0001:0008A84A
  1210 0001:0008A855  1211 0001:0008A875  1212 0001:0008A880  1213 0001:0008A8A0
  1214 0001:0008A8A6  1217 0001:0008A8F7  1218 0001:0008A907  1219 0001:0008A912
  1220 0001:0008A932  1221 0001:0008A93D  1222 0001:0008A95D  1223 0001:0008A968
  1224 0001:0008A988  1225 0001:0008A98E  1228 0001:0008A9E0  1229 0001:0008A9F0
  1230 0001:0008A9FB  1231 0001:0008AA1B  1232 0001:0008AA26  1233 0001:0008AA46
  1234 0001:0008AA51  1235 0001:0008AA71  1236 0001:0008AA77  1239 0001:0008AAC9
  1240 0001:0008AAD9  1241 0001:0008AAE4  1242 0001:0008AB04  1243 0001:0008AB0F
  1244 0001:0008AB2F  1245 0001:0008AB3A  1246 0001:0008AB5A  1247 0001:0008AB60
  1250 0001:0008ABB2  1204 0001:0008ABB5  1251 0001:0008ABBF  1254 0001:0008ABC4
  1255 0001:0008ABD0  1256 0001:0008ABDB  1257 0001:0008ABE3  1264 0001:0008ABE8
  1266 0001:0008ABF7  1267 0001:0008AC08  1268 0001:0008AC1C  1269 0001:0008AC30
  1272 0001:0008AC44  1273 0001:0008AC68  1274 0001:0008AC92  1276 0001:0008ACCF
  1277 0001:0008ACF3  1278 0001:0008AD1D  1280 0001:0008AD5A  1281 0001:0008AD7E
  1282 0001:0008ADA8  1284 0001:0008ADE5  1285 0001:0008AE09  1286 0001:0008AE33
  1289 0001:0008AE70  1290 0001:0008AE94  1291 0001:0008AEBE  1293 0001:0008AEFB
  1294 0001:0008AF1F  1295 0001:0008AF49  1297 0001:0008AF86  1298 0001:0008AFAA
  1299 0001:0008AFD4  1301 0001:0008B011  1302 0001:0008B035  1303 0001:0008B05F
  1306 0001:0008B09C  1307 0001:0008B0C0  1308 0001:0008B0EA  1310 0001:0008B124
  1311 0001:0008B148  1312 0001:0008B172  1314 0001:0008B1AC  1315 0001:0008B1D0
  1316 0001:0008B1FA  1318 0001:0008B234  1319 0001:0008B258  1320 0001:0008B282
  1323 0001:0008B2BC  1324 0001:0008B2E0  1325 0001:0008B30A  1327 0001:0008B344
  1328 0001:0008B368  1329 0001:0008B392  1331 0001:0008B3CC  1332 0001:0008B3F0
  1333 0001:0008B41A  1335 0001:0008B454  1336 0001:0008B478  1337 0001:0008B4A2
  1340 0001:0008B4DC  1341 0001:0008B500  1342 0001:0008B52A  1344 0001:0008B564
  1345 0001:0008B588  1346 0001:0008B5B2  1348 0001:0008B5EC  1349 0001:0008B610
  1350 0001:0008B63A  1352 0001:0008B674  1353 0001:0008B698  1354 0001:0008B6C2
  1357 0001:0008B6FC  1358 0001:0008B720  1359 0001:0008B74A  1361 0001:0008B784
  1362 0001:0008B7A8  1363 0001:0008B7D2  1365 0001:0008B80C  1366 0001:0008B830
  1367 0001:0008B85A  1369 0001:0008B894  1370 0001:0008B8B8  1371 0001:0008B8E2
  1374 0001:0008B91C  1375 0001:0008B940  1376 0001:0008B96A  1378 0001:0008B9A4
  1379 0001:0008B9C8  1380 0001:0008B9F2  1382 0001:0008BA2C  1383 0001:0008BA50
  1384 0001:0008BA7A  1386 0001:0008BAB4  1387 0001:0008BAD8  1388 0001:0008BB02
  1391 0001:0008BB3C  1392 0001:0008BB60  1393 0001:0008BB8A  1395 0001:0008BBC4
  1396 0001:0008BBE8  1397 0001:0008BC12  1399 0001:0008BC4C  1400 0001:0008BC70
  1401 0001:0008BC9A  1403 0001:0008BCD4  1404 0001:0008BCF8  1405 0001:0008BD22
  1408 0001:0008BD5C  1409 0001:0008BD80  1410 0001:0008BDAA  1412 0001:0008BDE4
  1413 0001:0008BE08  1414 0001:0008BE32  1416 0001:0008BE6C  1417 0001:0008BE90
  1418 0001:0008BEBA  1420 0001:0008BEF4  1421 0001:0008BF18  1422 0001:0008BF42
  1425 0001:0008BF7C  1426 0001:0008BFA0  1427 0001:0008BFCA  1429 0001:0008C003
  1430 0001:0008C027  1431 0001:0008C051  1433 0001:0008C08B  1434 0001:0008C0AF
  1435 0001:0008C0D9  1437 0001:0008C113  1438 0001:0008C137  1439 0001:0008C161
  1442 0001:0008C19B  1443 0001:0008C1AE  1444 0001:0008C1C4  1451 0001:0008C1C8
  1453 0001:0008C1D7  1454 0001:0008C1E8  1455 0001:0008C1FC  1456 0001:0008C210
  1459 0001:0008C224  1460 0001:0008C248  1461 0001:0008C272  1463 0001:0008C2AF
  1464 0001:0008C2D3  1465 0001:0008C2FD  1467 0001:0008C33A  1468 0001:0008C35E
  1469 0001:0008C388  1471 0001:0008C3C5  1472 0001:0008C3E9  1473 0001:0008C413
  1476 0001:0008C450  1477 0001:0008C474  1478 0001:0008C49E  1480 0001:0008C4DB
  1481 0001:0008C4FF  1482 0001:0008C529  1484 0001:0008C566  1485 0001:0008C58A
  1486 0001:0008C5B4  1488 0001:0008C5F1  1489 0001:0008C615  1490 0001:0008C63F
  1493 0001:0008C67C  1494 0001:0008C6A0  1495 0001:0008C6CA  1497 0001:0008C707
  1498 0001:0008C72B  1499 0001:0008C755  1501 0001:0008C792  1502 0001:0008C7B6
  1503 0001:0008C7E0  1505 0001:0008C81D  1506 0001:0008C841  1507 0001:0008C86B
  1510 0001:0008C8A8  1511 0001:0008C8CC  1512 0001:0008C8F6  1514 0001:0008C933
  1515 0001:0008C957  1516 0001:0008C981  1518 0001:0008C9BE  1519 0001:0008C9E2
  1520 0001:0008CA0C  1522 0001:0008CA49  1523 0001:0008CA6D  1524 0001:0008CA97
  1527 0001:0008CAD4  1528 0001:0008CAF8  1529 0001:0008CB22  1531 0001:0008CB5C
  1532 0001:0008CB80  1533 0001:0008CBAA  1535 0001:0008CBE4  1536 0001:0008CC08
  1537 0001:0008CC32  1539 0001:0008CC6C  1540 0001:0008CC90  1541 0001:0008CCBA
  1544 0001:0008CCF4  1545 0001:0008CD18  1546 0001:0008CD42  1548 0001:0008CD7C
  1549 0001:0008CDA0  1550 0001:0008CDCA  1552 0001:0008CE04  1553 0001:0008CE28
  1554 0001:0008CE52  1556 0001:0008CE8C  1557 0001:0008CEB0  1558 0001:0008CEDA
  1561 0001:0008CF14  1562 0001:0008CF38  1563 0001:0008CF62  1565 0001:0008CF9C
  1566 0001:0008CFC0  1567 0001:0008CFEA  1569 0001:0008D024  1570 0001:0008D048
  1571 0001:0008D072  1573 0001:0008D0AC  1574 0001:0008D0D0  1575 0001:0008D0FA
  1578 0001:0008D134  1579 0001:0008D158  1580 0001:0008D182  1582 0001:0008D1BC
  1583 0001:0008D1E0  1584 0001:0008D20A  1586 0001:0008D244  1587 0001:0008D268
  1588 0001:0008D292  1590 0001:0008D2CC  1591 0001:0008D2F0  1592 0001:0008D31A
  1595 0001:0008D354  1596 0001:0008D378  1597 0001:0008D3A2  1599 0001:0008D3DC
  1600 0001:0008D400  1601 0001:0008D42A  1603 0001:0008D464  1604 0001:0008D488
  1605 0001:0008D4B2  1607 0001:0008D4EC  1608 0001:0008D510  1609 0001:0008D53A
  1612 0001:0008D574  1613 0001:0008D598  1614 0001:0008D5C2  1616 0001:0008D5FC
  1617 0001:0008D620  1618 0001:0008D64A  1620 0001:0008D684  1621 0001:0008D6A8
  1622 0001:0008D6D2  1624 0001:0008D70C  1625 0001:0008D730  1626 0001:0008D75A
  1629 0001:0008D794  1630 0001:0008D7B8  1631 0001:0008D7E2  1633 0001:0008D81C
  1634 0001:0008D840  1635 0001:0008D86A  1637 0001:0008D8A4  1638 0001:0008D8C8
  1639 0001:0008D8F2  1641 0001:0008D92C  1642 0001:0008D950  1643 0001:0008D97A
  1646 0001:0008D9B4  1647 0001:0008D9D8  1648 0001:0008DA02  1650 0001:0008DA3B
  1651 0001:0008DA5F  1652 0001:0008DA89  1654 0001:0008DAC3  1655 0001:0008DAE7
  1656 0001:0008DB11  1658 0001:0008DB4B  1659 0001:0008DB6F  1660 0001:0008DB99
  1663 0001:0008DBD3  1664 0001:0008DBE6  1665 0001:0008DBFC  1672 0001:0008DC00
  1674 0001:0008DC0F  1675 0001:0008DC20  1676 0001:0008DC34  1677 0001:0008DC48
  1680 0001:0008DC5C  1681 0001:0008DC80  1682 0001:0008DCAA  1684 0001:0008DCE7
  1685 0001:0008DD0B  1686 0001:0008DD35  1688 0001:0008DD72  1689 0001:0008DD96
  1690 0001:0008DDC0  1692 0001:0008DDFD  1693 0001:0008DE21  1694 0001:0008DE4B
  1697 0001:0008DE88  1698 0001:0008DEAC  1699 0001:0008DED6  1701 0001:0008DF13
  1702 0001:0008DF37  1703 0001:0008DF61  1705 0001:0008DF9E  1706 0001:0008DFC2
  1707 0001:0008DFEC  1709 0001:0008E029  1710 0001:0008E04D  1711 0001:0008E077
  1714 0001:0008E0B4  1715 0001:0008E0D8  1716 0001:0008E102  1718 0001:0008E13F
  1719 0001:0008E163  1720 0001:0008E18D  1722 0001:0008E1CA  1723 0001:0008E1EE
  1724 0001:0008E218  1726 0001:0008E255  1727 0001:0008E279  1728 0001:0008E2A3
  1731 0001:0008E2E0  1732 0001:0008E304  1733 0001:0008E32E  1735 0001:0008E36B
  1736 0001:0008E38F  1737 0001:0008E3B9  1739 0001:0008E3F6  1740 0001:0008E41A
  1741 0001:0008E444  1743 0001:0008E481  1744 0001:0008E4A5  1745 0001:0008E4CF
  1748 0001:0008E50C  1749 0001:0008E530  1750 0001:0008E55A  1752 0001:0008E597
  1753 0001:0008E5BB  1754 0001:0008E5E5  1756 0001:0008E622  1757 0001:0008E646
  1758 0001:0008E670  1760 0001:0008E6AD  1761 0001:0008E6D1  1762 0001:0008E6FB
  1765 0001:0008E738  1766 0001:0008E75C  1767 0001:0008E786  1769 0001:0008E7C3
  1770 0001:0008E7E7  1771 0001:0008E811  1773 0001:0008E84E  1774 0001:0008E872
  1775 0001:0008E89C  1777 0001:0008E8D9  1778 0001:0008E8FD  1779 0001:0008E927
  1782 0001:0008E964  1783 0001:0008E988  1784 0001:0008E9B2  1786 0001:0008E9EC
  1787 0001:0008EA10  1788 0001:0008EA3A  1790 0001:0008EA74  1791 0001:0008EA98
  1792 0001:0008EAC2  1794 0001:0008EAFC  1795 0001:0008EB20  1796 0001:0008EB4A
  1799 0001:0008EB84  1800 0001:0008EBA8  1801 0001:0008EBD2  1803 0001:0008EC0C
  1804 0001:0008EC30  1805 0001:0008EC5A  1807 0001:0008EC94  1808 0001:0008ECB8
  1809 0001:0008ECE2  1811 0001:0008ED1C  1812 0001:0008ED40  1813 0001:0008ED6A
  1816 0001:0008EDA4  1817 0001:0008EDC8  1818 0001:0008EDF2  1820 0001:0008EE2C
  1821 0001:0008EE50  1822 0001:0008EE7A  1824 0001:0008EEB4  1825 0001:0008EED8
  1826 0001:0008EF02  1828 0001:0008EF3C  1829 0001:0008EF60  1830 0001:0008EF8A
  1833 0001:0008EFC4  1834 0001:0008EFE8  1835 0001:0008F012  1837 0001:0008F04C
  1838 0001:0008F070  1839 0001:0008F09A  1841 0001:0008F0D4  1842 0001:0008F0F8
  1843 0001:0008F122  1845 0001:0008F15C  1846 0001:0008F180  1847 0001:0008F1AA
  1850 0001:0008F1E4  1851 0001:0008F208  1852 0001:0008F232  1854 0001:0008F26C
  1855 0001:0008F290  1856 0001:0008F2BA  1858 0001:0008F2F4  1859 0001:0008F318
  1860 0001:0008F342  1862 0001:0008F37C  1863 0001:0008F3A0  1864 0001:0008F3CA
  1867 0001:0008F404  1868 0001:0008F428  1869 0001:0008F452  1871 0001:0008F48C
  1872 0001:0008F4B0  1873 0001:0008F4DA  1875 0001:0008F514  1876 0001:0008F538
  1877 0001:0008F562  1879 0001:0008F59C  1880 0001:0008F5C0  1881 0001:0008F5EA
  1884 0001:0008F624  1885 0001:0008F648  1886 0001:0008F672  1888 0001:0008F6AC
  1889 0001:0008F6D0  1890 0001:0008F6FA  1892 0001:0008F734  1893 0001:0008F758
  1894 0001:0008F782  1896 0001:0008F7BC  1897 0001:0008F7E0  1898 0001:0008F80A
  1901 0001:0008F844  1902 0001:0008F868  1903 0001:0008F892  1905 0001:0008F8CB
  1906 0001:0008F8EF  1907 0001:0008F919  1909 0001:0008F953  1910 0001:0008F977
  1911 0001:0008F9A1  1913 0001:0008F9DB  1914 0001:0008F9FF  1915 0001:0008FA29
  1918 0001:0008FA63  1919 0001:0008FA76  1920 0001:0008FA8C  2068 0001:0008FA90
  2069 0001:0008FAA2  2070 0001:0008FAB0  2071 0001:0008FAC5  2078 0001:0008FACC
  2079 0001:0008FAF5  2081 0001:0008FAFB  2082 0001:0008FB07  2084 0001:0008FB13
  2085 0001:0008FB31  2086 0001:0008FB3B  2087 0001:0008FB45  2088 0001:0008FB66
  2090 0001:0008FB70  2091 0001:0008FB83  2092 0001:0008FB89  2093 0001:0008FBAA
  2094 0001:0008FBB8  2095 0001:0008FBCB  2096 0001:0008FBD1  2097 0001:0008FBF2
  2088 0001:0008FBF6  2099 0001:0008FC00  2105 0001:0008FC2C  2106 0001:0008FC3E
  2107 0001:0008FC4C  2108 0001:0008FC61  2115 0001:0008FC68  2116 0001:0008FC91
  2118 0001:0008FC97  2119 0001:0008FCA3  2121 0001:0008FCAF  2122 0001:0008FCCD
  2123 0001:0008FCD7  2124 0001:0008FCE1  2125 0001:0008FD02  2127 0001:0008FD0C
  2128 0001:0008FD1F  2129 0001:0008FD25  2130 0001:0008FD46  2131 0001:0008FD54
  2132 0001:0008FD67  2133 0001:0008FD6D  2134 0001:0008FD8E  2125 0001:0008FD92
  2136 0001:0008FD9C  2142 0001:0008FDC8  2143 0001:0008FDDA  2144 0001:0008FDE8
  2145 0001:0008FDFD  2152 0001:0008FE04  2153 0001:0008FE2D  2155 0001:0008FE33
  2156 0001:0008FE3F  2158 0001:0008FE4B  2159 0001:0008FE69  2160 0001:0008FE73
  2161 0001:0008FE7D  2162 0001:0008FE9E  2164 0001:0008FEA8  2165 0001:0008FEBB
  2166 0001:0008FEC1  2167 0001:0008FEE2  2168 0001:0008FEF0  2169 0001:0008FF03
  2170 0001:0008FF09  2171 0001:0008FF2A  2162 0001:0008FF2E  2173 0001:0008FF38
  2488 0001:0008FF61

Line numbers for AES(AES.pas) segment .text

   352 0001:0008FF64   353 0001:0008FF74   354 0001:0008FF83   355 0001:0008FF91
   356 0001:0008FFA0   357 0001:0008FFAE   359 0001:0008FFBC   361 0001:0008FFC2
   362 0001:0008FFD1   363 0001:00090010   366 0001:00090032   368 0001:00090038
   369 0001:00090047   370 0001:00090086   373 0001:000900A8   375 0001:000900AE
   376 0001:000900BD   377 0001:000900FC   379 0001:0009011E   380 0001:0009012A
   382 0001:00090148   385 0001:00090165   387 0001:00090175   478 0001:0009017F

Line numbers for CA_EDPass(CA_EDPass.pas) segment .text

    35 0001:000901A4    36 0001:000901CA    37 0001:000901E7    38 0001:000901FA
    39 0001:00090217    41 0001:0009022C    51 0001:00090244    42 0001:0009025A
    43 0001:00090289    45 0001:000902A1    47 0001:000902A7    49 0001:000902D0
    50 0001:000902E0    51 0001:00090309    54 0001:0009033C    55 0001:00090343
    56 0001:00090350    57 0001:0009035B    58 0001:00090367    59 0001:00090373
    60 0001:0009037F    61 0001:0009038B    62 0001:00090397    63 0001:000903A3
    64 0001:000903AF    65 0001:000903BB    66 0001:000903C7    67 0001:000903D3
    68 0001:000903DF    69 0001:000903EB    70 0001:000903F7    71 0001:00090403
    72 0001:0009040F    95 0001:00090412

Line numbers for md5(md5.pas) segment .text

    39 0001:00090414    40 0001:00090423    41 0001:00090436    44 0001:00090440
    45 0001:0009044F    46 0001:00090462    49 0001:0009046C    50 0001:0009047B
    51 0001:00090487    54 0001:00090490    55 0001:0009049F    56 0001:000904AD
    59 0001:000904B4    60 0001:000904C0    61 0001:000904E4    64 0001:000904E8
    65 0001:000904F7    66 0001:00090510    67 0001:0009051B    68 0001:00090523
    71 0001:0009052C    72 0001:0009053B    73 0001:00090554    74 0001:0009055F
    75 0001:00090567    78 0001:00090570    79 0001:0009057F    80 0001:00090598
    81 0001:000905A3    82 0001:000905AB    85 0001:000905B4    86 0001:000905C3
    87 0001:000905DC    88 0001:000905E7    89 0001:000905EF    96 0001:000905F8
    97 0001:00090607    98 0001:0009060D    99 0001:00090613   100 0001:00090627
   101 0001:00090632   102 0001:00090635   103 0001:00090643   104 0001:00090646
   105 0001:00090654   106 0001:00090657   107 0001:00090665   108 0001:00090668
   109 0001:0009066C    99 0001:0009066F   110 0001:00090674   118 0001:00090678
   119 0001:00090687   120 0001:0009068D   121 0001:00090693   122 0001:000906A4
   123 0001:000906B0   124 0001:000906B3   125 0001:000906C2   126 0001:000906C5
   127 0001:000906D4   128 0001:000906D7   129 0001:000906E6   130 0001:000906E9
   131 0001:000906ED   121 0001:000906F0   132 0001:000906F5   139 0001:000906FC
   140 0001:00090708   141 0001:00090718   142 0001:00090720   143 0001:00090729
   144 0001:00090732   145 0001:0009073B   146 0001:00090758   147 0001:00090775
   148 0001:00090792   149 0001:000907AF   150 0001:000907CC   151 0001:000907E9
   152 0001:00090806   153 0001:00090823   154 0001:00090840   155 0001:0009085D
   156 0001:0009087A   157 0001:00090897   158 0001:000908B4   159 0001:000908D1
   160 0001:000908EE   161 0001:0009090B   162 0001:00090928   163 0001:00090945
   164 0001:00090962   165 0001:0009097F   166 0001:0009099C   167 0001:000909B9
   168 0001:000909D6   169 0001:000909F3   170 0001:00090A10   171 0001:00090A2D
   172 0001:00090A4A   173 0001:00090A67   174 0001:00090A84   175 0001:00090AA1
   176 0001:00090ABE   177 0001:00090ADB   178 0001:00090AF8   179 0001:00090B15
   180 0001:00090B32   181 0001:00090B4F   182 0001:00090B6C   183 0001:00090B89
   184 0001:00090BA6   185 0001:00090BC3   186 0001:00090BE0   187 0001:00090BFD
   188 0001:00090C1A   189 0001:00090C37   190 0001:00090C54   191 0001:00090C71
   192 0001:00090C8E   193 0001:00090CAB   194 0001:00090CC8   195 0001:00090CE5
   196 0001:00090D02   197 0001:00090D1F   198 0001:00090D3C   199 0001:00090D59
   200 0001:00090D76   201 0001:00090D93   202 0001:00090DB0   203 0001:00090DCD
   204 0001:00090DEA   205 0001:00090E07   206 0001:00090E24   207 0001:00090E41
   208 0001:00090E5E   209 0001:00090E7B   210 0001:00090E83   211 0001:00090E8C
   212 0001:00090E95   213 0001:00090E9E   217 0001:00090EA4   219 0001:00090EAD
   220 0001:00090EB6   221 0001:00090EC0   222 0001:00090ECA   223 0001:00090ED4
   224 0001:00090EDC   225 0001:00090EE4   227 0001:00090EFC   235 0001:00090F00
   237 0001:00090F10   238 0001:00090F1F   239 0001:00090F2B   240 0001:00090F41
   242 0001:00090F4D   243 0001:00090F58   244 0001:00090F60   245 0001:00090F75
   246 0001:00090F83   248 0001:00090F8B   249 0001:00090F9B   247 0001:00090F9F
   251 0001:00090FAA   252 0001:00090FB1   253 0001:00090FB6   254 0001:00090FD3
   262 0001:00090FD8   263 0001:00090FE4   264 0001:00090FF7   265 0001:00091006
   266 0001:00091024   267 0001:00091034   268 0001:00091044   269 0001:00091054
   270 0001:00091069   288 0001:00091070   289 0001:00091098   290 0001:000910A0
   291 0001:000910A4   290 0001:000910FD   292 0001:00091103   309 0001:00091130
   310 0001:0009113F   311 0001:00091147   312 0001:00091155   313 0001:00091160
   314 0001:0009116D   317 0001:00091174   318 0001:00091180   319 0001:000911A5
   321 0001:000911D7

Line numbers for Unit1(Unit1.pas) segment .text

    41 0001:0009141C    42 0001:0009143E    43 0001:00091457    49 0001:00091478
    50 0001:00091497    52 0001:000914A1    53 0001:000914B6    55 0001:000914E1
    58 0001:00091501    67 0001:00091514    69 0001:0009152B    72 0001:0009153C
    73 0001:0009154C    74 0001:00091557    75 0001:0009156E    70 0001:00091576
    79 0001:00091584    82 0001:000915A4    83 0001:000915B2    95 0001:00091670
    96 0001:00091695    98 0001:0009169F    99 0001:000916B4   101 0001:000916DF
   106 0001:000916FF   107 0001:00091706   108 0001:0009170D   109 0001:0009171A
   111 0001:00091721   113 0001:0009175F   115 0001:00091774   116 0001:00091783
   118 0001:0009178C   120 0001:00091796   121 0001:000917BF   127 0001:000917CD
   128 0001:000917DB   140 0001:000918A0   141 0001:000918C9   143 0001:000918D3
   144 0001:000918E8   146 0001:00091913   149 0001:00091933   150 0001:00091942
   152 0001:00091958   154 0001:00091970   155 0001:000919A6   152 0001:000919A9
   156 0001:000919AE   158 0001:000919C5   159 0001:000919D3   176 0001:00091A80
   178 0001:00091AA7   179 0001:00091AAC   180 0001:00091ABD   181 0001:00091ACE
   182 0001:00091ADF   183 0001:00091AF0   184 0001:00091AFB   186 0001:00091B16
   187 0001:00091B5E   189 0001:00091B69   191 0001:00091B77   192 0001:00091BD8
   193 0001:00091BEF   194 0001:00091BFE   195 0001:00091C1F   196 0001:00091C40
   197 0001:00091C61   198 0001:00091C82   199 0001:00091CA3   200 0001:00091CC4
   201 0001:00091CDE   204 0001:00091D10   206 0001:00091D13   211 0001:00091D39
   213 0001:00091D47   215 0001:00091F06

Line numbers for payTest(F:\DragonWork\code\server\misc\CommonTools\private\PayTest\payTest.dpr) segment .itext

    10 0002:00000AC0    11 0002:00000AD0    12 0002:00000AD8    13 0002:00000AE4
    14 0002:00000AF2    15 0002:00000B0A    16 0002:00000B16

Bound resource files

c:\users\administrator.2013-20150717yj\desktop\นคื๗ศํผþ\bds2007litev8\lib\Controls.res
Unit1.dfm
payTest.res
payTest.drf


Program entry point at 0002:00000AC0
