 DBServer64_R

 Timestamp is 577a2379 (Mon Jul 04 16:51:05 2016)

 Preferred load address is 0000000140000000

 Start         Length     Name                   Class
 0001:00000000 000678acH .text                   CODE
 0001:000678b0 000047c6H .text$x                 CODE
 0001:0006c080 00000125H .text$yc                CODE
 0001:0006c1b0 00000095H .text$yd                CODE
 0002:00000000 00000808H .idata$5                DATA
 0002:00000808 00000008H .CRT$XCA                DATA
 0002:00000810 00000008H .CRT$XCAA               DATA
 0002:00000818 00000038H .CRT$XCU                DATA
 0002:00000850 00000008H .CRT$XCZ                DATA
 0002:00000858 00000008H .CRT$XIA                DATA
 0002:00000860 00000008H .CRT$XIAA               DATA
 0002:00000868 00000008H .CRT$XIY                DATA
 0002:00000870 00000008H .CRT$XIZ                DATA
 0002:00000880 0000e8a8H .rdata                  DATA
 0002:0000f128 00000057H .rdata$debug            DATA
 0002:0000f180 000025f4H .rdata$r                DATA
 0002:00011778 00000008H .rtc$IAA                DATA
 0002:00011780 00000008H .rtc$IZZ                DATA
 0002:00011788 00000008H .rtc$TAA                DATA
 0002:00011790 00000008H .rtc$TZZ                DATA
 0002:00011798 00007eb0H .xdata                  DATA
 0002:00019648 00000194H .xdata$x                DATA
 0002:000197dc 000000dcH .idata$2                DATA
 0002:000198b8 00000014H .idata$3                DATA
 0002:000198d0 00000808H .idata$4                DATA
 0002:0001a0d8 00000e18H .idata$6                DATA
 0002:0001aef0 00000000H .edata                  DATA
 0003:00000000 000021e0H .data                   DATA
 0003:000021e0 00034e18H .bss                    DATA
 0004:00000000 00006960H .pdata                  DATA

  Address         Publics by Value              Rva+Base               Lib:Object

 0000:00000000       ___safe_se_handler_table   0000000000000000     <absolute>
 0000:00000000       ___safe_se_handler_count   0000000000000000     <absolute>
 0000:00000000       __ImageBase                0000000140000000     <linker-defined>
 0001:00000000       _tcsstr                    0000000140001000 f i srvlib_x64:TimeStat.obj
 0001:00000030       ??2@YAPEAX_KPEAX@Z         0000000140001030 f i srvlib_x64:TimeStat.obj
 0001:00000040       ??0CounterNode@CounterManager@@QEAA@XZ 0000000140001040 f i srvlib_x64:TimeStat.obj
 0001:00000070       ??0CounterNode@CounterManager@@QEAA@PEBDPEAX_K@Z 0000000140001070 f i srvlib_x64:TimeStat.obj
 0001:00000230       ??4CounterNode@CounterManager@@QEAAAEAU01@AEBU01@@Z 0000000140001230 f i srvlib_x64:TimeStat.obj
 0001:00000260       ?getSingleton@CounterManager@@SAAEAV1@XZ 0000000140001260 f i srvlib_x64:TimeStat.obj
 0001:000002b0       ??0CounterManager@@QEAA@XZ 00000001400012b0 f i srvlib_x64:TimeStat.obj
 0001:00000300       ?addObjectCounter@CounterManager@@QEAAXPEBDPEAX_K@Z 0000000140001300 f i srvlib_x64:TimeStat.obj
 0001:000003c0       ??_H@YAXPEAX_KHP6APEAX0@Z@Z 00000001400013c0 f i srvlib_x64:TimeStat.obj
 0001:00000410       ??0CTimeProfRecord@@QEAA@XZ 0000000140001410 f i srvlib_x64:TimeStat.obj
 0001:00000440       ?addChild@CTimeProfRecord@@QEAAXPEAV1@@Z 0000000140001440 f i srvlib_x64:TimeStat.obj
 0001:00000470       ?getChildByHash@CTimeProfRecord@@QEAAPEAV1@H@Z 0000000140001470 f i srvlib_x64:TimeStat.obj
 0001:00000500       ?reset@CTimeProfRecord@@QEAAX_N@Z 0000000140001500 f i srvlib_x64:TimeStat.obj
 0001:00000580       ?reInitBasicData@CTimeProfRecord@@QEAAXPEBDI@Z 0000000140001580 f i srvlib_x64:TimeStat.obj
 0001:000006b0       ?startProf@CTimeProfRecord@@QEAAXXZ 00000001400016b0 f i srvlib_x64:TimeStat.obj
 0001:00000700       ?endProf@CTimeProfRecord@@QEAAXXZ 0000000140001700 f i srvlib_x64:TimeStat.obj
 0001:000007e0       ?getSingleton@CTimeProfMgr@@SAAEAV1@XZ 00000001400017e0 f i srvlib_x64:TimeStat.obj
 0001:00000830       ?getThreadInst@CTimeProfMgr@@QEAAPEAV1@XZ 0000000140001830 f i srvlib_x64:TimeStat.obj
 0001:00000960       ?OnTimeProfRecordStart@CTimeProfMgr@@QEAAXPEAVCTimeProfRecord@@@Z 0000000140001960 f i srvlib_x64:TimeStat.obj
 0001:00000990       ?OnTimeProfRecordEnd@CTimeProfMgr@@QEAAXPEAVCTimeProfRecord@@@Z 0000000140001990 f i srvlib_x64:TimeStat.obj
 0001:000009b0       ?GetExeUnitCount@CTimeProfMgr@@QEAA_JXZ 00000001400019b0 f i srvlib_x64:TimeStat.obj
 0001:000009d0       ?getCurrTimeProfRecord@CTimeProfMgr@@QEAAPEAVCTimeProfRecord@@XZ 00000001400019d0 f i srvlib_x64:TimeStat.obj
 0001:00000a10       ?allocRecord@CTimeProfMgr@@QEAAPEAVCTimeProfRecord@@XZ 0000000140001a10 f i srvlib_x64:TimeStat.obj
 0001:00000a60       ?freeRecord@CTimeProfMgr@@QEAAXPEAVCTimeProfRecord@@@Z 0000000140001a60 f i srvlib_x64:TimeStat.obj
 0001:00000a90       ?clear@CTimeProfMgr@@QEAAXXZ 0000000140001a90 f i srvlib_x64:TimeStat.obj
 0001:00000c30       ?allocTimeProfRecord@CTimeProfMgr@@IEAAXXZ 0000000140001c30 f i srvlib_x64:TimeStat.obj
 0001:00000ce0       ?setThreadId@CTimeProfMgr@@IEAAXK@Z 0000000140001ce0 f i srvlib_x64:TimeStat.obj
 0001:00000d00       ??_GCTimeProfRecord@@QEAAPEAXI@Z 0000000140001d00 f i srvlib_x64:TimeStat.obj
 0001:00000d40       ??_GCTimeProfMgr@@QEAAPEAXI@Z 0000000140001d40 f i srvlib_x64:TimeStat.obj
 0001:00000d80       ??0?$Counter@VCTimeProfDummy@@@@QEAA@XZ 0000000140001d80 f i srvlib_x64:TimeStat.obj
 0001:00000da0       ??1?$Counter@VCTimeProfDummy@@@@QEAA@XZ 0000000140001da0 f i srvlib_x64:TimeStat.obj
 0001:00000dc0       ??0?$Counter@VCTimeProfRecord@@@@QEAA@XZ 0000000140001dc0 f i srvlib_x64:TimeStat.obj
 0001:00000de0       ??1?$Counter@VCTimeProfRecord@@@@QEAA@XZ 0000000140001de0 f i srvlib_x64:TimeStat.obj
 0001:00000e00       ??0?$CBaseList@PEAVCTimeProfRecord@@@container@wylib@@QEAA@XZ 0000000140001e00 f i srvlib_x64:TimeStat.obj
 0001:00000e50       ??1?$CBaseList@PEAVCTimeProfRecord@@@container@wylib@@UEAA@XZ 0000000140001e50 f i srvlib_x64:TimeStat.obj
 0001:00000e80       ?reserve@?$CBaseList@PEBD@container@wylib@@UEAAX_J@Z 0000000140001e80 f i srvlib_x64:NameAllocator.obj
 0001:00000e80       ?reserve@?$CBaseList@PEAUNameOperateData@CNameSyncClient@@@container@wylib@@UEAAX_J@Z 0000000140001e80 f i DBNSClient.obj
 0001:00000e80       ?reserve@?$CBaseList@PEAUtagGameServerRoute@jxSrvDef@@@container@wylib@@UEAAX_J@Z 0000000140001e80 f i DBServer.obj
 0001:00000e80       ?reserve@?$CBaseList@PEAVCDataPacket@@@container@wylib@@UEAAX_J@Z 0000000140001e80 f i srvlib_x64:SendPackPool.obj
 0001:00000e80       ?reserve@?$CBaseList@PEATtagASyncNameOPData@CDBDataClient@@@container@wylib@@UEAAX_J@Z 0000000140001e80 f i DBDataClient.obj
 0001:00000e80       ?reserve@?$CBaseList@PEAVCTimeProfMgr@@@container@wylib@@UEAAX_J@Z 0000000140001e80 f i srvlib_x64:TimeStat.obj
 0001:00000e80       ?reserve@?$CBaseList@PEAVCDBDataClient@@@container@wylib@@UEAAX_J@Z 0000000140001e80 f i DBDataServer.obj
 0001:00000e80       ?reserve@?$CBaseList@PEAV?$CRefObjectImpl@VCAnsiString@string@wylib@@@misc@wylib@@@container@wylib@@UEAAX_J@Z 0000000140001e80 f i srvlib_x64:CustomLuaConfig.obj
 0001:00000e80       ?reserve@?$CBaseList@PEAVCTimeProfRecord@@@container@wylib@@UEAAX_J@Z 0000000140001e80 f i srvlib_x64:TimeStat.obj
 0001:00000e80       ?reserve@?$CBaseList@PEAUtagAppInternalMessage@@@container@wylib@@UEAAX_J@Z 0000000140001e80 f i srvlib_x64:CustomWorkSocket.obj
 0001:00000e80       ?reserve@?$CBaseList@PEAVCCustomServerClientSocket@@@container@wylib@@UEAAX_J@Z 0000000140001e80 f i srvlib_x64:CustomServerSocket.obj
 0001:00000ef0       ?push@?$CBaseList@PEAVCTimeProfRecord@@@container@wylib@@QEAA_JAEBQEAVCTimeProfRecord@@@Z 0000000140001ef0 f i srvlib_x64:TimeStat.obj
 0001:00000f20       ??0?$CBaseList@PEAVCTimeProfMgr@@@container@wylib@@QEAA@XZ 0000000140001f20 f i srvlib_x64:TimeStat.obj
 0001:00000f70       ??1?$CBaseList@PEAVCTimeProfMgr@@@container@wylib@@UEAA@XZ 0000000140001f70 f i srvlib_x64:TimeStat.obj
 0001:00000fa0       ??_E?$CBaseList@PEAVCTimeProfRecord@@@container@wylib@@UEAAPEAXI@Z 0000000140001fa0 f i  CIL library: CIL module
 0001:00000fa0       ??_G?$CBaseList@PEAVCTimeProfRecord@@@container@wylib@@UEAAPEAXI@Z 0000000140001fa0 f i srvlib_x64:TimeStat.obj
 0001:00000fe0       ??_E?$CBaseList@PEAVCTimeProfMgr@@@container@wylib@@UEAAPEAXI@Z 0000000140001fe0 f i  CIL library: CIL module
 0001:00000fe0       ??_G?$CBaseList@PEAVCTimeProfMgr@@@container@wylib@@UEAAPEAXI@Z 0000000140001fe0 f i srvlib_x64:TimeStat.obj
 0001:00001020       ?addToStat@?$Counter@VCTimeProfDummy@@@@IEAAXXZ 0000000140002020 f i srvlib_x64:TimeStat.obj
 0001:00001080       ?addToStat@?$Counter@VCTimeProfRecord@@@@IEAAXXZ 0000000140002080 f i srvlib_x64:TimeStat.obj
 0001:000010e0       ?getCount@?$Counter@VCTimeProfDummy@@@@SA_KXZ 00000001400020e0 f i srvlib_x64:TimeStat.obj
 0001:000010f0       ?getCount@?$Counter@VCTimeProfRecord@@@@SA_KXZ 00000001400020f0 f i srvlib_x64:TimeStat.obj
 0001:00001100       ??$strcpy_s@$0EA@@@YAHAEAY0EA@DPEBD@Z 0000000140002100 f i srvlib_x64:TimeStat.obj
 0001:00001130       ??$sprintf_s@$0CAA@@@YAHAEAY0CAA@DPEBDZZ 0000000140002130 f i srvlib_x64:TimeStat.obj
 0001:00001180       ??$sprintf_s@$0EA@@@YAHAEAY0EA@DPEBDZZ 0000000140002180 f i srvlib_x64:TimeStat.obj
 0001:000011d0       ?GetAccessViolationOperationName@@YAPEBD_K@Z 00000001400021d0 f i srvlib_x64:DefExceptHander.obj
 0001:00001220       ??0StackWalkerInternal@@QEAA@PEAVStackWalker@@PEAX@Z 0000000140002220 f i srvlib_x64:StackWalker.obj
 0001:00001320       ??1StackWalkerInternal@@QEAA@XZ 0000000140002320 f i srvlib_x64:StackWalker.obj
 0001:000013b0       ?Init@StackWalkerInternal@@QEAAHPEBD@Z 00000001400023b0 f i srvlib_x64:StackWalker.obj
 0001:00001a20       ?GetModuleListTH32@StackWalkerInternal@@AEAAHPEAXK@Z 0000000140002a20 f i srvlib_x64:StackWalker.obj
 0001:00001c80       ?GetModuleListPSAPI@StackWalkerInternal@@AEAAHPEAX@Z 0000000140002c80 f i srvlib_x64:StackWalker.obj
 0001:00001fe0       ?LoadModule@StackWalkerInternal@@AEAAKPEAXPEBD1_KK@Z 0000000140002fe0 f i srvlib_x64:StackWalker.obj
 0001:00002390       ?LoadModules@StackWalkerInternal@@QEAAHPEAXK@Z 0000000140003390 f i srvlib_x64:StackWalker.obj
 0001:000023e0       ?GetModuleInfo@StackWalkerInternal@@QEAAHPEAX_KPEAUIMAGEHLP_MODULE64_V2@1@@Z 00000001400033e0 f i srvlib_x64:StackWalker.obj
 0001:000024d0       ??_GStackWalker@@UEAAPEAXI@Z 00000001400034d0 f i srvlib_x64:StackWalker.obj
 0001:000024d0       ??_EStackWalker@@UEAAPEAXI@Z 00000001400034d0 f i  CIL library: CIL module
 0001:00002510       ??_GStackWalkerInternal@@QEAAPEAXI@Z 0000000140003510 f i srvlib_x64:StackWalker.obj
 0001:00002550       ??$strcat_s@$0BAAA@@@YAHAEAY0BAAA@DPEBD@Z 0000000140003550 f i srvlib_x64:StackWalker.obj
 0001:00002580       ??$strcpy_s@$0EAA@@@YAHAEAY0EAA@DPEBD@Z 0000000140003580 f i srvlib_x64:StackWalker.obj
 0001:000025b0       ??$_snprintf_s@$0EAA@@@YAHAEAY0EAA@D_KPEBDZZ 00000001400035b0 f i srvlib_x64:StackWalker.obj
 0001:00002600       _tcsncpy                   0000000140003600 f i srvlib_x64:CustomClientSocket.obj
 0001:00002630       ?connected@CCustomSocket@socket@inet@wylib@@QEAA_NXZ 0000000140003630 f i srvlib_x64:CustomClientSocket.obj
 0001:00002640       ?CheckMemory@CSendPacketPool@@QEAAX_NH@Z 0000000140003640 f i srvlib_x64:CustomClientSocket.obj
 0001:000026c0       ??_ECCustomClientSocket@@UEAAPEAXI@Z 00000001400036c0 f i  CIL library: CIL module
 0001:000026c0       ??_GCCustomClientSocket@@UEAAPEAXI@Z 00000001400036c0 f i srvlib_x64:CustomClientSocket.obj
 0001:00002700       ?getLength@CDataPacketReader@@QEAA_KXZ 0000000140003700 f i srvlib_x64:CustomWorkSocket.obj
 0001:00002720       ?writeBuf@CDataPacket@@QEAAXPEBX_K@Z 0000000140003720 f i srvlib_x64:CustomWorkSocket.obj
 0001:000027e0       ?setLength@CDataPacket@@QEAAX_K@Z 00000001400037e0 f i srvlib_x64:CustomWorkSocket.obj
 0001:00002860       ?setPosition@CDataPacket@@QEAA_K_K@Z 0000000140003860 f i srvlib_x64:CustomWorkSocket.obj
 0001:000028f0       ?setSize@CDataPacket@@IEAAX_K@Z 00000001400038f0 f i srvlib_x64:CustomWorkSocket.obj
 0001:00002a30       ?allocSendPacket@CSendPacketPool@@QEAAAEAVCDataPacket@@XZ 0000000140003a30 f i srvlib_x64:CustomWorkSocket.obj
 0001:00002a70       ?flushSendPacket@CSendPacketPool@@QEAAXAEAVCDataPacket@@@Z 0000000140003a70 f i srvlib_x64:CustomWorkSocket.obj
 0001:00002b20       ??_GCCustomWorkSocket@@UEAAPEAXI@Z 0000000140003b20 f i srvlib_x64:CustomWorkSocket.obj
 0001:00002b20       ??_ECCustomWorkSocket@@UEAAPEAXI@Z 0000000140003b20 f i  CIL library: CIL module
 0001:00002b60       ??0?$CQueueList@PEAUtagAppInternalMessage@@@container@wylib@@QEAA@XZ 0000000140003b60 f i srvlib_x64:CustomWorkSocket.obj
 0001:00002ba0       ??1?$CQueueList@PEAUtagAppInternalMessage@@@container@wylib@@UEAA@XZ 0000000140003ba0 f i srvlib_x64:CustomWorkSocket.obj
 0001:00002bd0       ??_E?$CQueueList@PEAUtagAppInternalMessage@@@container@wylib@@UEAAPEAXI@Z 0000000140003bd0 f i  CIL library: CIL module
 0001:00002bd0       ??_G?$CQueueList@PEAUtagAppInternalMessage@@@container@wylib@@UEAAPEAXI@Z 0000000140003bd0 f i srvlib_x64:CustomWorkSocket.obj
 0001:00002c10       ??1?$CLockList@PEAUtagAppInternalMessage@@@container@wylib@@UEAA@XZ 0000000140003c10 f i srvlib_x64:CustomWorkSocket.obj
 0001:00002c30       ?append@?$CQueueList@PEAVCCustomServerClientSocket@@@container@wylib@@QEAAXAEBQEAVCCustomServerClientSocket@@@Z 0000000140003c30 f i srvlib_x64:CustomServerSocket.obj
 0001:00002c30       ?append@?$CQueueList@PEAUtagAppInternalMessage@@@container@wylib@@QEAAXAEBQEAUtagAppInternalMessage@@@Z 0000000140003c30 f i srvlib_x64:CustomWorkSocket.obj
 0001:00002c30       ?append@?$CQueueList@PEAVCDataPacket@@@container@wylib@@QEAAXAEBQEAVCDataPacket@@@Z 0000000140003c30 f i srvlib_x64:CustomWorkSocket.obj
 0001:00002c70       ?unlock@?$CLockList@PEAUNameOperateData@CNameSyncClient@@@container@wylib@@QEAAXXZ 0000000140003c70 f i DBNSClient.obj
 0001:00002c70       ?unlock@?$CLockList@PEAVCDataPacket@@@container@wylib@@QEAAXXZ 0000000140003c70 f i srvlib_x64:CustomWorkSocket.obj
 0001:00002c70       ?unlock@?$CLockList@PEATtagASyncNameOPData@CDBDataClient@@@container@wylib@@QEAAXXZ 0000000140003c70 f i DBDataClient.obj
 0001:00002c70       ?unlock@?$CLockList@PEAUtagGameServerRoute@jxSrvDef@@@container@wylib@@QEAAXXZ 0000000140003c70 f i DBServer.obj
 0001:00002c70       ?unlock@?$CLockList@PEAUtagAppInternalMessage@@@container@wylib@@QEAAXXZ 0000000140003c70 f i srvlib_x64:CustomWorkSocket.obj
 0001:00002c70       ?unlock@?$CLockList@PEAVCCustomServerClientSocket@@@container@wylib@@QEAAXXZ 0000000140003c70 f i srvlib_x64:CustomServerSocket.obj
 0001:00002cb0       ??0?$CLockList@PEAUtagAppInternalMessage@@@container@wylib@@QEAA@PEAVCBaseLock@lock@sync@2@@Z 0000000140003cb0 f i srvlib_x64:CustomWorkSocket.obj
 0001:00002cf0       ??0?$CBaseList@PEAUtagAppInternalMessage@@@container@wylib@@QEAA@XZ 0000000140003cf0 f i srvlib_x64:CustomWorkSocket.obj
 0001:00002d40       ??1?$CBaseList@PEAUtagAppInternalMessage@@@container@wylib@@UEAA@XZ 0000000140003d40 f i srvlib_x64:CustomWorkSocket.obj
 0001:00002d70       ?clear@?$CBaseList@PEAVCTimeProfMgr@@@container@wylib@@QEAAXXZ 0000000140003d70 f i srvlib_x64:TimeStat.obj
 0001:00002d70       ?clear@?$CBaseList@VCActorCacheData@@@container@wylib@@QEAAXXZ 0000000140003d70 f i DBDataCache.obj
 0001:00002d70       ?clear@?$CBaseList@PEAV?$CRefObjectImpl@VCAnsiString@string@wylib@@@misc@wylib@@@container@wylib@@QEAAXXZ 0000000140003d70 f i srvlib_x64:CustomLuaConfig.obj
 0001:00002d70       ?clear@?$CBaseList@H@container@wylib@@QEAAXXZ 0000000140003d70 f i DBDataServer.obj
 0001:00002d70       ?clear@?$CBaseList@UPlayerZYDistribute@@@container@wylib@@QEAAXXZ 0000000140003d70 f i DBDataServer.obj
 0001:00002d70       ?clear@?$CBaseList@UtagDbEsql@@@container@wylib@@QEAAXXZ 0000000140003d70 f i EsqlMgr.obj
 0001:00002d70       ?clear@?$CBaseList@PEAUtagGameServerRoute@jxSrvDef@@@container@wylib@@QEAAXXZ 0000000140003d70 f i DBServer.obj
 0001:00002d70       ?clear@?$CBaseList@V?$Handle@I@@@container@wylib@@QEAAXXZ 0000000140003d70 f i DBDataCache.obj
 0001:00002d70       ?clear@?$CBaseList@PEAUtagAppInternalMessage@@@container@wylib@@QEAAXXZ 0000000140003d70 f i srvlib_x64:CustomWorkSocket.obj
 0001:00002d70       ?clear@?$CBaseList@PEATtagASyncNameOPData@CDBDataClient@@@container@wylib@@QEAAXXZ 0000000140003d70 f i DBDataClient.obj
 0001:00002d70       ?clear@?$CBaseList@PEBD@container@wylib@@QEAAXXZ 0000000140003d70 f i srvlib_x64:NameAllocator.obj
 0001:00002d70       ?clear@?$CBaseList@PEAVCTimeProfRecord@@@container@wylib@@QEAAXXZ 0000000140003d70 f i srvlib_x64:TimeStat.obj
 0001:00002d70       ?clear@?$CBaseList@PEAVCDBDataClient@@@container@wylib@@QEAAXXZ 0000000140003d70 f i DBDataServer.obj
 0001:00002d70       ?clear@?$CBaseList@PEAVCDataPacket@@@container@wylib@@QEAAXXZ 0000000140003d70 f i srvlib_x64:SendPackPool.obj
 0001:00002d70       ?clear@?$CBaseList@_N@container@wylib@@QEAAXXZ 0000000140003d70 f i srvlib_x64:NameAllocator.obj
 0001:00002d70       ?clear@?$CBaseList@PEAUNameOperateData@CNameSyncClient@@@container@wylib@@QEAAXXZ 0000000140003d70 f i DBNSClient.obj
 0001:00002d70       ?clear@?$CBaseList@UPlayerJobDistribute@@@container@wylib@@QEAAXXZ 0000000140003d70 f i DBDataServer.obj
 0001:00002d70       ?clear@?$CBaseList@V?$CBaseList@VCActorCacheData@@@container@wylib@@@container@wylib@@QEAAXXZ 0000000140003d70 f i DBDataCache.obj
 0001:00002d70       ?clear@?$CBaseList@V?$CBaseList@V?$Handle@I@@@container@wylib@@@container@wylib@@QEAAXXZ 0000000140003d70 f i DBDataCache.obj
 0001:00002d70       ?clear@?$CBaseList@I@container@wylib@@QEAAXXZ 0000000140003d70 f i DBDataCache.obj
 0001:00002d70       ?clear@?$CBaseList@PEAVCCustomServerClientSocket@@@container@wylib@@QEAAXXZ 0000000140003d70 f i srvlib_x64:CustomServerSocket.obj
 0001:00002d70       ?clear@?$CBaseList@UPlayerNameDistribute@@@container@wylib@@QEAAXXZ 0000000140003d70 f i DBDataServer.obj
 0001:00002d90       ??_E?$CLockList@PEAUtagAppInternalMessage@@@container@wylib@@UEAAPEAXI@Z 0000000140003d90 f i  CIL library: CIL module
 0001:00002d90       ??_G?$CLockList@PEAUtagAppInternalMessage@@@container@wylib@@UEAAPEAXI@Z 0000000140003d90 f i srvlib_x64:CustomWorkSocket.obj
 0001:00002dd0       ??_E?$CBaseList@PEAUtagAppInternalMessage@@@container@wylib@@UEAAPEAXI@Z 0000000140003dd0 f i  CIL library: CIL module
 0001:00002dd0       ??_G?$CBaseList@PEAUtagAppInternalMessage@@@container@wylib@@UEAAPEAXI@Z 0000000140003dd0 f i srvlib_x64:CustomWorkSocket.obj
 0001:00002e10       ?lock@?$CLockList@PEAUtagGameServerRoute@jxSrvDef@@@container@wylib@@QEAAXXZ 0000000140003e10 f i DBServer.obj
 0001:00002e10       ?lock@?$CLockList@PEAVCDataPacket@@@container@wylib@@QEAAXXZ 0000000140003e10 f i srvlib_x64:CustomWorkSocket.obj
 0001:00002e10       ?lock@?$CLockList@PEAUNameOperateData@CNameSyncClient@@@container@wylib@@QEAAXXZ 0000000140003e10 f i DBNSClient.obj
 0001:00002e10       ?lock@?$CLockList@PEAVCCustomServerClientSocket@@@container@wylib@@QEAAXXZ 0000000140003e10 f i srvlib_x64:CustomServerSocket.obj
 0001:00002e10       ?lock@?$CLockList@PEATtagASyncNameOPData@CDBDataClient@@@container@wylib@@QEAAXXZ 0000000140003e10 f i DBDataClient.obj
 0001:00002e10       ?lock@?$CLockList@PEAUtagAppInternalMessage@@@container@wylib@@QEAAXXZ 0000000140003e10 f i srvlib_x64:CustomWorkSocket.obj
 0001:00002e50       ?add@?$CBaseList@PEAVCTimeProfMgr@@@container@wylib@@QEAA_JAEBQEAVCTimeProfMgr@@@Z 0000000140003e50 f i srvlib_x64:TimeStat.obj
 0001:00002e50       ?add@?$CBaseList@PEAVCCustomServerClientSocket@@@container@wylib@@QEAA_JAEBQEAVCCustomServerClientSocket@@@Z 0000000140003e50 f i srvlib_x64:CustomServerSocket.obj
 0001:00002e50       ?add@?$CBaseList@PEBD@container@wylib@@QEAA_JAEBQEBD@Z 0000000140003e50 f i srvlib_x64:NameAllocator.obj
 0001:00002e50       ?add@?$CBaseList@PEAV?$CRefObjectImpl@VCAnsiString@string@wylib@@@misc@wylib@@@container@wylib@@QEAA_JAEBQEAV?$CRefObjectImpl@VCAnsiString@string@wylib@@@misc@3@@Z 0000000140003e50 f i srvlib_x64:CustomLuaConfig.obj
 0001:00002e50       ?add@?$CBaseList@PEAVCTimeProfRecord@@@container@wylib@@QEAA_JAEBQEAVCTimeProfRecord@@@Z 0000000140003e50 f i srvlib_x64:TimeStat.obj
 0001:00002e50       ?add@?$CBaseList@PEAVCDataPacket@@@container@wylib@@QEAA_JAEBQEAVCDataPacket@@@Z 0000000140003e50 f i srvlib_x64:CustomWorkSocket.obj
 0001:00002e50       ?add@?$CBaseList@PEAUtagAppInternalMessage@@@container@wylib@@QEAA_JAEBQEAUtagAppInternalMessage@@@Z 0000000140003e50 f i srvlib_x64:CustomWorkSocket.obj
 0001:00002f00       ?addArray@?$CBaseList@PEAUtagAppInternalMessage@@@container@wylib@@QEAAXPEAPEAUtagAppInternalMessage@@_J@Z 0000000140003f00 f i srvlib_x64:CustomWorkSocket.obj
 0001:00002f00       ?addArray@?$CBaseList@PEAVCCustomServerClientSocket@@@container@wylib@@QEAAXPEAPEAVCCustomServerClientSocket@@_J@Z 0000000140003f00 f i srvlib_x64:CustomServerSocket.obj
 0001:00002f00       ?addArray@?$CBaseList@PEAVCDataPacket@@@container@wylib@@QEAAXPEAPEAVCDataPacket@@_J@Z 0000000140003f00 f i srvlib_x64:SendPackPool.obj
 0001:00002fa0       ?getAvaliableLength@CDataPacketReader@@QEAA_KXZ 0000000140003fa0 f i srvlib_x64:SendPackPool.obj
 0001:00002fc0       ??0CDataPacketReader@@QEAA@XZ 0000000140003fc0 f i srvlib_x64:SendPackPool.obj
 0001:00003000       ?adjustOffset@CDataPacket@@QEAA_K_J@Z 0000000140004000 f i srvlib_x64:SendPackPool.obj
 0001:000030c0       ?getMemorySize@CDataPacket@@QEAA_KXZ 00000001400040c0 f i srvlib_x64:SendPackPool.obj
 0001:000030e0       ??0CDataPacket@@QEAA@PEAVCBufferAllocator@@@Z 00000001400040e0 f i srvlib_x64:SendPackPool.obj
 0001:00003130       ??1CDataPacket@@QEAA@XZ    0000000140004130 f i srvlib_x64:SendPackPool.obj
 0001:000031c0       ??0?$CQueueList@PEAVCDataPacket@@@container@wylib@@QEAA@XZ 00000001400041c0 f i srvlib_x64:SendPackPool.obj
 0001:00003200       ??1?$CQueueList@PEAVCDataPacket@@@container@wylib@@UEAA@XZ 0000000140004200 f i srvlib_x64:SendPackPool.obj
 0001:00003230       ??1?$CLockList@PEAVCDataPacket@@@container@wylib@@UEAA@XZ 0000000140004230 f i srvlib_x64:SendPackPool.obj
 0001:00003250       ??_G?$CQueueList@PEAVCDataPacket@@@container@wylib@@UEAAPEAXI@Z 0000000140004250 f i srvlib_x64:SendPackPool.obj
 0001:00003250       ??_E?$CQueueList@PEAVCDataPacket@@@container@wylib@@UEAAPEAXI@Z 0000000140004250 f i  CIL library: CIL module
 0001:00003290       ??_GCDataPacket@@QEAAPEAXI@Z 0000000140004290 f i srvlib_x64:SendPackPool.obj
 0001:000032d0       ??0?$Counter@VCDataPacket@@@@QEAA@XZ 00000001400042d0 f i srvlib_x64:SendPackPool.obj
 0001:000032f0       ??1?$Counter@VCDataPacket@@@@QEAA@XZ 00000001400042f0 f i srvlib_x64:SendPackPool.obj
 0001:00003310       ?flush@?$CQueueList@PEAUtagAppInternalMessage@@@container@wylib@@QEAAXXZ 0000000140004310 f i srvlib_x64:CustomWorkSocket.obj
 0001:00003310       ?flush@?$CQueueList@PEAVCCustomServerClientSocket@@@container@wylib@@QEAAXXZ 0000000140004310 f i srvlib_x64:CustomServerSocket.obj
 0001:00003310       ?flush@?$CQueueList@PEAVCDataPacket@@@container@wylib@@QEAAXXZ 0000000140004310 f i srvlib_x64:SendPackPool.obj
 0001:00003380       ??0?$CLockList@PEAVCDataPacket@@@container@wylib@@QEAA@PEAVCBaseLock@lock@sync@2@@Z 0000000140004380 f i srvlib_x64:SendPackPool.obj
 0001:000033c0       ??0?$CBaseList@PEAVCDataPacket@@@container@wylib@@QEAA@XZ 00000001400043c0 f i srvlib_x64:SendPackPool.obj
 0001:00003410       ??1?$CBaseList@PEAVCDataPacket@@@container@wylib@@UEAA@XZ 0000000140004410 f i srvlib_x64:SendPackPool.obj
 0001:00003440       ??_G?$CLockList@PEAVCDataPacket@@@container@wylib@@UEAAPEAXI@Z 0000000140004440 f i srvlib_x64:SendPackPool.obj
 0001:00003440       ??_E?$CLockList@PEAVCDataPacket@@@container@wylib@@UEAAPEAXI@Z 0000000140004440 f i  CIL library: CIL module
 0001:00003480       ??_G?$CBaseList@PEAVCDataPacket@@@container@wylib@@UEAAPEAXI@Z 0000000140004480 f i srvlib_x64:SendPackPool.obj
 0001:00003480       ??_E?$CBaseList@PEAVCDataPacket@@@container@wylib@@UEAAPEAXI@Z 0000000140004480 f i  CIL library: CIL module
 0001:000034c0       ?addToStat@?$Counter@VCDataPacket@@@@IEAAXXZ 00000001400044c0 f i srvlib_x64:SendPackPool.obj
 0001:00003520       ?addList@?$CBaseList@PEAVCDataPacket@@@container@wylib@@QEAAXAEBV123@@Z 0000000140004520 f i srvlib_x64:SendPackPool.obj
 0001:00003520       ?addList@?$CBaseList@PEAVCCustomServerClientSocket@@@container@wylib@@QEAAXAEBV123@@Z 0000000140004520 f i srvlib_x64:CustomServerSocket.obj
 0001:00003520       ?addList@?$CBaseList@PEAUtagAppInternalMessage@@@container@wylib@@QEAAXAEBV123@@Z 0000000140004520 f i srvlib_x64:CustomWorkSocket.obj
 0001:00003560       ?getCount@?$Counter@VCDataPacket@@@@SA_KXZ 0000000140004560 f i srvlib_x64:SendPackPool.obj
 0001:00003570       ?alloc@CAnsiString@string@wylib@@MEAAPEAXPEAX_K@Z 0000000140004570 f i srvlib_x64:CustomLuaConfig.obj
 0001:000035c0       ?setData@CAnsiString@string@wylib@@IEAAXPEBD@Z 00000001400045c0 f i srvlib_x64:CustomLuaConfig.obj
 0001:00003660       ?catData@CAnsiString@string@wylib@@IEAAXPEBD@Z 0000000140004660 f i srvlib_x64:CustomLuaConfig.obj
 0001:00003700       ??0CAnsiString@string@wylib@@QEAA@XZ 0000000140004700 f i srvlib_x64:CustomLuaConfig.obj
 0001:00003730       ??0CAnsiString@string@wylib@@QEAA@PEBD@Z 0000000140004730 f i srvlib_x64:CustomLuaConfig.obj
 0001:00003780       ??1CAnsiString@string@wylib@@UEAA@XZ 0000000140004780 f i srvlib_x64:CustomLuaConfig.obj
 0001:000037b0       ??BCAnsiString@string@wylib@@QEAAPEADXZ 00000001400047b0 f i srvlib_x64:CustomLuaConfig.obj
 0001:000037f0       ??4CAnsiString@string@wylib@@QEAAXPEBD@Z 00000001400047f0 f i srvlib_x64:CustomLuaConfig.obj
 0001:00003830       ??YCAnsiString@string@wylib@@QEAAXPEBD@Z 0000000140004830 f i srvlib_x64:CustomLuaConfig.obj
 0001:000038a0       ?length@CAnsiString@string@wylib@@QEBA_KXZ 00000001400048a0 f i srvlib_x64:CustomLuaConfig.obj
 0001:000038e0       ?isEmpty@CAnsiString@string@wylib@@QEBA_NXZ 00000001400048e0 f i srvlib_x64:CustomLuaConfig.obj
 0001:00003920       ??_GCAnsiString@string@wylib@@UEAAPEAXI@Z 0000000140004920 f i srvlib_x64:CustomLuaConfig.obj
 0001:00003920       ??_ECAnsiString@string@wylib@@UEAAPEAXI@Z 0000000140004920 f i  CIL library: CIL module
 0001:00003960       ??_ECCustomLuaConfig@@UEAAPEAXI@Z 0000000140004960 f i  CIL library: CIL module
 0001:00003960       ??_GCCustomLuaConfig@@UEAAPEAXI@Z 0000000140004960 f i srvlib_x64:CustomLuaConfig.obj
 0001:000039a0       ??4?$CTRefString@VCAnsiString@string@wylib@@D@string@wylib@@QEAAXPEBD@Z 00000001400049a0 f i srvlib_x64:CustomLuaConfig.obj
 0001:00003a40       ??0?$CBaseList@PEAV?$CRefObjectImpl@VCAnsiString@string@wylib@@@misc@wylib@@@container@wylib@@QEAA@XZ 0000000140004a40 f i srvlib_x64:CustomLuaConfig.obj
 0001:00003a90       ??1?$CBaseList@PEAV?$CRefObjectImpl@VCAnsiString@string@wylib@@@misc@wylib@@@container@wylib@@UEAA@XZ 0000000140004a90 f i srvlib_x64:CustomLuaConfig.obj
 0001:00003ac0       ??0?$CRefObjectImpl@VCAnsiString@string@wylib@@@misc@wylib@@QEAA@XZ 0000000140004ac0 f i srvlib_x64:CustomLuaConfig.obj
 0001:00003b00       ?addRef@?$CRefObjectImpl@VCAnsiString@string@wylib@@@misc@wylib@@QEAAJXZ 0000000140004b00 f i srvlib_x64:CustomLuaConfig.obj
 0001:00003b20       ?release@?$CRefObjectImpl@VCAnsiString@string@wylib@@@misc@wylib@@QEAAJXZ 0000000140004b20 f i srvlib_x64:CustomLuaConfig.obj
 0001:00003b70       ?finallRelease@?$CRefObjectImpl@VCAnsiString@string@wylib@@@misc@wylib@@MEAAXXZ 0000000140004b70 f i srvlib_x64:CustomLuaConfig.obj
 0001:00003bc0       ??_G?$CBaseList@PEAV?$CRefObjectImpl@VCAnsiString@string@wylib@@@misc@wylib@@@container@wylib@@UEAAPEAXI@Z 0000000140004bc0 f i srvlib_x64:CustomLuaConfig.obj
 0001:00003bc0       ??_E?$CBaseList@PEAV?$CRefObjectImpl@VCAnsiString@string@wylib@@@misc@wylib@@@container@wylib@@UEAAPEAXI@Z 0000000140004bc0 f i  CIL library: CIL module
 0001:00003c00       ??_E?$CRefObjectImpl@VCAnsiString@string@wylib@@@misc@wylib@@UEAAPEAXI@Z 0000000140004c00 f i  CIL library: CIL module
 0001:00003c00       ??_G?$CRefObjectImpl@VCAnsiString@string@wylib@@@misc@wylib@@UEAAPEAXI@Z 0000000140004c00 f i srvlib_x64:CustomLuaConfig.obj
 0001:00003c40       ??1?$CRefObjectImpl@VCAnsiString@string@wylib@@@misc@wylib@@UEAA@XZ 0000000140004c40 f i srvlib_x64:CustomLuaConfig.obj
 0001:00003c60       ?getPosition@CDataPacketReader@@QEAA_KXZ 0000000140004c60 f i srvlib_x64:CustomLuaScript.obj
 0001:00003c80       ??_ECCustomLuaScript@@UEAAPEAXI@Z 0000000140004c80 f i  CIL library: CIL module
 0001:00003c80       ??_GCCustomLuaScript@@UEAAPEAXI@Z 0000000140004c80 f i srvlib_x64:CustomLuaScript.obj
 0001:00003cc0       ??1?$CTRefString@VCAnsiString@string@wylib@@D@string@wylib@@UEAA@XZ 0000000140004cc0 f i srvlib_x64:CustomLuaScript.obj
 0001:00003ce0       ?lcCheck@CCustomLuaScript@@IEAA_NH@Z 0000000140004ce0 f i srvlib_x64:CustomLuaScript.obj
 0001:00003e00       ??0?$CTRefString@VCAnsiString@string@wylib@@D@string@wylib@@QEAA@XZ 0000000140004e00 f i srvlib_x64:CustomLuaScript.obj
 0001:00003e30       ??1?$CRefObject@VCAnsiString@string@wylib@@@misc@wylib@@UEAA@XZ 0000000140004e30 f i srvlib_x64:CustomLuaScript.obj
 0001:00003e70       ??_E?$CTRefString@VCAnsiString@string@wylib@@D@string@wylib@@UEAAPEAXI@Z 0000000140004e70 f i  CIL library: CIL module
 0001:00003e70       ??_G?$CTRefString@VCAnsiString@string@wylib@@D@string@wylib@@UEAAPEAXI@Z 0000000140004e70 f i srvlib_x64:CustomLuaScript.obj
 0001:00003eb0       ??_G?$CRefObject@VCAnsiString@string@wylib@@@misc@wylib@@UEAAPEAXI@Z 0000000140004eb0 f i srvlib_x64:CustomLuaScript.obj
 0001:00003eb0       ??_E?$CRefObject@VCAnsiString@string@wylib@@@misc@wylib@@UEAAPEAXI@Z 0000000140004eb0 f i  CIL library: CIL module
 0001:00003ef0       ??0?$CRefObject@VCAnsiString@string@wylib@@@misc@wylib@@QEAA@XZ 0000000140004ef0 f i srvlib_x64:CustomLuaScript.obj
 0001:00003f20       ??_GCCustomServerClientSocket@@UEAAPEAXI@Z 0000000140004f20 f i srvlib_x64:CustomServerClientSocket.obj
 0001:00003f20       ??_ECCustomServerClientSocket@@UEAAPEAXI@Z 0000000140004f20 f i  CIL library: CIL module
 0001:00003f60       ??0?$Counter@VCCustomServerClientSocket@@@@QEAA@XZ 0000000140004f60 f i srvlib_x64:CustomServerClientSocket.obj
 0001:00003f80       ??1?$Counter@VCCustomServerClientSocket@@@@QEAA@XZ 0000000140004f80 f i srvlib_x64:CustomServerClientSocket.obj
 0001:00003fa0       ?addToStat@?$Counter@VCCustomServerClientSocket@@@@IEAAXXZ 0000000140004fa0 f i srvlib_x64:CustomServerClientSocket.obj
 0001:00004000       ?getCount@?$Counter@VCCustomServerClientSocket@@@@SA_KXZ 0000000140005000 f i srvlib_x64:CustomServerClientSocket.obj
 0001:00004010       ?Run@CCustomServerClientSocket@@QEAAXXZ 0000000140005010 f i srvlib_x64:CustomServerSocket.obj
 0001:00004030       ??_GCCustomServerSocket@@UEAAPEAXI@Z 0000000140005030 f i srvlib_x64:CustomServerSocket.obj
 0001:00004030       ??_ECCustomServerSocket@@UEAAPEAXI@Z 0000000140005030 f i  CIL library: CIL module
 0001:00004070       ??0?$CQueueList@PEAVCCustomServerClientSocket@@@container@wylib@@QEAA@XZ 0000000140005070 f i srvlib_x64:CustomServerSocket.obj
 0001:000040b0       ??1?$CQueueList@PEAVCCustomServerClientSocket@@@container@wylib@@UEAA@XZ 00000001400050b0 f i srvlib_x64:CustomServerSocket.obj
 0001:000040e0       ??_G?$CQueueList@PEAVCCustomServerClientSocket@@@container@wylib@@UEAAPEAXI@Z 00000001400050e0 f i srvlib_x64:CustomServerSocket.obj
 0001:000040e0       ??_E?$CQueueList@PEAVCCustomServerClientSocket@@@container@wylib@@UEAAPEAXI@Z 00000001400050e0 f i  CIL library: CIL module
 0001:00004120       ??1?$CLockList@PEAVCCustomServerClientSocket@@@container@wylib@@UEAA@XZ 0000000140005120 f i srvlib_x64:CustomServerSocket.obj
 0001:00004140       ??0?$CLockList@PEAVCCustomServerClientSocket@@@container@wylib@@QEAA@PEAVCBaseLock@lock@sync@2@@Z 0000000140005140 f i srvlib_x64:CustomServerSocket.obj
 0001:00004180       ??0?$CBaseList@PEAVCCustomServerClientSocket@@@container@wylib@@QEAA@XZ 0000000140005180 f i srvlib_x64:CustomServerSocket.obj
 0001:000041d0       ??1?$CBaseList@PEAVCCustomServerClientSocket@@@container@wylib@@UEAA@XZ 00000001400051d0 f i srvlib_x64:CustomServerSocket.obj
 0001:00004200       ?remove@?$CBaseList@PEAV?$CRefObjectImpl@VCAnsiString@string@wylib@@@misc@wylib@@@container@wylib@@QEAAX_J@Z 0000000140005200 f i srvlib_x64:CustomLuaConfig.obj
 0001:00004200       ?remove@?$CBaseList@PEAVCCustomServerClientSocket@@@container@wylib@@QEAAX_J@Z 0000000140005200 f i srvlib_x64:CustomServerSocket.obj
 0001:00004240       ??_E?$CLockList@PEAVCCustomServerClientSocket@@@container@wylib@@UEAAPEAXI@Z 0000000140005240 f i  CIL library: CIL module
 0001:00004240       ??_G?$CLockList@PEAVCCustomServerClientSocket@@@container@wylib@@UEAAPEAXI@Z 0000000140005240 f i srvlib_x64:CustomServerSocket.obj
 0001:00004280       ??_E?$CBaseList@PEAVCCustomServerClientSocket@@@container@wylib@@UEAAPEAXI@Z 0000000140005280 f i  CIL library: CIL module
 0001:00004280       ??_G?$CBaseList@PEAVCCustomServerClientSocket@@@container@wylib@@UEAAPEAXI@Z 0000000140005280 f i srvlib_x64:CustomServerSocket.obj
 0001:000042c0       ?remove@?$CBaseList@PEAV?$CRefObjectImpl@VCAnsiString@string@wylib@@@misc@wylib@@@container@wylib@@QEAAX_J0@Z 00000001400052c0 f i srvlib_x64:CustomLuaConfig.obj
 0001:000042c0       ?remove@?$CBaseList@PEAVCCustomServerClientSocket@@@container@wylib@@QEAAX_J0@Z 00000001400052c0 f i srvlib_x64:CustomServerSocket.obj
 0001:00004360       _tcschr                    0000000140005360 f i srvlib_x64:NameAllocator.obj
 0001:00004390       ??_GCNameAllocator@@UEAAPEAXI@Z 0000000140005390 f i srvlib_x64:NameAllocator.obj
 0001:00004390       ??_ECNameAllocator@@UEAAPEAXI@Z 0000000140005390 f i  CIL library: CIL module
 0001:000043d0       ??0?$CBaseList@PEBD@container@wylib@@QEAA@XZ 00000001400053d0 f i srvlib_x64:NameAllocator.obj
 0001:00004420       ??1?$CBaseList@PEBD@container@wylib@@UEAA@XZ 0000000140005420 f i srvlib_x64:NameAllocator.obj
 0001:00004450       ??0?$CBaseList@_N@container@wylib@@QEAA@XZ 0000000140005450 f i srvlib_x64:NameAllocator.obj
 0001:000044a0       ??1?$CBaseList@_N@container@wylib@@UEAA@XZ 00000001400054a0 f i srvlib_x64:NameAllocator.obj
 0001:000044d0       ?reserve@?$CBaseList@_N@container@wylib@@UEAAX_J@Z 00000001400054d0 f i srvlib_x64:NameAllocator.obj
 0001:00004530       ??_E?$CBaseList@PEBD@container@wylib@@UEAAPEAXI@Z 0000000140005530 f i  CIL library: CIL module
 0001:00004530       ??_G?$CBaseList@PEBD@container@wylib@@UEAAPEAXI@Z 0000000140005530 f i srvlib_x64:NameAllocator.obj
 0001:00004570       ??_G?$CBaseList@_N@container@wylib@@UEAAPEAXI@Z 0000000140005570 f i srvlib_x64:NameAllocator.obj
 0001:00004570       ??_E?$CBaseList@_N@container@wylib@@UEAAPEAXI@Z 0000000140005570 f i  CIL library: CIL module
 0001:000045b0       ?_tcsstr@@YAPEADPEADPEBD@Z 00000001400055b0 f i srvlib_x64:WinService.obj
 0001:000045e0       ??_GCWinService@@UEAAPEAXI@Z 00000001400055e0 f i srvlib_x64:WinService.obj
 0001:000045e0       ??_ECWinService@@UEAAPEAXI@Z 00000001400055e0 f i  CIL library: CIL module
 0001:00004620       ?readBuf@CDataPacketReader@@QEAA_KPEAX_K@Z 0000000140005620 f i servercommon_x64:CustomJXClientSocket.obj
 0001:000046b0       ??0CDataPacketReader@@QEAA@PEBX_K@Z 00000001400056b0 f i servercommon_x64:CustomJXClientSocket.obj
 0001:00004720       ?GetClientName@CCustomClientSocket@@QEAAPEBDXZ 0000000140005720 f i servercommon_x64:CustomJXClientSocket.obj
 0001:00004740       ??$?6G@CDataPacket@@QEAAAEAV0@G@Z 0000000140005740 f i servercommon_x64:CustomJXClientSocket.obj
 0001:00004740       ??$?6_W@CDataPacket@@QEAAAEAV0@_W@Z 0000000140005740 f i servercommon_x64:FileLogger.obj
 0001:00004790       ??$?5G@CDataPacketReader@@QEAAAEAV0@AEAG@Z 0000000140005790 f i servercommon_x64:CustomJXClientSocket.obj
 0001:000047e0       ??$readAtom@G@CDataPacketReader@@QEAAGXZ 00000001400057e0 f i servercommon_x64:CustomJXClientSocket.obj
 0001:000048a0       ?linkAfter@?$CBaseLinkedList@PEBVHandleMgrStat@@@container@wylib@@QEAAPEAV?$CLinkedNode@PEBVHandleMgrStat@@@23@AEBQEBVHandleMgrStat@@PEAV423@@Z 00000001400058a0 f i servercommon_x64:HandleStat.obj
 0001:000048a0       ?linkAfter@?$CBaseLinkedList@PEAVCActorCacheData@@@container@wylib@@QEAAPEAV?$CLinkedNode@PEAVCActorCacheData@@@23@AEBQEAVCActorCacheData@@PEAV423@@Z 00000001400058a0 f i DBDataCache.obj
 0001:000049c0       ??0?$CLinkedListIterator@PEBVHandleMgrStat@@@container@wylib@@QEAA@AEAV?$CBaseLinkedList@PEBVHandleMgrStat@@@12@@Z 00000001400059c0 f i servercommon_x64:HandleStat.obj
 0001:00004a20       ?remove@?$CLinkedListIterator@PEAVCActorCacheData@@@container@wylib@@QEAAXPEAV?$CLinkedNode@PEAVCActorCacheData@@@23@H@Z 0000000140005a20 f i DBDataCache.obj
 0001:00004a20       ?remove@?$CLinkedListIterator@PEBVHandleMgrStat@@@container@wylib@@QEAAXPEAV?$CLinkedNode@PEBVHandleMgrStat@@@23@H@Z 0000000140005a20 f i servercommon_x64:HandleStat.obj
 0001:00004a70       ?first@?$CLinkedListIterator@PEBVHandleMgrStat@@@container@wylib@@QEAAPEAV?$CLinkedNode@PEBVHandleMgrStat@@@23@XZ 0000000140005a70 f i servercommon_x64:HandleStat.obj
 0001:00004aa0       ?setList@?$CLinkedListIterator@PEBVHandleMgrStat@@@container@wylib@@QEAAXAEAV?$CBaseLinkedList@PEBVHandleMgrStat@@@23@@Z 0000000140005aa0 f i servercommon_x64:HandleStat.obj
 0001:00004b30       ??_G?$CLinkedListIterator@PEBVHandleMgrStat@@@container@wylib@@QEAAPEAXI@Z 0000000140005b30 f i servercommon_x64:HandleStat.obj
 0001:00004b70       ?GetRemoteHost@CCustomServerClientSocket@@QEAAPEBDXZ 0000000140005b70 f i servercommon_x64:CustomJXServerClientSocket.obj
 0001:00004b90       ?GetRemotePort@CCustomServerClientSocket@@QEAAHXZ 0000000140005b90 f i servercommon_x64:CustomJXServerClientSocket.obj
 0001:00004bb0       ?getServerTypeName@jxSrvDef@@YAPEBDW4tagServerType@1@@Z 0000000140005bb0 f i servercommon_x64:CustomJXServerClientSocket.obj
 0001:00004c40       ?getClientName@CCustomJXServerClientSocket@@QEAAPEBDXZ 0000000140005c40 f i servercommon_x64:CustomJXServerClientSocket.obj
 0001:00004c60       ?OnThreadStarted@CKBaseThread@thread@wylib@@MEAAXXZ 0000000140005c60 f i DBDataClientHandler.obj
 0001:00004c60       ?OnStackWalkStart@StackWalker@@MEAAXXZ 0000000140005c60 f i srvlib_x64:StackWalker.obj
 0001:00004c60       ??1?$_String_val@DV?$allocator@D@std@@@std@@QEAA@XZ 0000000140005c60 f i main.obj
 0001:00004c60       ?OnRegDataValidated@CCustomJXServerClientSocket@@MEAAXXZ 0000000140005c60 f i servercommon_x64:CustomJXServerClientSocket.obj
 0001:00004c60       ?_Assert@CDataPacket@@QEAAXXZ 0000000140005c60 f i srvlib_x64:CustomWorkSocket.obj
 0001:00004c60       ?OnStackWalkEnd@StackWalker@@MEAAXXZ 0000000140005c60 f i srvlib_x64:StackWalker.obj
 0001:00004c60       ??$_Destroy@U?$pair@$$CBIPEAVCActorCacheData@@@std@@@std@@YAXPEAU?$pair@$$CBIPEAVCActorCacheData@@@0@@Z 0000000140005c60 f i DBDataCache.obj
 0001:00004c70       ??_GCCustomJXServerClientSocket@@UEAAPEAXI@Z 0000000140005c70 f i servercommon_x64:CustomJXServerClientSocket.obj
 0001:00004c70       ??_ECCustomJXServerClientSocket@@UEAAPEAXI@Z 0000000140005c70 f i  CIL library: CIL module
 0001:00004cb0       ??1CCustomJXServerClientSocket@@UEAA@XZ 0000000140005cb0 f i servercommon_x64:CustomJXServerClientSocket.obj
 0001:00004cd0       ?terminated@CBaseThread@thread@wylib@@IEAA_NXZ 0000000140005cd0 f i servercommon_x64:FileLogger.obj
 0001:00004ce0       ?readString@CDataPacketReader@@QEAA_KPEAD_K@Z 0000000140005ce0 f i servercommon_x64:FileLogger.obj
 0001:00004d10       ??5CDataPacketReader@@QEAAAEAV0@AEAPEBD@Z 0000000140005d10 f i servercommon_x64:FileLogger.obj
 0001:00004d40       ??0COPMToFile@@QEAA@PEBD@Z 0000000140005d40 f i servercommon_x64:FileLogger.obj
 0001:00004eb0       ?addRef@COPMToFile@@QEAAJXZ 0000000140005eb0 f i servercommon_x64:FileLogger.obj
 0001:00004ed0       ?release@COPMToFile@@QEAAJXZ 0000000140005ed0 f i servercommon_x64:FileLogger.obj
 0001:00004f60       ??1COPMToFile@@UEAA@XZ     0000000140005f60 f i servercommon_x64:FileLogger.obj
 0001:000051f0       ?addMsg@COPMToFile@@QEAAXW4tagShareOutputMsgType@@PEBD_J@Z 00000001400061f0 f i servercommon_x64:FileLogger.obj
 0001:00005430       ?OnRountine@COPMToFile@@MEAAXXZ 0000000140006430 f i servercommon_x64:FileLogger.obj
 0001:000054b0       ?ProcessMessages@COPMToFile@@IEAAXXZ 00000001400064b0 f i servercommon_x64:FileLogger.obj
 0001:000057a0       ?writeMessage@COPMToFile@@IEAAXW4tagShareOutputMsgType@@PEBD_K12@Z 00000001400067a0 f i servercommon_x64:FileLogger.obj
 0001:00005a70       ?displayMessage@COPMToFile@@IEAAXW4tagShareOutputMsgType@@PEBD1_K@Z 0000000140006a70 f i servercommon_x64:FileLogger.obj
 0001:00005b00       ?convertToUTF8@COPMToFile@@IEAA_KPEBD_KPEAD1@Z 0000000140006b00 f i servercommon_x64:FileLogger.obj
 0001:00005c10       ?convertToACP@COPMToFile@@IEAA_KPEBD_KPEAD1@Z 0000000140006c10 f i servercommon_x64:FileLogger.obj
 0001:00005d60       ?DumpImpl@COPMToFile@@IEAAXXZ 0000000140006d60 f i servercommon_x64:FileLogger.obj
 0001:00006220       ??_ECOPMToFile@@UEAAPEAXI@Z 0000000140007220 f i  CIL library: CIL module
 0001:00006220       ??_GCOPMToFile@@UEAAPEAXI@Z 0000000140007220 f i servercommon_x64:FileLogger.obj
 0001:00006260       ?appendCount@?$CQueueList@PEAVCDataPacket@@@container@wylib@@QEAA_JXZ 0000000140007260 f i servercommon_x64:FileLogger.obj
 0001:00006280       ??$rawReadStringLen@PEADG@CDataPacketReader@@IEAA_KPEAD_K@Z 0000000140007280 f i servercommon_x64:FileLogger.obj
 0001:00006420       ??$rawReadStringPtr@DG@CDataPacketReader@@IEAAPEBDXZ 0000000140007420 f i servercommon_x64:FileLogger.obj
 0001:000064b0       ??$?5W4tagShareOutputMsgType@@@CDataPacketReader@@QEAAAEAV0@AEAW4tagShareOutputMsgType@@@Z 00000001400074b0 f i servercommon_x64:FileLogger.obj
 0001:00006500       ??$?5U_SYSTEMTIME@@@CDataPacketReader@@QEAAAEAV0@AEAU_SYSTEMTIME@@@Z 0000000140007500 f i servercommon_x64:FileLogger.obj
 0001:00006570       ??$writeAtom@_W@CDataPacket@@QEAAX_W@Z 0000000140007570 f i servercommon_x64:FileLogger.obj
 0001:00006570       ??$writeAtom@G@CDataPacket@@QEAAXG@Z 0000000140007570 f i servercommon_x64:CustomJXClientSocket.obj
 0001:00006620       ??$readAtom@W4tagShareOutputMsgType@@@CDataPacketReader@@QEAA?AW4tagShareOutputMsgType@@XZ 0000000140007620 f i servercommon_x64:FileLogger.obj
 0001:000066e0       ??$readAtom@U_SYSTEMTIME@@@CDataPacketReader@@QEAA?AU_SYSTEMTIME@@XZ 00000001400076e0 f i servercommon_x64:FileLogger.obj
 0001:000067e0       ??_ECOPMToFile@@WBI@EAAPEAXI@Z 00000001400077e0 f i servercommon_x64:FileLogger.obj
 0001:000067f0       ?LoadBrotherGroupList@CLogicDBReqestHandler@@QEAAXAEAVCDataPacketReader@@@Z 00000001400077f0 f   BrotherData.obj
 0001:00006af0       ?LoadBrothGroupDetail@CLogicDBReqestHandler@@QEAAXAEAVCDataPacketReader@@@Z 0000000140007af0 f   BrotherData.obj
 0001:00006e90       ?AddBrothGroup@CLogicDBReqestHandler@@QEAAXAEAVCDataPacketReader@@@Z 0000000140007e90 f   BrotherData.obj
 0001:000070b0       ?SaveBrother@CLogicDBReqestHandler@@QEAAXAEAVCDataPacketReader@@@Z 00000001400080b0 f   BrotherData.obj
 0001:00007250       ?DeleteBrotherGroup@CLogicDBReqestHandler@@QEAAXAEAVCDataPacketReader@@@Z 0000000140008250 f   BrotherData.obj
 0001:000073d0       ?UpdateBrotherGroup@CLogicDBReqestHandler@@QEAAXAEAVCDataPacketReader@@@Z 00000001400083d0 f   BrotherData.obj
 0001:000075a0       ?QueryMyBrother@CLogicDBReqestHandler@@QEAAX_KHH@Z 00000001400085a0 f   BrotherData.obj
 0001:00007780       ??$?6D@CDataPacket@@QEAAAEAV0@D@Z 0000000140008780 f i DBCenterClient.obj
 0001:00007780       ??$?6E@CDataPacket@@QEAAAEAV0@E@Z 0000000140008780 f i BrotherData.obj
 0001:000077d0       ??$?6_J@CDataPacket@@QEAAAEAV0@_J@Z 00000001400087d0 f i BrotherData.obj
 0001:000077d0       ??$?6UtagGuildSkill@@@CDataPacket@@QEAAAEAV0@UtagGuildSkill@@@Z 00000001400087d0 f i GuildData.obj
 0001:000077d0       ??$?6TItemSeries@CUserItem@@@CDataPacket@@QEAAAEAV0@TItemSeries@CUserItem@@@Z 00000001400087d0 f i FriendData.obj
 0001:000077d0       ??$?6_K@CDataPacket@@QEAAAEAV0@_K@Z 00000001400087d0 f i DBDataClient.obj
 0001:00007820       ??$?5_J@CDataPacketReader@@QEAAAEAV0@AEA_J@Z 0000000140008820 f i BrotherData.obj
 0001:00007820       ??$?5_K@CDataPacketReader@@QEAAAEAV0@AEA_K@Z 0000000140008820 f i GateDBRequestHandler.obj
 0001:00007870       ??$?6W4tagShareOutputMsgType@@@CDataPacket@@QEAAAEAV0@W4tagShareOutputMsgType@@@Z 0000000140008870 f i servercommon_x64:FileLogger.obj
 0001:00007870       ??$?6H@CDataPacket@@QEAAAEAV0@H@Z 0000000140008870 f i BrotherData.obj
 0001:00007870       ??$?6W4tagResultError@DbServerProto@jxInterSrvComm@@@CDataPacket@@QEAAAEAV0@W4tagResultError@DbServerProto@jxInterSrvComm@@@Z 0000000140008870 f i DBDataCache.obj
 0001:00007870       ??$?6I@CDataPacket@@QEAAAEAV0@I@Z 0000000140008870 f i BrotherData.obj
 0001:000078c0       ??$?5H@CDataPacketReader@@QEAAAEAV0@AEAH@Z 00000001400088c0 f i BrotherData.obj
 0001:000078c0       ??$?5I@CDataPacketReader@@QEAAAEAV0@AEAI@Z 00000001400088c0 f i BrotherData.obj
 0001:000078c0       ??$?5W4tagNameServerOPError@NameServerProto@jxInterSrvComm@@@CDataPacketReader@@QEAAAEAV0@AEAW4tagNameServerOPError@NameServerProto@jxInterSrvComm@@@Z 00000001400088c0 f i DBNSClient.obj
 0001:00007910       ??$writeAtom@W4tagResultError@DbServerProto@jxInterSrvComm@@@CDataPacket@@QEAAXW4tagResultError@DbServerProto@jxInterSrvComm@@@Z 0000000140008910 f i DBDataCache.obj
 0001:00007910       ??$writeAtom@I@CDataPacket@@QEAAXI@Z 0000000140008910 f i BrotherData.obj
 0001:00007910       ??$writeAtom@W4tagShareOutputMsgType@@@CDataPacket@@QEAAXW4tagShareOutputMsgType@@@Z 0000000140008910 f i servercommon_x64:FileLogger.obj
 0001:00007910       ??$writeAtom@H@CDataPacket@@QEAAXH@Z 0000000140008910 f i BrotherData.obj
 0001:000079c0       ??$writeAtom@_K@CDataPacket@@QEAAX_K@Z 00000001400089c0 f i DBDataClient.obj
 0001:000079c0       ??$writeAtom@UtagGuildSkill@@@CDataPacket@@QEAAXUtagGuildSkill@@@Z 00000001400089c0 f i GuildData.obj
 0001:000079c0       ??$writeAtom@TItemSeries@CUserItem@@@CDataPacket@@QEAAXTItemSeries@CUserItem@@@Z 00000001400089c0 f i FriendData.obj
 0001:000079c0       ??$writeAtom@_J@CDataPacket@@QEAAX_J@Z 00000001400089c0 f i BrotherData.obj
 0001:00007a70       ??$readAtom@_K@CDataPacketReader@@QEAA_KXZ 0000000140008a70 f i GateDBRequestHandler.obj
 0001:00007a70       ??$readAtom@_J@CDataPacketReader@@QEAA_JXZ 0000000140008a70 f i BrotherData.obj
 0001:00007b30       ??$readAtom@I@CDataPacketReader@@QEAAIXZ 0000000140008b30 f i BrotherData.obj
 0001:00007b30       ??$readAtom@H@CDataPacketReader@@QEAAHXZ 0000000140008b30 f i BrotherData.obj
 0001:00007b30       ??$readAtom@W4tagNameServerOPError@NameServerProto@jxInterSrvComm@@@CDataPacketReader@@QEAA?AW4tagNameServerOPError@NameServerProto@jxInterSrvComm@@XZ 0000000140008b30 f i DBNSClient.obj
 0001:00007bf0       ?getPositionPtr@CDataPacketReader@@QEAAPEAD_K@Z 0000000140008bf0 f i BrotherData.obj
 0001:00007c10       ?writeString@CDataPacket@@QEAAXPEBD_K@Z 0000000140008c10 f i BrotherData.obj
 0001:00007c40       ?Connected@CSQLConenction@@QEAAHXZ 0000000140008c40 f i BrotherData.obj
 0001:00007c60       ?GetRowCount@CSQLConenction@@QEAAHXZ 0000000140008c60 f i BrotherData.obj
 0001:00007c80       ?CurrentRow@CSQLConenction@@QEAAPEAPEADXZ 0000000140008c80 f i BrotherData.obj
 0001:00007ca0       ?NextRow@CSQLConenction@@QEAAPEAPEADXZ 0000000140008ca0 f i BrotherData.obj
 0001:00007cf0       ?hashlstr@CTimeProfRecord@@SAIPEBD_K@Z 0000000140008cf0 f i BrotherData.obj
 0001:00007d80       ??$rawWriteStringLen@G@CDataPacket@@IEAAXPEBD_K@Z 0000000140008d80 f i BrotherData.obj
 0001:00007e00       ??$writeAtom@E@CDataPacket@@QEAAXE@Z 0000000140008e00 f i BrotherData.obj
 0001:00007e00       ??$writeAtom@D@CDataPacket@@QEAAXD@Z 0000000140008e00 f i BrotherData.obj
 0001:00007eb0       ??0EntityHandle@@QEAA@XZ   0000000140008eb0 f i BrotherData.obj
 0001:00007ee0       ??0?$Counter@VEntityHandle@@@@QEAA@XZ 0000000140008ee0 f i BrotherData.obj
 0001:00007f00       ?addToStat@?$Counter@VEntityHandle@@@@IEAAXXZ 0000000140008f00 f i BrotherData.obj
 0001:00007f60       ?getCount@?$Counter@VEntityHandle@@@@SA_KXZ 0000000140008f60 f i BrotherData.obj
 0001:00007f70       ??1EntityHandle@@QEAA@XZ   0000000140008f70 f i BrotherData.obj
 0001:00007f90       ??1?$Counter@VEntityHandle@@@@QEAA@XZ 0000000140008f90 f i BrotherData.obj
 0001:00007fb0       ?CustomExceptHandler@@YAKQEAU_EXCEPTION_POINTERS@@@Z 0000000140008fb0 f   CustomExceptHander.obj
 0001:00008060       ??0CustomStackWalker@@QEAA@XZ 0000000140009060 f i CustomExceptHander.obj
 0001:000080c0       ?OnStackWalkStart@CustomStackWalker@@UEAAXXZ 00000001400090c0 f i CustomExceptHander.obj
 0001:00008200       ?OnStackWalkEnd@CustomStackWalker@@UEAAXXZ 0000000140009200 f i CustomExceptHander.obj
 0001:00008270       ?OnOutput@CustomStackWalker@@UEAAXPEBD@Z 0000000140009270 f i CustomExceptHander.obj
 0001:000082d0       ??_GCustomStackWalker@@UEAAPEAXI@Z 00000001400092d0 f i CustomExceptHander.obj
 0001:000082d0       ??_ECustomStackWalker@@UEAAPEAXI@Z 00000001400092d0 f i CustomExceptHander.obj
 0001:00008310       ??1CustomStackWalker@@UEAA@XZ 0000000140009310 f i CustomExceptHander.obj
 0001:00008330       ??$sprintf_s@$0BAE@@@YAHAEAY0BAE@DPEBDZZ 0000000140009330 f i CustomExceptHander.obj
 0001:00008380       ??0CDBCenterClient@@QEAA@PEAVCDBServer@@@Z 0000000140009380 f   DBCenterClient.obj
 0001:000084a0       ??1CDBCenterClient@@UEAA@XZ 00000001400094a0 f   DBCenterClient.obj
 0001:000085f0       ?AllocDataPacket@CDBCenterClient@@UEAAAEAVCDataPacket@@G@Z 00000001400095f0 f   DBCenterClient.obj
 0001:00008630       ?FlushDataPacket@CDBCenterClient@@UEAAXAEAVCDataPacket@@@Z 0000000140009630 f   DBCenterClient.obj
 0001:00008670       ?Init@CDBCenterClient@@QEAAXXZ 0000000140009670 f   DBCenterClient.obj
 0001:00008730       ?Stop@CDBCenterClient@@QEAAXXZ 0000000140009730 f   DBCenterClient.obj
 0001:00008760       ?DispatchInternalMessage@CDBCenterClient@@MEAAXI_K000@Z 0000000140009760 f   DBCenterClient.obj
 0001:000087b0       ?PostUpdateLogicClientList@CDBCenterClient@@QEAAXAEBV?$CBaseList@H@container@wylib@@@Z 00000001400097b0 f   DBCenterClient.obj
 0001:00008870       ?UpdateLogicClientList@CDBCenterClient@@QEAAX_JPEAH@Z 0000000140009870 f   DBCenterClient.obj
 0001:00008950       ?OnDispatchRecvPacket@CDBCenterClient@@MEAAXGAEAVCDataPacketReader@@@Z 0000000140009950 f   DBCenterClient.obj
 0001:00008aa0       ?HandleDBGateRequest@CDBCenterClient@@IEAAXAEAVCDataPacketReader@@@Z 0000000140009aa0 f   DBCenterClient.obj
 0001:00008b30       ?OnRecvEnterGame@CDBCenterClient@@IEAAXAEAVCDataPacketReader@@@Z 0000000140009b30 f   DBCenterClient.obj
 0001:00008dd0       ?OnRecvQueryActorList@CDBCenterClient@@IEAAXAEAVCDataPacketReader@@@Z 0000000140009dd0 f   DBCenterClient.obj
 0001:00008ea0       ?HandleLogicRequest@CDBCenterClient@@IEAAXAEAVCDataPacketReader@@@Z 0000000140009ea0 f   DBCenterClient.obj
 0001:00008ef0       ?getLocalServerType@CDBCenterClient@@MEAA?AW4tagServerType@jxSrvDef@@XZ 0000000140009ef0 f   DBCenterClient.obj
 0001:00008f10       ?getLocalServerIndex@CDBCenterClient@@MEAAHXZ 0000000140009f10 f   DBCenterClient.obj
 0001:00008f90       ?getLocalServerName@CDBCenterClient@@MEAAPEBDXZ 0000000140009f90 f   DBCenterClient.obj
 0001:00008fc0       ?AllocSendPacket@CDBCenterClient@@IEAAPEAVCDataPacket@@XZ 0000000140009fc0 f   DBCenterClient.obj
 0001:00009070       ?FreeBackUserDataPacket@CDBCenterClient@@QEAAXPEAVCDataPacket@@@Z 000000014000a070 f   DBCenterClient.obj
 0001:000090a0       ??_ECDBCenterClient@@UEAAPEAXI@Z 000000014000a0a0 f i DBCenterClient.obj
 0001:000090a0       ??_GCDBCenterClient@@UEAAPEAXI@Z 000000014000a0a0 f i DBCenterClient.obj
 0001:000090e0       ??0CCustomJXClientSocket@@QEAA@XZ 000000014000a0e0 f i DBCenterClient.obj
 0001:00009110       ??1CCustomJXClientSocket@@UEAA@XZ 000000014000a110 f i DBCenterClient.obj
 0001:00009130       ??0ILogicDBRequestHost@@QEAA@XZ 000000014000a130 f i DBCenterClient.obj
 0001:00009150       ??_ECCustomJXClientSocket@@UEAAPEAXI@Z 000000014000a150 f i DBCenterClient.obj
 0001:00009150       ??_GCCustomJXClientSocket@@UEAAPEAXI@Z 000000014000a150 f i DBCenterClient.obj
 0001:00009190       ?pop@?$CBaseList@PEAVCDataPacket@@@container@wylib@@QEAAPEAVCDataPacket@@XZ 000000014000a190 f i DBCenterClient.obj
 0001:00009190       ?pop@?$CBaseList@PEAVCTimeProfRecord@@@container@wylib@@QEAAPEAVCTimeProfRecord@@XZ 000000014000a190 f i srvlib_x64:TimeStat.obj
 0001:00009200       ?setPosition@CDataPacketReader@@QEAA_K_K@Z 000000014000a200 f i DBCenterClient.obj
 0001:00009260       ?GetSQLConnection@CDBDataServer@@QEAAPEAVCSQLConenction@@XZ 000000014000a260 f i DBCenterClient.obj
 0001:00009280       ?getDataServer@CDBServer@@QEAAPEAVCDBDataServer@@XZ 000000014000a280 f i DBCenterClient.obj
 0001:000092a0       ?getServerIndex@CDBServer@@QEAAHXZ 000000014000a2a0 f i DBCenterClient.obj
 0001:000092c0       ?GetSpid@CDBServer@@QEAAHXZ 000000014000a2c0 f i DBCenterClient.obj
 0001:000092e0       ?CatchCreateGuild@CDBCenterClient@@UEAAHIPEBD0H_KE_J@Z 000000014000a2e0 f i DBCenterClient.obj
 0001:00009300       ??0CDBConfig@@QEAA@XZ      000000014000a300 f   DBConfig.obj
 0001:00009340       ??1CDBConfig@@UEAA@XZ      000000014000a340 f   DBConfig.obj
 0001:00009370       ?LoadCrossServerConfig@CDBConfig@@QEAA_NXZ 000000014000a370 f   DBConfig.obj
 0001:00009380       ?ReadConfig@CDBConfig@@QEAA_NXZ 000000014000a380 f   DBConfig.obj
 0001:000099c0       ?ShowError@CDBConfig@@IEAAXQEBD@Z 000000014000a9c0 f   DBConfig.obj
 0001:00009a50       ??_ECDBConfig@@UEAAPEAXI@Z 000000014000aa50 f i DBConfig.obj
 0001:00009a50       ??_GCDBConfig@@UEAAPEAXI@Z 000000014000aa50 f i DBConfig.obj
 0001:00009a90       ??0?$CTRefString@VCAnsiString@string@wylib@@D@string@wylib@@QEAA@AEBV012@@Z 000000014000aa90 f i DBConfig.obj
 0001:00009af0       ??Y?$CTRefString@VCAnsiString@string@wylib@@D@string@wylib@@QEAAXPEBD@Z 000000014000aaf0 f i DBConfig.obj
 0001:00009bc0       ??B?$CTRefString@VCAnsiString@string@wylib@@D@string@wylib@@QEBAPEBDXZ 000000014000abc0 f i DBConfig.obj
 0001:00009bc0       ?rawStr@?$CTRefString@VCAnsiString@string@wylib@@D@string@wylib@@QEAAPEADXZ 000000014000abc0 f i DBConfig.obj
 0001:00009c00       ??0?$CRefObject@VCAnsiString@string@wylib@@@misc@wylib@@QEAA@AEAV012@@Z 000000014000ac00 f i DBConfig.obj
 0001:00009c60       ??4CAnsiString@string@wylib@@QEAAXAEBV012@@Z 000000014000ac60 f i DBConfig.obj
 0001:00009ca0       ?PostponeNextSaveTick@CActorCacheData@@QEAAXXZ 000000014000aca0 f   DBDataCache.obj
 0001:00009cd0       ?GetCmdIdByCDT@CDBDataCache@@IEAAGW4enActorCacheDataType@@@Z 000000014000acd0 f   DBDataCache.obj
 0001:00009d10       ??0CDBDataCache@@QEAA@XZ   000000014000ad10 f   DBDataCache.obj
 0001:00009e00       ?SetDBClient@CDBDataCache@@QEAAXPEAVILogicDBRequestHost@@PEAVCDBDataClientHandler@@@Z 000000014000ae00 f   DBDataCache.obj
 0001:00009e40       ?CacheData@CDBDataCache@@QEAA_NW4enActorCacheDataType@@AEAVCDataPacketReader@@@Z 000000014000ae40 f   DBDataCache.obj
 0001:0000a040       ?GetActorId@CDBDataCache@@IEAAIAEAVCDataPacketReader@@_J@Z 000000014000b040 f   DBDataCache.obj
 0001:0000a0d0       ?GetActorDataByte@CDBDataCache@@IEAAIAEAVCDataPacketReader@@_J@Z 000000014000b0d0 f   DBDataCache.obj
 0001:0000a160       ?OnActorLogin@CDBDataCache@@QEAAXAEAVCDataPacketReader@@@Z 000000014000b160 f   DBDataCache.obj
 0001:0000a1a0       ?OnActorLogout@CDBDataCache@@QEAAXAEAVCDataPacketReader@@@Z 000000014000b1a0 f   DBDataCache.obj
 0001:0000a340       ?SaveAllActorDataImmediately@CDBDataCache@@QEAAXXZ 000000014000b340 f   DBDataCache.obj
 0001:0000a390       ?GetLogicDBRequestHandler@CDBDataCache@@IEAAAEAVCLogicDBReqestHandler@@XZ 000000014000b390 f   DBDataCache.obj
 0001:0000a3c0       ?SaveActorBasicData@CDBDataCache@@IEAA_NAEAVCDataPacketReader@@_N@Z 000000014000b3c0 f   DBDataCache.obj
 0001:0000a400       ?SaveBagItemData@CDBDataCache@@IEAA_NAEAVCDataPacketReader@@_N@Z 000000014000b400 f   DBDataCache.obj
 0001:0000a440       ?SaveEquipItemData@CDBDataCache@@IEAA_NAEAVCDataPacketReader@@_N@Z 000000014000b440 f   DBDataCache.obj
 0001:0000a480       ?SaveDepotItemData@CDBDataCache@@IEAA_NAEAVCDataPacketReader@@_N@Z 000000014000b480 f   DBDataCache.obj
 0001:0000a4c0       ?SaveDmkjItemData@CDBDataCache@@IEAA_NAEAVCDataPacketReader@@_N@Z 000000014000b4c0 f   DBDataCache.obj
 0001:0000a500       ?SaveMagicItemData@CDBDataCache@@IEAA_NAEAVCDataPacketReader@@_N@Z 000000014000b500 f   DBDataCache.obj
 0001:0000a540       ?SaveTalentCatchData@CDBDataCache@@IEAA_NAEAVCDataPacketReader@@_N@Z 000000014000b540 f   DBDataCache.obj
 0001:0000a580       ?SaveScabbardCatchData@CDBDataCache@@IEAA_NAEAVCDataPacketReader@@_N@Z 000000014000b580 f   DBDataCache.obj
 0001:0000a5c0       ?SavCombatGameInfoData@CDBDataCache@@IEAA_NAEAVCDataPacketReader@@_N@Z 000000014000b5c0 f   DBDataCache.obj
 0001:0000a600       ?SavCombatRecordData@CDBDataCache@@IEAA_NAEAVCDataPacketReader@@_N@Z 000000014000b600 f   DBDataCache.obj
 0001:0000a640       ?SaveFriendData@CDBDataCache@@IEAA_NAEAVCDataPacketReader@@_N@Z 000000014000b640 f   DBDataCache.obj
 0001:0000a680       ?SaveDiamondData@CDBDataCache@@IEAA_NAEAVCDataPacketReader@@_N@Z 000000014000b680 f   DBDataCache.obj
 0001:0000a6c0       ?SavGamesetData@CDBDataCache@@IEAA_NAEAVCDataPacketReader@@_N@Z 000000014000b6c0 f   DBDataCache.obj
 0001:0000a700       ?SavTimeRideData@CDBDataCache@@IEAA_NAEAVCDataPacketReader@@_N@Z 000000014000b700 f   DBDataCache.obj
 0001:0000a740       ?SaveGodWealthData@CDBDataCache@@IEAA_NAEAVCDataPacketReader@@_N@Z 000000014000b740 f   DBDataCache.obj
 0001:0000a780       ?SavePetItemData@CDBDataCache@@IEAA_NAEAVCDataPacketReader@@_N@Z 000000014000b780 f   DBDataCache.obj
 0001:0000a7c0       ?SaveSkillData@CDBDataCache@@IEAA_NAEAVCDataPacketReader@@_N@Z 000000014000b7c0 f   DBDataCache.obj
 0001:0000a800       ?SaveQuestData@CDBDataCache@@IEAA_NAEAVCDataPacketReader@@_N@Z 000000014000b800 f   DBDataCache.obj
 0001:0000a840       ?SaveGuildData@CDBDataCache@@IEAA_NAEAVCDataPacketReader@@_N@Z 000000014000b840 f   DBDataCache.obj
 0001:0000a880       ?SaveInterActionData@CDBDataCache@@IEAA_NAEAVCDataPacketReader@@_N@Z 000000014000b880 f   DBDataCache.obj
 0001:0000a8a0       ?SaveMiscData@CDBDataCache@@IEAA_NAEAVCDataPacketReader@@_N@Z 000000014000b8a0 f   DBDataCache.obj
 0001:0000a8c0       ?SaveAchieveData@CDBDataCache@@IEAA_NAEAVCDataPacketReader@@_N@Z 000000014000b8c0 f   DBDataCache.obj
 0001:0000a8e0       ?SaveScriptData@CDBDataCache@@IEAA_NAEAVCDataPacketReader@@_N@Z 000000014000b8e0 f   DBDataCache.obj
 0001:0000a920       ?SaveAcupointData@CDBDataCache@@IEAA_NAEAVCDataPacketReader@@_N@Z 000000014000b920 f   DBDataCache.obj
 0001:0000a960       ?SaveGemData@CDBDataCache@@IEAA_NAEAVCDataPacketReader@@_N@Z 000000014000b960 f   DBDataCache.obj
 0001:0000a9a0       ?SaveGemSuitData@CDBDataCache@@IEAA_NAEAVCDataPacketReader@@_N@Z 000000014000b9a0 f   DBDataCache.obj
 0001:0000a9e0       ?SavePetData@CDBDataCache@@IEAA_NAEAVCDataPacketReader@@_N@Z 000000014000b9e0 f   DBDataCache.obj
 0001:0000aa20       ?SavePetSkillData@CDBDataCache@@IEAA_NAEAVCDataPacketReader@@_N@Z 000000014000ba20 f   DBDataCache.obj
 0001:0000aa60       ?SaveData@CDBDataCache@@QEAA_N_N0_J@Z 000000014000ba60 f   DBDataCache.obj
 0001:0000ab90       ?SaveActorDataImmediately@CDBDataCache@@IEAA_NI_N@Z 000000014000bb90 f   DBDataCache.obj
 0001:0000ac50       ?RemoveExpireCache@CDBDataCache@@IEAAXXZ 000000014000bc50 f   DBDataCache.obj
 0001:0000ad60       ?SaveActorDataImpl@CDBDataCache@@IEAA_NAEAVCActorCacheData@@_N_J1@Z 000000014000bd60 f   DBDataCache.obj
 0001:0000af20       ?RunOne@CDBDataCache@@QEAAX_J@Z 000000014000bf20 f   DBDataCache.obj
 0001:0000afb0       ?AllocActorCacheData@CDBDataCache@@IEAAPEAVCActorCacheData@@IAEAV?$Handle@I@@@Z 000000014000bfb0 f   DBDataCache.obj
 0001:0000b080       ?GetActorCacheData@CDBDataCache@@IEAAPEAVCActorCacheData@@AEBV?$Handle@I@@@Z 000000014000c080 f   DBDataCache.obj
 0001:0000b0c0       ?GetActorCacheDataByActorId@CDBDataCache@@IEAAPEAVCActorCacheData@@I@Z 000000014000c0c0 f   DBDataCache.obj
 0001:0000b140       ?FreeActorCacheData@CDBDataCache@@IEAAXAEBV?$Handle@I@@_N@Z 000000014000c140 f   DBDataCache.obj
 0001:0000b260       ?Trace@CDBDataCache@@QEAAXXZ 000000014000c260 f   DBDataCache.obj
 0001:0000b3b0       ??0?$CBaseLinkedList@PEAVCActorCacheData@@@container@wylib@@QEAA@XZ 000000014000c3b0 f i DBDataCache.obj
 0001:0000b400       ?count@?$CBaseLinkedList@PEAVCActorCacheData@@@container@wylib@@QEBA_JXZ 000000014000c400 f i DBDataCache.obj
 0001:0000b410       ??0?$map@IPEAVCActorCacheData@@U?$less@I@std@@V?$allocator@U?$pair@$$CBIPEAVCActorCacheData@@@std@@@3@@std@@QEAA@XZ 000000014000c410 f i DBDataCache.obj
 0001:0000b440       ?find@?$_Tree@V?$_Tmap_traits@IPEAVCActorCacheData@@U?$less@I@std@@V?$allocator@U?$pair@$$CBIPEAVCActorCacheData@@@std@@@3@$0A@@std@@@std@@QEAA?AV?$_Tree_iterator@V?$_Tree_val@V?$_Tmap_traits@IPEAVCActorCacheData@@U?$less@I@std@@V?$allocator@U?$pair@$$CBIPEAVCActorCacheData@@@std@@@3@$0A@@std@@@std@@@2@AEBI@Z 000000014000c440 f i DBDataCache.obj
 0001:0000b500       ??0?$CLinkedListIterator@PEAVCActorCacheData@@@container@wylib@@QEAA@XZ 000000014000c500 f i DBDataCache.obj
 0001:0000b540       ?setList@?$CLinkedListIterator@PEAVCActorCacheData@@@container@wylib@@QEAAXAEAV?$CBaseLinkedList@PEAVCActorCacheData@@@23@@Z 000000014000c540 f i DBDataCache.obj
 0001:0000b5d0       ?next@?$CLinkedListIterator@PEBVHandleMgrStat@@@container@wylib@@QEAAPEAV?$CLinkedNode@PEBVHandleMgrStat@@@23@XZ 000000014000c5d0 f i servercommon_x64:HandleStat.obj
 0001:0000b5d0       ?next@?$CLinkedListIterator@PEAVCActorCacheData@@@container@wylib@@QEAAPEAV?$CLinkedNode@PEAVCActorCacheData@@@23@XZ 000000014000c5d0 f i DBDataCache.obj
 0001:0000b630       ??C?$_Tree_iterator@V?$_Tree_val@V?$_Tmap_traits@IPEAVCActorCacheData@@U?$less@I@std@@V?$allocator@U?$pair@$$CBIPEAVCActorCacheData@@@std@@@3@$0A@@std@@@std@@@std@@QEBAPEAU?$pair@$$CBIPEAVCActorCacheData@@@1@XZ 000000014000c630 f i DBDataCache.obj
 0001:0000b650       ??E?$_Tree_iterator@V?$_Tree_val@V?$_Tmap_traits@IPEAVCActorCacheData@@U?$less@I@std@@V?$allocator@U?$pair@$$CBIPEAVCActorCacheData@@@std@@@3@$0A@@std@@@std@@@std@@QEAAAEAV01@XZ 000000014000c650 f i DBDataCache.obj
 0001:0000b670       ??E?$_Tree_iterator@V?$_Tree_val@V?$_Tmap_traits@IPEAVCActorCacheData@@U?$less@I@std@@V?$allocator@U?$pair@$$CBIPEAVCActorCacheData@@@std@@@3@$0A@@std@@@std@@@std@@QEAA?AV01@H@Z 000000014000c670 f i DBDataCache.obj
 0001:0000b6c0       ??_G?$CLinkedListIterator@PEAVCActorCacheData@@@container@wylib@@QEAAPEAXI@Z 000000014000c6c0 f i DBDataCache.obj
 0001:0000b700       ?getMemory@CMemoryStream@stream@wylib@@QEAAPEAXXZ 000000014000c700 f i srvlib_x64:NameAllocator.obj
 0001:0000b700       ??B?$CBaseList@_N@container@wylib@@QEBAPEA_NXZ 000000014000c700 f i srvlib_x64:NameAllocator.obj
 0001:0000b700       ??B?$CBaseList@H@container@wylib@@QEBAPEAHXZ 000000014000c700 f i DBCenterClient.obj
 0001:0000b700       ??B?$CBaseList@I@container@wylib@@QEBAPEAIXZ 000000014000c700 f i DBDataCache.obj
 0001:0000b700       ??B?$CBaseList@PEAV?$CRefObjectImpl@VCAnsiString@string@wylib@@@misc@wylib@@@container@wylib@@QEBAPEAPEAV?$CRefObjectImpl@VCAnsiString@string@wylib@@@misc@2@XZ 000000014000c700 f i srvlib_x64:CustomLuaConfig.obj
 0001:0000b700       ??B?$CBaseList@V?$CBaseList@VCActorCacheData@@@container@wylib@@@container@wylib@@QEBAPEAV?$CBaseList@VCActorCacheData@@@12@XZ 000000014000c700 f i DBDataCache.obj
 0001:0000b700       ??B?$CBaseList@PEBD@container@wylib@@QEBAPEAPEBDXZ 000000014000c700 f i srvlib_x64:NameAllocator.obj
 0001:0000b700       ?first@?$CBaseLinkedList@PEBVHandleMgrStat@@@container@wylib@@QEAAPEAV?$CLinkedNode@PEBVHandleMgrStat@@@23@XZ 000000014000c700 f i servercommon_x64:HandleStat.obj
 0001:0000b700       ??B?$CBaseList@PEATtagASyncNameOPData@CDBDataClient@@@container@wylib@@QEBAPEAPEATtagASyncNameOPData@CDBDataClient@@XZ 000000014000c700 f i DBDataClient.obj
 0001:0000b700       ??B?$CBaseList@UPlayerJobDistribute@@@container@wylib@@QEBAPEAUPlayerJobDistribute@@XZ 000000014000c700 f i JobZyCountMgr.obj
 0001:0000b700       ?getSocket@CCustomSocket@socket@inet@wylib@@QEAA_KXZ 000000014000c700 f i srvlib_x64:CustomClientSocket.obj
 0001:0000b700       ??B?$CBaseList@PEAVCDBDataClient@@@container@wylib@@QEBAPEAPEAVCDBDataClient@@XZ 000000014000c700 f i DBDataServer.obj
 0001:0000b700       ??B?$CBaseList@PEAVCDataPacket@@@container@wylib@@QEBAPEAPEAVCDataPacket@@XZ 000000014000c700 f i srvlib_x64:SendPackPool.obj
 0001:0000b700       ?rawStr@CAnsiString@string@wylib@@QEAAPEADXZ 000000014000c700 f i srvlib_x64:CustomLuaConfig.obj
 0001:0000b700       ??B?$CBaseList@UtagDbEsql@@@container@wylib@@QEBAPEAUtagDbEsql@@XZ 000000014000c700 f i EsqlMgr.obj
 0001:0000b700       ??B?$CBaseList@PEAVCTimeProfMgr@@@container@wylib@@QEBAPEAPEAVCTimeProfMgr@@XZ 000000014000c700 f i srvlib_x64:TimeStat.obj
 0001:0000b700       ??B?$CBaseList@V?$Handle@I@@@container@wylib@@QEBAPEAV?$Handle@I@@XZ 000000014000c700 f i DBDataCache.obj
 0001:0000b700       ??B?$CBaseList@VCActorCacheData@@@container@wylib@@QEBAPEAVCActorCacheData@@XZ 000000014000c700 f i DBDataCache.obj
 0001:0000b700       ?first@?$CBaseLinkedList@PEAVCActorCacheData@@@container@wylib@@QEAAPEAV?$CLinkedNode@PEAVCActorCacheData@@@23@XZ 000000014000c700 f i DBDataCache.obj
 0001:0000b700       ??B?$CBaseList@PEAUtagAppInternalMessage@@@container@wylib@@QEBAPEAPEAUtagAppInternalMessage@@XZ 000000014000c700 f i srvlib_x64:CustomWorkSocket.obj
 0001:0000b700       ??B?$CBaseList@UPlayerZYDistribute@@@container@wylib@@QEBAPEAUPlayerZYDistribute@@XZ 000000014000c700 f i JobZyCountMgr.obj
 0001:0000b700       ??B?$CBaseList@PEAVCCustomServerClientSocket@@@container@wylib@@QEBAPEAPEAVCCustomServerClientSocket@@XZ 000000014000c700 f i srvlib_x64:CustomServerSocket.obj
 0001:0000b700       ??B?$CBaseList@PEAVCTimeProfRecord@@@container@wylib@@QEBAPEAPEAVCTimeProfRecord@@XZ 000000014000c700 f i srvlib_x64:TimeStat.obj
 0001:0000b700       ??B?$CBaseList@PEAUNameOperateData@CNameSyncClient@@@container@wylib@@QEBAPEAPEAUNameOperateData@CNameSyncClient@@XZ 000000014000c700 f i DBNSClient.obj
 0001:0000b700       ??B?$CBaseList@PEAUtagGameServerRoute@jxSrvDef@@@container@wylib@@QEBAPEAPEAUtagGameServerRoute@jxSrvDef@@XZ 000000014000c700 f i DBServer.obj
 0001:0000b700       ??B?$CBaseList@V?$CBaseList@V?$Handle@I@@@container@wylib@@@container@wylib@@QEBAPEAV?$CBaseList@V?$Handle@I@@@12@XZ 000000014000c700 f i DBDataCache.obj
 0001:0000b700       ??B?$CBaseList@UPlayerNameDistribute@@@container@wylib@@QEBAPEAUPlayerNameDistribute@@XZ 000000014000c700 f i JobZyCountMgr.obj
 0001:0000b710       ?remove@?$CBaseLinkedList@PEBVHandleMgrStat@@@container@wylib@@QEAAXPEAV?$CLinkedNode@PEBVHandleMgrStat@@@23@H@Z 000000014000c710 f i servercommon_x64:HandleStat.obj
 0001:0000b710       ?remove@?$CBaseLinkedList@PEAVCActorCacheData@@@container@wylib@@QEAAXPEAV?$CLinkedNode@PEAVCActorCacheData@@@23@H@Z 000000014000c710 f i DBDataCache.obj
 0001:0000b880       ??0?$_Tree@V?$_Tmap_traits@IPEAVCActorCacheData@@U?$less@I@std@@V?$allocator@U?$pair@$$CBIPEAVCActorCacheData@@@std@@@3@$0A@@std@@@std@@QEAA@AEBU?$less@I@1@AEBV?$allocator@U?$pair@$$CBIPEAVCActorCacheData@@@std@@@1@@Z 000000014000c880 f i DBDataCache.obj
 0001:0000b8d0       ?lower_bound@?$_Tree@V?$_Tmap_traits@IPEAVCActorCacheData@@U?$less@I@std@@V?$allocator@U?$pair@$$CBIPEAVCActorCacheData@@@std@@@3@$0A@@std@@@std@@QEAA?AV?$_Tree_iterator@V?$_Tree_val@V?$_Tmap_traits@IPEAVCActorCacheData@@U?$less@I@std@@V?$allocator@U?$pair@$$CBIPEAVCActorCacheData@@@std@@@3@$0A@@std@@@std@@@2@AEBI@Z 000000014000c8d0 f i DBDataCache.obj
 0001:0000b910       ?_Key@?$_Tree_val@V?$_Tmap_traits@IPEAVCActorCacheData@@U?$less@I@std@@V?$allocator@U?$pair@$$CBIPEAVCActorCacheData@@@std@@@3@$0A@@std@@@std@@SAAEAIPEAU_Node@?$_Tree_nod@V?$_Tmap_traits@IPEAVCActorCacheData@@U?$less@I@std@@V?$allocator@U?$pair@$$CBIPEAVCActorCacheData@@@std@@@3@$0A@@std@@@2@@Z 000000014000c910 f i DBDataCache.obj
 0001:0000b930       ??R?$less@I@std@@QEBA_NAEBI0@Z 000000014000c930 f i DBDataCache.obj
 0001:0000b970       ??D?$_Tree_iterator@V?$_Tree_val@V?$_Tmap_traits@IPEAVCActorCacheData@@U?$less@I@std@@V?$allocator@U?$pair@$$CBIPEAVCActorCacheData@@@std@@@3@$0A@@std@@@std@@@std@@QEBAAEAU?$pair@$$CBIPEAVCActorCacheData@@@1@XZ 000000014000c970 f i DBDataCache.obj
 0001:0000b990       ?_Lbound@?$_Tree@V?$_Tmap_traits@IPEAVCActorCacheData@@U?$less@I@std@@V?$allocator@U?$pair@$$CBIPEAVCActorCacheData@@@std@@@3@$0A@@std@@@std@@IEAAPEAU_Node@?$_Tree_nod@V?$_Tmap_traits@IPEAVCActorCacheData@@U?$less@I@std@@V?$allocator@U?$pair@$$CBIPEAVCActorCacheData@@@std@@@3@$0A@@std@@@2@AEBI@Z 000000014000c990 f i DBDataCache.obj
 0001:0000ba30       ??0?$_Tree_val@V?$_Tmap_traits@IPEAVCActorCacheData@@U?$less@I@std@@V?$allocator@U?$pair@$$CBIPEAVCActorCacheData@@@std@@@3@$0A@@std@@@std@@QEAA@AEBU?$less@I@1@V?$allocator@U?$pair@$$CBIPEAVCActorCacheData@@@std@@@1@@Z 000000014000ca30 f i DBDataCache.obj
 0001:0000bb20       ??0?$allocator@D@std@@QEAA@AEBV01@@Z 000000014000cb20 f i main.obj
 0001:0000bb20       ??0?$allocator@U?$pair@$$CBIPEAVCActorCacheData@@@std@@@std@@QEAA@AEBV01@@Z 000000014000cb20 f i DBDataCache.obj
 0001:0000bb20       ??$?0U?$pair@$$CBIPEAVCActorCacheData@@@std@@@?$allocator@U_Node@?$_Tree_nod@V?$_Tmap_traits@IPEAVCActorCacheData@@U?$less@I@std@@V?$allocator@U?$pair@$$CBIPEAVCActorCacheData@@@std@@@3@$0A@@std@@@std@@@std@@QEAA@AEBV?$allocator@U?$pair@$$CBIPEAVCActorCacheData@@@std@@@1@@Z 000000014000cb20 f i DBDataCache.obj
 0001:0000bb30       ??D?$_Tree_const_iterator@V?$_Tree_val@V?$_Tmap_traits@IPEAVCActorCacheData@@U?$less@I@std@@V?$allocator@U?$pair@$$CBIPEAVCActorCacheData@@@std@@@3@$0A@@std@@@std@@@std@@QEBAAEBU?$pair@$$CBIPEAVCActorCacheData@@@1@XZ 000000014000cb30 f i DBDataCache.obj
 0001:0000bb50       ??0?$_Tree_nod@V?$_Tmap_traits@IPEAVCActorCacheData@@U?$less@I@std@@V?$allocator@U?$pair@$$CBIPEAVCActorCacheData@@@std@@@3@$0A@@std@@@std@@QEAA@AEBU?$less@I@1@V?$allocator@U?$pair@$$CBIPEAVCActorCacheData@@@std@@@1@@Z 000000014000cb50 f i DBDataCache.obj
 0001:0000bbb0       ?allocate@?$allocator@U_Node@?$_Tree_nod@V?$_Tmap_traits@IPEAVCActorCacheData@@U?$less@I@std@@V?$allocator@U?$pair@$$CBIPEAVCActorCacheData@@@std@@@3@$0A@@std@@@std@@@std@@QEAAPEAU_Node@?$_Tree_nod@V?$_Tmap_traits@IPEAVCActorCacheData@@U?$less@I@std@@V?$allocator@U?$pair@$$CBIPEAVCActorCacheData@@@std@@@3@$0A@@std@@@2@_K@Z 000000014000cbb0 f i DBDataCache.obj
 0001:0000bbd0       ??0?$_Tmap_traits@IPEAVCActorCacheData@@U?$less@I@std@@V?$allocator@U?$pair@$$CBIPEAVCActorCacheData@@@std@@@3@$0A@@std@@QEAA@U?$less@I@1@@Z 000000014000cbd0 f i DBDataCache.obj
 0001:0000bbe0       ??0?$HandleMgr@VCActorCacheData@@V?$Handle@I@@$0EAA@@@QEAA@PEBD@Z 000000014000cbe0 f i DBDataCache.obj
 0001:0000bc80       ?Acquire@?$HandleMgr@VCActorCacheData@@V?$Handle@I@@$0EAA@@@QEAAPEAVCActorCacheData@@AEAV?$Handle@I@@@Z 000000014000cc80 f i DBDataCache.obj
 0001:0000c350       ?Release@?$HandleMgr@VCActorCacheData@@V?$Handle@I@@$0EAA@@@QEAAXV?$Handle@I@@@Z 000000014000d350 f i DBDataCache.obj
 0001:0000c510       ?GetDataPtr@?$HandleMgr@VCActorCacheData@@V?$Handle@I@@$0EAA@@@QEAAPEAVCActorCacheData@@V?$Handle@I@@@Z 000000014000d510 f i DBDataCache.obj
 0001:0000c610       ??$?5E@CDataPacketReader@@QEAAAEAV0@AEAE@Z 000000014000d610 f i DBDataCache.obj
 0001:0000c610       ??$?5_N@CDataPacketReader@@QEAAAEAV0@AEA_N@Z 000000014000d610 f i DBDataCache.obj
 0001:0000c660       ??$make_pair@AEAIAEAPEAVCActorCacheData@@@std@@YA?AU?$pair@IPEAVCActorCacheData@@@0@AEAIAEAPEAVCActorCacheData@@@Z 000000014000d660 f i DBDataCache.obj
 0001:0000c6b0       ??$insert@U?$pair@IPEAVCActorCacheData@@@std@@@?$_Tree@V?$_Tmap_traits@IPEAVCActorCacheData@@U?$less@I@std@@V?$allocator@U?$pair@$$CBIPEAVCActorCacheData@@@std@@@3@$0A@@std@@@std@@QEAA?AU?$pair@V?$_Tree_iterator@V?$_Tree_val@V?$_Tmap_traits@IPEAVCActorCacheData@@U?$less@I@std@@V?$allocator@U?$pair@$$CBIPEAVCActorCacheData@@@std@@@3@$0A@@std@@@std@@@std@@_N@1@$$QEAU?$pair@IPEAVCActorCacheData@@@1@@Z 000000014000d6b0 f i DBDataCache.obj
 0001:0000c700       ??$_Allocate@U_Node@?$_Tree_nod@V?$_Tmap_traits@IPEAVCActorCacheData@@U?$less@I@std@@V?$allocator@U?$pair@$$CBIPEAVCActorCacheData@@@std@@@3@$0A@@std@@@std@@@std@@YAPEAU_Node@?$_Tree_nod@V?$_Tmap_traits@IPEAVCActorCacheData@@U?$less@I@std@@V?$allocator@U?$pair@$$CBIPEAVCActorCacheData@@@std@@@3@$0A@@std@@@0@_KPEAU120@@Z 000000014000d700 f i DBDataCache.obj
 0001:0000c780       ??0?$CBaseList@I@container@wylib@@QEAA@XZ 000000014000d780 f i DBDataCache.obj
 0001:0000c7d0       ?Init@?$Handle@I@@QEAAXI@Z 000000014000d7d0 f i DBDataCache.obj
 0001:0000c870       ?GetMagic@?$Handle@I@@QEBAIXZ 000000014000d870 f i DBDataCache.obj
 0001:0000c890       ?GetMaxIndex@?$Handle@I@@QEAAIXZ 000000014000d890 f i DBDataCache.obj
 0001:0000c8a0       ?GetUsedHandleCount@?$HandleMgr@VCActorCacheData@@V?$Handle@I@@$0EAA@@@QEBAIXZ 000000014000d8a0 f i DBDataCache.obj
 0001:0000c8b0       ?GetTotalHandleCount@?$HandleMgr@VCActorCacheData@@V?$Handle@I@@$0EAA@@@QEAAIXZ 000000014000d8b0 f i DBDataCache.obj
 0001:0000c8e0       ?GetChunkIdPos@?$HandleMgr@VCActorCacheData@@V?$Handle@I@@$0EAA@@@QEAAXIAEAI0@Z 000000014000d8e0 f i DBDataCache.obj
 0001:0000c920       ??0?$CBaseList@V?$CBaseList@VCActorCacheData@@@container@wylib@@@container@wylib@@QEAA@XZ 000000014000d920 f i DBDataCache.obj
 0001:0000c970       ?addArray@?$CBaseList@V?$CBaseList@VCActorCacheData@@@container@wylib@@@container@wylib@@QEAAXPEAV?$CBaseList@VCActorCacheData@@@23@_J@Z 000000014000d970 f i DBDataCache.obj
 0001:0000c970       ?addArray@?$CBaseList@V?$CBaseList@V?$Handle@I@@@container@wylib@@@container@wylib@@QEAAXPEAV?$CBaseList@V?$Handle@I@@@23@_J@Z 000000014000d970 f i DBDataCache.obj
 0001:0000ca10       ??0?$CBaseList@V?$CBaseList@V?$Handle@I@@@container@wylib@@@container@wylib@@QEAA@XZ 000000014000da10 f i DBDataCache.obj
 0001:0000ca60       ?_Linsert@?$_Tree@V?$_Tmap_traits@IPEAVCActorCacheData@@U?$less@I@std@@V?$allocator@U?$pair@$$CBIPEAVCActorCacheData@@@std@@@3@$0A@@std@@@std@@QEAA?AU?$pair@V?$_Tree_iterator@V?$_Tree_val@V?$_Tmap_traits@IPEAVCActorCacheData@@U?$less@I@std@@V?$allocator@U?$pair@$$CBIPEAVCActorCacheData@@@std@@@3@$0A@@std@@@std@@@std@@_N@2@PEAU_Node@?$_Tree_nod@V?$_Tmap_traits@IPEAVCActorCacheData@@U?$less@I@std@@V?$allocator@U?$pair@$$CBIPEAVCActorCacheData@@@std@@@3@$0A@@std@@@2@_N@Z 000000014000da60 f i DBDataCache.obj
 0001:0000cdf0       ??0?$CBaseList@VCActorCacheData@@@container@wylib@@QEAA@XZ 000000014000ddf0 f i DBDataCache.obj
 0001:0000ce40       ?trunc@?$CBaseList@V?$Handle@I@@@container@wylib@@QEAAX_J@Z 000000014000de40 f i DBDataCache.obj
 0001:0000ce40       ?trunc@?$CBaseList@VCActorCacheData@@@container@wylib@@QEAAX_J@Z 000000014000de40 f i DBDataCache.obj
 0001:0000ce40       ?trunc@?$CBaseList@PEAVCDataPacket@@@container@wylib@@QEAAX_J@Z 000000014000de40 f i srvlib_x64:SendPackPool.obj
 0001:0000ce40       ?trunc@?$CBaseList@PEAUtagAppInternalMessage@@@container@wylib@@QEAAX_J@Z 000000014000de40 f i srvlib_x64:CustomWorkSocket.obj
 0001:0000ce40       ?trunc@?$CBaseList@PEAVCCustomServerClientSocket@@@container@wylib@@QEAAX_J@Z 000000014000de40 f i srvlib_x64:CustomServerSocket.obj
 0001:0000ce40       ?trunc@?$CBaseList@_N@container@wylib@@QEAAX_J@Z 000000014000de40 f i srvlib_x64:NameAllocator.obj
 0001:0000ce70       ??0?$CBaseList@V?$Handle@I@@@container@wylib@@QEAA@XZ 000000014000de70 f i DBDataCache.obj
 0001:0000cec0       ?IncMagicNumImpl@?$Handle@I@@IEAAXAEAI@Z 000000014000dec0 f i DBDataCache.obj
 0001:0000cf00       ?_Insert@?$_Tree@V?$_Tmap_traits@IPEAVCActorCacheData@@U?$less@I@std@@V?$allocator@U?$pair@$$CBIPEAVCActorCacheData@@@std@@@3@$0A@@std@@@std@@IEAA?AV?$_Tree_iterator@V?$_Tree_val@V?$_Tmap_traits@IPEAVCActorCacheData@@U?$less@I@std@@V?$allocator@U?$pair@$$CBIPEAVCActorCacheData@@@std@@@3@$0A@@std@@@std@@@2@_NPEAU_Node@?$_Tree_nod@V?$_Tmap_traits@IPEAVCActorCacheData@@U?$less@I@std@@V?$allocator@U?$pair@$$CBIPEAVCActorCacheData@@@std@@@3@$0A@@std@@@2@1@Z 000000014000df00 f i DBDataCache.obj
 0001:0000d340       ??0bad_alloc@std@@QEAA@PEBD@Z 000000014000e340 f i DBDataCache.obj
 0001:0000d380       ??F?$_Tree_iterator@V?$_Tree_val@V?$_Tmap_traits@IPEAVCActorCacheData@@U?$less@I@std@@V?$allocator@U?$pair@$$CBIPEAVCActorCacheData@@@std@@@3@$0A@@std@@@std@@@std@@QEAAAEAV01@XZ 000000014000e380 f i DBDataCache.obj
 0001:0000d3a0       ??$?0AEAV?$_Tree_iterator@V?$_Tree_val@V?$_Tmap_traits@IPEAVCActorCacheData@@U?$less@I@std@@V?$allocator@U?$pair@$$CBIPEAVCActorCacheData@@@std@@@3@$0A@@std@@@std@@@std@@_N@?$pair@V?$_Tree_iterator@V?$_Tree_val@V?$_Tmap_traits@IPEAVCActorCacheData@@U?$less@I@std@@V?$allocator@U?$pair@$$CBIPEAVCActorCacheData@@@std@@@3@$0A@@std@@@std@@@std@@_N@std@@QEAA@AEAV?$_Tree_iterator@V?$_Tree_val@V?$_Tmap_traits@IPEAVCActorCacheData@@U?$less@I@std@@V?$allocator@U?$pair@$$CBIPEAVCActorCacheData@@@std@@@3@$0A@@std@@@std@@@1@$$QEA_N@Z 000000014000e3a0 f i DBDataCache.obj
 0001:0000d3a0       ??0?$pair@V?$_Tree_iterator@V?$_Tree_val@V?$_Tmap_traits@IPEAVCActorCacheData@@U?$less@I@std@@V?$allocator@U?$pair@$$CBIPEAVCActorCacheData@@@std@@@3@$0A@@std@@@std@@@std@@_N@std@@QEAA@$$QEAV?$_Tree_iterator@V?$_Tree_val@V?$_Tmap_traits@IPEAVCActorCacheData@@U?$less@I@std@@V?$allocator@U?$pair@$$CBIPEAVCActorCacheData@@@std@@@3@$0A@@std@@@std@@@1@$$QEA_N@Z 000000014000e3a0 f i DBDataCache.obj
 0001:0000d3f0       ?max_size@?$_Tree@V?$_Tmap_traits@IPEAVCActorCacheData@@U?$less@I@std@@V?$allocator@U?$pair@$$CBIPEAVCActorCacheData@@@std@@@3@$0A@@std@@@std@@QEBA_KXZ 000000014000e3f0 f i DBDataCache.obj
 0001:0000d410       ??1bad_alloc@std@@UEAA@XZ  000000014000e410 f i DBDataCache.obj
 0001:0000d440       ??F?$_Tree_const_iterator@V?$_Tree_val@V?$_Tmap_traits@IPEAVCActorCacheData@@U?$less@I@std@@V?$allocator@U?$pair@$$CBIPEAVCActorCacheData@@@std@@@3@$0A@@std@@@std@@@std@@QEAAAEAV01@XZ 000000014000e440 f i DBDataCache.obj
 0001:0000d460       ??$?0AEAV?$_Tree_iterator@V?$_Tree_val@V?$_Tmap_traits@IPEAVCActorCacheData@@U?$less@I@std@@V?$allocator@U?$pair@$$CBIPEAVCActorCacheData@@@std@@@3@$0A@@std@@@std@@@std@@_N@?$_Pair_base@V?$_Tree_iterator@V?$_Tree_val@V?$_Tmap_traits@IPEAVCActorCacheData@@U?$less@I@std@@V?$allocator@U?$pair@$$CBIPEAVCActorCacheData@@@std@@@3@$0A@@std@@@std@@@std@@_N@std@@QEAA@AEAV?$_Tree_iterator@V?$_Tree_val@V?$_Tmap_traits@IPEAVCActorCacheData@@U?$less@I@std@@V?$allocator@U?$pair@$$CBIPEAVCActorCacheData@@@std@@@3@$0A@@std@@@std@@@1@$$QEA_N@Z 000000014000e460 f i DBDataCache.obj
 0001:0000d460       ??0?$_Pair_base@V?$_Tree_iterator@V?$_Tree_val@V?$_Tmap_traits@IPEAVCActorCacheData@@U?$less@I@std@@V?$allocator@U?$pair@$$CBIPEAVCActorCacheData@@@std@@@3@$0A@@std@@@std@@@std@@_N@std@@QEAA@$$QEAV?$_Tree_iterator@V?$_Tree_val@V?$_Tmap_traits@IPEAVCActorCacheData@@U?$less@I@std@@V?$allocator@U?$pair@$$CBIPEAVCActorCacheData@@@std@@@3@$0A@@std@@@std@@@1@$$QEA_N@Z 000000014000e460 f i DBDataCache.obj
 0001:0000d4b0       ??_Gbad_alloc@std@@UEAAPEAXI@Z 000000014000e4b0 f i DBDataCache.obj
 0001:0000d4b0       ??_Ebad_alloc@std@@UEAAPEAXI@Z 000000014000e4b0 f i DBDataCache.obj
 0001:0000d4f0       ?max_size@?$allocator@U?$pair@$$CBIPEAVCActorCacheData@@@std@@@std@@QEBA_KXZ 000000014000e4f0 f i DBDataCache.obj
 0001:0000d530       ??F?$_Tree_unchecked_const_iterator@V?$_Tree_val@V?$_Tmap_traits@IPEAVCActorCacheData@@U?$less@I@std@@V?$allocator@U?$pair@$$CBIPEAVCActorCacheData@@@std@@@3@$0A@@std@@@std@@U_Iterator_base0@2@@std@@QEAAAEAV01@XZ 000000014000e530 f i DBDataCache.obj
 0001:0000d620       ??$readAtom@E@CDataPacketReader@@QEAAEXZ 000000014000e620 f i DBDataCache.obj
 0001:0000d620       ??$readAtom@_N@CDataPacketReader@@QEAA_NXZ 000000014000e620 f i DBDataCache.obj
[...]
 0001:0006abf0       ?dtor$1@?0??QueryPetSkillData@CLogicDBReqestHandler@@QEAAXIHH@Z@4HA 000000014006bbf0 f   PetData.obj
 0001:0006ac10       ?dtor$0@?0??SavePetSkillData@CLogicDBReqestHandler@@QEAAXAEAVCDataPacketReader@@_N@Z@4HA 000000014006bc10 f   PetData.obj
 0001:0006ac30       ?dtor$1@?0??SavePetSkillData@CLogicDBReqestHandler@@QEAAXAEAVCDataPacketReader@@_N@Z@4HA 000000014006bc30 f   PetData.obj
 0001:0006ac50       ?dtor$0@?0??SaveGoingQuest@CLogicDBReqestHandler@@AEAAHIHHH@Z@4HA 000000014006bc50 f   QuestData.obj
 0001:0006ac70       ?dtor$1@?0??SaveGoingQuest@CLogicDBReqestHandler@@AEAAHIHHH@Z@4HA 000000014006bc70 f   QuestData.obj
 0001:0006ac90       ?dtor$0@?0??CleanQuestData@CLogicDBReqestHandler@@AEAAHI@Z@4HA 000000014006bc90 f   QuestData.obj
 0001:0006acb0       ?dtor$1@?0??CleanQuestData@CLogicDBReqestHandler@@AEAAHI@Z@4HA 000000014006bcb0 f   QuestData.obj
 0001:0006acd0       ?dtor$0@?0??SaveRepeatQuest@CLogicDBReqestHandler@@AEAAHIHH@Z@4HA 000000014006bcd0 f   QuestData.obj
 0001:0006acf0       ?dtor$1@?0??SaveRepeatQuest@CLogicDBReqestHandler@@AEAAHIHH@Z@4HA 000000014006bcf0 f   QuestData.obj
 0001:0006ad10       ?dtor$0@?0??QueryQuestFromDB@CLogicDBReqestHandler@@AEAAXIHH@Z@4HA 000000014006bd10 f   QuestData.obj
 0001:0006ad30       ?dtor$1@?0??QueryQuestFromDB@CLogicDBReqestHandler@@AEAAXIHH@Z@4HA 000000014006bd30 f   QuestData.obj
 0001:0006ad50       ?dtor$0@?0??GetRepeatQuest@CLogicDBReqestHandler@@AEAAHIAEAVCDataPacket@@@Z@4HA 000000014006bd50 f   QuestData.obj
 0001:0006ad70       ?dtor$1@?0??GetRepeatQuest@CLogicDBReqestHandler@@AEAAHIAEAVCDataPacket@@@Z@4HA 000000014006bd70 f   QuestData.obj
 0001:0006ad90       ?dtor$0@?0??SaveQuestToDB@CLogicDBReqestHandler@@QEAAXAEAVCDataPacketReader@@_N@Z@4HA 000000014006bd90 f   QuestData.obj
 0001:0006adb0       ?dtor$1@?0??SaveQuestToDB@CLogicDBReqestHandler@@QEAAXAEAVCDataPacketReader@@_N@Z@4HA 000000014006bdb0 f   QuestData.obj
 0001:0006add0       ?dtor$0@?0??QueryRelationData@CLogicDBReqestHandler@@QEAAXIHH@Z@4HA 000000014006bdd0 f   RelationData.obj
 0001:0006adf0       ?dtor$1@?0??QueryRelationData@CLogicDBReqestHandler@@QEAAXIHH@Z@4HA 000000014006bdf0 f   RelationData.obj
 0001:0006ae10       ?dtor$0@?0??SaveRelation@CLogicDBReqestHandler@@QEAAXAEAVCDataPacketReader@@@Z@4HA 000000014006be10 f   RelationData.obj
 0001:0006ae30       ?dtor$1@?0??SaveRelation@CLogicDBReqestHandler@@QEAAXAEAVCDataPacketReader@@@Z@4HA 000000014006be30 f   RelationData.obj
 0001:0006ae50       ?dtor$0@?0??QueryActorScriptData@CLogicDBReqestHandler@@QEAAXIHH@Z@4HA 000000014006be50 f   ScriptData.obj
 0001:0006ae70       ?dtor$1@?0??QueryActorScriptData@CLogicDBReqestHandler@@QEAAXIHH@Z@4HA 000000014006be70 f   ScriptData.obj
 0001:0006ae90       ?dtor$2@?0??QueryActorScriptData@CLogicDBReqestHandler@@QEAAXIHH@Z@4HA 000000014006be90 f   ScriptData.obj
 0001:0006aeb0       ?dtor$0@?0??SaveScriptDataToDB@CLogicDBReqestHandler@@QEAAXAEAVCDataPacketReader@@_N@Z@4HA 000000014006beb0 f   ScriptData.obj
 0001:0006aed0       ?dtor$1@?0??SaveScriptDataToDB@CLogicDBReqestHandler@@QEAAXAEAVCDataPacketReader@@_N@Z@4HA 000000014006bed0 f   ScriptData.obj
 0001:0006aef0       ?dtor$0@?0??QuerySkillFromDB@CLogicDBReqestHandler@@QEAAXIHH@Z@4HA 000000014006bef0 f   SkillData.obj
 0001:0006af10       ?dtor$1@?0??QuerySkillFromDB@CLogicDBReqestHandler@@QEAAXIHH@Z@4HA 000000014006bf10 f   SkillData.obj
 0001:0006af30       ?dtor$0@?0??SaveSkillToDB@CLogicDBReqestHandler@@QEAAXAEAVCDataPacketReader@@_N@Z@4HA 000000014006bf30 f   SkillData.obj
 0001:0006af50       ?dtor$1@?0??SaveSkillToDB@CLogicDBReqestHandler@@QEAAXAEAVCDataPacketReader@@_N@Z@4HA 000000014006bf50 f   SkillData.obj
 0001:0006af70       ?dtor$0@?0???0CLogicDBReqestHandler@@QEAA@XZ@4HA 000000014006bf70 f   LogicDBRequestHandler.obj
 0001:0006afa0       ?dtor$0@?0???1CLogicDBReqestHandler@@QEAA@XZ@4HA 000000014006bfa0 f   LogicDBRequestHandler.obj
 0001:0006afd0       ?dtor$0@?0??ExecuInitDb@CLogicDBReqestHandler@@QEAAXAEAVCDataPacketReader@@@Z@4HA 000000014006bfd0 f   LogicDBRequestHandler.obj
 0001:0006aff0       ?dtor$1@?0??ExecuInitDb@CLogicDBReqestHandler@@QEAAXAEAVCDataPacketReader@@@Z@4HA 000000014006bff0 f   LogicDBRequestHandler.obj
 0001:0006b010       ?dtor$0@?0??LoadActorDevelopSystem@CLogicDBReqestHandler@@QEAAXAEAVCDataPacketReader@@@Z@4HA 000000014006c010 f   LogicDBRequestHandler.obj
 0001:0006b030       ?dtor$1@?0??LoadActorDevelopSystem@CLogicDBReqestHandler@@QEAAXAEAVCDataPacketReader@@@Z@4HA 000000014006c030 f   LogicDBRequestHandler.obj
 0001:0006b050       ?dtor$0@?0??SaveActorDevelopSystem@CLogicDBReqestHandler@@QEAAXAEAVCDataPacketReader@@@Z@4HA 000000014006c050 f   LogicDBRequestHandler.obj
 0001:0006b070       ?dtor$1@?0??SaveActorDevelopSystem@CLogicDBReqestHandler@@QEAAXAEAVCDataPacketReader@@@Z@4HA 000000014006c070 f   LogicDBRequestHandler.obj
 0001:0006b090       ?dtor$0@?0??ReadLoadActorDevelopSystem@CLogicDBReqestHandler@@QEAAXIHH@Z@4HA 000000014006c090 f   LogicDBRequestHandler.obj
 0001:0006b0b0       ?dtor$1@?0??ReadLoadActorDevelopSystem@CLogicDBReqestHandler@@QEAAXIHH@Z@4HA 000000014006c0b0 f   LogicDBRequestHandler.obj
 0001:0006b0d0       ?dtor$0@?0??QueryMailData@CLogicDBReqestHandler@@QEAAXIHH@Z@4HA 000000014006c0d0 f   LogicDBRequestHandler.obj
 0001:0006b0f0       ?dtor$1@?0??QueryMailData@CLogicDBReqestHandler@@QEAAXIHH@Z@4HA 000000014006c0f0 f   LogicDBRequestHandler.obj
 0001:0006b110       main$dtor$0                000000014006c110 f   main.obj
 0001:0006b130       main$dtor$1                000000014006c130 f   main.obj
 0001:0006b150       main$dtor$2                000000014006c150 f   main.obj
 0001:0006b170       main$dtor$3                000000014006c170 f   main.obj
 0001:0006b1a0       ?dtor$0@?0??ServiceMain@@YAXHPEAPEAD@Z@4HA 000000014006c1a0 f   main.obj
 0001:0006b1c0       ?dtor$0@?0??ServerMain@@YAXXZ@4HA 000000014006c1c0 f   main.obj
 0001:0006b1f0       ?dtor$0@?0??SetupDBEngineConfig@@YAHPEAVCDBServer@@@Z@4HA 000000014006c1f0 f   main.obj
 0001:0006b210       ?dtor$0@?0??AppMain@CDbService@@UEAAHXZ@4HA 000000014006c210 f   main.obj
 0001:0006b230       ?dtor$1@?0??AppMain@CDbService@@UEAAHXZ@4HA 000000014006c230 f   main.obj
 0001:0006b250       ?dtor$0@?0???0?$basic_string@DU?$char_traits@D@std@@V?$allocator@D@2@@std@@QEAA@PEBD@Z@4HA 000000014006c250 f   main.obj
 0001:0006b250       ?dtor$0@?0???0?$basic_string@DU?$char_traits@D@std@@V?$allocator@D@2@@std@@QEAA@AEBV01@_K1AEBV?$allocator@D@1@@Z@4HA 000000014006c250 f   main.obj
 0001:0006b270       ?dtor$0@?0???1?$basic_string@DU?$char_traits@D@std@@V?$allocator@D@2@@std@@QEAA@XZ@4HA 000000014006c270 f   main.obj
 0001:0006b290       ?catch$1@?0??_Copy@?$basic_string@DU?$char_traits@D@std@@V?$allocator@D@2@@std@@QEAAX_K0@Z@4HA 000000014006c290 f   main.obj
 0001:0006b29d       __catch$?_Copy@?$basic_string@DU?$char_traits@D@std@@V?$allocator@D@2@@std@@QEAAX_K0@Z$0 000000014006c29d f   main.obj
 0001:0006b2e0       ?catch$0@?0??_Copy@?$basic_string@DU?$char_traits@D@std@@V?$allocator@D@2@@std@@QEAAX_K0@Z@4HA 000000014006c2e0 f   main.obj
 0001:0006b2ed       __catch$?_Copy@?$basic_string@DU?$char_traits@D@std@@V?$allocator@D@2@@std@@QEAAX_K0@Z$1 000000014006c2ed f   main.obj
 0001:0006b320       ?dtor$0@?0??LoadMsgListFromId@CLogicDBReqestHandler@@QEAAXI_JHH@Z@4HA 000000014006c320 f   MsgData.obj
 0001:0006b340       ?dtor$1@?0??LoadMsgListFromId@CLogicDBReqestHandler@@QEAAXI_JHH@Z@4HA 000000014006c340 f   MsgData.obj
 0001:0006b360       ?dtor$0@?0??DeleteMsg@CLogicDBReqestHandler@@QEAAXAEAVCDataPacketReader@@@Z@4HA 000000014006c360 f   MsgData.obj
 0001:0006b380       ?dtor$1@?0??DeleteMsg@CLogicDBReqestHandler@@QEAAXAEAVCDataPacketReader@@@Z@4HA 000000014006c380 f   MsgData.obj
 0001:0006b3a0       ?dtor$0@?0??AddMsg@CLogicDBReqestHandler@@QEAAXAEAVCDataPacketReader@@@Z@4HA 000000014006c3a0 f   MsgData.obj
 0001:0006b3c0       ?dtor$1@?0??AddMsg@CLogicDBReqestHandler@@QEAAXAEAVCDataPacketReader@@@Z@4HA 000000014006c3c0 f   MsgData.obj
 0001:0006b3e0       ?dtor$0@?0??AddMsgByName@CLogicDBReqestHandler@@QEAAXAEAVCDataPacketReader@@@Z@4HA 000000014006c3e0 f   MsgData.obj
 0001:0006b400       ?dtor$1@?0??AddMsgByName@CLogicDBReqestHandler@@QEAAXAEAVCDataPacketReader@@@Z@4HA 000000014006c400 f   MsgData.obj
 0001:0006b420       ?dtor$0@?0??SaveTopTitleRank@CLogicDBReqestHandler@@QEAAXAEAVCDataPacketReader@@@Z@4HA 000000014006c420 f   TopTitleData.obj
 0001:0006b440       ?dtor$1@?0??SaveTopTitleRank@CLogicDBReqestHandler@@QEAAXAEAVCDataPacketReader@@@Z@4HA 000000014006c440 f   TopTitleData.obj
 0001:0006b460       ?dtor$0@?0??LoadTopTitleRank@CLogicDBReqestHandler@@QEAAXAEAVCDataPacketReader@@@Z@4HA 000000014006c460 f   TopTitleData.obj
 0001:0006b480       ?dtor$1@?0??LoadTopTitleRank@CLogicDBReqestHandler@@QEAAXAEAVCDataPacketReader@@@Z@4HA 000000014006c480 f   TopTitleData.obj
 0001:0006b4a0       ?dtor$0@?0???0CFileStream@stream@wylib@@QEAA@PEBDK@Z@4HA 000000014006c4a0 f   wylib_x64:FileStream.obj
 0001:0006b4a0       ?dtor$0@?0???0CFileStream@stream@wylib@@QEAA@PEBDKW4OpenDisposition@012@@Z@4HA 000000014006c4a0 f   wylib_x64:FileStream.obj
 0001:0006b4b0       ?dtor$0@?0??saveToFile@CMemoryStream@stream@wylib@@QEAA_JPEBD@Z@4HA 000000014006c4b0 f   wylib_x64:MemoryStream.obj
 0001:0006b4b0       ?dtor$0@?0??loadFromFile@CMemoryStream@stream@wylib@@QEAA_JPEBD@Z@4HA 000000014006c4b0 f   wylib_x64:MemoryStream.obj
 0001:0006b4bc       _onexit$fin$0              000000014006c4bc f   MSVCRT:atonexit.obj
 0001:0006b4d7       ?fin$0@?0???_L@YAXPEAX_KHP6AX0@Z2@Z@4HA 000000014006c4d7 f   MSVCRT:ehvecctr.obj
 0001:0006b503       ?filt$0@?0??__ArrayUnwind@@YAXPEAX_KHP6AX0@Z@Z@4HA 000000014006c503 f   MSVCRT:ehvecdtr.obj
 0001:0006b544       ?fin$0@?0???_M@YAXPEAX_KHP6AX0@Z@Z@4HA 000000014006c544 f   MSVCRT:ehvecdtr.obj
 0001:0006b570       __tmainCRTStartup$filt$0   000000014006c570 f   MSVCRT:crtexe.obj
 0001:0006b590       _IsNonwritableInCurrentImage$filt$0 000000014006c590 f   MSVCRT:pesect.obj
 0001:0006b5c0       ?dtor$0@?0??saveToFile@CNameAllocator@@QEAA_JPEBD@Z@4HA 000000014006c5c0 f    CIL library: CIL module
 0001:0006b5e0       ?dtor$0@?0???1CNameAllocator@@UEAA@XZ@4HA 000000014006c5e0 f    CIL library: CIL module
 0001:0006b600       ?dtor$1@?0???1CNameAllocator@@UEAA@XZ@4HA 000000014006c600 f    CIL library: CIL module
 0001:0006b630       ?dtor$0@?0???0CNameAllocator@@QEAA@XZ@4HA 000000014006c630 f    CIL library: CIL module
 0001:0006b650       ?dtor$1@?0???0CNameAllocator@@QEAA@XZ@4HA 000000014006c650 f    CIL library: CIL module
 0001:0006b680       ?dtor$0@?0??removeHandleMgrStat@HandleMgrCollector@@QEAAXPEBVHandleMgrStat@@@Z@4HA 000000014006c680 f    CIL library: CIL module
 0001:0006b6a0       ?dtor$0@?0???0CSendPacketPool@@QEAA@XZ@4HA 000000014006c6a0 f    CIL library: CIL module
 0001:0006b6c0       ?dtor$1@?0???0CSendPacketPool@@QEAA@XZ@4HA 000000014006c6c0 f    CIL library: CIL module
 0001:0006b6f0       ?dtor$0@?0???1CCustomLuaScript@@UEAA@XZ@4HA 000000014006c6f0 f    CIL library: CIL module
 0001:0006b720       ?dtor$0@?0???1CCustomLuaConfig@@UEAA@XZ@4HA 000000014006c720 f    CIL library: CIL module
 0001:0006b740       ?dtor$1@?0???1CCustomLuaConfig@@UEAA@XZ@4HA 000000014006c740 f    CIL library: CIL module
 0001:0006b770       ?dtor$0@?0???1CSendPacketPool@@QEAA@XZ@4HA 000000014006c770 f    CIL library: CIL module
 0001:0006b790       ?dtor$1@?0???1CSendPacketPool@@QEAA@XZ@4HA 000000014006c790 f    CIL library: CIL module
 0001:0006b7b0       ?dtor$2@?0???1CSendPacketPool@@QEAA@XZ@4HA 000000014006c7b0 f    CIL library: CIL module
 0001:0006b7d0       ?dtor$3@?0???1CSendPacketPool@@QEAA@XZ@4HA 000000014006c7d0 f    CIL library: CIL module
 0001:0006b7f0       ?dtor$4@?0???1CSendPacketPool@@QEAA@XZ@4HA 000000014006c7f0 f    CIL library: CIL module
 0001:0006b810       ?dtor$5@?0???1CSendPacketPool@@QEAA@XZ@4HA 000000014006c810 f    CIL library: CIL module
 0001:0006b830       ?dtor$6@?0???1CSendPacketPool@@QEAA@XZ@4HA 000000014006c830 f    CIL library: CIL module
 0001:0006b860       ?dtor$0@?0???1CCustomWorkSocket@@UEAA@XZ@4HA 000000014006c860 f    CIL library: CIL module
 0001:0006b880       ?dtor$1@?0???1CCustomWorkSocket@@UEAA@XZ@4HA 000000014006c880 f    CIL library: CIL module
 0001:0006b8a0       ?dtor$2@?0???1CCustomWorkSocket@@UEAA@XZ@4HA 000000014006c8a0 f    CIL library: CIL module
 0001:0006b8c0       ?dtor$3@?0???1CCustomWorkSocket@@UEAA@XZ@4HA 000000014006c8c0 f    CIL library: CIL module
 0001:0006b8e0       ?dtor$4@?0???1CCustomWorkSocket@@UEAA@XZ@4HA 000000014006c8e0 f    CIL library: CIL module
 0001:0006b910       ?dtor$0@?0???0CCustomWorkSocket@@QEAA@XZ@4HA 000000014006c910 f    CIL library: CIL module
 0001:0006b930       ?dtor$1@?0???0CCustomWorkSocket@@QEAA@XZ@4HA 000000014006c930 f    CIL library: CIL module
 0001:0006b950       ?dtor$2@?0???0CCustomWorkSocket@@QEAA@XZ@4HA 000000014006c950 f    CIL library: CIL module
 0001:0006b970       ?dtor$3@?0???0CCustomWorkSocket@@QEAA@XZ@4HA 000000014006c970 f    CIL library: CIL module
 0001:0006b9a0       ?dtor$0@?0???1CCustomClientSocket@@UEAA@XZ@4HA 000000014006c9a0 f    CIL library: CIL module
 0001:0006b9c0       ?dtor$0@?0???0CCustomClientSocket@@QEAA@XZ@4HA 000000014006c9c0 f    CIL library: CIL module
 0001:0006b9e0       ?dtor$0@?0???1CCustomServerSocket@@UEAA@XZ@4HA 000000014006c9e0 f    CIL library: CIL module
 0001:0006ba00       ?dtor$1@?0???1CCustomServerSocket@@UEAA@XZ@4HA 000000014006ca00 f    CIL library: CIL module
 0001:0006ba20       ?dtor$2@?0???1CCustomServerSocket@@UEAA@XZ@4HA 000000014006ca20 f    CIL library: CIL module
 0001:0006ba50       ?dtor$0@?0???0CCustomServerSocket@@QEAA@XZ@4HA 000000014006ca50 f    CIL library: CIL module
 0001:0006ba70       ?dtor$1@?0???0CCustomServerSocket@@QEAA@XZ@4HA 000000014006ca70 f    CIL library: CIL module
 0001:0006baa0       ?dtor$0@?0???0CCustomServerClientSocket@@QEAA@XZ@4HA 000000014006caa0 f    CIL library: CIL module
 0001:0006bac0       ?dtor$0@?0??showFieldDoesNotContainValue@CCustomLuaConfig@@IEAAXPEBD0@Z@4HA 000000014006cac0 f    CIL library: CIL module
 0001:0006bae0       ?dtor$0@?0??showTableNotExists@CCustomLuaConfig@@IEAAXPEBD@Z@4HA 000000014006cae0 f    CIL library: CIL module
 0001:0006bb00       ?dtor$0@?0??showError@CCustomLuaConfig@@MEAAXPEBD@Z@4HA 000000014006cb00 f    CIL library: CIL module
 0001:0006bb20       ?dtor$0@?0??dump@CTimeProfMgr@@QEAAXXZ@4HA 000000014006cb20 f    CIL library: CIL module
 0001:0006bb50       ?dtor$0@?0??allocSendPacketList@CSendPacketPool@@QEAAXAEAV?$CBaseList@PEAVCDataPacket@@@container@wylib@@_JPEAPEAVCDataPacket@@@Z@4HA 000000014006cb50 f    CIL library: CIL module
 0001:0006bb80       ?dtor$0@?0???0CTimeProfMgr@@QEAA@XZ@4HA 000000014006cb80 f    CIL library: CIL module
 0001:0006bba0       ?dtor$1@?0???0CTimeProfMgr@@QEAA@XZ@4HA 000000014006cba0 f    CIL library: CIL module
 0001:0006bbc0       ?dtor$2@?0???0CTimeProfMgr@@QEAA@XZ@4HA 000000014006cbc0 f    CIL library: CIL module
 0001:0006bbe0       ?dtor$3@?0???0CTimeProfMgr@@QEAA@XZ@4HA 000000014006cbe0 f    CIL library: CIL module
 0001:0006bc00       ?dtor$4@?0???0CTimeProfMgr@@QEAA@XZ@4HA 000000014006cc00 f    CIL library: CIL module
 0001:0006bc30       ?dtor$0@?0???0CFileLogger@@QEAA@PEBDZZ@4HA 000000014006cc30 f    CIL library: CIL module
 0001:0006bc50       ?dtor$0@?0???1CTimeProfRecord@@QEAA@XZ@4HA 000000014006cc50 f    CIL library: CIL module
 0001:0006bc70       ?dtor$1@?0???1CTimeProfRecord@@QEAA@XZ@4HA 000000014006cc70 f    CIL library: CIL module
 0001:0006bca0       ?dtor$0@?0???1CTimeProfDummy@@QEAA@XZ@4HA 000000014006cca0 f    CIL library: CIL module
 0001:0006bcc0       ?dtor$0@?0???0CTimeProfDummy@@QEAA@PEBDI@Z@4HA 000000014006ccc0 f    CIL library: CIL module
 0001:0006bce0       ?dtor$0@?0???1CTimeProfMgr@@QEAA@XZ@4HA 000000014006cce0 f    CIL library: CIL module
 0001:0006bd00       ?dtor$1@?0???1CTimeProfMgr@@QEAA@XZ@4HA 000000014006cd00 f    CIL library: CIL module
 0001:0006bd20       ?dtor$2@?0???1CTimeProfMgr@@QEAA@XZ@4HA 000000014006cd20 f    CIL library: CIL module
 0001:0006bd40       ?dtor$3@?0???1CTimeProfMgr@@QEAA@XZ@4HA 000000014006cd40 f    CIL library: CIL module
 0001:0006bd60       ?dtor$4@?0???1CTimeProfMgr@@QEAA@XZ@4HA 000000014006cd60 f    CIL library: CIL module
 0001:0006bd80       ?dtor$0@?0??DumpImpl@COPMToFile@@IEAAXXZ@4HA 000000014006cd80 f    CIL library: CIL module
 0001:0006bda0       ?dtor$0@?0???0COPMToFile@@QEAA@PEBD@Z@4HA 000000014006cda0 f    CIL library: CIL module
 0001:0006bdc0       ?dtor$1@?0???0COPMToFile@@QEAA@PEBD@Z@4HA 000000014006cdc0 f    CIL library: CIL module
 0001:0006bde0       ?dtor$2@?0???0COPMToFile@@QEAA@PEBD@Z@4HA 000000014006cde0 f    CIL library: CIL module
 0001:0006be00       ?dtor$3@?0???0COPMToFile@@QEAA@PEBD@Z@4HA 000000014006ce00 f    CIL library: CIL module
 0001:0006be20       ?dtor$4@?0???0COPMToFile@@QEAA@PEBD@Z@4HA 000000014006ce20 f    CIL library: CIL module
 0001:0006be40       ?dtor$5@?0???0COPMToFile@@QEAA@PEBD@Z@4HA 000000014006ce40 f    CIL library: CIL module
 0001:0006be60       ?dtor$6@?0???0COPMToFile@@QEAA@PEBD@Z@4HA 000000014006ce60 f    CIL library: CIL module
 0001:0006be80       ?dtor$7@?0???0COPMToFile@@QEAA@PEBD@Z@4HA 000000014006ce80 f    CIL library: CIL module
 0001:0006bea0       ?dtor$0@?0???1CDataPacket@@QEAA@XZ@4HA 000000014006cea0 f    CIL library: CIL module
 0001:0006bec0       ?dtor$0@?0??getSingleton@CounterManager@@SAAEAV1@XZ@4HA 000000014006cec0 f    CIL library: CIL module
 0001:0006bee0       ?dtor$0@?0???YCAnsiString@string@wylib@@QEAAXPEBD@Z@4HA 000000014006cee0 f    CIL library: CIL module
 0001:0006bf00       ?dtor$0@?0???1COPMToFile@@UEAA@XZ@4HA 000000014006cf00 f    CIL library: CIL module
 0001:0006bf20       ?dtor$1@?0???1COPMToFile@@UEAA@XZ@4HA 000000014006cf20 f    CIL library: CIL module
 0001:0006bf40       ?dtor$2@?0???1COPMToFile@@UEAA@XZ@4HA 000000014006cf40 f    CIL library: CIL module
 0001:0006bf60       ?dtor$3@?0???1COPMToFile@@UEAA@XZ@4HA 000000014006cf60 f    CIL library: CIL module
 0001:0006bf80       ?dtor$4@?0???1COPMToFile@@UEAA@XZ@4HA 000000014006cf80 f    CIL library: CIL module
 0001:0006bfa0       ?dtor$5@?0???1COPMToFile@@UEAA@XZ@4HA 000000014006cfa0 f    CIL library: CIL module
 0001:0006bfc0       ?dtor$6@?0???1COPMToFile@@UEAA@XZ@4HA 000000014006cfc0 f    CIL library: CIL module
 0001:0006bfe0       ?dtor$7@?0???1COPMToFile@@UEAA@XZ@4HA 000000014006cfe0 f    CIL library: CIL module
 0001:0006c000       ?dtor$0@?0??addMsg@COPMToFile@@QEAAXW4tagShareOutputMsgType@@PEBD_J@Z@4HA 000000014006d000 f    CIL library: CIL module
 0001:0006c020       ?dtor$0@?0??allocTimeProfRecord@CTimeProfMgr@@IEAAXXZ@4HA 000000014006d020 f    CIL library: CIL module
 0001:0006c040       ?dtor$0@?0??getThreadInst@CTimeProfMgr@@QEAAPEAV1@XZ@4HA 000000014006d040 f    CIL library: CIL module
 0001:0006c060       ?dtor$0@?0??getSingleton@CTimeProfMgr@@SAAEAV1@XZ@4HA 000000014006d060 f    CIL library: CIL module
 0001:0006c080       ??__EINVALID_ENTITY_HANDLE@@YAXXZ 000000014006d080 f   BrotherData.obj
 0001:0006c0b0       ??__E?NSSockPacketHandlers@CNameSyncClient@@0QBQ81@EAAXAEAVCDataPacketReader@@@ZB@@YAXXZ 000000014006d0b0 f   DBNSClient.obj
 0001:0006c0f0       ??__EINVALID_ENTITY_HANDLE@@YAXXZ 000000014006d0f0 f   GuildData.obj
 0001:0006c120       ??__EINVALID_ENTITY_HANDLE@@YAXXZ 000000014006d120 f   ConsignmentData.obj
 0001:0006c150       ??__EmmPeriod@@YAXXZ       000000014006d150 f   wylib_x64:Tick.obj
 0001:0006c170       ??__EllStartTick@@YAXXZ    000000014006d170 f   wylib_x64:Tick.obj
 0001:0006c190       ??__EdwLastShortTick@@YAXXZ 000000014006d190 f   wylib_x64:Tick.obj
 0001:0006c1d0       ??__FINVALID_ENTITY_HANDLE@@YAXXZ 000000014006d1d0 f   BrotherData.obj
 0001:0006c210       ??__FINVALID_ENTITY_HANDLE@@YAXXZ 000000014006d210 f   GuildData.obj
 0001:0006c230       ??__FINVALID_ENTITY_HANDLE@@YAXXZ 000000014006d230 f   ConsignmentData.obj
