 NameServer64_R

 Timestamp is 576b8412 (Thu Jun 23 14:39:14 2016)

 Preferred load address is 0000000140000000

 Start         Length     Name                   Class
 0001:00000000 00028c4bH .text                   CODE
 0001:00028c50 00000aecH .text$x                 CODE
 0001:00029740 00000175H .text$yc                CODE
 0002:00000000 00000660H .idata$5                DATA
 0002:00000660 00000008H .CRT$XCA                DATA
 0002:00000668 00000008H .CRT$XCAA               DATA
 0002:00000670 00000020H .CRT$XCU                DATA
 0002:00000690 00000008H .CRT$XCZ                DATA
 0002:00000698 00000008H .CRT$XIA                DATA
 0002:000006a0 00000008H .CRT$XIAA               DATA
 0002:000006a8 00000008H .CRT$XIY                DATA
 0002:000006b0 00000008H .CRT$XIZ                DATA
 0002:000006c0 000043e8H .rdata                  DATA
 0002:00004aa8 0000005aH .rdata$debug            DATA
 0002:00004b08 000013ecH .rdata$r                DATA
 0002:00005ef8 00000008H .rtc$IAA                DATA
 0002:00005f00 00000008H .rtc$IZZ                DATA
 0002:00005f08 00000008H .rtc$TAA                DATA
 0002:00005f10 00000008H .rtc$TZZ                DATA
 0002:00005f18 000027c0H .xdata                  DATA
 0002:000086d8 00000084H .xdata$x                DATA
 0002:0000875c 0000008cH .idata$2                DATA
 0002:000087e8 00000014H .idata$3                DATA
 0002:00008800 00000660H .idata$4                DATA
 0002:00008e60 00000a62H .idata$6                DATA
 0002:000098c2 00000000H .edata                  DATA
 0003:00000000 00000b32H .data                   DATA
 0003:00000b40 00034698H .bss                    DATA
 0004:00000000 00002f58H .pdata                  DATA

  Address         Publics by Value              Rva+Base               Lib:Object

 0000:00000000       ___safe_se_handler_count   0000000000000000     <absolute>
 0000:00000000       ___safe_se_handler_table   0000000000000000     <absolute>
 0000:00000000       __ImageBase                0000000140000000     <linker-defined>
 0001:00000000       _tcsstr                    0000000140001000 f i srvlib_x64:WinService.obj
 0001:00000030       ?_tcsstr@@YAPEADPEADPEBD@Z 0000000140001030 f i srvlib_x64:WinService.obj
 0001:00000060       ??_ECWinService@@UEAAPEAXI@Z 0000000140001060 f i  CIL library: CIL module
 0001:00000060       ??_GCWinService@@UEAAPEAXI@Z 0000000140001060 f i srvlib_x64:WinService.obj
 0001:000000a0       ?connected@CCustomSocket@socket@inet@wylib@@QEAA_NXZ 00000001400010a0 f i srvlib_x64:CustomWorkSocket.obj
 0001:000000b0       ??_H@YAXPEAX_KHP6APEAX0@Z@Z 00000001400010b0 f i srvlib_x64:CustomWorkSocket.obj
 0001:00000100       ?getLength@CDataPacketReader@@QEAA_KXZ 0000000140001100 f i srvlib_x64:CustomWorkSocket.obj
 0001:00000120       ?writeBuf@CDataPacket@@QEAAXPEBX_K@Z 0000000140001120 f i srvlib_x64:CustomWorkSocket.obj
 0001:000001e0       ?setLength@CDataPacket@@QEAAX_K@Z 00000001400011e0 f i srvlib_x64:CustomWorkSocket.obj
 0001:00000260       ?setPosition@CDataPacket@@QEAA_K_K@Z 0000000140001260 f i srvlib_x64:CustomWorkSocket.obj
 0001:000002f0       ?setSize@CDataPacket@@IEAAX_K@Z 00000001400012f0 f i srvlib_x64:CustomWorkSocket.obj
 0001:00000430       ?allocSendPacket@CSendPacketPool@@QEAAAEAVCDataPacket@@XZ 0000000140001430 f i srvlib_x64:CustomWorkSocket.obj
 0001:00000470       ?flushSendPacket@CSendPacketPool@@QEAAXAEAVCDataPacket@@@Z 0000000140001470 f i srvlib_x64:CustomWorkSocket.obj
 0001:00000520       ??_ECCustomWorkSocket@@UEAAPEAXI@Z 0000000140001520 f i  CIL library: CIL module
 0001:00000520       ??_GCCustomWorkSocket@@UEAAPEAXI@Z 0000000140001520 f i srvlib_x64:CustomWorkSocket.obj
 0001:00000560       ??0?$CQueueList@PEAUtagAppInternalMessage@@@container@wylib@@QEAA@XZ 0000000140001560 f i srvlib_x64:CustomWorkSocket.obj
 0001:000005a0       ??1?$CQueueList@PEAUtagAppInternalMessage@@@container@wylib@@UEAA@XZ 00000001400015a0 f i srvlib_x64:CustomWorkSocket.obj
 0001:000005d0       ??_E?$CQueueList@PEAUtagAppInternalMessage@@@container@wylib@@UEAAPEAXI@Z 00000001400015d0 f i  CIL library: CIL module
 0001:000005d0       ??_G?$CQueueList@PEAUtagAppInternalMessage@@@container@wylib@@UEAAPEAXI@Z 00000001400015d0 f i srvlib_x64:CustomWorkSocket.obj
 0001:00000610       ??1?$CLockList@PEAUtagAppInternalMessage@@@container@wylib@@UEAA@XZ 0000000140001610 f i srvlib_x64:CustomWorkSocket.obj
 0001:00000630       ??0?$CLockList@PEAUtagAppInternalMessage@@@container@wylib@@QEAA@PEAVCBaseLock@lock@sync@2@@Z 0000000140001630 f i srvlib_x64:CustomWorkSocket.obj
 0001:00000670       ??0?$CBaseList@PEAUtagAppInternalMessage@@@container@wylib@@QEAA@XZ 0000000140001670 f i srvlib_x64:CustomWorkSocket.obj
 0001:000006c0       ??1?$CBaseList@PEAUtagAppInternalMessage@@@container@wylib@@UEAA@XZ 00000001400016c0 f i srvlib_x64:CustomWorkSocket.obj
 0001:000006f0       ?clear@?$CBaseList@PEAVCNameServerClientConnection@@@container@wylib@@QEAAXXZ 00000001400016f0 f i NSServer.obj
 0001:000006f0       ?clear@?$CBaseList@PEAV?$CRefObjectImpl@VCAnsiString@string@wylib@@@misc@wylib@@@container@wylib@@QEAAXXZ 00000001400016f0 f i srvlib_x64:CustomLuaConfig.obj
 0001:000006f0       ?clear@?$CBaseList@PEAVCCustomServerClientSocket@@@container@wylib@@QEAAXXZ 00000001400016f0 f i srvlib_x64:CustomServerSocket.obj
 0001:000006f0       ?clear@?$CBaseList@PEAUtagAppInternalMessage@@@container@wylib@@QEAAXXZ 00000001400016f0 f i srvlib_x64:CustomWorkSocket.obj
 0001:000006f0       ?clear@?$CBaseList@PEAVCDataPacket@@@container@wylib@@QEAAXXZ 00000001400016f0 f i srvlib_x64:SendPackPool.obj
 0001:00000710       ??_E?$CLockList@PEAUtagAppInternalMessage@@@container@wylib@@UEAAPEAXI@Z 0000000140001710 f i  CIL library: CIL module
 0001:00000710       ??_G?$CLockList@PEAUtagAppInternalMessage@@@container@wylib@@UEAAPEAXI@Z 0000000140001710 f i srvlib_x64:CustomWorkSocket.obj
 0001:00000750       ??_G?$CBaseList@PEAUtagAppInternalMessage@@@container@wylib@@UEAAPEAXI@Z 0000000140001750 f i srvlib_x64:CustomWorkSocket.obj
 0001:00000750       ??_E?$CBaseList@PEAUtagAppInternalMessage@@@container@wylib@@UEAAPEAXI@Z 0000000140001750 f i  CIL library: CIL module
 0001:00000790       ?addList@?$CBaseList@PEAVCCustomServerClientSocket@@@container@wylib@@QEAAXAEBV123@@Z 0000000140001790 f i srvlib_x64:CustomServerSocket.obj
 0001:00000790       ?addList@?$CBaseList@PEAUtagAppInternalMessage@@@container@wylib@@QEAAXAEBV123@@Z 0000000140001790 f i srvlib_x64:CustomWorkSocket.obj
 0001:00000790       ?addList@?$CBaseList@PEAVCDataPacket@@@container@wylib@@QEAAXAEBV123@@Z 0000000140001790 f i srvlib_x64:SendPackPool.obj
 0001:000007d0       ?addArray@?$CBaseList@PEAVCCustomServerClientSocket@@@container@wylib@@QEAAXPEAPEAVCCustomServerClientSocket@@_J@Z 00000001400017d0 f i srvlib_x64:CustomServerSocket.obj
 0001:000007d0       ?addArray@?$CBaseList@PEAUtagAppInternalMessage@@@container@wylib@@QEAAXPEAPEAUtagAppInternalMessage@@_J@Z 00000001400017d0 f i srvlib_x64:CustomWorkSocket.obj
 0001:000007d0       ?addArray@?$CBaseList@PEAVCDataPacket@@@container@wylib@@QEAAXPEAPEAVCDataPacket@@_J@Z 00000001400017d0 f i srvlib_x64:SendPackPool.obj
 0001:00000870       _tcsncpy                   0000000140001870 f i srvlib_x64:CustomServerSocket.obj
 0001:000008a0       ?Run@CCustomServerClientSocket@@QEAAXXZ 00000001400018a0 f i srvlib_x64:CustomServerSocket.obj
 0001:000008c0       ??_GCCustomServerSocket@@UEAAPEAXI@Z 00000001400018c0 f i srvlib_x64:CustomServerSocket.obj
 0001:000008c0       ??_ECCustomServerSocket@@UEAAPEAXI@Z 00000001400018c0 f i  CIL library: CIL module
 0001:00000900       ??0?$CQueueList@PEAVCCustomServerClientSocket@@@container@wylib@@QEAA@XZ 0000000140001900 f i srvlib_x64:CustomServerSocket.obj
 0001:00000940       ??1?$CQueueList@PEAVCCustomServerClientSocket@@@container@wylib@@UEAA@XZ 0000000140001940 f i srvlib_x64:CustomServerSocket.obj
 0001:00000970       ??_E?$CQueueList@PEAVCCustomServerClientSocket@@@container@wylib@@UEAAPEAXI@Z 0000000140001970 f i  CIL library: CIL module
 0001:00000970       ??_G?$CQueueList@PEAVCCustomServerClientSocket@@@container@wylib@@UEAAPEAXI@Z 0000000140001970 f i srvlib_x64:CustomServerSocket.obj
 0001:000009b0       ??1?$CLockList@PEAVCCustomServerClientSocket@@@container@wylib@@UEAA@XZ 00000001400019b0 f i srvlib_x64:CustomServerSocket.obj
 0001:000009d0       ?append@?$CQueueList@PEAVCCustomServerClientSocket@@@container@wylib@@QEAAXAEBQEAVCCustomServerClientSocket@@@Z 00000001400019d0 f i srvlib_x64:CustomServerSocket.obj
 0001:000009d0       ?append@?$CQueueList@PEAVCDataPacket@@@container@wylib@@QEAAXAEBQEAVCDataPacket@@@Z 00000001400019d0 f i srvlib_x64:CustomWorkSocket.obj
 0001:00000a10       ??0?$CLockList@PEAVCCustomServerClientSocket@@@container@wylib@@QEAA@PEAVCBaseLock@lock@sync@2@@Z 0000000140001a10 f i srvlib_x64:CustomServerSocket.obj
 0001:00000a50       ?lock@?$CLockList@PEAUtagAppInternalMessage@@@container@wylib@@QEAAXXZ 0000000140001a50 f i srvlib_x64:CustomWorkSocket.obj
 0001:00000a50       ?lock@?$CLockList@PEAVCCustomServerClientSocket@@@container@wylib@@QEAAXXZ 0000000140001a50 f i srvlib_x64:CustomServerSocket.obj
 0001:00000a50       ?lock@?$CLockList@PEAVCDataPacket@@@container@wylib@@QEAAXXZ 0000000140001a50 f i srvlib_x64:CustomWorkSocket.obj
 0001:00000a90       ?unlock@?$CLockList@PEAVCCustomServerClientSocket@@@container@wylib@@QEAAXXZ 0000000140001a90 f i srvlib_x64:CustomServerSocket.obj
 0001:00000a90       ?unlock@?$CLockList@PEAVCDataPacket@@@container@wylib@@QEAAXXZ 0000000140001a90 f i srvlib_x64:CustomWorkSocket.obj
 0001:00000a90       ?unlock@?$CLockList@PEAUtagAppInternalMessage@@@container@wylib@@QEAAXXZ 0000000140001a90 f i srvlib_x64:CustomWorkSocket.obj
 0001:00000ad0       ??0?$CBaseList@PEAVCCustomServerClientSocket@@@container@wylib@@QEAA@XZ 0000000140001ad0 f i srvlib_x64:CustomServerSocket.obj
 0001:00000b20       ??1?$CBaseList@PEAVCCustomServerClientSocket@@@container@wylib@@UEAA@XZ 0000000140001b20 f i srvlib_x64:CustomServerSocket.obj
 0001:00000b50       ?remove@?$CBaseList@PEAV?$CRefObjectImpl@VCAnsiString@string@wylib@@@misc@wylib@@@container@wylib@@QEAAX_J@Z 0000000140001b50 f i srvlib_x64:CustomLuaConfig.obj
 0001:00000b50       ?remove@?$CBaseList@PEAVCCustomServerClientSocket@@@container@wylib@@QEAAX_J@Z 0000000140001b50 f i srvlib_x64:CustomServerSocket.obj
 0001:00000b90       ?reserve@?$CBaseList@PEAVCCustomServerClientSocket@@@container@wylib@@UEAAX_J@Z 0000000140001b90 f i srvlib_x64:CustomServerSocket.obj
 0001:00000b90       ?reserve@?$CBaseList@PEAVCNameServerClientConnection@@@container@wylib@@UEAAX_J@Z 0000000140001b90 f i NSServer.obj
 0001:00000b90       ?reserve@?$CBaseList@PEAVCDataPacket@@@container@wylib@@UEAAX_J@Z 0000000140001b90 f i srvlib_x64:SendPackPool.obj
 0001:00000b90       ?reserve@?$CBaseList@PEAUtagAppInternalMessage@@@container@wylib@@UEAAX_J@Z 0000000140001b90 f i srvlib_x64:CustomWorkSocket.obj
 0001:00000b90       ?reserve@?$CBaseList@PEAV?$CRefObjectImpl@VCAnsiString@string@wylib@@@misc@wylib@@@container@wylib@@UEAAX_J@Z 0000000140001b90 f i srvlib_x64:CustomLuaConfig.obj
 0001:00000c00       ??_E?$CLockList@PEAVCCustomServerClientSocket@@@container@wylib@@UEAAPEAXI@Z 0000000140001c00 f i  CIL library: CIL module
 0001:00000c00       ??_G?$CLockList@PEAVCCustomServerClientSocket@@@container@wylib@@UEAAPEAXI@Z 0000000140001c00 f i srvlib_x64:CustomServerSocket.obj
 0001:00000c40       ??_E?$CBaseList@PEAVCCustomServerClientSocket@@@container@wylib@@UEAAPEAXI@Z 0000000140001c40 f i  CIL library: CIL module
 0001:00000c40       ??_G?$CBaseList@PEAVCCustomServerClientSocket@@@container@wylib@@UEAAPEAXI@Z 0000000140001c40 f i srvlib_x64:CustomServerSocket.obj
 0001:00000c80       ?remove@?$CBaseList@PEAV?$CRefObjectImpl@VCAnsiString@string@wylib@@@misc@wylib@@@container@wylib@@QEAAX_J0@Z 0000000140001c80 f i srvlib_x64:CustomLuaConfig.obj
 0001:00000c80       ?remove@?$CBaseList@PEAVCCustomServerClientSocket@@@container@wylib@@QEAAX_J0@Z 0000000140001c80 f i srvlib_x64:CustomServerSocket.obj
 0001:00000d20       ?alloc@CAnsiString@string@wylib@@MEAAPEAXPEAX_K@Z 0000000140001d20 f i srvlib_x64:CustomLuaConfig.obj
 0001:00000d70       ?setData@CAnsiString@string@wylib@@IEAAXPEBD@Z 0000000140001d70 f i srvlib_x64:CustomLuaConfig.obj
 0001:00000e10       ?catData@CAnsiString@string@wylib@@IEAAXPEBD@Z 0000000140001e10 f i srvlib_x64:CustomLuaConfig.obj
 0001:00000eb0       ??0CAnsiString@string@wylib@@QEAA@XZ 0000000140001eb0 f i srvlib_x64:CustomLuaConfig.obj
 0001:00000ee0       ??0CAnsiString@string@wylib@@QEAA@PEBD@Z 0000000140001ee0 f i srvlib_x64:CustomLuaConfig.obj
 0001:00000f30       ??1CAnsiString@string@wylib@@UEAA@XZ 0000000140001f30 f i srvlib_x64:CustomLuaConfig.obj
 0001:00000f60       ??BCAnsiString@string@wylib@@QEAAPEADXZ 0000000140001f60 f i srvlib_x64:CustomLuaConfig.obj
 0001:00000fa0       ??4CAnsiString@string@wylib@@QEAAXPEBD@Z 0000000140001fa0 f i srvlib_x64:CustomLuaConfig.obj
 0001:00000fe0       ??YCAnsiString@string@wylib@@QEAAXPEBD@Z 0000000140001fe0 f i srvlib_x64:CustomLuaConfig.obj
 0001:00001050       ??B?$CBaseList@PEAVCCustomServerClientSocket@@@container@wylib@@QEBAPEAPEAVCCustomServerClientSocket@@XZ 0000000140002050 f i srvlib_x64:CustomServerSocket.obj
 0001:00001050       ??B?$CBaseList@PEAUtagAppInternalMessage@@@container@wylib@@QEBAPEAPEAUtagAppInternalMessage@@XZ 0000000140002050 f i srvlib_x64:CustomWorkSocket.obj
 0001:00001050       ?rawStr@CAnsiString@string@wylib@@QEAAPEADXZ 0000000140002050 f i srvlib_x64:CustomLuaConfig.obj
 0001:00001050       ??B?$CBaseList@PEAVCDataPacket@@@container@wylib@@QEBAPEAPEAVCDataPacket@@XZ 0000000140002050 f i srvlib_x64:SendPackPool.obj
 0001:00001050       ??B?$CBaseList@PEAVCNameServerClientConnection@@@container@wylib@@QEBAPEAPEAVCNameServerClientConnection@@XZ 0000000140002050 f i NSServer.obj
 0001:00001050       ?getMemory@CMemoryStream@stream@wylib@@QEAAPEAXXZ 0000000140002050 f i NSConfig.obj
 0001:00001050       ??B?$CBaseList@PEAV?$CRefObjectImpl@VCAnsiString@string@wylib@@@misc@wylib@@@container@wylib@@QEBAPEAPEAV?$CRefObjectImpl@VCAnsiString@string@wylib@@@misc@2@XZ 0000000140002050 f i srvlib_x64:CustomLuaConfig.obj
 0001:00001060       ?length@CAnsiString@string@wylib@@QEBA_KXZ 0000000140002060 f i srvlib_x64:CustomLuaConfig.obj
 0001:000010a0       ?isEmpty@CAnsiString@string@wylib@@QEBA_NXZ 00000001400020a0 f i srvlib_x64:CustomLuaConfig.obj
 0001:000010e0       ??_GCAnsiString@string@wylib@@UEAAPEAXI@Z 00000001400020e0 f i srvlib_x64:CustomLuaConfig.obj
 0001:000010e0       ??_ECAnsiString@string@wylib@@UEAAPEAXI@Z 00000001400020e0 f i  CIL library: CIL module
 0001:00001120       ??_ECCustomLuaConfig@@UEAAPEAXI@Z 0000000140002120 f i  CIL library: CIL module
 0001:00001120       ??_GCCustomLuaConfig@@UEAAPEAXI@Z 0000000140002120 f i srvlib_x64:CustomLuaConfig.obj
 0001:00001160       ??4?$CTRefString@VCAnsiString@string@wylib@@D@string@wylib@@QEAAXPEBD@Z 0000000140002160 f i srvlib_x64:CustomLuaConfig.obj
 0001:00001200       ??0?$CBaseList@PEAV?$CRefObjectImpl@VCAnsiString@string@wylib@@@misc@wylib@@@container@wylib@@QEAA@XZ 0000000140002200 f i srvlib_x64:CustomLuaConfig.obj
 0001:00001250       ??1?$CBaseList@PEAV?$CRefObjectImpl@VCAnsiString@string@wylib@@@misc@wylib@@@container@wylib@@UEAA@XZ 0000000140002250 f i srvlib_x64:CustomLuaConfig.obj
 0001:00001280       ?add@?$CBaseList@PEAV?$CRefObjectImpl@VCAnsiString@string@wylib@@@misc@wylib@@@container@wylib@@QEAA_JAEBQEAV?$CRefObjectImpl@VCAnsiString@string@wylib@@@misc@3@@Z 0000000140002280 f i srvlib_x64:CustomLuaConfig.obj
 0001:00001280       ?add@?$CBaseList@PEAVCDataPacket@@@container@wylib@@QEAA_JAEBQEAVCDataPacket@@@Z 0000000140002280 f i srvlib_x64:CustomWorkSocket.obj
 0001:00001280       ?add@?$CBaseList@PEAVCCustomServerClientSocket@@@container@wylib@@QEAA_JAEBQEAVCCustomServerClientSocket@@@Z 0000000140002280 f i srvlib_x64:CustomServerSocket.obj
 0001:00001330       ??0?$CRefObjectImpl@VCAnsiString@string@wylib@@@misc@wylib@@QEAA@XZ 0000000140002330 f i srvlib_x64:CustomLuaConfig.obj
 0001:00001370       ?addRef@?$CRefObjectImpl@VCAnsiString@string@wylib@@@misc@wylib@@QEAAJXZ 0000000140002370 f i srvlib_x64:CustomLuaConfig.obj
 0001:00001390       ?release@?$CRefObjectImpl@VCAnsiString@string@wylib@@@misc@wylib@@QEAAJXZ 0000000140002390 f i srvlib_x64:CustomLuaConfig.obj
 0001:000013e0       ?finallRelease@?$CRefObjectImpl@VCAnsiString@string@wylib@@@misc@wylib@@MEAAXXZ 00000001400023e0 f i srvlib_x64:CustomLuaConfig.obj
 0001:00001430       ??_E?$CBaseList@PEAV?$CRefObjectImpl@VCAnsiString@string@wylib@@@misc@wylib@@@container@wylib@@UEAAPEAXI@Z 0000000140002430 f i  CIL library: CIL module
 0001:00001430       ??_G?$CBaseList@PEAV?$CRefObjectImpl@VCAnsiString@string@wylib@@@misc@wylib@@@container@wylib@@UEAAPEAXI@Z 0000000140002430 f i srvlib_x64:CustomLuaConfig.obj
 0001:00001470       ??_E?$CRefObjectImpl@VCAnsiString@string@wylib@@@misc@wylib@@UEAAPEAXI@Z 0000000140002470 f i  CIL library: CIL module
 0001:00001470       ??_G?$CRefObjectImpl@VCAnsiString@string@wylib@@@misc@wylib@@UEAAPEAXI@Z 0000000140002470 f i srvlib_x64:CustomLuaConfig.obj
 0001:000014b0       ??1?$CRefObjectImpl@VCAnsiString@string@wylib@@@misc@wylib@@UEAA@XZ 00000001400024b0 f i srvlib_x64:CustomLuaConfig.obj
 0001:000014d0       ?getMemoryPtr@CDataPacketReader@@QEAAPEADXZ 00000001400024d0 f i srvlib_x64:CustomLuaScript.obj
 0001:000014e0       ??_GCCustomLuaScript@@UEAAPEAXI@Z 00000001400024e0 f i srvlib_x64:CustomLuaScript.obj
 0001:000014e0       ??_ECCustomLuaScript@@UEAAPEAXI@Z 00000001400024e0 f i  CIL library: CIL module
 0001:00001520       ??1?$CTRefString@VCAnsiString@string@wylib@@D@string@wylib@@UEAA@XZ 0000000140002520 f i srvlib_x64:CustomLuaScript.obj
 0001:00001540       ?lcCheck@CCustomLuaScript@@IEAA_NH@Z 0000000140002540 f i srvlib_x64:CustomLuaScript.obj
 0001:00001660       ??0?$CTRefString@VCAnsiString@string@wylib@@D@string@wylib@@QEAA@XZ 0000000140002660 f i srvlib_x64:CustomLuaScript.obj
 0001:00001690       ??1?$CRefObject@VCAnsiString@string@wylib@@@misc@wylib@@UEAA@XZ 0000000140002690 f i srvlib_x64:CustomLuaScript.obj
 0001:000016d0       ??_G?$CTRefString@VCAnsiString@string@wylib@@D@string@wylib@@UEAAPEAXI@Z 00000001400026d0 f i srvlib_x64:CustomLuaScript.obj
 0001:000016d0       ??_E?$CTRefString@VCAnsiString@string@wylib@@D@string@wylib@@UEAAPEAXI@Z 00000001400026d0 f i  CIL library: CIL module
 0001:00001710       ??_G?$CRefObject@VCAnsiString@string@wylib@@@misc@wylib@@UEAAPEAXI@Z 0000000140002710 f i srvlib_x64:CustomLuaScript.obj
 0001:00001710       ??_E?$CRefObject@VCAnsiString@string@wylib@@@misc@wylib@@UEAAPEAXI@Z 0000000140002710 f i  CIL library: CIL module
 0001:00001750       ??0?$CRefObject@VCAnsiString@string@wylib@@@misc@wylib@@QEAA@XZ 0000000140002750 f i srvlib_x64:CustomLuaScript.obj
 0001:00001780       ??0CounterNode@CounterManager@@QEAA@XZ 0000000140002780 f i srvlib_x64:CustomServerClientSocket.obj
 0001:000017b0       ??0CounterNode@CounterManager@@QEAA@PEBDPEAX_K@Z 00000001400027b0 f i srvlib_x64:CustomServerClientSocket.obj
 0001:00001970       ??4CounterNode@CounterManager@@QEAAAEAU01@AEBU01@@Z 0000000140002970 f i srvlib_x64:CustomServerClientSocket.obj
 0001:000019a0       ?getSingleton@CounterManager@@SAAEAV1@XZ 00000001400029a0 f i srvlib_x64:CustomServerClientSocket.obj
 0001:000019f0       ??0CounterManager@@QEAA@XZ 00000001400029f0 f i srvlib_x64:CustomServerClientSocket.obj
 0001:00001a40       ?addObjectCounter@CounterManager@@QEAAXPEBDPEAX_K@Z 0000000140002a40 f i srvlib_x64:CustomServerClientSocket.obj
 0001:00001b00       ??_GCCustomServerClientSocket@@UEAAPEAXI@Z 0000000140002b00 f i srvlib_x64:CustomServerClientSocket.obj
 0001:00001b00       ??_ECCustomServerClientSocket@@UEAAPEAXI@Z 0000000140002b00 f i  CIL library: CIL module
 0001:00001b40       ??0?$Counter@VCCustomServerClientSocket@@@@QEAA@XZ 0000000140002b40 f i srvlib_x64:CustomServerClientSocket.obj
 0001:00001b60       ??1?$Counter@VCCustomServerClientSocket@@@@QEAA@XZ 0000000140002b60 f i srvlib_x64:CustomServerClientSocket.obj
 0001:00001b80       ?addToStat@?$Counter@VCCustomServerClientSocket@@@@IEAAXXZ 0000000140002b80 f i srvlib_x64:CustomServerClientSocket.obj
 0001:00001be0       ?getCount@?$Counter@VCCustomServerClientSocket@@@@SA_KXZ 0000000140002be0 f i srvlib_x64:CustomServerClientSocket.obj
 0001:00001bf0       ??2@YAPEAX_KPEAX@Z         0000000140002bf0 f i srvlib_x64:SendPackPool.obj
 0001:00001c00       ??3@YAXPEAX0@Z             0000000140002c00 f i srvlib_x64:SendPackPool.obj
 0001:00001c10       ?getAvaliableLength@CDataPacketReader@@QEAA_KXZ 0000000140002c10 f i srvlib_x64:SendPackPool.obj
 0001:00001c30       ??0CDataPacketReader@@QEAA@XZ 0000000140002c30 f i srvlib_x64:SendPackPool.obj
 0001:00001c70       ?adjustOffset@CDataPacket@@QEAA_K_J@Z 0000000140002c70 f i srvlib_x64:SendPackPool.obj
 0001:00001d30       ??0CDataPacket@@QEAA@PEAVCBufferAllocator@@@Z 0000000140002d30 f i srvlib_x64:SendPackPool.obj
 0001:00001d80       ??1CDataPacket@@QEAA@XZ    0000000140002d80 f i srvlib_x64:SendPackPool.obj
 0001:00001e10       ??0?$CQueueList@PEAVCDataPacket@@@container@wylib@@QEAA@XZ 0000000140002e10 f i srvlib_x64:SendPackPool.obj
 0001:00001e50       ??1?$CQueueList@PEAVCDataPacket@@@container@wylib@@UEAA@XZ 0000000140002e50 f i srvlib_x64:SendPackPool.obj
 0001:00001e80       ??1?$CLockList@PEAVCDataPacket@@@container@wylib@@UEAA@XZ 0000000140002e80 f i srvlib_x64:SendPackPool.obj
 0001:00001ea0       ??_E?$CQueueList@PEAVCDataPacket@@@container@wylib@@UEAAPEAXI@Z 0000000140002ea0 f i  CIL library: CIL module
 0001:00001ea0       ??_G?$CQueueList@PEAVCDataPacket@@@container@wylib@@UEAAPEAXI@Z 0000000140002ea0 f i srvlib_x64:SendPackPool.obj
 0001:00001ee0       ??_GCDataPacket@@QEAAPEAXI@Z 0000000140002ee0 f i srvlib_x64:SendPackPool.obj
 0001:00001f20       ??0?$Counter@VCDataPacket@@@@QEAA@XZ 0000000140002f20 f i srvlib_x64:SendPackPool.obj
 0001:00001f40       ??1?$Counter@VCDataPacket@@@@QEAA@XZ 0000000140002f40 f i srvlib_x64:SendPackPool.obj
 0001:00001f60       ?flush@?$CQueueList@PEAVCDataPacket@@@container@wylib@@QEAAXXZ 0000000140002f60 f i srvlib_x64:SendPackPool.obj
 0001:00001f60       ?flush@?$CQueueList@PEAUtagAppInternalMessage@@@container@wylib@@QEAAXXZ 0000000140002f60 f i srvlib_x64:CustomWorkSocket.obj
 0001:00001f60       ?flush@?$CQueueList@PEAVCCustomServerClientSocket@@@container@wylib@@QEAAXXZ 0000000140002f60 f i srvlib_x64:CustomServerSocket.obj
 0001:00001fd0       ??0?$CLockList@PEAVCDataPacket@@@container@wylib@@QEAA@PEAVCBaseLock@lock@sync@2@@Z 0000000140002fd0 f i srvlib_x64:SendPackPool.obj
 0001:00002010       ?setLock@?$CLockList@PEAVCCustomServerClientSocket@@@container@wylib@@QEAAPEAVCBaseLock@lock@sync@3@PEAV4563@@Z 0000000140003010 f i srvlib_x64:CustomServerSocket.obj
 0001:00002010       ?setLock@?$CLockList@PEAUtagAppInternalMessage@@@container@wylib@@QEAAPEAVCBaseLock@lock@sync@3@PEAV4563@@Z 0000000140003010 f i srvlib_x64:CustomWorkSocket.obj
 0001:00002010       ?setLock@?$CLockList@PEAVCDataPacket@@@container@wylib@@QEAAPEAVCBaseLock@lock@sync@3@PEAV4563@@Z 0000000140003010 f i srvlib_x64:SendPackPool.obj
 0001:00002050       ??0?$CBaseList@PEAVCDataPacket@@@container@wylib@@QEAA@XZ 0000000140003050 f i srvlib_x64:SendPackPool.obj
 0001:000020a0       ??1?$CBaseList@PEAVCDataPacket@@@container@wylib@@UEAA@XZ 00000001400030a0 f i srvlib_x64:SendPackPool.obj
 0001:000020d0       ?getOffsetPtr@CDataPacketReader@@QEAAPEADXZ 00000001400030d0 f i srvlib_x64:SendPackPool.obj
 0001:000020d0       ?maxCount@?$CBaseList@PEAVCDataPacket@@@container@wylib@@QEBA_JXZ 00000001400030d0 f i srvlib_x64:SendPackPool.obj
 0001:000020e0       ?trunc@?$CBaseList@PEAVCNameServerClientConnection@@@container@wylib@@QEAAX_J@Z 00000001400030e0 f i NSServer.obj
 0001:000020e0       ?trunc@?$CBaseList@PEAVCDataPacket@@@container@wylib@@QEAAX_J@Z 00000001400030e0 f i srvlib_x64:SendPackPool.obj
 0001:000020e0       ?trunc@?$CBaseList@PEAVCCustomServerClientSocket@@@container@wylib@@QEAAX_J@Z 00000001400030e0 f i srvlib_x64:CustomServerSocket.obj
 0001:000020e0       ?trunc@?$CBaseList@PEAUtagAppInternalMessage@@@container@wylib@@QEAAX_J@Z 00000001400030e0 f i srvlib_x64:CustomWorkSocket.obj
 0001:00002110       ??_E?$CLockList@PEAVCDataPacket@@@container@wylib@@UEAAPEAXI@Z 0000000140003110 f i  CIL library: CIL module
 0001:00002110       ??_G?$CLockList@PEAVCDataPacket@@@container@wylib@@UEAAPEAXI@Z 0000000140003110 f i srvlib_x64:SendPackPool.obj
 0001:00002150       ??_G?$CBaseList@PEAVCDataPacket@@@container@wylib@@UEAAPEAXI@Z 0000000140003150 f i srvlib_x64:SendPackPool.obj
 0001:00002150       ??_E?$CBaseList@PEAVCDataPacket@@@container@wylib@@UEAAPEAXI@Z 0000000140003150 f i  CIL library: CIL module
 0001:00002190       ?addToStat@?$Counter@VCDataPacket@@@@IEAAXXZ 0000000140003190 f i srvlib_x64:SendPackPool.obj
 0001:000021f0       ?getCount@?$Counter@VCDataPacket@@@@SA_KXZ 00000001400031f0 f i srvlib_x64:SendPackPool.obj
 0001:00002200       ?terminated@CBaseThread@thread@wylib@@IEAA_NXZ 0000000140003200 f i servercommon_x64:FileLogger.obj
 0001:00002210       ?readBuf@CDataPacketReader@@QEAA_KPEAX_K@Z 0000000140003210 f i servercommon_x64:FileLogger.obj
 0001:000022a0       ?readString@CDataPacketReader@@QEAA_KPEAD_K@Z 00000001400032a0 f i servercommon_x64:FileLogger.obj
 0001:000022d0       ??5CDataPacketReader@@QEAAAEAV0@AEAPEBD@Z 00000001400032d0 f i servercommon_x64:FileLogger.obj
 0001:00002300       ??0COPMToFile@@QEAA@PEBD@Z 0000000140003300 f i servercommon_x64:FileLogger.obj
 0001:00002470       ?addRef@COPMToFile@@QEAAJXZ 0000000140003470 f i servercommon_x64:FileLogger.obj
 0001:00002490       ?release@COPMToFile@@QEAAJXZ 0000000140003490 f i servercommon_x64:FileLogger.obj
 0001:00002520       ??1COPMToFile@@UEAA@XZ     0000000140003520 f i servercommon_x64:FileLogger.obj
 0001:000027b0       ?addMsg@COPMToFile@@QEAAXW4tagShareOutputMsgType@@PEBD_J@Z 00000001400037b0 f i servercommon_x64:FileLogger.obj
 0001:000029f0       ?OnRountine@COPMToFile@@MEAAXXZ 00000001400039f0 f i servercommon_x64:FileLogger.obj
 0001:00002a70       ?ProcessMessages@COPMToFile@@IEAAXXZ 0000000140003a70 f i servercommon_x64:FileLogger.obj
 0001:00002d60       ?writeMessage@COPMToFile@@IEAAXW4tagShareOutputMsgType@@PEBD_K12@Z 0000000140003d60 f i servercommon_x64:FileLogger.obj
 0001:00003030       ?displayMessage@COPMToFile@@IEAAXW4tagShareOutputMsgType@@PEBD1_K@Z 0000000140004030 f i servercommon_x64:FileLogger.obj
 0001:000030c0       ?convertToUTF8@COPMToFile@@IEAA_KPEBD_KPEAD1@Z 00000001400040c0 f i servercommon_x64:FileLogger.obj
 0001:000031d0       ?convertToACP@COPMToFile@@IEAA_KPEBD_KPEAD1@Z 00000001400041d0 f i servercommon_x64:FileLogger.obj
 0001:00003320       ?DumpImpl@COPMToFile@@IEAAXXZ 0000000140004320 f i servercommon_x64:FileLogger.obj
 0001:000037e0       ??_ECOPMToFile@@UEAAPEAXI@Z 00000001400047e0 f i  CIL library: CIL module
 0001:000037e0       ??_GCOPMToFile@@UEAAPEAXI@Z 00000001400047e0 f i servercommon_x64:FileLogger.obj
 0001:00003820       ?appendCount@?$CQueueList@PEAVCDataPacket@@@container@wylib@@QEAA_JXZ 0000000140004820 f i servercommon_x64:FileLogger.obj
 0001:00003840       ??$rawReadStringLen@PEADG@CDataPacketReader@@IEAA_KPEAD_K@Z 0000000140004840 f i servercommon_x64:FileLogger.obj
 0001:000039e0       ??$rawReadStringPtr@DG@CDataPacketReader@@IEAAPEBDXZ 00000001400049e0 f i servercommon_x64:FileLogger.obj
 0001:00003a70       ??$?6G@CDataPacket@@QEAAAEAV0@G@Z 0000000140004a70 f i servercommon_x64:FileLogger.obj
 0001:00003a70       ??$?6_W@CDataPacket@@QEAAAEAV0@_W@Z 0000000140004a70 f i servercommon_x64:FileLogger.obj
 0001:00003ac0       ??$?5W4tagShareOutputMsgType@@@CDataPacketReader@@QEAAAEAV0@AEAW4tagShareOutputMsgType@@@Z 0000000140004ac0 f i servercommon_x64:FileLogger.obj
 0001:00003b10       ??$?5U_SYSTEMTIME@@@CDataPacketReader@@QEAAAEAV0@AEAU_SYSTEMTIME@@@Z 0000000140004b10 f i servercommon_x64:FileLogger.obj
 0001:00003b80       ??$writeAtom@_W@CDataPacket@@QEAAX_W@Z 0000000140004b80 f i servercommon_x64:FileLogger.obj
 0001:00003b80       ??$writeAtom@G@CDataPacket@@QEAAXG@Z 0000000140004b80 f i servercommon_x64:FileLogger.obj
 0001:00003c30       ??$readAtom@W4tagShareOutputMsgType@@@CDataPacketReader@@QEAA?AW4tagShareOutputMsgType@@XZ 0000000140004c30 f i servercommon_x64:FileLogger.obj
 0001:00003cf0       ??$readAtom@U_SYSTEMTIME@@@CDataPacketReader@@QEAA?AU_SYSTEMTIME@@XZ 0000000140004cf0 f i servercommon_x64:FileLogger.obj
 0001:00003df0       ??_ECOPMToFile@@WBI@EAAPEAXI@Z 0000000140004df0 f i servercommon_x64:FileLogger.obj
 0001:00003e00       ??0CDataPacketReader@@QEAA@PEBX_K@Z 0000000140004e00 f i servercommon_x64:CustomJXServerClientSocket.obj
 0001:00003e70       ?GetRemoteHost@CCustomServerClientSocket@@QEAAPEBDXZ 0000000140004e70 f i servercommon_x64:CustomJXServerClientSocket.obj
 0001:00003e90       ?GetRemotePort@CCustomServerClientSocket@@QEAAHXZ 0000000140004e90 f i servercommon_x64:CustomJXServerClientSocket.obj
 0001:00003eb0       ?getServerTypeName@jxSrvDef@@YAPEBDW4tagServerType@1@@Z 0000000140004eb0 f i servercommon_x64:CustomJXServerClientSocket.obj
 0001:00003f40       ?getClientName@CCustomJXServerClientSocket@@QEAAPEBDXZ 0000000140004f40 f i servercommon_x64:CustomJXServerClientSocket.obj
 0001:00003f60       ?_Assert@CDataPacket@@QEAAXXZ 0000000140004f60 f i srvlib_x64:CustomWorkSocket.obj
 0001:00003f60       ?OnRegDataValidated@CCustomJXServerClientSocket@@MEAAXXZ 0000000140004f60 f i servercommon_x64:CustomJXServerClientSocket.obj
 0001:00003f70       ??_ECCustomJXServerClientSocket@@UEAAPEAXI@Z 0000000140004f70 f i  CIL library: CIL module
 0001:00003f70       ??_GCCustomJXServerClientSocket@@UEAAPEAXI@Z 0000000140004f70 f i servercommon_x64:CustomJXServerClientSocket.obj
 0001:00003fb0       ??1CCustomJXServerClientSocket@@UEAA@XZ 0000000140004fb0 f i servercommon_x64:CustomJXServerClientSocket.obj
 0001:00003fd0       ??$?5G@CDataPacketReader@@QEAAAEAV0@AEAG@Z 0000000140004fd0 f i servercommon_x64:CustomJXServerClientSocket.obj
 0001:00004020       ??$readAtom@G@CDataPacketReader@@QEAAGXZ 0000000140005020 f i servercommon_x64:CustomJXServerClientSocket.obj
 0001:000040e0       main                       00000001400050e0 f   main.obj
 0001:00004120       ?ServiceMain@@YAXHPEAPEAD@Z 0000000140005120 f   main.obj
 0001:000041b0       ?ServerMain@@YAXXZ         00000001400051b0 f   main.obj
 0001:00004430       ?SetupNameServerConfig@@YAHPEAVCNameServer@@@Z 0000000140005430 f   main.obj
 0001:00004490       ??0CNameService@@QEAA@PEBDK@Z 0000000140005490 f i main.obj
 0001:000044d0       ?AppMain@CNameService@@UEAAHXZ 00000001400054d0 f i main.obj
 0001:000046a0       ??_GCNameService@@UEAAPEAXI@Z 00000001400056a0 f i main.obj
 0001:000046a0       ??_ECNameService@@UEAAPEAXI@Z 00000001400056a0 f i main.obj
 0001:000046e0       ??1CNameService@@UEAA@XZ   00000001400056e0 f i main.obj
 0001:00004700       _tcsncicmp                 0000000140005700 f i main.obj
 0001:00004730       ?GetServerName@CNameServer@@QEAAPEADXZ 0000000140005730 f i main.obj
 0001:00004750       ??0CNameServerConfig@@QEAA@XZ 0000000140005750 f i main.obj
 0001:00004780       ??1CNameServerConfig@@UEAA@XZ 0000000140005780 f i main.obj
 0001:000047a0       ??_ECNameServerConfig@@UEAAPEAXI@Z 00000001400057a0 f i main.obj
 0001:000047a0       ??_GCNameServerConfig@@UEAAPEAXI@Z 00000001400057a0 f i main.obj
 0001:000047e0       ?showError@CNameServerConfig@@MEAAXPEBD@Z 00000001400057e0 f   NSConfig.obj
 0001:00004870       ?readConfig@CNameServerConfig@@IEAA_NPEAVCNameServer@@@Z 0000000140005870 f   NSConfig.obj
 0001:00004b90       ?loadConfig@CNameServerConfig@@QEAA_NPEAVCNameServer@@@Z 0000000140005b90 f   NSConfig.obj
 0001:00004c70       ?SetServerName@CNameServer@@QEAAXPEBD@Z 0000000140005c70 f i NSConfig.obj
 0001:00004cb0       ?SetSpId@CNameServer@@QEAAX_J@Z 0000000140005cb0 f i NSConfig.obj
 0001:00004cd0       ??0?$CTRefString@VCAnsiString@string@wylib@@D@string@wylib@@QEAA@PEBD@Z 0000000140005cd0 f i NSConfig.obj
 0001:00004d20       ??0?$CTRefString@VCAnsiString@string@wylib@@D@string@wylib@@QEAA@AEBV012@@Z 0000000140005d20 f i NSConfig.obj
 0001:00004d80       ??B?$CTRefString@VCAnsiString@string@wylib@@D@string@wylib@@QEAAPEADXZ 0000000140005d80 f i NSConfig.obj
 0001:00004d80       ??B?$CTRefString@VCAnsiString@string@wylib@@D@string@wylib@@QEBAPEBDXZ 0000000140005d80 f i NSConfig.obj
 0001:00004dc0       ??Y?$CTRefString@VCAnsiString@string@wylib@@D@string@wylib@@QEAAXPEBD@Z 0000000140005dc0 f i NSConfig.obj
 0001:00004e90       ??4CAnsiString@string@wylib@@QEAAXAEBV012@@Z 0000000140005e90 f i NSConfig.obj
 0001:00004ed0       ??0?$CRefObject@VCAnsiString@string@wylib@@@misc@wylib@@QEAA@AEAV012@@Z 0000000140005ed0 f i NSConfig.obj
 0001:00004f30       ??0CNameServerClientConnection@@QEAA@PEAVCNameServer@@@Z 0000000140005f30 f   NSConnection.obj
 0001:00004fa0       ??1CNameServerClientConnection@@UEAA@XZ 0000000140005fa0 f   NSConnection.obj
 0001:00004fd0       ?OnDisconnected@CNameServerClientConnection@@MEAAXXZ 0000000140005fd0 f   NSConnection.obj
 0001:00005070       ?OnError@CNameServerClientConnection@@MEAAXH@Z 0000000140006070 f   NSConnection.obj
 0001:000050f0       ?OnDispatchRecvPacket@CNameServerClientConnection@@EEAAXGAEAVCDataPacketReader@@@Z 00000001400060f0 f   NSConnection.obj
 0001:00005210       ?OnValidateRegData@CNameServerClientConnection@@EEAA_NQEAUtagServerRegistData@jxSrvDef@@@Z 0000000140006210 f   NSConnection.obj
 0001:00005250       ?DefaultHandle@CNameServerClientConnection@@AEAAXAEAVCDataPacketReader@@@Z 0000000140006250 f   NSConnection.obj
 0001:00005270       ?AllocCharIdHandle@CNameServerClientConnection@@AEAAXAEAVCDataPacketReader@@@Z 0000000140006270 f   NSConnection.obj
 0001:000052b0       ?AllocGuildIdHandle@CNameServerClientConnection@@AEAAXAEAVCDataPacketReader@@@Z 00000001400062b0 f   NSConnection.obj
 0001:000052f0       ?RenameCharHandle@CNameServerClientConnection@@AEAAXAEAVCDataPacketReader@@@Z 00000001400062f0 f   NSConnection.obj
 0001:00005330       ?RenameGuildHandle@CNameServerClientConnection@@AEAAXAEAVCDataPacketReader@@@Z 0000000140006330 f   NSConnection.obj
 0001:00005370       ?CommAllocIdProc@CNameServerClientConnection@@AEAAXAEAVCDataPacketReader@@HPEBD@Z 0000000140006370 f   NSConnection.obj
 0001:000055b0       ?CommRenameProc@CNameServerClientConnection@@AEAAXAEAVCDataPacketReader@@HPEBD@Z 00000001400065b0 f   NSConnection.obj
 0001:000057c0       ??_GCNameServerClientConnection@@UEAAPEAXI@Z 00000001400067c0 f i NSConnection.obj
 0001:000057c0       ??_ECNameServerClientConnection@@UEAAPEAXI@Z 00000001400067c0 f i NSConnection.obj
 0001:00005800       ??$?5H@CDataPacketReader@@QEAAAEAV0@AEAH@Z 0000000140006800 f i NSConnection.obj
 0001:00005850       ??$?6H@CDataPacket@@QEAAAEAV0@H@Z 0000000140006850 f i NSConnection.obj
 0001:00005850       ??$?6W4tagShareOutputMsgType@@@CDataPacket@@QEAAAEAV0@W4tagShareOutputMsgType@@@Z 0000000140006850 f i servercommon_x64:FileLogger.obj
 0001:00005850       ??$?6W4tagNameServerOPError@NameServerProto@jxInterSrvComm@@@CDataPacket@@QEAAAEAV0@W4tagNameServerOPError@NameServerProto@jxInterSrvComm@@@Z 0000000140006850 f i NSConnection.obj
 0001:000058a0       ??$readAtom@H@CDataPacketReader@@QEAAHXZ 00000001400068a0 f i NSConnection.obj
 0001:00005960       ??$writeAtom@W4tagShareOutputMsgType@@@CDataPacket@@QEAAXW4tagShareOutputMsgType@@@Z 0000000140006960 f i servercommon_x64:FileLogger.obj
 0001:00005960       ??$writeAtom@W4tagNameServerOPError@NameServerProto@jxInterSrvComm@@@CDataPacket@@QEAAXW4tagNameServerOPError@NameServerProto@jxInterSrvComm@@@Z 0000000140006960 f i NSConnection.obj
 0001:00005960       ??$writeAtom@H@CDataPacket@@QEAAXH@Z 0000000140006960 f i NSConnection.obj
 0001:00005a10       ?Connected@CSQLConenction@@QEAAHXZ 0000000140006a10 f i NSConnection.obj
 0001:00005a30       ?CurrentRow@CSQLConenction@@QEAAPEAPEADXZ 0000000140006a30 f i NSConnection.obj
 0001:00005a50       ??6CDataPacket@@QEAAAEAV0@PEBD@Z 0000000140006a50 f i NSConnection.obj
 0001:00005a90       ?writeString@CDataPacket@@QEAAXPEBD_K@Z 0000000140006a90 f i NSConnection.obj
 0001:00005ac0       ?registed@CCustomJXServerClientSocket@@QEAA_NXZ 0000000140006ac0 f i NSConnection.obj
 0001:00005ae0       ?getSQLConnection@CNameServer@@QEAAAEAVCSQLConenction@@XZ 0000000140006ae0 f i NSConnection.obj
 0001:00005b00       ??$rawWriteStringLen@G@CDataPacket@@IEAAXPEBD_K@Z 0000000140006b00 f i NSConnection.obj
 0001:00005b80       ??$writeAtom@D@CDataPacket@@QEAAXD@Z 0000000140006b80 f i NSConnection.obj
 0001:00005c30       ??0CNameServer@@QEAA@XZ    0000000140006c30 f   NSServer.obj
 0001:00005ca0       ??1CNameServer@@UEAA@XZ    0000000140006ca0 f   NSServer.obj
 0001:00005dc0       ?CreateClientSocket@CNameServer@@MEAAPEAVCCustomServerClientSocket@@_KPEAUsockaddr_in@@@Z 0000000140006dc0 f   NSServer.obj
 0001:00005ed0       ?DestroyClientSocket@CNameServer@@MEAAXPEAVCCustomServerClientSocket@@@Z 0000000140006ed0 f   NSServer.obj
 0001:00005f10       ?OnClientConnect@CNameServer@@MEAAXPEAVCCustomServerClientSocket@@@Z 0000000140006f10 f   NSServer.obj
 0001:00005f70       ?OnRun@CNameServer@@MEAAXXZ 0000000140006f70 f   NSServer.obj
 0001:00005fe0       ?DoStartup@CNameServer@@MEAAHXZ 0000000140006fe0 f   NSServer.obj
 0001:00006090       ?InitActorId@CNameServer@@IEAA_NXZ 0000000140007090 f   NSServer.obj
 0001:000063f0       ?InitGuildId@CNameServer@@IEAA_NXZ 00000001400073f0 f   NSServer.obj
 0001:00006740       ?DoStop@CNameServer@@MEAAXXZ 0000000140007740 f   NSServer.obj
 0001:00006770       ?hasFilterWordsInclude@CNameServer@@QEAA_NPEBD@Z 0000000140007770 f   NSServer.obj
 0001:00006860       ?SetSQLConfig@CNameServer@@QEAAXPEBD_J000@Z 0000000140007860 f   NSServer.obj
 0001:00006910       ??_ECNameServer@@UEAAPEAXI@Z 0000000140007910 f i NSServer.obj
 0001:00006910       ??_GCNameServer@@UEAAPEAXI@Z 0000000140007910 f i NSServer.obj
 0001:00006950       ?GetMySql@CSQLConenction@@QEAAPEAUst_mysql@@XZ 0000000140007950 f i NSServer.obj
 0001:00006960       ??0?$CBaseList@PEAVCNameServerClientConnection@@@container@wylib@@QEAA@XZ 0000000140007960 f i NSServer.obj
 0001:000069b0       ??1?$CBaseList@PEAVCNameServerClientConnection@@@container@wylib@@UEAA@XZ 00000001400079b0 f i NSServer.obj
 0001:000069e0       ?count@?$CBaseList@PEAVCCustomServerClientSocket@@@container@wylib@@QEBA_JXZ 00000001400079e0 f i srvlib_x64:CustomServerSocket.obj
 0001:000069e0       ?count@?$CBaseList@PEAVCNameServerClientConnection@@@container@wylib@@QEBA_JXZ 00000001400079e0 f i NSServer.obj
 0001:000069e0       ?count@?$CBaseList@PEAUtagAppInternalMessage@@@container@wylib@@QEBA_JXZ 00000001400079e0 f i srvlib_x64:CustomWorkSocket.obj
 0001:000069e0       ?count@?$CBaseList@PEAV?$CRefObjectImpl@VCAnsiString@string@wylib@@@misc@wylib@@@container@wylib@@QEBA_JXZ 00000001400079e0 f i srvlib_x64:CustomLuaConfig.obj
 0001:000069e0       ?count@?$CBaseList@PEAVCDataPacket@@@container@wylib@@QEBA_JXZ 00000001400079e0 f i srvlib_x64:SendPackPool.obj
 0001:000069f0       ?add@?$CBaseList@PEAVCNameServerClientConnection@@@container@wylib@@QEAA_JAEBQEAVCNameServerClientConnection@@@Z 00000001400079f0 f i NSServer.obj
 0001:00006aa0       ?empty@?$CBaseList@PEAVCCustomServerClientSocket@@@container@wylib@@UEAAXXZ 0000000140007aa0 f i srvlib_x64:CustomServerSocket.obj
 0001:00006aa0       ?empty@?$CBaseList@PEAVCNameServerClientConnection@@@container@wylib@@UEAAXXZ 0000000140007aa0 f i NSServer.obj
 0001:00006aa0       ?empty@?$CBaseList@PEAV?$CRefObjectImpl@VCAnsiString@string@wylib@@@misc@wylib@@@container@wylib@@UEAAXXZ 0000000140007aa0 f i srvlib_x64:CustomLuaConfig.obj
 0001:00006aa0       ?empty@?$CBaseList@PEAVCDataPacket@@@container@wylib@@UEAAXXZ 0000000140007aa0 f i srvlib_x64:SendPackPool.obj
 0001:00006aa0       ?empty@?$CBaseList@PEAUtagAppInternalMessage@@@container@wylib@@UEAAXXZ 0000000140007aa0 f i srvlib_x64:CustomWorkSocket.obj
 0001:00006af0       ??_G?$CBaseList@PEAVCNameServerClientConnection@@@container@wylib@@UEAAPEAXI@Z 0000000140007af0 f i NSServer.obj
 0001:00006af0       ??_E?$CBaseList@PEAVCNameServerClientConnection@@@container@wylib@@UEAAPEAXI@Z 0000000140007af0 f i NSServer.obj
 0001:00006b26       mysql_options              0000000140007b26 f   libmysql:LIBMYSQL.dll
 0001:00006b30       ?setSize@CBaseStream@stream@wylib@@UEAA_N_J@Z 0000000140007b30 f i wylib_x64:MemoryStream.obj
 0001:00006b40       ??_GCHandleStream@stream@wylib@@UEAAPEAXI@Z 0000000140007b40 f i wylib_x64:HandleStream.obj
 0001:00006b40       ??_ECBaseStream@stream@wylib@@UEAAPEAXI@Z 0000000140007b40 f i wylib_x64:MemoryStream.obj
 0001:00006b40       ??_ECHandleStream@stream@wylib@@UEAAPEAXI@Z 0000000140007b40 f i wylib_x64:HandleStream.obj
 0001:00006b40       ??_GCBaseStream@stream@wylib@@UEAAPEAXI@Z 0000000140007b40 f i wylib_x64:MemoryStream.obj
 0001:00006b70       ??0CMemoryStream@stream@wylib@@QEAA@XZ 0000000140007b70 f   wylib_x64:MemoryStream.obj
 0001:00006b90       ??1CMemoryStream@stream@wylib@@UEAA@XZ 0000000140007b90 f   wylib_x64:MemoryStream.obj
 0001:00006bd0       ?Alloc@CMemoryStream@stream@wylib@@MEAAPEADPEAD_J@Z 0000000140007bd0 f   wylib_x64:MemoryStream.obj
 0001:00006c10       ?setSize@CMemoryStream@stream@wylib@@UEAA_N_J@Z 0000000140007c10 f   wylib_x64:MemoryStream.obj
 0001:00006c80       ?seek@CMemoryStream@stream@wylib@@UEAA_J_JH@Z 0000000140007c80 f   wylib_x64:MemoryStream.obj
 0001:00006cd0       ?read@CMemoryStream@stream@wylib@@UEAA_JPEAX_J@Z 0000000140007cd0 f   wylib_x64:MemoryStream.obj
 0001:00006d30       ?write@CMemoryStream@stream@wylib@@UEAA_JPEBX_J@Z 0000000140007d30 f   wylib_x64:MemoryStream.obj
 0001:00006d90       ?loadFromFile@CMemoryStream@stream@wylib@@QEAA_JPEBD@Z 0000000140007d90 f   wylib_x64:MemoryStream.obj
 0001:00006e10       ??_GCMemoryStream@stream@wylib@@UEAAPEAXI@Z 0000000140007e10 f i wylib_x64:MemoryStream.obj
 0001:00006e10       ??_ECMemoryStream@stream@wylib@@UEAAPEAXI@Z 0000000140007e10 f i wylib_x64:MemoryStream.obj
 0001:00006e70       ??0CCustomSocket@socket@inet@wylib@@QEAA@XZ 0000000140007e70 f   wylib_x64:CustomSocket.obj
 0001:00006ec0       ?Connected@CCustomSocket@socket@inet@wylib@@MEAAXXZ 0000000140007ec0 f   wylib_x64:CustomSocket.obj
 0001:00006ed0       ?Disconnected@CCustomSocket@socket@inet@wylib@@MEAAXXZ 0000000140007ed0 f   wylib_x64:CustomSocket.obj
 0001:00006ee0       ?setBlockMode@CCustomSocket@socket@inet@wylib@@QEAAH_N@Z 0000000140007ee0 f   wylib_x64:CustomSocket.obj
 0001:00006f40       ?close@CCustomSocket@socket@inet@wylib@@QEAAXXZ 0000000140007f40 f   wylib_x64:CustomSocket.obj
 0001:00006f80       ?bind@CCustomSocket@socket@inet@wylib@@QEAAHKH@Z 0000000140007f80 f   wylib_x64:CustomSocket.obj
 0001:00007000       ?bind@CCustomSocket@socket@inet@wylib@@QEAAHPEBDH@Z 0000000140008000 f   wylib_x64:CustomSocket.obj
 0001:00007050       ?setRecvBufSize@CCustomSocket@socket@inet@wylib@@QEAAHK@Z 0000000140008050 f   wylib_x64:CustomSocket.obj
 0001:00007090       ?setSendBufSize@CCustomSocket@socket@inet@wylib@@QEAAHK@Z 0000000140008090 f   wylib_x64:CustomSocket.obj
 0001:000070d0       ?listen@CCustomSocket@socket@inet@wylib@@QEAAHH@Z 00000001400080d0 f   wylib_x64:CustomSocket.obj
 0001:00007100       ?accept@CCustomSocket@socket@inet@wylib@@QEAAHPEA_KKPEAUsockaddr_in@@@Z 0000000140008100 f   wylib_x64:CustomSocket.obj
 0001:000071c0       ?createSocket@CCustomSocket@socket@inet@wylib@@SAHPEA_KHHH@Z 00000001400081c0 f   wylib_x64:CustomSocket.obj
 0001:00007200       ?recv@CCustomSocket@socket@inet@wylib@@UEAAHPEAXHH@Z 0000000140008200 f   wylib_x64:CustomSocket.obj
 0001:000072a0       ?send@CCustomSocket@socket@inet@wylib@@UEAAHPEAXHH@Z 00000001400082a0 f   wylib_x64:CustomSocket.obj
 0001:00007380       ??1CCustomSocket@socket@inet@wylib@@UEAA@XZ 0000000140008380 f   wylib_x64:CustomSocket.obj
 0001:000073d0       ?SocketError@CCustomSocket@socket@inet@wylib@@MEAAXH@Z 00000001400083d0 f   wylib_x64:CustomSocket.obj
 0001:00007420       ?setSocket@CCustomSocket@socket@inet@wylib@@QEAAX_K@Z 0000000140008420 f   wylib_x64:CustomSocket.obj
 0001:000074a0       ??_ECCustomSocket@socket@inet@wylib@@UEAAPEAXI@Z 00000001400084a0 f i wylib_x64:CustomSocket.obj
 0001:000074a0       ??_GCCustomSocket@socket@inet@wylib@@UEAAPEAXI@Z 00000001400084a0 f i wylib_x64:CustomSocket.obj
 0001:00007510       ?getSize@CBaseStream@stream@wylib@@UEAA_JXZ 0000000140008510 f   wylib_x64:BaseStream.obj
 0001:00007570       ?setPosition@CBaseStream@stream@wylib@@QEAA_J_J@Z 0000000140008570 f   wylib_x64:BaseStream.obj
 0001:00007580       ?copyFrom@CBaseStream@stream@wylib@@UEAA_JAEAV123@_J@Z 0000000140008580 f   wylib_x64:BaseStream.obj
 0001:00007690       ??1CHandleStream@stream@wylib@@UEAA@XZ 0000000140008690 f i wylib_x64:FileStream.obj
 0001:000076a0       ??1CFileStream@stream@wylib@@UEAA@XZ 00000001400086a0 f   wylib_x64:FileStream.obj
 0001:000076f0       ?construct@CFileStream@stream@wylib@@IEAAXPEBDKK@Z 00000001400086f0 f   wylib_x64:FileStream.obj
 0001:000077d0       ??0CFileStream@stream@wylib@@QEAA@PEBDK@Z 00000001400087d0 f   wylib_x64:FileStream.obj
 0001:00007840       ??_ECFileStream@stream@wylib@@UEAAPEAXI@Z 0000000140008840 f i wylib_x64:FileStream.obj
 0001:00007840       ??_GCFileStream@stream@wylib@@UEAAPEAXI@Z 0000000140008840 f i wylib_x64:FileStream.obj
 0001:000078b0       ??0CFileStream@stream@wylib@@QEAA@PEBDKW4OpenDisposition@012@@Z 00000001400088b0 f   wylib_x64:FileStream.obj
 0001:00007920       ??0CHandleStream@stream@wylib@@QEAA@PEAX@Z 0000000140008920 f   wylib_x64:HandleStream.obj
 0001:00007940       ?setHandle@CHandleStream@stream@wylib@@IEAAXPEAX@Z 0000000140008940 f   wylib_x64:HandleStream.obj
 0001:00007950       ?setSize@CHandleStream@stream@wylib@@UEAA_N_J@Z 0000000140008950 f   wylib_x64:HandleStream.obj
 0001:00007980       ?seek@CHandleStream@stream@wylib@@UEAA_J_JH@Z 0000000140008980 f   wylib_x64:HandleStream.obj
 0001:000079b0       ?read@CHandleStream@stream@wylib@@UEAA_JPEAX_J@Z 00000001400089b0 f   wylib_x64:HandleStream.obj
 0001:000079f0       ?write@CHandleStream@stream@wylib@@UEAA_JPEBX_J@Z 00000001400089f0 f   wylib_x64:HandleStream.obj
 0001:00007ae0       lua_checkstack             0000000140008ae0 f   lua-5.1_x64:lapi.obj
 0001:00007b80       lua_xmove                  0000000140008b80 f   lua-5.1_x64:lapi.obj
 0001:00007be0       lua_setlevel               0000000140008be0 f   lua-5.1_x64:lapi.obj
 0001:00007bf0       lua_atpanic                0000000140008bf0 f   lua-5.1_x64:lapi.obj
 0001:00007c10       lua_newthread              0000000140008c10 f   lua-5.1_x64:lapi.obj
 0001:00007c50       lua_gettop                 0000000140008c50 f   lua-5.1_x64:lapi.obj
 0001:00007c60       lua_settop                 0000000140008c60 f   lua-5.1_x64:lapi.obj
 0001:00007cc0       lua_remove                 0000000140008cc0 f   lua-5.1_x64:lapi.obj
 0001:00007d10       lua_insert                 0000000140008d10 f   lua-5.1_x64:lapi.obj
 0001:00007d70       lua_replace                0000000140008d70 f   lua-5.1_x64:lapi.obj
 0001:00007e40       lua_pushvalue              0000000140008e40 f   lua-5.1_x64:lapi.obj
 0001:00007e70       lua_type                   0000000140008e70 f   lua-5.1_x64:lapi.obj
 0001:00007ea0       lua_typename               0000000140008ea0 f   lua-5.1_x64:lapi.obj
 0001:00007ec0       lua_iscfunction            0000000140008ec0 f   lua-5.1_x64:lapi.obj
 0001:00007ef0       lua_isnumber               0000000140008ef0 f   lua-5.1_x64:lapi.obj
 0001:00007f20       lua_isstring               0000000140008f20 f   lua-5.1_x64:lapi.obj
 0001:00007f60       lua_rawequal               0000000140008f60 f   lua-5.1_x64:lapi.obj
 0001:00007fb0       lua_lessthan               0000000140008fb0 f   lua-5.1_x64:lapi.obj
 0001:00008000       lua_tonumber               0000000140009000 f   lua-5.1_x64:lapi.obj
 0001:00008040       lua_tointeger              0000000140009040 f   lua-5.1_x64:lapi.obj
 0001:00008070       lua_toboolean              0000000140009070 f   lua-5.1_x64:lapi.obj
 0001:000080a0       lua_tolstring              00000001400090a0 f   lua-5.1_x64:lapi.obj
 0001:00008140       lua_objlen                 0000000140009140 f   lua-5.1_x64:lapi.obj
 0001:000081c0       lua_tothread               00000001400091c0 f   lua-5.1_x64:lapi.obj
 0001:000081e0       lua_topointer              00000001400091e0 f   lua-5.1_x64:lapi.obj
 0001:00008250       lua_pushnil                0000000140009250 f   lua-5.1_x64:lapi.obj
 0001:00008270       lua_pushnumber             0000000140009270 f   lua-5.1_x64:lapi.obj
 0001:00008290       lua_pushinteger            0000000140009290 f   lua-5.1_x64:lapi.obj
 0001:000082b0       lua_pushlstring            00000001400092b0 f   lua-5.1_x64:lapi.obj
 0001:00008320       lua_pushstring             0000000140009320 f   lua-5.1_x64:lapi.obj
 0001:00008370       lua_pushvfstring           0000000140009370 f   lua-5.1_x64:lapi.obj
 0001:000083c0       lua_pushfstring            00000001400093c0 f   lua-5.1_x64:lapi.obj
 0001:00008410       lua_pushcclosure           0000000140009410 f   lua-5.1_x64:lapi.obj
 0001:000084d0       lua_pushboolean            00000001400094d0 f   lua-5.1_x64:lapi.obj
 0001:000084f0       lua_pushthread             00000001400094f0 f   lua-5.1_x64:lapi.obj
 0001:00008520       lua_gettable               0000000140009520 f   lua-5.1_x64:lapi.obj
 0001:00008550       lua_getfield               0000000140009550 f   lua-5.1_x64:lapi.obj
 0001:000085c0       lua_rawget                 00000001400095c0 f   lua-5.1_x64:lapi.obj
 0001:00008600       lua_rawgeti                0000000140009600 f   lua-5.1_x64:lapi.obj
 0001:00008640       lua_createtable            0000000140009640 f   lua-5.1_x64:lapi.obj
 0001:000086b0       lua_getmetatable           00000001400096b0 f   lua-5.1_x64:lapi.obj
 0001:00008710       lua_getfenv                0000000140009710 f   lua-5.1_x64:lapi.obj
 0001:00008790       lua_settable               0000000140009790 f   lua-5.1_x64:lapi.obj
 0001:000087c0       lua_setfield               00000001400097c0 f   lua-5.1_x64:lapi.obj
 0001:00008840       lua_rawset                 0000000140009840 f   lua-5.1_x64:lapi.obj
 0001:000088c0       lua_rawseti                00000001400098c0 f   lua-5.1_x64:lapi.obj
 0001:00008940       lua_setmetatable           0000000140009940 f   lua-5.1_x64:lapi.obj
 0001:00008a00       lua_setfenv                0000000140009a00 f   lua-5.1_x64:lapi.obj
 0001:00008aa0       lua_call                   0000000140009aa0 f   lua-5.1_x64:lapi.obj
 0001:00008b00       lua_pcall                  0000000140009b00 f   lua-5.1_x64:lapi.obj
 0001:00008c20       lua_cpcall                 0000000140009c20 f   lua-5.1_x64:lapi.obj
 0001:00008c60       lua_load                   0000000140009c60 f   lua-5.1_x64:lapi.obj
 0001:00008cb0       lua_dump                   0000000140009cb0 f   lua-5.1_x64:lapi.obj
 0001:00008d00       lua_status                 0000000140009d00 f   lua-5.1_x64:lapi.obj
 0001:00008d10       lua_gc                     0000000140009d10 f   lua-5.1_x64:lapi.obj
 0001:00008eb0       lua_error                  0000000140009eb0 f   lua-5.1_x64:lapi.obj
 0001:00008ec0       lua_next                   0000000140009ec0 f   lua-5.1_x64:lapi.obj
 0001:00008f00       lua_concat                 0000000140009f00 f   lua-5.1_x64:lapi.obj
 0001:00008f90       lua_newuserdata            0000000140009f90 f   lua-5.1_x64:lapi.obj
 0001:00009000       luaL_where                 000000014000a000 f   lua-5.1_x64:lauxlib.obj
 0001:00009070       luaL_error                 000000014000a070 f   lua-5.1_x64:lauxlib.obj
 0001:00009120       luaL_checkstack            000000014000a120 f   lua-5.1_x64:lauxlib.obj
 0001:00009160       luaL_getmetafield          000000014000a160 f   lua-5.1_x64:lauxlib.obj
 0001:000091e0       luaL_callmeta              000000014000a1e0 f   lua-5.1_x64:lauxlib.obj
 0001:00009260       luaL_findtable             000000014000a260 f   lua-5.1_x64:lauxlib.obj
 0001:00009440       luaL_prepbuffer            000000014000a440 f   lua-5.1_x64:lauxlib.obj
 0001:000094a0       luaL_addlstring            000000014000a4a0 f   lua-5.1_x64:lauxlib.obj
 0001:00009540       luaL_pushresult            000000014000a540 f   lua-5.1_x64:lauxlib.obj
 0001:00009590       luaL_addvalue              000000014000a590 f   lua-5.1_x64:lauxlib.obj
 0001:00009650       luaL_buffinit              000000014000a650 f   lua-5.1_x64:lauxlib.obj
 0001:00009780       luaL_loadfile              000000014000a780 f   lua-5.1_x64:lauxlib.obj
 0001:000099c0       luaL_loadbuffer            000000014000a9c0 f   lua-5.1_x64:lauxlib.obj
 0001:000099f0       luaL_loadstring            000000014000a9f0 f   lua-5.1_x64:lauxlib.obj
 0001:00009ab0       luaL_newstate              000000014000aab0 f   lua-5.1_x64:lauxlib.obj
 0001:00009af0       luaL_argerror              000000014000aaf0 f   lua-5.1_x64:lauxlib.obj
 0001:00009c50       luaL_checktype             000000014000ac50 f   lua-5.1_x64:lauxlib.obj
 0001:00009c90       luaL_checkany              000000014000ac90 f   lua-5.1_x64:lauxlib.obj
 0001:00009cd0       luaL_checklstring          000000014000acd0 f   lua-5.1_x64:lauxlib.obj
 0001:00009d60       luaL_optlstring            000000014000ad60 f   lua-5.1_x64:lauxlib.obj
 0001:00009de0       luaL_checknumber           000000014000ade0 f   lua-5.1_x64:lauxlib.obj
 0001:00009e50       luaL_checkinteger          000000014000ae50 f   lua-5.1_x64:lauxlib.obj
 0001:00009ea0       luaL_optinteger            000000014000aea0 f   lua-5.1_x64:lauxlib.obj
 0001:00009f10       luaL_openlib               000000014000af10 f   lua-5.1_x64:lauxlib.obj
 0001:0000a090       luaL_checkoption           000000014000b090 f   lua-5.1_x64:lauxlib.obj
 0001:0000a150       luaL_register              000000014000b150 f   lua-5.1_x64:lauxlib.obj
 0001:0000a740       luaU_dump                  000000014000b740 f   lua-5.1_x64:ldump.obj
 0001:0000aff0       luaopen_math               000000014000bff0 f   lua-5.1_x64:lmathlib.obj
 0001:0000d160       luaopen_string             000000014000e160 f   lua-5.1_x64:lstrlib.obj
 0001:0000e820       luaopen_base               000000014000f820 f   lua-5.1_x64:lbaselib.obj
 0001:0000ea60       luaE_newthread             000000014000fa60 f   lua-5.1_x64:lstate.obj
 0001:0000eb30       luaE_freethread            000000014000fb30 f   lua-5.1_x64:lstate.obj
 0001:0000eba0       lua_newstate               000000014000fba0 f   lua-5.1_x64:lstate.obj
 0001:0000ed60       lua_close                  000000014000fd60 f   lua-5.1_x64:lstate.obj
 0001:0000f9b0       luaopen_table              00000001400109b0 f   lua-5.1_x64:ltablib.obj
 0001:0000f9e0       luaO_int2fb                00000001400109e0 f   lua-5.1_x64:lobject.obj
 0001:0000fa10       luaO_fb2int                0000000140010a10 f   lua-5.1_x64:lobject.obj
 0001:0000fa30       luaO_log2                  0000000140010a30 f   lua-5.1_x64:lobject.obj
 0001:0000fa60       luaO_rawequalObj           0000000140010a60 f   lua-5.1_x64:lobject.obj
 0001:0000fad0       luaO_str2d                 0000000140010ad0 f   lua-5.1_x64:lobject.obj
 0001:0000fc10       luaO_pushvfstring          0000000140010c10 f   lua-5.1_x64:lobject.obj
 0001:0000ff80       luaO_pushfstring           0000000140010f80 f   lua-5.1_x64:lobject.obj
 0001:0000ffb0       luaO_chunkid               0000000140010fb0 f   lua-5.1_x64:lobject.obj
 0001:00010110       luaD_seterrorobj           0000000140011110 f   lua-5.1_x64:ldo.obj
 0001:000101c0       luaD_rawrunprotected       00000001400111c0 f   lua-5.1_x64:ldo.obj
 0001:00010320       luaD_reallocstack          0000000140011320 f   lua-5.1_x64:ldo.obj
 0001:000103b0       luaD_reallocCI             00000001400113b0 f   lua-5.1_x64:ldo.obj
 0001:00010460       luaD_growstack             0000000140011460 f   lua-5.1_x64:ldo.obj
 0001:00010480       luaD_callhook              0000000140011480 f   lua-5.1_x64:ldo.obj
 0001:00010980       luaD_poscall               0000000140011980 f   lua-5.1_x64:ldo.obj
 0001:00010aa0       lua_yield                  0000000140011aa0 f   lua-5.1_x64:ldo.obj
 0001:00010c90       luaD_throw                 0000000140011c90 f   lua-5.1_x64:ldo.obj
 0001:00010d50       luaD_precall               0000000140011d50 f   lua-5.1_x64:ldo.obj
 0001:00010fa0       luaD_call                  0000000140011fa0 f   lua-5.1_x64:ldo.obj
 0001:000110d0       lua_resume                 00000001400120d0 f   lua-5.1_x64:ldo.obj
 0001:00011190       luaD_pcall                 0000000140012190 f   lua-5.1_x64:ldo.obj
 0001:00011290       luaD_protectedparser       0000000140012290 f   lua-5.1_x64:ldo.obj
 0001:00011530       luaC_separateudata         0000000140012530 f   lua-5.1_x64:lgc.obj
 0001:00012280       luaC_callGCTM              0000000140013280 f   lua-5.1_x64:lgc.obj
 0001:000123c0       luaC_freeall               00000001400133c0 f   lua-5.1_x64:lgc.obj
 0001:000129c0       luaC_step                  00000001400139c0 f   lua-5.1_x64:lgc.obj
 0001:00012be0       luaC_fullgc                0000000140013be0 f   lua-5.1_x64:lgc.obj
 0001:00012c90       luaC_barrierf              0000000140013c90 f   lua-5.1_x64:lgc.obj
 0001:00012cc0       luaC_barrierback           0000000140013cc0 f   lua-5.1_x64:lgc.obj
 0001:00012ce0       luaC_link                  0000000140013ce0 f   lua-5.1_x64:lgc.obj
 0001:00012d00       luaC_linkupval             0000000140013d00 f   lua-5.1_x64:lgc.obj
 0001:00012de0       lua_getstack               0000000140013de0 f   lua-5.1_x64:ldebug.obj
 0001:00012fb0       luaG_checkopenop           0000000140013fb0 f   lua-5.1_x64:ldebug.obj
 0001:000135d0       luaG_checkcode             00000001400145d0 f   lua-5.1_x64:ldebug.obj
 0001:000139a0       luaG_errormsg              00000001400149a0 f   lua-5.1_x64:ldebug.obj
 0001:00013a50       luaG_runerror              0000000140014a50 f   lua-5.1_x64:ldebug.obj
 0001:00013c30       lua_getinfo                0000000140014c30 f   lua-5.1_x64:ldebug.obj
 0001:00013d20       luaG_typeerror             0000000140014d20 f   lua-5.1_x64:ldebug.obj
 0001:00013df0       luaG_concaterror           0000000140014df0 f   lua-5.1_x64:ldebug.obj
 0001:00013e10       luaG_aritherror            0000000140014e10 f   lua-5.1_x64:ldebug.obj
 0001:00013e60       luaG_ordererror            0000000140014e60 f   lua-5.1_x64:ldebug.obj
 0001:00013eb0       luaT_init                  0000000140014eb0 f   lua-5.1_x64:ltm.obj
 0001:00013f40       luaT_gettm                 0000000140014f40 f   lua-5.1_x64:ltm.obj
 0001:00013f80       luaT_gettmbyobj            0000000140014f80 f   lua-5.1_x64:ltm.obj
 0001:00013fd0       luaV_tonumber              0000000140014fd0 f   lua-5.1_x64:lvm.obj
 0001:00014030       luaV_tostring              0000000140015030 f   lua-5.1_x64:lvm.obj
 0001:000142d0       luaV_gettable              00000001400152d0 f   lua-5.1_x64:lvm.obj
 0001:00014460       luaV_settable              0000000140015460 f   lua-5.1_x64:lvm.obj
 0001:00014870       luaV_lessthan              0000000140015870 f   lua-5.1_x64:lvm.obj
 0001:00014a20       luaV_equalval              0000000140015a20 f   lua-5.1_x64:lvm.obj
 0001:00014b70       luaV_concat                0000000140015b70 f   lua-5.1_x64:lvm.obj
 0001:00015010       luaV_execute               0000000140016010 f   lua-5.1_x64:lvm.obj
 0001:000168e0       luaH_next                  00000001400178e0 f   lua-5.1_x64:ltable.obj
 0001:00016b70       luaH_new                   0000000140017b70 f   lua-5.1_x64:ltable.obj
 0001:00016c10       luaH_free                  0000000140017c10 f   lua-5.1_x64:ltable.obj
 0001:00016c90       luaH_getnum                0000000140017c90 f   lua-5.1_x64:ltable.obj
 0001:00016d20       luaH_getstr                0000000140017d20 f   lua-5.1_x64:ltable.obj
 0001:00016d70       luaH_get                   0000000140017d70 f   lua-5.1_x64:ltable.obj
 0001:00016e40       luaH_set                   0000000140017e40 f   lua-5.1_x64:ltable.obj
 0001:00016ed0       luaH_setnum                0000000140017ed0 f   lua-5.1_x64:ltable.obj
 0001:00017180       luaH_getn                  0000000140018180 f   lua-5.1_x64:ltable.obj
 0001:00017440       luaH_resizearray           0000000140018440 f   lua-5.1_x64:ltable.obj
 0001:000177c0       luaH_setstr                00000001400187c0 f   lua-5.1_x64:ltable.obj
 0001:00017840       luaS_resize                0000000140018840 f   lua-5.1_x64:lstring.obj
 0001:00017930       luaS_newlstr               0000000140018930 f   lua-5.1_x64:lstring.obj
 0001:00017ab0       luaS_newudata              0000000140018ab0 f   lua-5.1_x64:lstring.obj
 0001:00017b40       luaF_newCclosure           0000000140018b40 f   lua-5.1_x64:lfunc.obj
 0001:00017bb0       luaF_newLclosure           0000000140018bb0 f   lua-5.1_x64:lfunc.obj
 0001:00017c30       luaF_newupval              0000000140018c30 f   lua-5.1_x64:lfunc.obj
 0001:00017c80       luaF_findupval             0000000140018c80 f   lua-5.1_x64:lfunc.obj
 0001:00017d50       luaF_freeupval             0000000140018d50 f   lua-5.1_x64:lfunc.obj
 0001:00017d80       luaF_close                 0000000140018d80 f   lua-5.1_x64:lfunc.obj
 0001:00017e70       luaF_newproto              0000000140018e70 f   lua-5.1_x64:lfunc.obj
 0001:00017ef0       luaF_freeproto             0000000140018ef0 f   lua-5.1_x64:lfunc.obj
 0001:00017fb0       luaF_freeclosure           0000000140018fb0 f   lua-5.1_x64:lfunc.obj
 0001:00017fe0       luaF_getlocalname          0000000140018fe0 f   lua-5.1_x64:lfunc.obj
 0001:00018030       luaZ_fill                  0000000140019030 f   lua-5.1_x64:lzio.obj
 0001:00018080       luaZ_lookahead             0000000140019080 f   lua-5.1_x64:lzio.obj
 0001:000180f0       luaZ_init                  00000001400190f0 f   lua-5.1_x64:lzio.obj
 0001:00018110       luaZ_read                  0000000140019110 f   lua-5.1_x64:lzio.obj
 0001:000181d0       luaZ_openspace             00000001400191d0 f   lua-5.1_x64:lzio.obj
 0001:00018d00       luaU_header                0000000140019d00 f   lua-5.1_x64:lundump.obj
 0001:00018de0       luaU_undump                0000000140019de0 f   lua-5.1_x64:lundump.obj
 0001:00018e60       luaM_toobig                0000000140019e60 f   lua-5.1_x64:lmem.obj
 0001:00018e80       luaM_realloc_              0000000140019e80 f   lua-5.1_x64:lmem.obj
 0001:00018ef0       luaM_growaux_              0000000140019ef0 f   lua-5.1_x64:lmem.obj
 0001:00019090       luaX_init                  000000014001a090 f   lua-5.1_x64:llex.obj
 0001:00019100       luaX_token2str             000000014001a100 f   lua-5.1_x64:llex.obj
 0001:00019210       luaX_lexerror              000000014001a210 f   lua-5.1_x64:llex.obj
 0001:000192b0       luaX_syntaxerror           000000014001a2b0 f   lua-5.1_x64:llex.obj
 0001:000192c0       luaX_newstring             000000014001a2c0 f   lua-5.1_x64:llex.obj
 0001:000193e0       luaX_setinput              000000014001a3e0 f   lua-5.1_x64:llex.obj
 0001:0001a7d0       luaX_mergestring           000000014001b7d0 f   lua-5.1_x64:llex.obj
 0001:0001a890       luaX_next                  000000014001b890 f   lua-5.1_x64:llex.obj
 0001:0001a990       luaX_lookahead             000000014001b990 f   lua-5.1_x64:llex.obj
 0001:0001df00       luaY_parser                000000014001ef00 f   lua-5.1_x64:lparser.obj
 0001:0001e0d0       luaK_getlabel              000000014001f0d0 f   lua-5.1_x64:lcode.obj
 0001:0001e320       luaK_concat                000000014001f320 f   lua-5.1_x64:lcode.obj
 0001:0001e380       luaK_checkstack            000000014001f380 f   lua-5.1_x64:lcode.obj
 0001:0001e3d0       luaK_reserveregs           000000014001f3d0 f   lua-5.1_x64:lcode.obj
 0001:0001e560       luaK_stringK               000000014001f560 f   lua-5.1_x64:lcode.obj
 0001:0001e590       luaK_numberK               000000014001f590 f   lua-5.1_x64:lcode.obj
 0001:0001e5c0       luaK_setreturns            000000014001f5c0 f   lua-5.1_x64:lcode.obj
 0001:0001e650       luaK_setoneret             000000014001f650 f   lua-5.1_x64:lcode.obj
 0001:0001e860       luaK_fixline               000000014001f860 f   lua-5.1_x64:lcode.obj
 0001:0001e970       luaK_codeABC               000000014001f970 f   lua-5.1_x64:lcode.obj
 0001:0001e9a0       luaK_codeABx               000000014001f9a0 f   lua-5.1_x64:lcode.obj
 0001:0001e9c0       luaK_setlist               000000014001f9c0 f   lua-5.1_x64:lcode.obj
 0001:0001ea60       luaK_nil                   000000014001fa60 f   lua-5.1_x64:lcode.obj
 0001:0001eb00       luaK_jump                  000000014001fb00 f   lua-5.1_x64:lcode.obj
 0001:0001eba0       luaK_ret                   000000014001fba0 f   lua-5.1_x64:lcode.obj
 0001:0001ebc0       luaK_patchtohere           000000014001fbc0 f   lua-5.1_x64:lcode.obj
 0001:0001ec20       luaK_dischargevars         000000014001fc20 f   lua-5.1_x64:lcode.obj
 0001:0001f0a0       luaK_exp2nextreg           00000001400200a0 f   lua-5.1_x64:lcode.obj
 0001:0001f130       luaK_exp2anyreg            0000000140020130 f   lua-5.1_x64:lcode.obj
 0001:0001f1a0       luaK_exp2val               00000001400201a0 f   lua-5.1_x64:lcode.obj
 0001:0001f220       luaK_exp2RK                0000000140020220 f   lua-5.1_x64:lcode.obj
 0001:0001f360       luaK_storevar              0000000140020360 f   lua-5.1_x64:lcode.obj
 0001:0001f460       luaK_self                  0000000140020460 f   lua-5.1_x64:lcode.obj
 0001:0001f660       luaK_goiftrue              0000000140020660 f   lua-5.1_x64:lcode.obj
 0001:0001f980       luaK_indexed               0000000140020980 f   lua-5.1_x64:lcode.obj
 0001:0001fb90       luaK_prefix                0000000140020b90 f   lua-5.1_x64:lcode.obj
 0001:0001fca0       luaK_infix                 0000000140020ca0 f   lua-5.1_x64:lcode.obj
 0001:0001fd10       luaK_posfix                0000000140020d10 f   lua-5.1_x64:lcode.obj
 0001:0001ffa0       luaK_patchlist             0000000140020fa0 f   lua-5.1_x64:lcode.obj
 0001:00020030       MatchMBCSFilterWord        0000000140021030 f   fastFT_x64:MBCSFilter.obj
 0001:00020100       __CxxFrameHandler3         0000000140021100 f   MSVCRT:MSVCR100.dll
 0001:00020108       ??_Etype_info@@UEAAPEAXI@Z 0000000140021108 f i MSVCRT:ti_inst.obj
 0001:00020172       ??3@YAXPEAX@Z              0000000140021172 f   MSVCRT:MSVCR100.dll
 0001:00020178       ??2@YAPEAX_K@Z             0000000140021178 f   MSVCRT:MSVCR100.dll
 0001:0002017e       _CxxThrowException         000000014002117e f   MSVCRT:MSVCR100.dll
 0001:00020184       memcpy                     0000000140021184 f   MSVCRT:MSVCR100.dll
 0001:0002018a       strlen                     000000014002118a f   MSVCRT:MSVCR100.dll
 0001:00020190       memset                     0000000140021190 f   MSVCRT:MSVCR100.dll
 0001:00020450       mainCRTStartup             0000000140021450 f   MSVCRT:crtexe.obj
 0001:00020462       _purecall                  0000000140021462 f   MSVCRT:MSVCR100.dll
 0001:00020468       sin                        0000000140021468 f   MSVCRT:MSVCR100.dll
 0001:0002046e       sinh                       000000014002146e f   MSVCRT:MSVCR100.dll
 0001:00020474       cos                        0000000140021474 f   MSVCRT:MSVCR100.dll
 0001:0002047a       cosh                       000000014002147a f   MSVCRT:MSVCR100.dll
 0001:00020480       tan                        0000000140021480 f   MSVCRT:MSVCR100.dll
 0001:00020486       tanh                       0000000140021486 f   MSVCRT:MSVCR100.dll
 0001:0002048c       asin                       000000014002148c f   MSVCRT:MSVCR100.dll
 0001:00020492       acos                       0000000140021492 f   MSVCRT:MSVCR100.dll
 0001:00020498       atan                       0000000140021498 f   MSVCRT:MSVCR100.dll
 0001:0002049e       atan2                      000000014002149e f   MSVCRT:MSVCR100.dll
 0001:000204a4       ceil                       00000001400214a4 f   MSVCRT:MSVCR100.dll
 0001:000204aa       floor                      00000001400214aa f   MSVCRT:MSVCR100.dll
 0001:000204b0       fmod                       00000001400214b0 f   MSVCRT:MSVCR100.dll
 0001:000204b6       sqrt                       00000001400214b6 f   MSVCRT:MSVCR100.dll
 0001:000204bc       pow                        00000001400214bc f   MSVCRT:MSVCR100.dll
 0001:000204c2       log                        00000001400214c2 f   MSVCRT:MSVCR100.dll
 0001:000204c8       log10                      00000001400214c8 f   MSVCRT:MSVCR100.dll
 0001:000204ce       exp                        00000001400214ce f   MSVCRT:MSVCR100.dll
 0001:000204d4       memcmp                     00000001400214d4 f   MSVCRT:MSVCR100.dll
 0001:000204da       _setjmp                    00000001400214da f   MSVCRT:MSVCR100.dll
 0001:000204e0       ?__ArrayUnwind@@YAXPEAX_KHP6AX0@Z@Z 00000001400214e0 f   MSVCRT:ehvecdtr.obj
 0001:0002052c       ??_M@YAXPEAX_KHP6AX0@Z@Z   000000014002152c f   MSVCRT:ehvecdtr.obj
 0001:0002058c       ?__CxxUnhandledExceptionFilter@@YAJPEAU_EXCEPTION_POINTERS@@@Z 000000014002158c f   MSVCRT:unhandld.obj
 0001:000205d0       __CxxSetUnhandledExceptionFilter 00000001400215d0 f   MSVCRT:unhandld.obj
 0001:000205e8       _amsg_exit                 00000001400215e8 f   MSVCRT:MSVCR100.dll
 0001:000205f0       _onexit                    00000001400215f0 f   MSVCRT:atonexit.obj
 0001:000206a0       atexit                     00000001400216a0 f   MSVCRT:atonexit.obj
 0001:000206b8       _RTC_Initialize            00000001400216b8 f   MSVCRT:_initsect_.obj
 0001:000206f0       _RTC_Terminate             00000001400216f0 f   MSVCRT:_initsect_.obj
 0001:00020728       __C_specific_handler       0000000140021728 f   MSVCRT:MSVCR100.dll
 0001:0002072e       _XcptFilter                000000014002172e f   MSVCRT:MSVCR100.dll
 0001:00020740       _ValidateImageBase         0000000140021740 f   MSVCRT:pesect.obj
 0001:00020770       _FindPESection             0000000140021770 f   MSVCRT:pesect.obj
 0001:000207c0       _IsNonwritableInCurrentImage 00000001400217c0 f   MSVCRT:pesect.obj
 0001:00020802       _initterm                  0000000140021802 f   MSVCRT:MSVCR100.dll
 0001:00020808       _initterm_e                0000000140021808 f   MSVCRT:MSVCR100.dll
 0001:00020810       _matherr                   0000000140021810 f   MSVCRT:merr.obj
 0001:00020810       _setargv                   0000000140021810 f   MSVCRT:dllargv.obj
 0001:00020814       __security_init_cookie     0000000140021814 f   MSVCRT:gs_support.obj
 0001:000208c8       ?terminate@@YAXXZ          00000001400218c8 f   MSVCRT:MSVCR100.dll
 0001:000208ce       ?_type_info_dtor_internal_method@type_info@@QEAAXXZ 00000001400218ce f   MSVCRT:MSVCR100.dll
 0001:000208ce       ??1type_info@@UEAA@XZ      00000001400218ce f   MSVCRT:MSVCR100.dll
 0001:000208d4       _unlock                    00000001400218d4 f   MSVCRT:MSVCR100.dll
 0001:000208da       __dllonexit                00000001400218da f   MSVCRT:MSVCR100.dll
 0001:000208e0       _lock                      00000001400218e0 f   MSVCRT:MSVCR100.dll
 0001:000208e6       WSAGetLastError            00000001400218e6 f   Ws2_32:WS2_32.dll
 0001:000208ec       ioctlsocket                00000001400218ec f   Ws2_32:WS2_32.dll
 0001:000208f2       closesocket                00000001400218f2 f   Ws2_32:WS2_32.dll
 0001:000208f8       bind                       00000001400218f8 f   Ws2_32:WS2_32.dll
 0001:000208fe       htons                      00000001400218fe f   Ws2_32:WS2_32.dll
 0001:00020904       gethostbyname              0000000140021904 f   Ws2_32:WS2_32.dll
 0001:0002090a       setsockopt                 000000014002190a f   Ws2_32:WS2_32.dll
 0001:00020910       listen                     0000000140021910 f   Ws2_32:WS2_32.dll
 0001:00020916       accept                     0000000140021916 f   Ws2_32:WS2_32.dll
 0001:0002091c       select                     000000014002191c f   Ws2_32:WS2_32.dll
 0001:00020922       socket                     0000000140021922 f   Ws2_32:WS2_32.dll
 0001:00020928       recv                       0000000140021928 f   Ws2_32:WS2_32.dll
 0001:0002092e       send                       000000014002192e f   Ws2_32:WS2_32.dll
 0001:00020940       ?GetTickCount64@tick64@time@wylib@@YA_JXZ 0000000140021940 f   wylib_x64:Tick.obj
 0001:000209e0       ??1CCSLock@lock@sync@wylib@@UEAA@XZ 00000001400219e0 f   wylib_x64:Lock.obj
 0001:00020a00       ?_Lock@CCSLock@lock@sync@wylib@@UEAAXPEADH@Z 0000000140021a00 f   wylib_x64:Lock.obj
 0001:00020a20       ?TryLock@CCSLock@lock@sync@wylib@@UEAAHXZ 0000000140021a20 f   wylib_x64:Lock.obj
 0001:00020a30       ?_Unlock@CCSLock@lock@sync@wylib@@UEAAXPEADH@Z 0000000140021a30 f   wylib_x64:Lock.obj
 0001:00020a50       ??0CCSLock@lock@sync@wylib@@QEAA@XZ 0000000140021a50 f   wylib_x64:Lock.obj
 0001:00020a80       ??_ECCSLock@lock@sync@wylib@@UEAAPEAXI@Z 0000000140021a80 f i wylib_x64:Lock.obj
 0001:00020a80       ??_GCCSLock@lock@sync@wylib@@UEAAPEAXI@Z 0000000140021a80 f i wylib_x64:Lock.obj
 0001:00020ac0       gen_tabs                   0000000140021ac0 f   wylib_x64:aes.obj
 0001:00020de0       aes_set_key                0000000140021de0 f   wylib_x64:aes.obj
 0001:00021470       aes_decrypt                0000000140022470 f   wylib_x64:aes.obj
 0001:00022450       _AESDecrypt                0000000140023450 f   wylib_x64:aes.obj
 0001:000224d0       base64_decode              00000001400234d0 f   wylib_x64:base64.obj
 0001:00022680       ?ThreadRoutine@CBaseThread@thread@wylib@@CAXPEAV123@@Z 0000000140023680 f   wylib_x64:Thread.obj
 0001:000226b0       ?OnError@CCustomSocket@socket@inet@wylib@@MEAAXH@Z 00000001400236b0 f   wylib_x64:CustomSocket.obj
 0001:000226b0       ?OnTerminated@CBaseThread@thread@wylib@@MEAAXXZ 00000001400236b0 f   wylib_x64:Thread.obj
 0001:000226b0       ?OnSuspend@CBaseThread@thread@wylib@@MEAAXH@Z 00000001400236b0 f   wylib_x64:Thread.obj
 0001:000226b0       ?OnDisconnected@CCustomSocket@socket@inet@wylib@@MEAAXXZ 00000001400236b0 f   wylib_x64:CustomSocket.obj
 0001:000226b0       ?OnResume@CBaseThread@thread@wylib@@MEAAXH@Z 00000001400236b0 f   wylib_x64:Thread.obj
 0001:000226b0       ?OnConnected@CCustomSocket@socket@inet@wylib@@MEAAXXZ 00000001400236b0 f   wylib_x64:CustomSocket.obj
 0001:000226b0       ?OnRountine@CBaseThread@thread@wylib@@MEAAXXZ 00000001400236b0 f   wylib_x64:Thread.obj
 0001:000226c0       ?resume@CBaseThread@thread@wylib@@QEAAHXZ 00000001400236c0 f   wylib_x64:Thread.obj
 0001:00022710       ?waitFor@CBaseThread@thread@wylib@@QEAAHK_N@Z 0000000140023710 f   wylib_x64:Thread.obj
 0001:00022720       ?terminate@CBaseThread@thread@wylib@@QEAAXXZ 0000000140023720 f   wylib_x64:Thread.obj
 0001:00022730       ??1CBaseThread@thread@wylib@@QEAA@XZ 0000000140023730 f   wylib_x64:Thread.obj
 0001:00022780       ??0CBaseThread@thread@wylib@@QEAA@_N@Z 0000000140023780 f   wylib_x64:Thread.obj
 0001:000227f0       _alloca_probe              00000001400237f0     MSVCRT:chkstk.obj
 0001:000227f0       __chkstk                   00000001400237f0 f   MSVCRT:chkstk.obj
 0001:00022880       ??1CFileLogger@@QEAA@XZ    0000000140023880 f   servercommon_x64:FileLogger.obj
 0001:000228d0       ?getCurrentTimeDesc@@YAPEBDXZ 00000001400238d0 f   servercommon_x64:FileLogger.obj
 0001:00022920       ?OutputMsgToFileFn@@YA_JW4tagShareOutputMsgType@@PEBD_J@Z 0000000140023920 f   servercommon_x64:FileLogger.obj
 0001:00022960       ??0CFileLogger@@QEAA@PEBDZZ 0000000140023960 f   servercommon_x64:FileLogger.obj
 0001:00022a70       ?ResetQuery@CSQLConenction@@QEAAXXZ 0000000140023a70 f   srvlib_x64:SQL.obj
 0001:00022b30       ?Disconnect@CSQLConenction@@QEAAXXZ 0000000140023b30 f   srvlib_x64:SQL.obj
 0001:00022b80       ?SetConnectionFlags@CSQLConenction@@QEAAX_K@Z 0000000140023b80 f   srvlib_x64:SQL.obj
 0001:00022bb0       ?SetPassWord@CSQLConenction@@QEAAXPEBD@Z 0000000140023bb0 f   srvlib_x64:SQL.obj
 0001:00022c10       ?SetUserName@CSQLConenction@@QEAAXPEBD@Z 0000000140023c10 f   srvlib_x64:SQL.obj
 0001:00022c70       ?SetDataBaseName@CSQLConenction@@QEAAXPEBD@Z 0000000140023c70 f   srvlib_x64:SQL.obj
 0001:00022cd0       ?SetServerPort@CSQLConenction@@QEAAX_J@Z 0000000140023cd0 f   srvlib_x64:SQL.obj
 0001:00022d00       ?SetServerHost@CSQLConenction@@QEAAXPEBD@Z 0000000140023d00 f   srvlib_x64:SQL.obj
 0001:00022d60       ??1CSQLConenction@@QEAA@XZ 0000000140023d60 f   srvlib_x64:SQL.obj
 0001:00022da0       ??0CSQLConenction@@QEAA@XZ 0000000140023da0 f   srvlib_x64:SQL.obj
 0001:00022eb0       ?AfterExeced@CSQLConenction@@AEAAXH@Z 0000000140023eb0 f   srvlib_x64:SQL.obj
 0001:00022fa0       ?AfterQueryed@CSQLConenction@@AEAAXH@Z 0000000140023fa0 f   srvlib_x64:SQL.obj
 0001:00023190       ?Connect@CSQLConenction@@QEAAHXZ 0000000140024190 f   srvlib_x64:SQL.obj
 0001:000232d0       ?RealExec@CSQLConenction@@QEAAHPEBD_K@Z 00000001400242d0 f   srvlib_x64:SQL.obj
 0001:00023340       ?Exec@CSQLConenction@@QEAAHPEBDZZ 0000000140024340 f   srvlib_x64:SQL.obj
 0001:000233f0       ?Query@CSQLConenction@@QEAAHPEBDZZ 00000001400243f0 f   srvlib_x64:SQL.obj
 0001:000234a0       ?CheckFreeBuffers@CBufferAllocator@@QEAAX_N@Z 00000001400244a0 f   srvlib_x64:BufferAllocator.obj
 0001:000237f0       ?GetMemoryInfo@CBufferAllocator@@QEAAXPEAUtagAllocatorMemoryInfo@1@@Z 00000001400247f0 f   srvlib_x64:BufferAllocator.obj
 0001:000238a0       ?FreeBuffer@CBufferAllocator@@QEAAXPEAX@Z 00000001400248a0 f   srvlib_x64:BufferAllocator.obj
 0001:00023a80       ?AllocBuffer@CBufferAllocator@@QEAAPEAX_K@Z 0000000140024a80 f   srvlib_x64:BufferAllocator.obj
 0001:00023e50       ??1CBufferAllocator@@QEAA@XZ 0000000140024e50 f   srvlib_x64:BufferAllocator.obj
 0001:00023f60       ??0CBufferAllocator@@QEAA@XZ 0000000140024f60 f   srvlib_x64:BufferAllocator.obj
 0001:00024020       ?SendKeepAlive@CCustomServerClientSocket@@MEAAXXZ 0000000140025020 f   srvlib_x64:CustomServerClientSocket.obj
 0001:00024030       ?SetClientSocket@CCustomServerClientSocket@@IEAAX_KPEAUsockaddr_in@@@Z 0000000140025030 f   srvlib_x64:CustomServerClientSocket.obj
 0001:000241a0       ??1CCustomServerClientSocket@@UEAA@XZ 00000001400251a0 f   srvlib_x64:CustomServerClientSocket.obj
 0001:000241e0       ??0CCustomServerClientSocket@@QEAA@XZ 00000001400251e0 f   srvlib_x64:CustomServerClientSocket.obj
 0001:00024260       ?SingleRun@CCustomServerClientSocket@@MEAAXXZ 0000000140025260 f   srvlib_x64:CustomServerClientSocket.obj
 0001:000242c0       ?DecryptPassword@@YAPEBDPEADHPEBD1@Z 00000001400252c0 f   srvlib_x64:EDPass.obj
 0001:00024410       ?showErrorFormat@CCustomLuaScript@@IEAAXPEBDZZ 0000000140025410 f   srvlib_x64:CustomLuaScript.obj
 0001:00024490       ?callFinal@CCustomLuaScript@@MEAA_NXZ 0000000140025490 f   srvlib_x64:CustomLuaScript.obj
 0001:000244a0       ?callInit@CCustomLuaScript@@MEAA_NXZ 00000001400254a0 f   srvlib_x64:CustomLuaScript.obj
 0001:000244b0       ?registLocalLibs@CCustomLuaScript@@MEAA_NXZ 00000001400254b0 f   srvlib_x64:CustomLuaScript.obj
 0001:000244c0       ?createLuaVM@CCustomLuaScript@@MEAAPEAUlua_State@@XZ 00000001400254c0 f   srvlib_x64:CustomLuaScript.obj
 0001:000244e0       ?openBaseLibs@CCustomLuaScript@@MEAA_NXZ 00000001400254e0 f   srvlib_x64:CustomLuaScript.obj
 0001:000245c0       ??0CCustomLuaScript@@QEAA@XZ 00000001400255c0 f   srvlib_x64:CustomLuaScript.obj
 0001:00024620       ?pcall@CCustomLuaScript@@IEAA_NHHH@Z 0000000140025620 f   srvlib_x64:CustomLuaScript.obj
 0001:00024700       ?StreamWriter@CCustomLuaScript@@KAHPEAUlua_State@@PEBX_KPEAX@Z 0000000140025700 f   srvlib_x64:CustomLuaScript.obj
 0001:00024760       ?setScript@CCustomLuaScript@@QEAA_NPEBD@Z 0000000140025760 f   srvlib_x64:CustomLuaScript.obj
[...]
 0001:00011c10       propagateall               0000000140012c10 f   lua-5.1_x64:lgc.obj
 0001:00011d80       cleartable                 0000000140012d80 f   lua-5.1_x64:lgc.obj
 0001:00011eb0       freeobj                    0000000140012eb0 f   lua-5.1_x64:lgc.obj
 0001:00011f50       sweeplist                  0000000140012f50 f   lua-5.1_x64:lgc.obj
 0001:000120d0       checkSizes                 00000001400130d0 f   lua-5.1_x64:lgc.obj
 0001:00012160       GCTM                       0000000140013160 f   lua-5.1_x64:lgc.obj
 0001:000124f0       markmt                     00000001400134f0 f   lua-5.1_x64:lgc.obj
 0001:00012610       markroot                   0000000140013610 f   lua-5.1_x64:lgc.obj
 0001:000126a0       atomic                     00000001400136a0 f   lua-5.1_x64:lgc.obj
 0001:00012850       singlestep                 0000000140013850 f   lua-5.1_x64:lgc.obj
 0001:00012d90       currentline                0000000140013d90 f   lua-5.1_x64:ldebug.obj
 0001:00012e60       funcinfo                   0000000140013e60 f   lua-5.1_x64:ldebug.obj
 0001:00012ee0       collectvalidlines          0000000140013ee0 f   lua-5.1_x64:ldebug.obj
 0001:00012fe0       checkArgMode               0000000140013fe0 f   lua-5.1_x64:ldebug.obj
 0001:00013030       symbexec                   0000000140014030 f   lua-5.1_x64:ldebug.obj
 0001:000135f0       getobjname                 00000001400145f0 f   lua-5.1_x64:ldebug.obj
 0001:00013800       getfuncname                0000000140014800 f   lua-5.1_x64:ldebug.obj
 0001:000138c0       addinfo                    00000001400148c0 f   lua-5.1_x64:ldebug.obj
 0001:00013a90       auxgetinfo                 0000000140014a90 f   lua-5.1_x64:ldebug.obj
 0001:000140c0       traceexec                  00000001400150c0 f   lua-5.1_x64:lvm.obj
 0001:00014190       callTMres                  0000000140015190 f   lua-5.1_x64:lvm.obj
 0001:00014240       callTM                     0000000140015240 f   lua-5.1_x64:lvm.obj
 0001:000145c0       call_binTM                 00000001400155c0 f   lua-5.1_x64:lvm.obj
 0001:00014640       get_compTM                 0000000140015640 f   lua-5.1_x64:lvm.obj
 0001:00014710       call_orderTM               0000000140015710 f   lua-5.1_x64:lvm.obj
 0001:000147c0       l_strcmp                   00000001400157c0 f   lua-5.1_x64:lvm.obj
 0001:00014930       lessequal                  0000000140015930 f   lua-5.1_x64:lvm.obj
 0001:00014e50       Arith                      0000000140015e50 f   lua-5.1_x64:lvm.obj
 0001:000166e0       mainposition               00000001400176e0 f   lua-5.1_x64:ltable.obj
 0001:000167d0       findindex                  00000001400177d0 f   lua-5.1_x64:ltable.obj
 0001:000169e0       setarrayvector             00000001400179e0 f   lua-5.1_x64:ltable.obj
 0001:00016a70       setnodevector              0000000140017a70 f   lua-5.1_x64:ltable.obj
 0001:00016f30       unbound_search             0000000140017f30 f   lua-5.1_x64:ltable.obj
 0001:00017200       resize                     0000000140018200 f   lua-5.1_x64:ltable.obj
 0001:00017470       rehash                     0000000140018470 f   lua-5.1_x64:ltable.obj
 0001:00017670       newkey                     0000000140018670 f   lua-5.1_x64:ltable.obj
 0001:00018250       LoadInt                    0000000140019250 f   lua-5.1_x64:lundump.obj
 0001:000182e0       LoadString                 00000001400192e0 f   lua-5.1_x64:lundump.obj
 0001:000183b0       LoadCode                   00000001400193b0 f   lua-5.1_x64:lundump.obj
 0001:00018460       LoadConstants              0000000140019460 f   lua-5.1_x64:lundump.obj
 0001:00018770       LoadDebug                  0000000140019770 f   lua-5.1_x64:lundump.obj
 0001:00018aa0       LoadFunction               0000000140019aa0 f   lua-5.1_x64:lundump.obj
 0001:00018d20       LoadHeader                 0000000140019d20 f   lua-5.1_x64:lundump.obj
 0001:00018fe0       save                       0000000140019fe0 f   lua-5.1_x64:llex.obj
 0001:00019170       txtToken                   000000014001a170 f   lua-5.1_x64:llex.obj
 0001:00019330       inclinenumber              000000014001a330 f   lua-5.1_x64:llex.obj
 0001:00019490       trydecpoint                000000014001a490 f   lua-5.1_x64:llex.obj
 0001:000195d0       read_numeral               000000014001a5d0 f   lua-5.1_x64:llex.obj
 0001:00019750       skip_sep                   000000014001a750 f   lua-5.1_x64:llex.obj
 0001:00019920       read_long_string           000000014001a920 f   lua-5.1_x64:llex.obj
 0001:00019c50       read_string                000000014001ac50 f   lua-5.1_x64:llex.obj
 0001:0001a080       llex                       000000014001b080 f   lua-5.1_x64:llex.obj
 0001:0001a9b0       check_match                000000014001b9b0 f   lua-5.1_x64:lparser.obj
 0001:0001aa70       registerlocalvar           000000014001ba70 f   lua-5.1_x64:lparser.obj
 0001:0001ab50       new_localvar               000000014001bb50 f   lua-5.1_x64:lparser.obj
 0001:0001ac10       indexupvalue               000000014001bc10 f   lua-5.1_x64:lparser.obj
 0001:0001adb0       singlevaraux               000000014001bdb0 f   lua-5.1_x64:lparser.obj
 0001:0001aee0       singlevar                  000000014001bee0 f   lua-5.1_x64:lparser.obj
 0001:0001af70       leaveblock                 000000014001bf70 f   lua-5.1_x64:lparser.obj
 0001:0001b010       pushclosure                000000014001c010 f   lua-5.1_x64:lparser.obj
 0001:0001b160       open_func                  000000014001c160 f   lua-5.1_x64:lparser.obj
 0001:0001b250       close_func                 000000014001c250 f   lua-5.1_x64:lparser.obj
 0001:0001b480       field                      000000014001c480 f   lua-5.1_x64:lparser.obj
 0001:0001b540       recfield                   000000014001c540 f   lua-5.1_x64:lparser.obj
 0001:0001b740       constructor                000000014001c740 f   lua-5.1_x64:lparser.obj
 0001:0001ba00       parlist                    000000014001ca00 f   lua-5.1_x64:lparser.obj
 0001:0001bb30       body                       000000014001cb30 f   lua-5.1_x64:lparser.obj
 0001:0001bc90       funcargs                   000000014001cc90 f   lua-5.1_x64:lparser.obj
 0001:0001be20       prefixexp                  000000014001ce20 f   lua-5.1_x64:lparser.obj
 0001:0001beb0       primaryexp                 000000014001ceb0 f   lua-5.1_x64:lparser.obj
 0001:0001c160       simpleexp                  000000014001d160 f   lua-5.1_x64:lparser.obj
 0001:0001c3e0       getbinopr                  000000014001d3e0 f   lua-5.1_x64:lparser.obj
 0001:0001c5a0       subexpr                    000000014001d5a0 f   lua-5.1_x64:lparser.obj
 0001:0001c6e0       block                      000000014001d6e0 f   lua-5.1_x64:lparser.obj
 0001:0001c730       assignment                 000000014001d730 f   lua-5.1_x64:lparser.obj
 0001:0001ca00       breakstat                  000000014001da00 f   lua-5.1_x64:lparser.obj
 0001:0001ca90       whilestat                  000000014001da90 f   lua-5.1_x64:lparser.obj
 0001:0001cc00       repeatstat                 000000014001dc00 f   lua-5.1_x64:lparser.obj
 0001:0001cd50       forbody                    000000014001dd50 f   lua-5.1_x64:lparser.obj
 0001:0001cf70       fornum                     000000014001df70 f   lua-5.1_x64:lparser.obj
 0001:0001d160       forlist                    000000014001e160 f   lua-5.1_x64:lparser.obj
 0001:0001d3b0       forstat                    000000014001e3b0 f   lua-5.1_x64:lparser.obj
 0001:0001d4c0       test_then_block            000000014001e4c0 f   lua-5.1_x64:lparser.obj
 0001:0001d5a0       ifstat                     000000014001e5a0 f   lua-5.1_x64:lparser.obj
 0001:0001d6d0       localfunc                  000000014001e6d0 f   lua-5.1_x64:lparser.obj
 0001:0001d7e0       localstat                  000000014001e7e0 f   lua-5.1_x64:lparser.obj
 0001:0001d990       funcstat                   000000014001e990 f   lua-5.1_x64:lparser.obj
 0001:0001db30       retstat                    000000014001eb30 f   lua-5.1_x64:lparser.obj
 0001:0001dc50       statement                  000000014001ec50 f   lua-5.1_x64:lparser.obj
 0001:0001de60       chunk                      000000014001ee60 f   lua-5.1_x64:lparser.obj
 0001:0001e060       fixjump                    000000014001f060 f   lua-5.1_x64:lcode.obj
 0001:0001e0e0       removevalues               000000014001f0e0 f   lua-5.1_x64:lcode.obj
 0001:0001e170       patchlistaux               000000014001f170 f   lua-5.1_x64:lcode.obj
 0001:0001e440       addk                       000000014001f440 f   lua-5.1_x64:lcode.obj
 0001:0001e6b0       invertjump                 000000014001f6b0 f   lua-5.1_x64:lcode.obj
 0001:0001e700       constfolding               000000014001f700 f   lua-5.1_x64:lcode.obj
 0001:0001e880       luaK_code                  000000014001f880 f   lua-5.1_x64:lcode.obj
 0001:0001ed00       discharge2reg              000000014001fd00 f   lua-5.1_x64:lcode.obj
 0001:0001ee50       discharge2anyreg           000000014001fe50 f   lua-5.1_x64:lcode.obj
 0001:0001ee90       exp2reg                    000000014001fe90 f   lua-5.1_x64:lcode.obj
 0001:0001f580       jumponcond                 0000000140020580 f   lua-5.1_x64:lcode.obj
 0001:0001f780       luaK_goiffalse             0000000140020780 f   lua-5.1_x64:lcode.obj
 0001:0001f880       codenot                    0000000140020880 f   lua-5.1_x64:lcode.obj
 0001:0001f9a0       codearith                  00000001400209a0 f   lua-5.1_x64:lcode.obj
 0001:0001fab0       codecomp                   0000000140020ab0 f   lua-5.1_x64:lcode.obj
 0001:00020198       pre_cpp_init               0000000140021198 f   MSVCRT:crtexe.obj
 0001:00020200       __tmainCRTStartup          0000000140021200 f   MSVCRT:crtexe.obj
 0001:00020380       pre_c_init                 0000000140021380 f   MSVCRT:crtexe.obj
 0001:00022840       time                       0000000140023840 f    CIL library: CIL module
 0001:00022860       localtime                  0000000140023860 f    CIL library: CIL module
 0001:00028c50       ?dtor$0@?0??ServiceMain@@YAXHPEAPEAD@Z@4HA 0000000140029c50 f   main.obj
 0001:00028c70       ?dtor$0@?0??ServerMain@@YAXXZ@4HA 0000000140029c70 f   main.obj
 0001:00028c90       ?dtor$1@?0??ServerMain@@YAXXZ@4HA 0000000140029c90 f   main.obj
 0001:00028cc0       ?dtor$0@?0??SetupNameServerConfig@@YAHPEAVCNameServer@@@Z@4HA 0000000140029cc0 f   main.obj
 0001:00028ce0       ?dtor$0@?0??AppMain@CNameService@@UEAAHXZ@4HA 0000000140029ce0 f   main.obj
 0001:00028d00       ?dtor$1@?0??AppMain@CNameService@@UEAAHXZ@4HA 0000000140029d00 f   main.obj
 0001:00028d20       ?dtor$0@?0??showError@CNameServerConfig@@MEAAXPEBD@Z@4HA 0000000140029d20 f   NSConfig.obj
 0001:00028d40       ?dtor$0@?0??loadConfig@CNameServerConfig@@QEAA_NPEAVCNameServer@@@Z@4HA 0000000140029d40 f   NSConfig.obj
 0001:00028d60       ?catch$0@?0??loadConfig@CNameServerConfig@@QEAA_NPEAVCNameServer@@@Z@4HA 0000000140029d60 f   NSConfig.obj
 0001:00028d6d       __catch$?loadConfig@CNameServerConfig@@QEAA_NPEAVCNameServer@@@Z$0 0000000140029d6d f   NSConfig.obj
 0001:00028da0       ?catch$1@?0??loadConfig@CNameServerConfig@@QEAA_NPEAVCNameServer@@@Z@4HA 0000000140029da0 f   NSConfig.obj
 0001:00028dad       __catch$?loadConfig@CNameServerConfig@@QEAA_NPEAVCNameServer@@@Z$1 0000000140029dad f   NSConfig.obj
 0001:00028dd0       ?dtor$0@?0???0?$CTRefString@VCAnsiString@string@wylib@@D@string@wylib@@QEAA@PEBD@Z@4HA 0000000140029dd0 f   NSConfig.obj
 0001:00028dd0       ?dtor$0@?0???0?$CTRefString@VCAnsiString@string@wylib@@D@string@wylib@@QEAA@AEBV012@@Z@4HA 0000000140029dd0 f   NSConfig.obj
 0001:00028df0       ?dtor$0@?0???Y?$CTRefString@VCAnsiString@string@wylib@@D@string@wylib@@QEAAXPEBD@Z@4HA 0000000140029df0 f   NSConfig.obj
 0001:00028e10       ?dtor$0@?0???0CNameServerClientConnection@@QEAA@PEAVCNameServer@@@Z@4HA 0000000140029e10 f   NSConnection.obj
 0001:00028e30       ?dtor$0@?0???0CNameServer@@QEAA@XZ@4HA 0000000140029e30 f   NSServer.obj
 0001:00028e50       ?dtor$1@?0???0CNameServer@@QEAA@XZ@4HA 0000000140029e50 f   NSServer.obj
 0001:00028e80       ?dtor$0@?0???1CNameServer@@UEAA@XZ@4HA 0000000140029e80 f   NSServer.obj
 0001:00028ea0       ?dtor$1@?0???1CNameServer@@UEAA@XZ@4HA 0000000140029ea0 f   NSServer.obj
 0001:00028ec0       ?dtor$2@?0???1CNameServer@@UEAA@XZ@4HA 0000000140029ec0 f   NSServer.obj
 0001:00028ef0       ?dtor$0@?0??CreateClientSocket@CNameServer@@MEAAPEAVCCustomServerClientSocket@@_KPEAUsockaddr_in@@@Z@4HA 0000000140029ef0 f   NSServer.obj
 0001:00028f10       ?dtor$0@?0??loadFromFile@CMemoryStream@stream@wylib@@QEAA_JPEBD@Z@4HA 0000000140029f10 f   wylib_x64:MemoryStream.obj
 0001:00028f20       ?dtor$0@?0???0CFileStream@stream@wylib@@QEAA@PEBDK@Z@4HA 0000000140029f20 f   wylib_x64:FileStream.obj
 0001:00028f20       ?dtor$0@?0???0CFileStream@stream@wylib@@QEAA@PEBDKW4OpenDisposition@012@@Z@4HA 0000000140029f20 f   wylib_x64:FileStream.obj
 0001:00028f2c       __tmainCRTStartup$filt$0   0000000140029f2c f   MSVCRT:crtexe.obj
 0001:00028f4a       ?filt$0@?0??__ArrayUnwind@@YAXPEAX_KHP6AX0@Z@Z@4HA 0000000140029f4a f   MSVCRT:ehvecdtr.obj
 0001:00028f8b       ?fin$0@?0???_M@YAXPEAX_KHP6AX0@Z@Z@4HA 0000000140029f8b f   MSVCRT:ehvecdtr.obj
 0001:00028fb7       _onexit$fin$0              0000000140029fb7 f   MSVCRT:atonexit.obj
 0001:00028fe0       _IsNonwritableInCurrentImage$filt$0 0000000140029fe0 f   MSVCRT:pesect.obj
 0001:00029010       ?dtor$0@?0??DumpImpl@COPMToFile@@IEAAXXZ@4HA 000000014002a010 f    CIL library: CIL module
 0001:00029030       ?dtor$0@?0???0COPMToFile@@QEAA@PEBD@Z@4HA 000000014002a030 f    CIL library: CIL module
 0001:00029050       ?dtor$1@?0???0COPMToFile@@QEAA@PEBD@Z@4HA 000000014002a050 f    CIL library: CIL module
 0001:00029070       ?dtor$2@?0???0COPMToFile@@QEAA@PEBD@Z@4HA 000000014002a070 f    CIL library: CIL module
 0001:00029090       ?dtor$3@?0???0COPMToFile@@QEAA@PEBD@Z@4HA 000000014002a090 f    CIL library: CIL module
 0001:000290b0       ?dtor$4@?0???0COPMToFile@@QEAA@PEBD@Z@4HA 000000014002a0b0 f    CIL library: CIL module
 0001:000290d0       ?dtor$5@?0???0COPMToFile@@QEAA@PEBD@Z@4HA 000000014002a0d0 f    CIL library: CIL module
 0001:000290f0       ?dtor$6@?0???0COPMToFile@@QEAA@PEBD@Z@4HA 000000014002a0f0 f    CIL library: CIL module
 0001:00029110       ?dtor$7@?0???0COPMToFile@@QEAA@PEBD@Z@4HA 000000014002a110 f    CIL library: CIL module
 0001:00029130       ?dtor$0@?0???0CSendPacketPool@@QEAA@XZ@4HA 000000014002a130 f    CIL library: CIL module
 0001:00029150       ?dtor$1@?0???0CSendPacketPool@@QEAA@XZ@4HA 000000014002a150 f    CIL library: CIL module
 0001:00029180       ?dtor$0@?0???1CSendPacketPool@@QEAA@XZ@4HA 000000014002a180 f    CIL library: CIL module
 0001:000291a0       ?dtor$1@?0???1CSendPacketPool@@QEAA@XZ@4HA 000000014002a1a0 f    CIL library: CIL module
 0001:000291c0       ?dtor$2@?0???1CSendPacketPool@@QEAA@XZ@4HA 000000014002a1c0 f    CIL library: CIL module
 0001:000291e0       ?dtor$3@?0???1CSendPacketPool@@QEAA@XZ@4HA 000000014002a1e0 f    CIL library: CIL module
 0001:00029200       ?dtor$4@?0???1CSendPacketPool@@QEAA@XZ@4HA 000000014002a200 f    CIL library: CIL module
 0001:00029220       ?dtor$5@?0???1CSendPacketPool@@QEAA@XZ@4HA 000000014002a220 f    CIL library: CIL module
 0001:00029240       ?dtor$6@?0???1CSendPacketPool@@QEAA@XZ@4HA 000000014002a240 f    CIL library: CIL module
 0001:00029270       ?dtor$0@?0???1CCustomLuaScript@@UEAA@XZ@4HA 000000014002a270 f    CIL library: CIL module
 0001:000292a0       ?dtor$0@?0???1CCustomLuaConfig@@UEAA@XZ@4HA 000000014002a2a0 f    CIL library: CIL module
 0001:000292c0       ?dtor$1@?0???1CCustomLuaConfig@@UEAA@XZ@4HA 000000014002a2c0 f    CIL library: CIL module
 0001:000292f0       ?dtor$0@?0???1CCustomWorkSocket@@UEAA@XZ@4HA 000000014002a2f0 f    CIL library: CIL module
 0001:00029310       ?dtor$1@?0???1CCustomWorkSocket@@UEAA@XZ@4HA 000000014002a310 f    CIL library: CIL module
 0001:00029330       ?dtor$2@?0???1CCustomWorkSocket@@UEAA@XZ@4HA 000000014002a330 f    CIL library: CIL module
 0001:00029350       ?dtor$3@?0???1CCustomWorkSocket@@UEAA@XZ@4HA 000000014002a350 f    CIL library: CIL module
 0001:00029370       ?dtor$4@?0???1CCustomWorkSocket@@UEAA@XZ@4HA 000000014002a370 f    CIL library: CIL module
 0001:000293a0       ?dtor$0@?0???0CCustomWorkSocket@@QEAA@XZ@4HA 000000014002a3a0 f    CIL library: CIL module
 0001:000293c0       ?dtor$1@?0???0CCustomWorkSocket@@QEAA@XZ@4HA 000000014002a3c0 f    CIL library: CIL module
 0001:000293e0       ?dtor$2@?0???0CCustomWorkSocket@@QEAA@XZ@4HA 000000014002a3e0 f    CIL library: CIL module
 0001:00029400       ?dtor$3@?0???0CCustomWorkSocket@@QEAA@XZ@4HA 000000014002a400 f    CIL library: CIL module
 0001:00029430       ?dtor$0@?0???0CCustomServerClientSocket@@QEAA@XZ@4HA 000000014002a430 f    CIL library: CIL module
 0001:00029450       ?dtor$0@?0??showFieldDoesNotContainValue@CCustomLuaConfig@@IEAAXPEBD0@Z@4HA 000000014002a450 f    CIL library: CIL module
 0001:00029470       ?dtor$0@?0??showTableNotExists@CCustomLuaConfig@@IEAAXPEBD@Z@4HA 000000014002a470 f    CIL library: CIL module
 0001:00029490       ?dtor$0@?0??showError@CCustomLuaConfig@@MEAAXPEBD@Z@4HA 000000014002a490 f    CIL library: CIL module
 0001:000294b0       ?dtor$0@?0???1CCustomServerSocket@@UEAA@XZ@4HA 000000014002a4b0 f    CIL library: CIL module
 0001:000294d0       ?dtor$1@?0???1CCustomServerSocket@@UEAA@XZ@4HA 000000014002a4d0 f    CIL library: CIL module
 0001:000294f0       ?dtor$2@?0???1CCustomServerSocket@@UEAA@XZ@4HA 000000014002a4f0 f    CIL library: CIL module
 0001:00029520       ?dtor$0@?0???0CCustomServerSocket@@QEAA@XZ@4HA 000000014002a520 f    CIL library: CIL module
 0001:00029540       ?dtor$1@?0???0CCustomServerSocket@@QEAA@XZ@4HA 000000014002a540 f    CIL library: CIL module
 0001:00029570       ?dtor$0@?0??allocSendPacketList@CSendPacketPool@@QEAAXAEAV?$CBaseList@PEAVCDataPacket@@@container@wylib@@_JPEAPEAVCDataPacket@@@Z@4HA 000000014002a570 f    CIL library: CIL module
 0001:000295a0       ?dtor$0@?0???0CFileLogger@@QEAA@PEBDZZ@4HA 000000014002a5a0 f    CIL library: CIL module
 0001:000295c0       ?dtor$0@?0???1CDataPacket@@QEAA@XZ@4HA 000000014002a5c0 f    CIL library: CIL module
 0001:000295e0       ?dtor$0@?0??getSingleton@CounterManager@@SAAEAV1@XZ@4HA 000000014002a5e0 f    CIL library: CIL module
 0001:00029600       ?dtor$0@?0???YCAnsiString@string@wylib@@QEAAXPEBD@Z@4HA 000000014002a600 f    CIL library: CIL module
 0001:00029620       ?dtor$0@?0???1COPMToFile@@UEAA@XZ@4HA 000000014002a620 f    CIL library: CIL module
 0001:00029640       ?dtor$1@?0???1COPMToFile@@UEAA@XZ@4HA 000000014002a640 f    CIL library: CIL module
 0001:00029660       ?dtor$2@?0???1COPMToFile@@UEAA@XZ@4HA 000000014002a660 f    CIL library: CIL module
 0001:00029680       ?dtor$3@?0???1COPMToFile@@UEAA@XZ@4HA 000000014002a680 f    CIL library: CIL module
 0001:000296a0       ?dtor$4@?0???1COPMToFile@@UEAA@XZ@4HA 000000014002a6a0 f    CIL library: CIL module
 0001:000296c0       ?dtor$5@?0???1COPMToFile@@UEAA@XZ@4HA 000000014002a6c0 f    CIL library: CIL module
 0001:000296e0       ?dtor$6@?0???1COPMToFile@@UEAA@XZ@4HA 000000014002a6e0 f    CIL library: CIL module
 0001:00029700       ?dtor$7@?0???1COPMToFile@@UEAA@XZ@4HA 000000014002a700 f    CIL library: CIL module
 0001:00029720       ?dtor$0@?0??addMsg@COPMToFile@@QEAAXW4tagShareOutputMsgType@@PEBD_J@Z@4HA 000000014002a720 f    CIL library: CIL module
 0001:00029740       ??__E?SockPacketHandlers@CNameServerClientConnection@@0QBQ81@EAAXAEAVCDataPacketReader@@@ZB@@YAXXZ 000000014002a740 f   NSConnection.obj
 0001:00029860       ??__EmmPeriod@@YAXXZ       000000014002a860 f   wylib_x64:Tick.obj
 0001:00029880       ??__EllStartTick@@YAXXZ    000000014002a880 f   wylib_x64:Tick.obj
 0001:000298a0       ??__EdwLastShortTick@@YAXXZ 000000014002a8a0 f   wylib_x64:Tick.obj
