 GateServer64_R

 Timestamp is 576b5f42 (Thu Jun 23 12:02:10 2016)

 Preferred load address is 0000000140000000

 Start         Length     Name                   Class
 0001:00000000 00030e5cH .text                   CODE
 0001:00030e60 00001126H .text$x                 CODE
 0001:00031f90 00000055H .text$yc                CODE
 0001:00031ff0 00000015H .text$yd                CODE
 0002:00000000 00000758H .idata$5                DATA
 0002:00000758 00000008H .CRT$XCA                DATA
 0002:00000760 00000008H .CRT$XCAA               DATA
 0002:00000768 00000018H .CRT$XCU                DATA
 0002:00000780 00000008H .CRT$XCZ                DATA
 0002:00000788 00000008H .CRT$XIA                DATA
 0002:00000790 00000008H .CRT$XIAA               DATA
 0002:00000798 00000008H .CRT$XIY                DATA
 0002:000007a0 00000008H .CRT$XIZ                DATA
 0002:000007b0 00005df8H .rdata                  DATA
 0002:000065a8 0000005bH .rdata$debug            DATA
 0002:00006608 000011c4H .rdata$r                DATA
 0002:000077d0 00000008H .rtc$IAA                DATA
 0002:000077d8 00000008H .rtc$IZZ                DATA
 0002:000077e0 00000008H .rtc$TAA                DATA
 0002:000077e8 00000008H .rtc$TZZ                DATA
 0002:000077f0 00003194H .xdata                  DATA
 0002:0000a988 0000010cH .xdata$x                DATA
 0002:0000aa94 000000b4H .idata$2                DATA
 0002:0000ab48 00000014H .idata$3                DATA
 0002:0000ab60 00000758H .idata$4                DATA
 0002:0000b2b8 00000c40H .idata$6                DATA
 0002:0000bef8 00000000H .edata                  DATA
 0003:00000000 00000980H .data                   DATA
 0003:00000980 000315a0H .bss                    DATA
 0004:00000000 00003690H .pdata                  DATA

  Address         Publics by Value              Rva+Base               Lib:Object

 0000:00000000       ___safe_se_handler_count   0000000000000000     <absolute>
 0000:00000000       ___safe_se_handler_table   0000000000000000     <absolute>
 0000:00000000       __ImageBase                0000000140000000     <linker-defined>
 0001:00000000       ?GetAccessViolationOperationName@@YAPEBD_K@Z 0000000140001000 f i srvlib_x64:DefExceptHander.obj
 0001:00000050       ??_H@YAXPEAX_KHP6APEAX0@Z@Z 0000000140001050 f i srvlib_x64:StackWalker.obj
 0001:000000a0       ?_Assert@CDataPacket@@QEAAXXZ 00000001400010a0 f i srvlib_x64:SendPackPool.obj
 0001:000000a0       ?OnStackWalkStart@StackWalker@@MEAAXXZ 00000001400010a0 f i srvlib_x64:StackWalker.obj
 0001:000000a0       ?OnStackWalkEnd@StackWalker@@MEAAXXZ 00000001400010a0 f i srvlib_x64:StackWalker.obj
 0001:000000b0       ??0StackWalkerInternal@@QEAA@PEAVStackWalker@@PEAX@Z 00000001400010b0 f i srvlib_x64:StackWalker.obj
 0001:000001b0       ??1StackWalkerInternal@@QEAA@XZ 00000001400011b0 f i srvlib_x64:StackWalker.obj
 0001:00000240       ?Init@StackWalkerInternal@@QEAAHPEBD@Z 0000000140001240 f i srvlib_x64:StackWalker.obj
 0001:000008b0       ?GetModuleListTH32@StackWalkerInternal@@AEAAHPEAXK@Z 00000001400018b0 f i srvlib_x64:StackWalker.obj
 0001:00000b10       ?GetModuleListPSAPI@StackWalkerInternal@@AEAAHPEAX@Z 0000000140001b10 f i srvlib_x64:StackWalker.obj
 0001:00000e70       ?LoadModule@StackWalkerInternal@@AEAAKPEAXPEBD1_KK@Z 0000000140001e70 f i srvlib_x64:StackWalker.obj
 0001:00001220       ?LoadModules@StackWalkerInternal@@QEAAHPEAXK@Z 0000000140002220 f i srvlib_x64:StackWalker.obj
 0001:00001270       ?GetModuleInfo@StackWalkerInternal@@QEAAHPEAX_KPEAUIMAGEHLP_MODULE64_V2@1@@Z 0000000140002270 f i srvlib_x64:StackWalker.obj
 0001:00001360       ??_GStackWalker@@UEAAPEAXI@Z 0000000140002360 f i srvlib_x64:StackWalker.obj
 0001:00001360       ??_EStackWalker@@UEAAPEAXI@Z 0000000140002360 f i  CIL library: CIL module
 0001:000013a0       ??_GStackWalkerInternal@@QEAAPEAXI@Z 00000001400023a0 f i srvlib_x64:StackWalker.obj
 0001:000013e0       ??$strcat_s@$0BAAA@@@YAHAEAY0BAAA@DPEBD@Z 00000001400023e0 f i srvlib_x64:StackWalker.obj
 0001:00001410       ??$strcpy_s@$0EAA@@@YAHAEAY0EAA@DPEBD@Z 0000000140002410 f i srvlib_x64:StackWalker.obj
 0001:00001440       ??$_snprintf_s@$0EAA@@@YAHAEAY0EAA@D_KPEBDZZ 0000000140002440 f i srvlib_x64:StackWalker.obj
 0001:00001490       ??2@YAPEAX_KPEAX@Z         0000000140002490 f i srvlib_x64:SendPackPool.obj
 0001:000014a0       ??3@YAXPEAX0@Z             00000001400024a0 f i srvlib_x64:SendPackPool.obj
 0001:000014b0       _tcsstr                    00000001400024b0 f i srvlib_x64:SendPackPool.obj
 0001:000014e0       ??0CounterNode@CounterManager@@QEAA@XZ 00000001400024e0 f i srvlib_x64:SendPackPool.obj
 0001:00001510       ??0CounterNode@CounterManager@@QEAA@PEBDPEAX_K@Z 0000000140002510 f i srvlib_x64:SendPackPool.obj
 0001:000016d0       ??4CounterNode@CounterManager@@QEAAAEAU01@AEBU01@@Z 00000001400026d0 f i srvlib_x64:SendPackPool.obj
 0001:00001700       ?getSingleton@CounterManager@@SAAEAV1@XZ 0000000140002700 f i srvlib_x64:SendPackPool.obj
 0001:00001750       ??0CounterManager@@QEAA@XZ 0000000140002750 f i srvlib_x64:SendPackPool.obj
 0001:000017a0       ?addObjectCounter@CounterManager@@QEAAXPEBDPEAX_K@Z 00000001400027a0 f i srvlib_x64:SendPackPool.obj
 0001:00001860       ?getAvaliableLength@CDataPacketReader@@QEAA_KXZ 0000000140002860 f i srvlib_x64:SendPackPool.obj
 0001:00001880       ?getOffsetPtr@CDataPacketReader@@QEAAPEADXZ 0000000140002880 f i srvlib_x64:SendPackPool.obj
 0001:00001880       ?maxCount@?$CBaseList@PEAVCDataPacket@@@container@wylib@@QEBA_JXZ 0000000140002880 f i srvlib_x64:SendPackPool.obj
 0001:00001890       ??0CDataPacketReader@@QEAA@XZ 0000000140002890 f i srvlib_x64:SendPackPool.obj
 0001:000018d0       ?setLength@CDataPacket@@QEAAX_K@Z 00000001400028d0 f i srvlib_x64:SendPackPool.obj
 0001:00001950       ??0CDataPacket@@QEAA@PEAVCBufferAllocator@@@Z 0000000140002950 f i srvlib_x64:SendPackPool.obj
 0001:000019a0       ??1CDataPacket@@QEAA@XZ    00000001400029a0 f i srvlib_x64:SendPackPool.obj
 0001:00001a30       ?setSize@CDataPacket@@IEAAX_K@Z 0000000140002a30 f i srvlib_x64:SendPackPool.obj
 0001:00001b70       ??0?$CQueueList@PEAVCDataPacket@@@container@wylib@@QEAA@XZ 0000000140002b70 f i srvlib_x64:SendPackPool.obj
 0001:00001bb0       ??1?$CQueueList@PEAVCDataPacket@@@container@wylib@@UEAA@XZ 0000000140002bb0 f i srvlib_x64:SendPackPool.obj
 0001:00001be0       ??1?$CLockList@PEAVCDataPacket@@@container@wylib@@UEAA@XZ 0000000140002be0 f i srvlib_x64:SendPackPool.obj
 0001:00001c00       ??_G?$CQueueList@PEAVCDataPacket@@@container@wylib@@UEAAPEAXI@Z 0000000140002c00 f i srvlib_x64:SendPackPool.obj
 0001:00001c00       ??_E?$CQueueList@PEAVCDataPacket@@@container@wylib@@UEAAPEAXI@Z 0000000140002c00 f i  CIL library: CIL module
 0001:00001c40       ??_GCDataPacket@@QEAAPEAXI@Z 0000000140002c40 f i srvlib_x64:SendPackPool.obj
 0001:00001c80       ??0?$Counter@VCDataPacket@@@@QEAA@XZ 0000000140002c80 f i srvlib_x64:SendPackPool.obj
 0001:00001ca0       ??1?$Counter@VCDataPacket@@@@QEAA@XZ 0000000140002ca0 f i srvlib_x64:SendPackPool.obj
 0001:00001cc0       ?flush@?$CQueueList@PEAVCDataPacket@@@container@wylib@@QEAAXXZ 0000000140002cc0 f i srvlib_x64:SendPackPool.obj
 0001:00001d30       ??0?$CLockList@PEAVCDataPacket@@@container@wylib@@QEAA@PEAVCBaseLock@lock@sync@2@@Z 0000000140002d30 f i srvlib_x64:SendPackPool.obj
 0001:00001d70       ?setLock@?$CLockList@PEAVCDataPacket@@@container@wylib@@QEAAPEAVCBaseLock@lock@sync@3@PEAV4563@@Z 0000000140002d70 f i srvlib_x64:SendPackPool.obj
 0001:00001db0       ?lock@?$CLockList@PEAVCDataPacket@@@container@wylib@@QEAAXXZ 0000000140002db0 f i srvlib_x64:SendPackPool.obj
 0001:00001df0       ?unlock@?$CLockList@PEAVCDataPacket@@@container@wylib@@QEAAXXZ 0000000140002df0 f i srvlib_x64:SendPackPool.obj
 0001:00001e30       ??0?$CBaseList@PEAVCDataPacket@@@container@wylib@@QEAA@XZ 0000000140002e30 f i srvlib_x64:SendPackPool.obj
 0001:00001e80       ??1?$CBaseList@PEAVCDataPacket@@@container@wylib@@UEAA@XZ 0000000140002e80 f i srvlib_x64:SendPackPool.obj
 0001:00001eb0       ?trunc@?$CBaseList@PEAVCDataPacket@@@container@wylib@@QEAAX_J@Z 0000000140002eb0 f i srvlib_x64:SendPackPool.obj
 0001:00001ee0       ?reserve@?$CBaseList@PEAVCTimeProfRecord@@@container@wylib@@UEAAX_J@Z 0000000140002ee0 f i srvlib_x64:TimeStat.obj
 0001:00001ee0       ?reserve@?$CBaseList@PEAV?$CRefObjectImpl@VCAnsiString@string@wylib@@@misc@wylib@@@container@wylib@@UEAAX_J@Z 0000000140002ee0 f i srvlib_x64:CustomLuaConfig.obj
 0001:00001ee0       ?reserve@?$CBaseList@PEAVCTimeProfMgr@@@container@wylib@@UEAAX_J@Z 0000000140002ee0 f i srvlib_x64:TimeStat.obj
 0001:00001ee0       ?reserve@?$CBaseList@PEAX@container@wylib@@UEAAX_J@Z 0000000140002ee0 f i DataProcess.obj
 0001:00001ee0       ?reserve@?$CBaseList@PEAVCRunSockProcesser@@@container@wylib@@UEAAX_J@Z 0000000140002ee0 f i main.obj
 0001:00001ee0       ?reserve@?$CBaseList@PEAVCDataPacket@@@container@wylib@@UEAAX_J@Z 0000000140002ee0 f i srvlib_x64:SendPackPool.obj
 0001:00001f50       ?addArray@?$CBaseList@PEAVCDataPacket@@@container@wylib@@QEAAXPEAPEAVCDataPacket@@_J@Z 0000000140002f50 f i srvlib_x64:SendPackPool.obj
 0001:00001ff0       ??_E?$CLockList@PEAVCDataPacket@@@container@wylib@@UEAAPEAXI@Z 0000000140002ff0 f i  CIL library: CIL module
 0001:00001ff0       ??_G?$CLockList@PEAVCDataPacket@@@container@wylib@@UEAAPEAXI@Z 0000000140002ff0 f i srvlib_x64:SendPackPool.obj
 0001:00002030       ??_G?$CBaseList@PEAVCDataPacket@@@container@wylib@@UEAAPEAXI@Z 0000000140003030 f i srvlib_x64:SendPackPool.obj
 0001:00002030       ??_E?$CBaseList@PEAVCDataPacket@@@container@wylib@@UEAAPEAXI@Z 0000000140003030 f i  CIL library: CIL module
 0001:00002070       ?addToStat@?$Counter@VCDataPacket@@@@IEAAXXZ 0000000140003070 f i srvlib_x64:SendPackPool.obj
 0001:000020d0       ?addList@?$CBaseList@PEAVCDataPacket@@@container@wylib@@QEAAXAEBV123@@Z 00000001400030d0 f i srvlib_x64:SendPackPool.obj
 0001:00002110       ?getCount@?$Counter@VCDataPacket@@@@SA_KXZ 0000000140003110 f i srvlib_x64:SendPackPool.obj
 0001:00002120       ??0CTimeProfRecord@@QEAA@XZ 0000000140003120 f i srvlib_x64:TimeStat.obj
 0001:00002150       ?addChild@CTimeProfRecord@@QEAAXPEAV1@@Z 0000000140003150 f i srvlib_x64:TimeStat.obj
 0001:00002180       ?getChildByHash@CTimeProfRecord@@QEAAPEAV1@H@Z 0000000140003180 f i srvlib_x64:TimeStat.obj
 0001:00002210       ?reset@CTimeProfRecord@@QEAAX_N@Z 0000000140003210 f i srvlib_x64:TimeStat.obj
 0001:00002290       ?reInitBasicData@CTimeProfRecord@@QEAAXPEBDI@Z 0000000140003290 f i srvlib_x64:TimeStat.obj
 0001:000023c0       ?startProf@CTimeProfRecord@@QEAAXXZ 00000001400033c0 f i srvlib_x64:TimeStat.obj
 0001:00002410       ?endProf@CTimeProfRecord@@QEAAXXZ 0000000140003410 f i srvlib_x64:TimeStat.obj
 0001:000024f0       ?getSingleton@CTimeProfMgr@@SAAEAV1@XZ 00000001400034f0 f i srvlib_x64:TimeStat.obj
 0001:00002540       ?getThreadInst@CTimeProfMgr@@QEAAPEAV1@XZ 0000000140003540 f i srvlib_x64:TimeStat.obj
 0001:00002670       ?OnTimeProfRecordStart@CTimeProfMgr@@QEAAXPEAVCTimeProfRecord@@@Z 0000000140003670 f i srvlib_x64:TimeStat.obj
 0001:000026a0       ?OnTimeProfRecordEnd@CTimeProfMgr@@QEAAXPEAVCTimeProfRecord@@@Z 00000001400036a0 f i srvlib_x64:TimeStat.obj
 0001:000026c0       ?GetExeUnitCount@CTimeProfMgr@@QEAA_JXZ 00000001400036c0 f i srvlib_x64:TimeStat.obj
 0001:000026e0       ?getCurrTimeProfRecord@CTimeProfMgr@@QEAAPEAVCTimeProfRecord@@XZ 00000001400036e0 f i srvlib_x64:TimeStat.obj
 0001:00002720       ?allocRecord@CTimeProfMgr@@QEAAPEAVCTimeProfRecord@@XZ 0000000140003720 f i srvlib_x64:TimeStat.obj
 0001:00002770       ?freeRecord@CTimeProfMgr@@QEAAXPEAVCTimeProfRecord@@@Z 0000000140003770 f i srvlib_x64:TimeStat.obj
 0001:000027a0       ?clear@CTimeProfMgr@@QEAAXXZ 00000001400037a0 f i srvlib_x64:TimeStat.obj
 0001:00002940       ?allocTimeProfRecord@CTimeProfMgr@@IEAAXXZ 0000000140003940 f i srvlib_x64:TimeStat.obj
 0001:000029f0       ?setThreadId@CTimeProfMgr@@IEAAXK@Z 00000001400039f0 f i srvlib_x64:TimeStat.obj
 0001:00002a10       ??_GCTimeProfRecord@@QEAAPEAXI@Z 0000000140003a10 f i srvlib_x64:TimeStat.obj
 0001:00002a50       ??_GCTimeProfMgr@@QEAAPEAXI@Z 0000000140003a50 f i srvlib_x64:TimeStat.obj
 0001:00002a90       ??0?$Counter@VCTimeProfDummy@@@@QEAA@XZ 0000000140003a90 f i srvlib_x64:TimeStat.obj
 0001:00002ab0       ??1?$Counter@VCTimeProfDummy@@@@QEAA@XZ 0000000140003ab0 f i srvlib_x64:TimeStat.obj
 0001:00002ad0       ??0?$Counter@VCTimeProfRecord@@@@QEAA@XZ 0000000140003ad0 f i srvlib_x64:TimeStat.obj
 0001:00002af0       ??1?$Counter@VCTimeProfRecord@@@@QEAA@XZ 0000000140003af0 f i srvlib_x64:TimeStat.obj
 0001:00002b10       ??0?$CBaseList@PEAVCTimeProfRecord@@@container@wylib@@QEAA@XZ 0000000140003b10 f i srvlib_x64:TimeStat.obj
 0001:00002b60       ??1?$CBaseList@PEAVCTimeProfRecord@@@container@wylib@@UEAA@XZ 0000000140003b60 f i srvlib_x64:TimeStat.obj
 0001:00002b90       ?add@?$CBaseList@PEAVCTimeProfRecord@@@container@wylib@@QEAA_JAEBQEAVCTimeProfRecord@@@Z 0000000140003b90 f i srvlib_x64:TimeStat.obj
 0001:00002b90       ?add@?$CBaseList@PEAVCTimeProfMgr@@@container@wylib@@QEAA_JAEBQEAVCTimeProfMgr@@@Z 0000000140003b90 f i srvlib_x64:TimeStat.obj
 0001:00002b90       ?add@?$CBaseList@PEAV?$CRefObjectImpl@VCAnsiString@string@wylib@@@misc@wylib@@@container@wylib@@QEAA_JAEBQEAV?$CRefObjectImpl@VCAnsiString@string@wylib@@@misc@3@@Z 0000000140003b90 f i srvlib_x64:CustomLuaConfig.obj
 0001:00002c40       ?empty@?$CBaseList@PEAVCDataPacket@@@container@wylib@@UEAAXXZ 0000000140003c40 f i srvlib_x64:SendPackPool.obj
 0001:00002c40       ?empty@?$CBaseList@PEAVCTimeProfRecord@@@container@wylib@@UEAAXXZ 0000000140003c40 f i srvlib_x64:TimeStat.obj
 0001:00002c40       ?empty@?$CBaseList@PEAVCRunSockProcesser@@@container@wylib@@UEAAXXZ 0000000140003c40 f i main.obj
 0001:00002c40       ?empty@?$CBaseList@PEAVCTimeProfMgr@@@container@wylib@@UEAAXXZ 0000000140003c40 f i srvlib_x64:TimeStat.obj
 0001:00002c40       ?empty@?$CBaseList@UtagGateConfig@@@container@wylib@@UEAAXXZ 0000000140003c40 f i main.obj
 0001:00002c40       ?empty@?$CBaseList@PEAV?$CRefObjectImpl@VCAnsiString@string@wylib@@@misc@wylib@@@container@wylib@@UEAAXXZ 0000000140003c40 f i srvlib_x64:CustomLuaConfig.obj
 0001:00002c40       ?empty@?$CBaseList@PEAX@container@wylib@@UEAAXXZ 0000000140003c40 f i DataProcess.obj
 0001:00002c90       ?push@?$CBaseList@PEAVCTimeProfRecord@@@container@wylib@@QEAA_JAEBQEAVCTimeProfRecord@@@Z 0000000140003c90 f i srvlib_x64:TimeStat.obj
 0001:00002cc0       ??0?$CBaseList@PEAVCTimeProfMgr@@@container@wylib@@QEAA@XZ 0000000140003cc0 f i srvlib_x64:TimeStat.obj
 0001:00002d10       ??1?$CBaseList@PEAVCTimeProfMgr@@@container@wylib@@UEAA@XZ 0000000140003d10 f i srvlib_x64:TimeStat.obj
 0001:00002d40       ??_E?$CBaseList@PEAVCTimeProfRecord@@@container@wylib@@UEAAPEAXI@Z 0000000140003d40 f i  CIL library: CIL module
 0001:00002d40       ??_G?$CBaseList@PEAVCTimeProfRecord@@@container@wylib@@UEAAPEAXI@Z 0000000140003d40 f i srvlib_x64:TimeStat.obj
 0001:00002d80       ??_E?$CBaseList@PEAVCTimeProfMgr@@@container@wylib@@UEAAPEAXI@Z 0000000140003d80 f i  CIL library: CIL module
 0001:00002d80       ??_G?$CBaseList@PEAVCTimeProfMgr@@@container@wylib@@UEAAPEAXI@Z 0000000140003d80 f i srvlib_x64:TimeStat.obj
 0001:00002dc0       ?addToStat@?$Counter@VCTimeProfDummy@@@@IEAAXXZ 0000000140003dc0 f i srvlib_x64:TimeStat.obj
 0001:00002e20       ?addToStat@?$Counter@VCTimeProfRecord@@@@IEAAXXZ 0000000140003e20 f i srvlib_x64:TimeStat.obj
 0001:00002e80       ?getCount@?$Counter@VCTimeProfDummy@@@@SA_KXZ 0000000140003e80 f i srvlib_x64:TimeStat.obj
 0001:00002e90       ?getCount@?$Counter@VCTimeProfRecord@@@@SA_KXZ 0000000140003e90 f i srvlib_x64:TimeStat.obj
 0001:00002ea0       ??$strcpy_s@$0EA@@@YAHAEAY0EA@DPEBD@Z 0000000140003ea0 f i srvlib_x64:TimeStat.obj
 0001:00002ed0       ??$sprintf_s@$0CAA@@@YAHAEAY0CAA@DPEBDZZ 0000000140003ed0 f i srvlib_x64:TimeStat.obj
 0001:00002f20       ??$sprintf_s@$0EA@@@YAHAEAY0EA@DPEBDZZ 0000000140003f20 f i srvlib_x64:TimeStat.obj
 0001:00002f70       ?alloc@CAnsiString@string@wylib@@MEAAPEAXPEAX_K@Z 0000000140003f70 f i srvlib_x64:CustomLuaConfig.obj
 0001:00002fc0       ?setData@CAnsiString@string@wylib@@IEAAXPEBD@Z 0000000140003fc0 f i srvlib_x64:CustomLuaConfig.obj
 0001:00003060       ?catData@CAnsiString@string@wylib@@IEAAXPEBD@Z 0000000140004060 f i srvlib_x64:CustomLuaConfig.obj
 0001:00003100       ??0CAnsiString@string@wylib@@QEAA@XZ 0000000140004100 f i srvlib_x64:CustomLuaConfig.obj
 0001:00003130       ??0CAnsiString@string@wylib@@QEAA@PEBD@Z 0000000140004130 f i srvlib_x64:CustomLuaConfig.obj
 0001:00003180       ??1CAnsiString@string@wylib@@UEAA@XZ 0000000140004180 f i srvlib_x64:CustomLuaConfig.obj
 0001:000031b0       ??BCAnsiString@string@wylib@@QEAAPEADXZ 00000001400041b0 f i srvlib_x64:CustomLuaConfig.obj
 0001:000031f0       ??4CAnsiString@string@wylib@@QEAAXPEBD@Z 00000001400041f0 f i srvlib_x64:CustomLuaConfig.obj
 0001:00003230       ??YCAnsiString@string@wylib@@QEAAXPEBD@Z 0000000140004230 f i srvlib_x64:CustomLuaConfig.obj
 0001:000032a0       ?length@CAnsiString@string@wylib@@QEBA_KXZ 00000001400042a0 f i srvlib_x64:CustomLuaConfig.obj
 0001:000032e0       ?isEmpty@CAnsiString@string@wylib@@QEBA_NXZ 00000001400042e0 f i srvlib_x64:CustomLuaConfig.obj
 0001:00003320       ??_ECAnsiString@string@wylib@@UEAAPEAXI@Z 0000000140004320 f i  CIL library: CIL module
 0001:00003320       ??_GCAnsiString@string@wylib@@UEAAPEAXI@Z 0000000140004320 f i srvlib_x64:CustomLuaConfig.obj
 0001:00003360       ??_GCCustomLuaConfig@@UEAAPEAXI@Z 0000000140004360 f i srvlib_x64:CustomLuaConfig.obj
 0001:00003360       ??_ECCustomLuaConfig@@UEAAPEAXI@Z 0000000140004360 f i  CIL library: CIL module
 0001:000033a0       ??4?$CTRefString@VCAnsiString@string@wylib@@D@string@wylib@@QEAAXPEBD@Z 00000001400043a0 f i srvlib_x64:CustomLuaConfig.obj
 0001:00003440       ??0?$CBaseList@PEAV?$CRefObjectImpl@VCAnsiString@string@wylib@@@misc@wylib@@@container@wylib@@QEAA@XZ 0000000140004440 f i srvlib_x64:CustomLuaConfig.obj
 0001:00003490       ??1?$CBaseList@PEAV?$CRefObjectImpl@VCAnsiString@string@wylib@@@misc@wylib@@@container@wylib@@UEAA@XZ 0000000140004490 f i srvlib_x64:CustomLuaConfig.obj
 0001:000034c0       ?remove@?$CBaseList@PEAV?$CRefObjectImpl@VCAnsiString@string@wylib@@@misc@wylib@@@container@wylib@@QEAAX_J@Z 00000001400044c0 f i srvlib_x64:CustomLuaConfig.obj
 0001:00003500       ??0?$CRefObjectImpl@VCAnsiString@string@wylib@@@misc@wylib@@QEAA@XZ 0000000140004500 f i srvlib_x64:CustomLuaConfig.obj
 0001:00003540       ?addRef@?$CRefObjectImpl@VCAnsiString@string@wylib@@@misc@wylib@@QEAAJXZ 0000000140004540 f i srvlib_x64:CustomLuaConfig.obj
 0001:00003560       ?release@?$CRefObjectImpl@VCAnsiString@string@wylib@@@misc@wylib@@QEAAJXZ 0000000140004560 f i srvlib_x64:CustomLuaConfig.obj
 0001:000035b0       ?finallRelease@?$CRefObjectImpl@VCAnsiString@string@wylib@@@misc@wylib@@MEAAXXZ 00000001400045b0 f i srvlib_x64:CustomLuaConfig.obj
 0001:00003600       ??_G?$CBaseList@PEAV?$CRefObjectImpl@VCAnsiString@string@wylib@@@misc@wylib@@@container@wylib@@UEAAPEAXI@Z 0000000140004600 f i srvlib_x64:CustomLuaConfig.obj
 0001:00003600       ??_E?$CBaseList@PEAV?$CRefObjectImpl@VCAnsiString@string@wylib@@@misc@wylib@@@container@wylib@@UEAAPEAXI@Z 0000000140004600 f i  CIL library: CIL module
 0001:00003640       ??_G?$CRefObjectImpl@VCAnsiString@string@wylib@@@misc@wylib@@UEAAPEAXI@Z 0000000140004640 f i srvlib_x64:CustomLuaConfig.obj
 0001:00003640       ??_E?$CRefObjectImpl@VCAnsiString@string@wylib@@@misc@wylib@@UEAAPEAXI@Z 0000000140004640 f i  CIL library: CIL module
 0001:00003680       ??1?$CRefObjectImpl@VCAnsiString@string@wylib@@@misc@wylib@@UEAA@XZ 0000000140004680 f i srvlib_x64:CustomLuaConfig.obj
 0001:000036a0       ?remove@?$CBaseList@PEAV?$CRefObjectImpl@VCAnsiString@string@wylib@@@misc@wylib@@@container@wylib@@QEAAX_J0@Z 00000001400046a0 f i srvlib_x64:CustomLuaConfig.obj
 0001:00003740       _tcsncpy                   0000000140004740 f i srvlib_x64:CustomLuaScript.obj
 0001:00003770       ?getPosition@CDataPacketReader@@QEAA_KXZ 0000000140004770 f i srvlib_x64:CustomLuaScript.obj
 0001:00003790       ?getMemoryPtr@CDataPacketReader@@QEAAPEADXZ 0000000140004790 f i srvlib_x64:CustomLuaScript.obj
 0001:000037a0       ?writeBuf@CDataPacket@@QEAAXPEBX_K@Z 00000001400047a0 f i srvlib_x64:CustomLuaScript.obj
 0001:00003860       ??_ECCustomLuaScript@@UEAAPEAXI@Z 0000000140004860 f i  CIL library: CIL module
 0001:00003860       ??_GCCustomLuaScript@@UEAAPEAXI@Z 0000000140004860 f i srvlib_x64:CustomLuaScript.obj
 0001:000038a0       ??1?$CTRefString@VCAnsiString@string@wylib@@D@string@wylib@@UEAA@XZ 00000001400048a0 f i srvlib_x64:CustomLuaScript.obj
 0001:000038c0       ?lcCheck@CCustomLuaScript@@IEAA_NH@Z 00000001400048c0 f i srvlib_x64:CustomLuaScript.obj
 0001:000039e0       ??0?$CTRefString@VCAnsiString@string@wylib@@D@string@wylib@@QEAA@XZ 00000001400049e0 f i srvlib_x64:CustomLuaScript.obj
 0001:00003a10       ??1?$CRefObject@VCAnsiString@string@wylib@@@misc@wylib@@UEAA@XZ 0000000140004a10 f i srvlib_x64:CustomLuaScript.obj
 0001:00003a50       ??_G?$CTRefString@VCAnsiString@string@wylib@@D@string@wylib@@UEAAPEAXI@Z 0000000140004a50 f i srvlib_x64:CustomLuaScript.obj
 0001:00003a50       ??_E?$CTRefString@VCAnsiString@string@wylib@@D@string@wylib@@UEAAPEAXI@Z 0000000140004a50 f i  CIL library: CIL module
 0001:00003a90       ??_E?$CRefObject@VCAnsiString@string@wylib@@@misc@wylib@@UEAAPEAXI@Z 0000000140004a90 f i  CIL library: CIL module
 0001:00003a90       ??_G?$CRefObject@VCAnsiString@string@wylib@@@misc@wylib@@UEAAPEAXI@Z 0000000140004a90 f i srvlib_x64:CustomLuaScript.obj
 0001:00003ad0       ??0?$CRefObject@VCAnsiString@string@wylib@@@misc@wylib@@QEAA@XZ 0000000140004ad0 f i srvlib_x64:CustomLuaScript.obj
 0001:00003b00       ?_tcsstr@@YAPEADPEADPEBD@Z 0000000140004b00 f i srvlib_x64:WinService.obj
 0001:00003b30       ??_ECWinService@@UEAAPEAXI@Z 0000000140004b30 f i  CIL library: CIL module
 0001:00003b30       ??_GCWinService@@UEAAPEAXI@Z 0000000140004b30 f i srvlib_x64:WinService.obj
 0001:00003b70       ?CRC16@Encrypt@@SA_KPEBX_K@Z 0000000140004b70 f i servercommon_x64:NetworkDataHandler.obj
 0001:00003ba0       ?IncreaseCheckSum@Encrypt@@QEAAXXZ 0000000140004ba0 f i servercommon_x64:NetworkDataHandler.obj
 0001:00003bc0       ?GetCheckSum@Encrypt@@QEAAGXZ 0000000140004bc0 f i servercommon_x64:NetworkDataHandler.obj
 0001:00003bd0       ?terminated@CBaseThread@thread@wylib@@IEAA_NXZ 0000000140004bd0 f i servercommon_x64:FileLogger.obj
 0001:00003be0       ?readBuf@CDataPacketReader@@QEAA_KPEAX_K@Z 0000000140004be0 f i servercommon_x64:FileLogger.obj
 0001:00003c70       ?readString@CDataPacketReader@@QEAA_KPEAD_K@Z 0000000140004c70 f i servercommon_x64:FileLogger.obj
 0001:00003ca0       ??5CDataPacketReader@@QEAAAEAV0@AEAPEBD@Z 0000000140004ca0 f i servercommon_x64:FileLogger.obj
 0001:00003cd0       ?setPosition@CDataPacket@@QEAA_K_K@Z 0000000140004cd0 f i servercommon_x64:FileLogger.obj
 0001:00003d60       ??0COPMToFile@@QEAA@PEBD@Z 0000000140004d60 f i servercommon_x64:FileLogger.obj
 0001:00003ed0       ?addRef@COPMToFile@@QEAAJXZ 0000000140004ed0 f i servercommon_x64:FileLogger.obj
 0001:00003ef0       ?release@COPMToFile@@QEAAJXZ 0000000140004ef0 f i servercommon_x64:FileLogger.obj
 0001:00003f80       ??1COPMToFile@@UEAA@XZ     0000000140004f80 f i servercommon_x64:FileLogger.obj
 0001:00004210       ?addMsg@COPMToFile@@QEAAXW4tagShareOutputMsgType@@PEBD_J@Z 0000000140005210 f i servercommon_x64:FileLogger.obj
 0001:00004450       ?OnRountine@COPMToFile@@MEAAXXZ 0000000140005450 f i servercommon_x64:FileLogger.obj
 0001:000044d0       ?ProcessMessages@COPMToFile@@IEAAXXZ 00000001400054d0 f i servercommon_x64:FileLogger.obj
 0001:000047c0       ?writeMessage@COPMToFile@@IEAAXW4tagShareOutputMsgType@@PEBD_K12@Z 00000001400057c0 f i servercommon_x64:FileLogger.obj
 0001:00004a90       ?displayMessage@COPMToFile@@IEAAXW4tagShareOutputMsgType@@PEBD1_K@Z 0000000140005a90 f i servercommon_x64:FileLogger.obj
 0001:00004b20       ?convertToUTF8@COPMToFile@@IEAA_KPEBD_KPEAD1@Z 0000000140005b20 f i servercommon_x64:FileLogger.obj
 0001:00004c30       ?convertToACP@COPMToFile@@IEAA_KPEBD_KPEAD1@Z 0000000140005c30 f i servercommon_x64:FileLogger.obj
 0001:00004d80       ?DumpImpl@COPMToFile@@IEAAXXZ 0000000140005d80 f i servercommon_x64:FileLogger.obj
 0001:00005240       ??_GCOPMToFile@@UEAAPEAXI@Z 0000000140006240 f i servercommon_x64:FileLogger.obj
 0001:00005240       ??_ECOPMToFile@@UEAAPEAXI@Z 0000000140006240 f i  CIL library: CIL module
 0001:00005280       ?append@?$CQueueList@PEAVCDataPacket@@@container@wylib@@QEAAXAEBQEAVCDataPacket@@@Z 0000000140006280 f i servercommon_x64:FileLogger.obj
 0001:000052c0       ?appendCount@?$CQueueList@PEAVCDataPacket@@@container@wylib@@QEAA_JXZ 00000001400062c0 f i servercommon_x64:FileLogger.obj
 0001:000052e0       ?add@?$CBaseList@PEAVCDataPacket@@@container@wylib@@QEAA_JAEBQEAVCDataPacket@@@Z 00000001400062e0 f i servercommon_x64:FileLogger.obj
 0001:00005390       ??$rawReadStringLen@PEADG@CDataPacketReader@@IEAA_KPEAD_K@Z 0000000140006390 f i servercommon_x64:FileLogger.obj
 0001:00005530       ??$rawReadStringPtr@DG@CDataPacketReader@@IEAAPEBDXZ 0000000140006530 f i servercommon_x64:FileLogger.obj
 0001:000055c0       ??$?6W4tagShareOutputMsgType@@@CDataPacket@@QEAAAEAV0@W4tagShareOutputMsgType@@@Z 00000001400065c0 f i servercommon_x64:FileLogger.obj
 0001:000055c0       ??$?6H@CDataPacket@@QEAAAEAV0@H@Z 00000001400065c0 f i CustomGateClient.obj
 0001:00005610       ??$?6_W@CDataPacket@@QEAAAEAV0@_W@Z 0000000140006610 f i servercommon_x64:FileLogger.obj
 0001:00005610       ??$?6G@CDataPacket@@QEAAAEAV0@G@Z 0000000140006610 f i servercommon_x64:FileLogger.obj
 0001:00005660       ??$?5W4tagShareOutputMsgType@@@CDataPacketReader@@QEAAAEAV0@AEAW4tagShareOutputMsgType@@@Z 0000000140006660 f i servercommon_x64:FileLogger.obj
 0001:000056b0       ??$?5U_SYSTEMTIME@@@CDataPacketReader@@QEAAAEAV0@AEAU_SYSTEMTIME@@@Z 00000001400066b0 f i servercommon_x64:FileLogger.obj
 0001:00005720       ??$writeAtom@_W@CDataPacket@@QEAAX_W@Z 0000000140006720 f i servercommon_x64:FileLogger.obj
 0001:00005720       ??$writeAtom@G@CDataPacket@@QEAAXG@Z 0000000140006720 f i servercommon_x64:FileLogger.obj
 0001:000057d0       ??$writeAtom@W4tagShareOutputMsgType@@@CDataPacket@@QEAAXW4tagShareOutputMsgType@@@Z 00000001400067d0 f i servercommon_x64:FileLogger.obj
 0001:000057d0       ??$writeAtom@H@CDataPacket@@QEAAXH@Z 00000001400067d0 f i CustomGateClient.obj
 0001:00005880       ??$readAtom@W4tagShareOutputMsgType@@@CDataPacketReader@@QEAA?AW4tagShareOutputMsgType@@XZ 0000000140006880 f i servercommon_x64:FileLogger.obj
 0001:00005940       ??$readAtom@U_SYSTEMTIME@@@CDataPacketReader@@QEAA?AU_SYSTEMTIME@@XZ 0000000140006940 f i servercommon_x64:FileLogger.obj
 0001:00005a40       ??_ECOPMToFile@@WBI@EAAPEAXI@Z 0000000140006a40 f i servercommon_x64:FileLogger.obj
 0001:00005a50       ?CustomExceptHandler@@YAKQEAU_EXCEPTION_POINTERS@@@Z 0000000140006a50 f   CustomExceptHander.obj
 0001:00005b00       ??0CustomStackWalker@@QEAA@XZ 0000000140006b00 f i CustomExceptHander.obj
 0001:00005b60       ?OnStackWalkStart@CustomStackWalker@@UEAAXXZ 0000000140006b60 f i CustomExceptHander.obj
 0001:00005cc0       ?OnStackWalkEnd@CustomStackWalker@@UEAAXXZ 0000000140006cc0 f i CustomExceptHander.obj
 0001:00005d30       ?OnOutput@CustomStackWalker@@UEAAXPEBD@Z 0000000140006d30 f i CustomExceptHander.obj
 0001:00005d90       ??_GCustomStackWalker@@UEAAPEAXI@Z 0000000140006d90 f i CustomExceptHander.obj
 0001:00005d90       ??_ECustomStackWalker@@UEAAPEAXI@Z 0000000140006d90 f i CustomExceptHander.obj
 0001:00005dd0       ??1CustomStackWalker@@UEAA@XZ 0000000140006dd0 f i CustomExceptHander.obj
 0001:00005df0       ??$sprintf_s@$0BAE@@@YAHAEAY0BAE@DPEBDZZ 0000000140006df0 f i CustomExceptHander.obj
 0001:00005e40       ??0CCustomGateClient@@QEAA@XZ 0000000140006e40 f   CustomGateClient.obj
 0001:00006090       ??1CCustomGateClient@@UEAA@XZ 0000000140007090 f   CustomGateClient.obj
 0001:00006210       ?Startup@CCustomGateClient@@QEAA_NXZ 0000000140007210 f   CustomGateClient.obj
 0001:000063f0       ?Stop@CCustomGateClient@@QEAAXXZ 00000001400073f0 f   CustomGateClient.obj
 0001:00006430       ?Close@CCustomGateClient@@IEAAXXZ 0000000140007430 f   CustomGateClient.obj
 0001:000065a0       ?SendRegisteClient@CCustomGateClient@@MEAAXXZ 00000001400075a0 f   CustomGateClient.obj
 0001:000065b0       ?SendKeepAlive@CCustomGateClient@@MEAAXXZ 00000001400075b0 f   CustomGateClient.obj
 0001:000065c0       ?SendDataRoutine@CCustomGateClient@@AEAAXXZ 00000001400075c0 f   CustomGateClient.obj
 0001:00006790       ?SendPointedData@CCustomGateClient@@IEAA_NPEBD_K@Z 0000000140007790 f   CustomGateClient.obj
 0001:000068a0       ?RecvDataRoutine@CCustomGateClient@@AEAAXXZ 00000001400078a0 f   CustomGateClient.obj
 0001:00006ac0       ?ReadPointedData@CCustomGateClient@@IEAA_NPEAD_K@Z 0000000140007ac0 f   CustomGateClient.obj
 0001:00006bd0       ?PutMessage@CCustomGateClient@@QEAAXHH_KH0PEADH@Z 0000000140007bd0 f   CustomGateClient.obj
 0001:00006e10       ?AllocPacket@CCustomGateClient@@IEAAPEAVCDataPacket@@XZ 0000000140007e10 f   CustomGateClient.obj
 0001:00006f00       ?AllocRecvPacket@CCustomGateClient@@IEAAPEAVCDataPacket@@XZ 0000000140007f00 f   CustomGateClient.obj
 0001:00006ff0       ?CreateSocket@CCustomGateClient@@IEAA_NXZ 0000000140007ff0 f   CustomGateClient.obj
 0001:00007070       ?ConnectToServerImpl@CCustomGateClient@@IEAA_NXZ 0000000140008070 f   CustomGateClient.obj
 0001:000071e0       ?OnConnected@CCustomGateClient@@MEAAXXZ 00000001400081e0 f   CustomGateClient.obj
 0001:00007200       ?OnClosed@CCustomGateClient@@MEAAXXZ 0000000140008200 f   CustomGateClient.obj
 0001:00007210       ?ProcessRecvDataImpl@CCustomGateClient@@AEAAXXZ 0000000140008210 f   CustomGateClient.obj
 0001:000073e0       ?ConnectToServerRoutine@CCustomGateClient@@AEAAXXZ 00000001400083e0 f   CustomGateClient.obj
 0001:000074a0       ?SingleRun@CCustomGateClient@@QEAAXXZ 00000001400084a0 f   CustomGateClient.obj
 0001:000074b0       ?InitSockLib@CCustomGateClient@@AEAA_NXZ 00000001400084b0 f   CustomGateClient.obj
 0001:00007580       ?UnintSocketLib@CCustomGateClient@@AEAAXXZ 0000000140008580 f   CustomGateClient.obj
 0001:000075a0       ?staticConnectThreadRountine@CCustomGateClient@@CAKPEAX@Z 00000001400085a0 f   CustomGateClient.obj
 0001:000075e0       ?staticSendDataThreadRountine@CCustomGateClient@@CAKPEAX@Z 00000001400085e0 f   CustomGateClient.obj
 0001:00007620       ?staticRecvDataThreadRountine@CCustomGateClient@@CAKPEAX@Z 0000000140008620 f   CustomGateClient.obj
 0001:00007660       ?SetClientName@CCustomGateClient@@QEAAXPEBD@Z 0000000140008660 f   CustomGateClient.obj
 0001:000076b0       ?SetServerHost@CCustomGateClient@@QEAAXPEBD@Z 00000001400086b0 f   CustomGateClient.obj
 0001:00007700       ?SetServerPort@CCustomGateClient@@QEAAX_J@Z 0000000140008700 f   CustomGateClient.obj
 0001:00007730       ?Dump@CCustomGateClient@@QEAAXXZ 0000000140008730 f   CustomGateClient.obj
 0001:00007790       ?DestroyPacketList@CCustomGateClient@@AEAAXAEAV?$CQueueList@PEAVCDataPacket@@@container@wylib@@@Z 0000000140008790 f   CustomGateClient.obj
 0001:00007820       ??0CDataPacket@@QEAA@XZ    0000000140008820 f i CustomGateClient.obj
 0001:00007860       ?setAllocator@CDataPacket@@QEAAXPEAVCBufferAllocator@@@Z 0000000140008860 f i CustomGateClient.obj
 0001:00007880       ??_GCCustomGateClient@@UEAAPEAXI@Z 0000000140008880 f i CustomGateClient.obj
 0001:00007880       ??_ECCustomGateClient@@UEAAPEAXI@Z 0000000140008880 f i CustomGateClient.obj
 0001:000078c0       ?hashlstr@CTimeProfRecord@@SAIPEBD_K@Z 00000001400088c0 f i CustomGateClient.obj
 0001:00007950       ?appendArray@?$CQueueList@PEAVCDataPacket@@@container@wylib@@QEAAXPEAPEAVCDataPacket@@_J@Z 0000000140008950 f i CustomGateClient.obj
 0001:000079a0       ?pop@?$CBaseList@PEAVCDataPacket@@@container@wylib@@QEAAPEAVCDataPacket@@XZ 00000001400089a0 f i CustomGateClient.obj
 0001:000079a0       ?pop@?$CBaseList@PEAVCTimeProfRecord@@@container@wylib@@QEAAPEAVCTimeProfRecord@@XZ 00000001400089a0 f i srvlib_x64:TimeStat.obj
 0001:00007a10       ??$?6UtagGateMsgHdr@@@CDataPacket@@QEAAAEAV0@UtagGateMsgHdr@@@Z 0000000140008a10 f i CustomGateClient.obj
 0001:00007a70       ??$writeAtom@UtagGateMsgHdr@@@CDataPacket@@QEAAXUtagGateMsgHdr@@@Z 0000000140008a70 f i CustomGateClient.obj
 0001:00007b40       ?RecvDataProcessRoutine@CRunDataProcesser@@CAXPEAV1@@Z 0000000140008b40 f   DataProcess.obj
 0001:00007f70       ?SendDataProcessRoutine@CRunDataProcesser@@CAXPEAUtagRunDataSendThread@@@Z 0000000140008f70 f   DataProcess.obj
 0001:00008050       ?ProcessRecvBuffers@CRunDataProcesser@@MEAAXPEBUtagGateMsgHdr@@PEBD_K@Z 0000000140009050 f   DataProcess.obj
 0001:00008180       ?DispathRecvMessage@CRunDataProcesser@@IEAAXQEAUtagGateMsgHdr@@PEBD_K@Z 0000000140009180 f   DataProcess.obj
 0001:00008640       ?OnConnected@CRunDataProcesser@@MEAAXXZ 0000000140009640 f   DataProcess.obj
 0001:000086a0       ?OnError@CRunDataProcesser@@IEAAXH@Z 00000001400096a0 f   DataProcess.obj
 0001:000086d0       ?OnDisconnected@CRunDataProcesser@@IEAAXXZ 00000001400096d0 f   DataProcess.obj
 0001:00008730       ??0CRunDataProcesser@@QEAA@H@Z 0000000140009730 f   DataProcess.obj
 0001:000089a0       ??1CRunDataProcesser@@UEAA@XZ 00000001400099a0 f   DataProcess.obj
 0001:00008a40       ?InitSessions@CRunDataProcesser@@AEAAXXZ 0000000140009a40 f   DataProcess.obj
 0001:00008bb0       ?UninitSessions@CRunDataProcesser@@AEAAXXZ 0000000140009bb0 f   DataProcess.obj
 0001:00008d00       ?FreeRecvBuffers@CRunDataProcesser@@AEAAXXZ 0000000140009d00 f   DataProcess.obj
 0001:00008e20       ?FreeSendBuffers@CRunDataProcesser@@AEAAXPEAUtagRunDataSendThread@@@Z 0000000140009e20 f   DataProcess.obj
 0001:00008f30       ?CopyWaitSendBuffers@CRunDataProcesser@@AEAAHPEAUtagRunDataSendThread@@H@Z 0000000140009f30 f   DataProcess.obj
 0001:00009210       ?GetSessionLoginInfo@CRunDataProcesser@@IEAAXPEAUtagRunGateUserSession@@PEADH@Z 000000014000a210 f   DataProcess.obj
 0001:00009230       ?GotError@CRunDataProcesser@@IEAAXPEBD0H@Z 000000014000a230 f   DataProcess.obj
 0001:00009280       ?InitSendThreadData@CRunDataProcesser@@IEAAXXZ 000000014000a280 f   DataProcess.obj
 0001:00009400       ?UninitSendThreadData@CRunDataProcesser@@IEAAXXZ 000000014000a400 f   DataProcess.obj
 0001:00009570       ?SendCheck@CRunDataProcesser@@IEAAXH@Z 000000014000a570 f   DataProcess.obj
 0001:000095d0       ?SendGateUserInfo@CRunDataProcesser@@IEAAXXZ 000000014000a5d0 f   DataProcess.obj
 0001:00009640       ?SendOpenSession@CRunDataProcesser@@IEAAXPEAUtagRunGateUserSession@@@Z 000000014000a640 f   DataProcess.obj
 0001:00009710       ?SendCloseSession@CRunDataProcesser@@IEAAX_K@Z 000000014000a710 f   DataProcess.obj
 0001:00009770       ?SendKeepAliveAck@CRunDataProcesser@@IEAAXPEAUtagRunGateUserSession@@PEBD_K@Z 000000014000a770 f   DataProcess.obj
 0001:000097e0       ?CloseAllSessions@CRunDataProcesser@@IEAAXH@Z 000000014000a7e0 f   DataProcess.obj
 0001:00009a90       ?CancelRemainSendSessionBuffers@CRunDataProcesser@@IEAAXXZ 000000014000aa90 f   DataProcess.obj
 0001:00009c80       ?CheckCloseSessions@CRunDataProcesser@@IEAAHH@Z 000000014000ac80 f   DataProcess.obj
 0001:00009f20       ?CheckSendSessionBuffers@CRunDataProcesser@@IEAAXPEAUtagRunDataSendThread@@@Z 000000014000af20 f   DataProcess.obj
 0001:0000a4d0       ?SendServerMessage@CRunDataProcesser@@IEAAXHH_KHPEADH@Z 000000014000b4d0 f   DataProcess.obj
 0001:0000a550       ?ProcessUserRecvPacket@CRunDataProcesser@@IEAAXPEAUtagRunGateUserSession@@PEADH@Z 000000014000b550 f   DataProcess.obj
 0001:0000ae90       ?PostUserServerData@CRunDataProcesser@@IEAAXPEAUtagRunGateUserSession@@PEBDHH_J@Z 000000014000be90 f   DataProcess.obj
 0001:0000b0d0       ?GetActiveUserCount@CRunDataProcesser@@QEAAHXZ 000000014000c0d0 f   DataProcess.obj
 0001:0000b0f0       ?SetName@CRunDataProcesser@@QEAAXPEBD@Z 000000014000c0f0 f   DataProcess.obj
 0001:0000b180       ?GetSendThreadCount@CRunDataProcesser@@QEAAHXZ 000000014000c180 f   DataProcess.obj
 0001:0000b1a0       ?SetSendThreadCount@CRunDataProcesser@@QEAAXH@Z 000000014000c1a0 f   DataProcess.obj
 0001:0000b1e0       ?GetDataProcessType@CRunDataProcesser@@QEAA?AW4tagDataProcesserType@@XZ 000000014000c1e0 f   DataProcess.obj
 0001:0000b200       ?SetDataProcessType@CRunDataProcesser@@QEAAXW4tagDataProcesserType@@@Z 000000014000c200 f   DataProcess.obj
 0001:0000b220       ?SetRunSockProcesser@CRunDataProcesser@@QEAAXPEAVCRunSockProcesser@@@Z 000000014000c220 f   DataProcess.obj
 0001:0000b250       ?GetMaxSessionCount@CRunDataProcesser@@QEAAHXZ 000000014000c250 f   DataProcess.obj
 0001:0000b270       ?GetSendThreadInfo@CRunDataProcesser@@QEAAPEAUtagRunDataSendThread@@H@Z 000000014000c270 f   DataProcess.obj
 0001:0000b2d0       ?GetFirstSession@CRunDataProcesser@@QEAAPEAUtagRunGateUserSession@@XZ 000000014000c2d0 f   DataProcess.obj
 0001:0000b2f0       ?SetPrintC2SMessage@CRunDataProcesser@@QEAAXH@Z 000000014000c2f0 f   DataProcess.obj
 0001:0000b310       ?SetPrintS2CMessage@CRunDataProcesser@@QEAAXH@Z 000000014000c310 f   DataProcess.obj
 0001:0000b330       ?Startup@CRunDataProcesser@@QEAAHXZ 000000014000c330 f   DataProcess.obj
 0001:0000b5c0       ?ChangeConsoleLine@CRunDataProcesser@@SAHHHPEBDZZ 000000014000c5c0 f   DataProcess.obj
 0001:0000b640       ?ShowGateStatus@CRunDataProcesser@@SAXPEAV1@@Z 000000014000c640 f   DataProcess.obj
 0001:0000b8d0       ?Stop@CRunDataProcesser@@QEAAXXZ 000000014000c8d0 f   DataProcess.obj
 0001:0000bab0       ?NewSession@CRunDataProcesser@@QEAAPEAUtagRunGateUserSession@@_KUsockaddr_in@@@Z 000000014000cab0 f   DataProcess.obj
 0001:0000bde0       ?AddRecvBuf@CRunDataProcesser@@QEAAXPEAUtagRunGateUserSession@@_KPEADH@Z 000000014000cde0 f   DataProcess.obj
 0001:0000bf00       ?PostOpenSession@CRunDataProcesser@@QEAAXPEAUtagRunGateUserSession@@@Z 000000014000cf00 f   DataProcess.obj
 0001:0000bfa0       ?PostCloseSession@CRunDataProcesser@@QEAAXPEAUtagRunGateUserSession@@HH@Z 000000014000cfa0 f   DataProcess.obj
 0001:0000c140       ?SetNeedEncrypt@CNetworkDataHandler@@QEAAX_N@Z 000000014000d140 f i DataProcess.obj
 0001:0000c160       ??_GCRunDataProcesser@@UEAAPEAXI@Z 000000014000d160 f i DataProcess.obj
 0001:0000c160       ??_ECRunDataProcesser@@UEAAPEAXI@Z 000000014000d160 f i DataProcess.obj
 0001:0000c1a0       ?GetRunSockProcesser@CRunDataProcesser@@QEBAPEAVCRunSockProcesser@@XZ 000000014000d1a0 f i DataProcess.obj
 0001:0000c1c0       ?connected@CCustomGateClient@@QEBA_NXZ 000000014000d1c0 f i DataProcess.obj
 0001:0000c1e0       ?Reset@Encrypt@@QEAAXXZ    000000014000d1e0 f i DataProcess.obj
 0001:0000c200       ?GetSelfSalt@Encrypt@@QEAAIXZ 000000014000d200 f i DataProcess.obj
 0001:0000c210       ?GetTargetSalt@Encrypt@@QEAAIXZ 000000014000d210 f i DataProcess.obj
 0001:0000c220       ?GetKeyCRC@Encrypt@@QEAAGXZ 000000014000d220 f i DataProcess.obj
 0001:0000c250       ?GetName@CRunDataProcesser@@QEAAPEBDXZ 000000014000d250 f i DataProcess.obj
 0001:0000c270       ??0?$CBaseList@PEAX@container@wylib@@QEAA@XZ 000000014000d270 f i DataProcess.obj
 0001:0000c2c0       ??1?$CBaseList@PEAX@container@wylib@@UEAA@XZ 000000014000d2c0 f i DataProcess.obj
 0001:0000c2f0       ?count@?$CBaseList@PEAVCDataPacket@@@container@wylib@@QEBA_JXZ 000000014000d2f0 f i srvlib_x64:SendPackPool.obj
 0001:0000c2f0       ?count@?$CBaseList@PEAV?$CRefObjectImpl@VCAnsiString@string@wylib@@@misc@wylib@@@container@wylib@@QEBA_JXZ 000000014000d2f0 f i srvlib_x64:CustomLuaConfig.obj
 0001:0000c2f0       ?count@?$CBaseList@PEAX@container@wylib@@QEBA_JXZ 000000014000d2f0 f i DataProcess.obj
 0001:0000c2f0       ?count@?$CBaseList@PEAVCRunSockProcesser@@@container@wylib@@QEBA_JXZ 000000014000d2f0 f i main.obj
 0001:0000c2f0       ?count@?$CBaseList@PEAVCTimeProfRecord@@@container@wylib@@QEBA_JXZ 000000014000d2f0 f i srvlib_x64:TimeStat.obj
 0001:0000c2f0       ?count@?$CBaseList@PEAVCTimeProfMgr@@@container@wylib@@QEBA_JXZ 000000014000d2f0 f i srvlib_x64:TimeStat.obj
 0001:0000c2f0       ?count@?$CBaseList@UtagGateConfig@@@container@wylib@@QEBA_JXZ 000000014000d2f0 f i main.obj
 0001:0000c300       ??_E?$CBaseList@PEAX@container@wylib@@UEAAPEAXI@Z 000000014000d300 f i DataProcess.obj
 0001:0000c300       ??_G?$CBaseList@PEAX@container@wylib@@UEAAPEAXI@Z 000000014000d300 f i DataProcess.obj
 0001:0000c340       ?CreateRunGate@@YAPEAVCRunSockProcesser@@W4tagRunSockType@@H@Z 000000014000d340 f   GateServer.obj
 0001:0000c470       ?FreeRunGate@@YAXPEAVCRunSockProcesser@@@Z 000000014000d470 f   GateServer.obj
 0001:0000c540       ?RunGateSetBindAddress@@YAXPEAVCRunSockProcesser@@PEBD@Z 000000014000d540 f   GateServer.obj
 0001:0000c570       ?RunGateSetBindPort@@YAXPEAVCRunSockProcesser@@H@Z 000000014000d570 f   GateServer.obj
 0001:0000c5a0       ?RunGateGetIOWorkThreadCount@@YAHPEAVCRunSockProcesser@@@Z 000000014000d5a0 f   GateServer.obj
 0001:0000c5e0       ?RunGateSetIOWorkThreadCount@@YAHPEAVCRunSockProcesser@@H@Z 000000014000d5e0 f   GateServer.obj
 0001:0000c620       ?RunGateStartup@@YAHPEAVCRunSockProcesser@@@Z 000000014000d620 f   GateServer.obj
 0001:0000c6a0       ?RunGateStop@@YAXPEAVCRunSockProcesser@@@Z 000000014000d6a0 f   GateServer.obj
 0001:0000c6e0       ?RunGateGetActiveSessionCount@@YAHPEAVCRunSockProcesser@@@Z 000000014000d6e0 f   GateServer.obj
 0001:0000c710       ?RunGateSetName@@YAXPEAVCRunSockProcesser@@PEBD@Z 000000014000d710 f   GateServer.obj
 0001:0000c740       ?RunGateSetServerIP@@YAXPEAVCRunSockProcesser@@PEBD@Z 000000014000d740 f   GateServer.obj
 0001:0000c770       ?RunGateSetServerPort@@YAXPEAVCRunSockProcesser@@H@Z 000000014000d770 f   GateServer.obj
 0001:0000c7b0       ?RunGateGetSendThreadCount@@YAHPEAVCRunSockProcesser@@@Z 000000014000d7b0 f   GateServer.obj
 0001:0000c7e0       ?RunGateSetSendThreadCount@@YAXPEAVCRunSockProcesser@@H@Z 000000014000d7e0 f   GateServer.obj
 0001:0000c810       ?RunGateGetDataProcessType@@YA?AW4tagDataProcesserType@@PEAVCRunSockProcesser@@@Z 000000014000d810 f   GateServer.obj
 0001:0000c840       ?RunGateSetDataProcessType@@YAXPEAVCRunSockProcesser@@W4tagDataProcesserType@@@Z 000000014000d840 f   GateServer.obj
 0001:0000c870       ?RunGateSetDataProcessPrintMsgPacket@@YAXPEAVCRunSockProcesser@@HH@Z 000000014000d870 f   GateServer.obj
 0001:0000c8c0       ?RunGateQuerySendThreadInfo@@YAHPEAVCRunSockProcesser@@HPEAUtagRunGateSendThreadQueryStruct@@@Z 000000014000d8c0 f   GateServer.obj
 0001:0000c950       ?RunGateEnumActiveSessions@@YAHPEAVCRunSockProcesser@@P6AHPEAXPEAUtagRunGateQuerySessionStruct@@@Z@Z 000000014000d950 f   GateServer.obj
 0001:0000cbe0       ?RunGateCloseSession@@YAHPEAVCRunSockProcesser@@PEAUtagRunGateUserSession@@@Z 000000014000dbe0 f   GateServer.obj
 0001:0000ccf0       ?RunGateQueryDataStatics@@YAXPEAVCRunSockProcesser@@PEAUtagRunDataStatics@@@Z 000000014000dcf0 f   GateServer.obj
 0001:0000cdf0       ?RunGateResetDataStatics@@YAXPEAVCRunSockProcesser@@@Z 000000014000ddf0 f   GateServer.obj
 0001:0000ce40       ?RunGateGetKernalVersion@@YAHPEAX@Z 000000014000de40 f   GateServer.obj
 0001:0000ce50       ?showError@CGateServerConfig@@MEAAXPEBD@Z 000000014000de50 f   GateServerConfig.obj
 0001:0000cee0       ?readConfig@CGateServerConfig@@IEAA_NAEAV?$CBaseList@UtagGateConfig@@@container@wylib@@PEBD@Z 000000014000dee0 f   GateServerConfig.obj
 0001:0000d0f0       ?loadConfig@CGateServerConfig@@QEAA_NAEAV?$CBaseList@UtagGateConfig@@@container@wylib@@PEAD@Z 000000014000e0f0 f   GateServerConfig.obj
 0001:0000d240       ??0?$CTRefString@VCAnsiString@string@wylib@@D@string@wylib@@QEAA@PEBD@Z 000000014000e240 f i GateServerConfig.obj
 0001:0000d290       ??0?$CTRefString@VCAnsiString@string@wylib@@D@string@wylib@@QEAA@AEBV012@@Z 000000014000e290 f i GateServerConfig.obj
 0001:0000d2f0       ??Y?$CTRefString@VCAnsiString@string@wylib@@D@string@wylib@@QEAAXPEBD@Z 000000014000e2f0 f i GateServerConfig.obj
 0001:0000d3c0       ??4CAnsiString@string@wylib@@QEAAXAEBV012@@Z 000000014000e3c0 f i GateServerConfig.obj
 0001:0000d400       ??B?$CTRefString@VCAnsiString@string@wylib@@D@string@wylib@@QEBAPEBDXZ 000000014000e400 f i GateServerConfig.obj
 0001:0000d400       ?rawStr@?$CTRefString@VCAnsiString@string@wylib@@D@string@wylib@@QEAAPEADXZ 000000014000e400 f i GateServerConfig.obj
 0001:0000d440       ??0?$CRefObject@VCAnsiString@string@wylib@@@misc@wylib@@QEAA@AEAV012@@Z 000000014000e440 f i GateServerConfig.obj
 0001:0000d4a0       ?add@?$CBaseList@UtagGateConfig@@@container@wylib@@QEAA_JAEBUtagGateConfig@@@Z 000000014000e4a0 f i GateServerConfig.obj
 0001:0000d560       ?ComplationPortWorkThreadRoutine@CIOCPRunSockProcesser@@CAXPEAV1@@Z 000000014000e560 f   IOCPSockProcess.obj
 0001:0000d760       ??0CIOCPRunSockProcesser@@QEAA@XZ 000000014000e760 f   IOCPSockProcess.obj
 0001:0000d7e0       ??1CIOCPRunSockProcesser@@UEAA@XZ 000000014000e7e0 f   IOCPSockProcess.obj
 0001:0000d830       ?InitComplationPort@CIOCPRunSockProcesser@@AEAAHXZ 000000014000e830 f   IOCPSockProcess.obj
 0001:0000d8b0       ?UninitComplationPort@CIOCPRunSockProcesser@@AEAAXXZ 000000014000e8b0 f   IOCPSockProcess.obj
 0001:0000d900       ?InitAcceptSocket@CIOCPRunSockProcesser@@EEAAHXZ 000000014000e900 f   IOCPSockProcess.obj
 0001:0000d9a0       ?StartIOCPThreads@CIOCPRunSockProcesser@@AEAAHXZ 000000014000e9a0 f   IOCPSockProcess.obj
 0001:0000da90       ?StopIOCPThreads@CIOCPRunSockProcesser@@AEAAXXZ 000000014000ea90 f   IOCPSockProcess.obj
 0001:0000db40       ?NewSession@CIOCPRunSockProcesser@@EEAAXXZ 000000014000eb40 f   IOCPSockProcess.obj
 0001:0000ddf0       ?PostAccept@CIOCPRunSockProcesser@@AEAAHXZ 000000014000edf0 f   IOCPSockProcess.obj
 0001:0000df10       ?PostRecv@CIOCPRunSockProcesser@@AEAAHPEAUtagRunGateUserSession@@@Z 000000014000ef10 f   IOCPSockProcess.obj
 0001:0000e0f0       ?GetWorkThreadCount@CIOCPRunSockProcesser@@QEAAHXZ 000000014000f0f0 f   IOCPSockProcess.obj
 0001:0000e130       ?SetWorkThreadCount@CIOCPRunSockProcesser@@QEAAXH@Z 000000014000f130 f   IOCPSockProcess.obj
 0001:0000e170       ?Start@CIOCPRunSockProcesser@@UEAAHXZ 000000014000f170 f   IOCPSockProcess.obj
 0001:0000e1f0       ?Stop@CIOCPRunSockProcesser@@UEAAXXZ 000000014000f1f0 f   IOCPSockProcess.obj
 0001:0000e230       ??_ECIOCPRunSockProcesser@@UEAAPEAXI@Z 000000014000f230 f i IOCPSockProcess.obj
 0001:0000e230       ??_GCIOCPRunSockProcesser@@UEAAPEAXI@Z 000000014000f230 f i IOCPSockProcess.obj
 0001:0000e270       ?TestMemory@@YAXXZ         000000014000f270 f   main.obj
 0001:0000e320       main                       000000014000f320 f   main.obj
 0001:0000e390       ?ServiceMain@@YAXHPEAPEAD@Z 000000014000f390 f   main.obj
 0001:0000e440       ?ServerMain@@YAXHPEAPEAD@Z 000000014000f440 f   main.obj
 0001:0000e7c0       ?CreateAndStartGateServers@@YA_NAEAV?$CBaseList@PEAVCRunSockProcesser@@@container@wylib@@PEAD@Z 000000014000f7c0 f   main.obj
 0001:0000ec60       ?DestroyGateServers@@YAXAEAV?$CBaseList@PEAVCRunSockProcesser@@@container@wylib@@@Z 000000014000fc60 f   main.obj
 0001:0000edc0       ?InitMgr@CTimeProfMgr@@QEAA_NXZ 000000014000fdc0 f i main.obj
 0001:0000ee10       ??0CGateService@@QEAA@PEBDK@Z 000000014000fe10 f i main.obj
 0001:0000ee50       ?AppMain@CGateService@@UEAAHXZ 000000014000fe50 f i main.obj
 0001:0000ef60       ??_ECGateService@@UEAAPEAXI@Z 000000014000ff60 f i main.obj
 0001:0000ef60       ??_GCGateService@@UEAAPEAXI@Z 000000014000ff60 f i main.obj
 0001:0000efa0       ??1CGateService@@UEAA@XZ   000000014000ffa0 f i main.obj
 0001:0000efc0       ??0CGateServerConfig@@QEAA@XZ 000000014000ffc0 f i main.obj
 0001:0000eff0       ??1CGateServerConfig@@UEAA@XZ 000000014000fff0 f i main.obj
 0001:0000f010       ??_GCGateServerConfig@@UEAAPEAXI@Z 0000000140010010 f i main.obj
 0001:0000f010       ??_ECGateServerConfig@@UEAAPEAXI@Z 0000000140010010 f i main.obj
 0001:0000f050       ??0?$CBaseList@PEAVCRunSockProcesser@@@container@wylib@@QEAA@XZ 0000000140010050 f i main.obj
 0001:0000f0a0       ??1?$CBaseList@PEAVCRunSockProcesser@@@container@wylib@@UEAA@XZ 00000001400100a0 f i main.obj
 0001:0000f0d0       ?add@?$CBaseList@PEAX@container@wylib@@QEAA_JAEBQEAX@Z 00000001400100d0 f i DataProcess.obj
 0001:0000f0d0       ?add@?$CBaseList@PEAVCRunSockProcesser@@@container@wylib@@QEAA_JAEBQEAVCRunSockProcesser@@@Z 00000001400100d0 f i main.obj
 0001:0000f180       ??0?$CBaseList@UtagGateConfig@@@container@wylib@@QEAA@XZ 0000000140010180 f i main.obj
 0001:0000f1d0       ??1?$CBaseList@UtagGateConfig@@@container@wylib@@UEAA@XZ 00000001400101d0 f i main.obj
 0001:0000f200       ?reserve@?$CBaseList@UtagGateConfig@@@container@wylib@@UEAAX_J@Z 0000000140010200 f i main.obj
 0001:0000f270       ?getMemory@CMemoryStream@stream@wylib@@QEAAPEAXXZ 0000000140010270 f i GateServerConfig.obj
 0001:0000f270       ??B?$CBaseList@PEAX@container@wylib@@QEBAPEAPEAXXZ 0000000140010270 f i DataProcess.obj
 0001:0000f270       ??B?$CBaseList@PEAVCTimeProfRecord@@@container@wylib@@QEBAPEAPEAVCTimeProfRecord@@XZ 0000000140010270 f i srvlib_x64:TimeStat.obj
 0001:0000f270       ??B?$CBaseList@PEAVCDataPacket@@@container@wylib@@QEBAPEAPEAVCDataPacket@@XZ 0000000140010270 f i srvlib_x64:SendPackPool.obj
 0001:0000f270       ??B?$CBaseList@PEAV?$CRefObjectImpl@VCAnsiString@string@wylib@@@misc@wylib@@@container@wylib@@QEBAPEAPEAV?$CRefObjectImpl@VCAnsiString@string@wylib@@@misc@2@XZ 0000000140010270 f i srvlib_x64:CustomLuaConfig.obj
 0001:0000f270       ??B?$CBaseList@UtagGateConfig@@@container@wylib@@QEBAPEAUtagGateConfig@@XZ 0000000140010270 f i main.obj
 0001:0000f270       ??B?$CBaseList@PEAVCRunSockProcesser@@@container@wylib@@QEBAPEAPEAVCRunSockProcesser@@XZ 0000000140010270 f i main.obj
 0001:0000f270       ?rawStr@CAnsiString@string@wylib@@QEAAPEADXZ 0000000140010270 f i srvlib_x64:CustomLuaConfig.obj
 0001:0000f270       ??B?$CBaseList@PEAVCTimeProfMgr@@@container@wylib@@QEBAPEAPEAVCTimeProfMgr@@XZ 0000000140010270 f i srvlib_x64:TimeStat.obj
 0001:0000f280       ??_G?$CBaseList@PEAVCRunSockProcesser@@@container@wylib@@UEAAPEAXI@Z 0000000140010280 f i main.obj
 0001:0000f280       ??_E?$CBaseList@PEAVCRunSockProcesser@@@container@wylib@@UEAAPEAXI@Z 0000000140010280 f i main.obj
 0001:0000f2c0       ??_G?$CBaseList@UtagGateConfig@@@container@wylib@@UEAAPEAXI@Z 00000001400102c0 f i main.obj
 0001:0000f2c0       ??_E?$CBaseList@UtagGateConfig@@@container@wylib@@UEAAPEAXI@Z 00000001400102c0 f i main.obj
 0001:0000f300       ?clear@?$CBaseList@PEAVCTimeProfRecord@@@container@wylib@@QEAAXXZ 0000000140010300 f i srvlib_x64:TimeStat.obj
 0001:0000f300       ?clear@?$CBaseList@PEAVCTimeProfMgr@@@container@wylib@@QEAAXXZ 0000000140010300 f i srvlib_x64:TimeStat.obj
 0001:0000f300       ?clear@?$CBaseList@PEAVCDataPacket@@@container@wylib@@QEAAXXZ 0000000140010300 f i srvlib_x64:SendPackPool.obj
 0001:0000f300       ?clear@?$CBaseList@UtagGateConfig@@@container@wylib@@QEAAXXZ 0000000140010300 f i main.obj
 0001:0000f300       ?clear@?$CBaseList@PEAV?$CRefObjectImpl@VCAnsiString@string@wylib@@@misc@wylib@@@container@wylib@@QEAAXXZ 0000000140010300 f i srvlib_x64:CustomLuaConfig.obj
 0001:0000f300       ?clear@?$CBaseList@PEAX@container@wylib@@QEAAXXZ 0000000140010300 f i DataProcess.obj
 0001:0000f300       ?clear@?$CBaseList@PEAVCRunSockProcesser@@@container@wylib@@QEAAXXZ 0000000140010300 f i main.obj
 0001:0000f320       ?SelectThreadRoutine@CSelectRunSockProcesser@@CAXPEAV1@@Z 0000000140010320 f   SelectSockProcess.obj
 0001:0000f420       ?AcceptThreadRoutine@CSelectRunSockProcesser@@CAXPEAV1@@Z 0000000140010420 f   SelectSockProcess.obj
 0001:0000f460       ??0CSelectRunSockProcesser@@QEAA@XZ 0000000140010460 f   SelectSockProcess.obj
 0001:0000f4c0       ??1CSelectRunSockProcesser@@UEAA@XZ 00000001400104c0 f   SelectSockProcess.obj
 0001:0000f510       ?SelectSessions@CSelectRunSockProcesser@@AEAAHPEAUtagRunGateUserSession@@H@Z 0000000140010510 f   SelectSockProcess.obj
 0001:0000f8c0       ?StartSelectThreads@CSelectRunSockProcesser@@AEAAHXZ 00000001400108c0 f   SelectSockProcess.obj
 0001:0000f9a0       ?StopSelectThreads@CSelectRunSockProcesser@@AEAAXXZ 00000001400109a0 f   SelectSockProcess.obj
 0001:0000fa30       ?Start@CSelectRunSockProcesser@@UEAAHXZ 0000000140010a30 f   SelectSockProcess.obj
 0001:0000fa90       ?Stop@CSelectRunSockProcesser@@UEAAXXZ 0000000140010a90 f   SelectSockProcess.obj
 0001:0000fad0       ??_ECSelectRunSockProcesser@@UEAAPEAXI@Z 0000000140010ad0 f i SelectSockProcess.obj
 0001:0000fad0       ??_GCSelectRunSockProcesser@@UEAAPEAXI@Z 0000000140010ad0 f i SelectSockProcess.obj
 0001:0000fb10       ??0CRunSockProcesser@@QEAA@XZ 0000000140010b10 f   SockProcess.obj
 0001:0000fba0       ??1CRunSockProcesser@@UEAA@XZ 0000000140010ba0 f   SockProcess.obj
 0001:0000fbd0       ?GotError@CRunSockProcesser@@IEAAXPEBD0H@Z 0000000140010bd0 f   SockProcess.obj
 0001:0000fc20       ?InitAcceptSocket@CRunSockProcesser@@MEAAHXZ 0000000140010c20 f   SockProcess.obj
 0001:0000fd20       ?UninitAcceptSocket@CRunSockProcesser@@MEAAXXZ 0000000140010d20 f   SockProcess.obj
 0001:0000fd80       ?NewSession@CRunSockProcesser@@MEAAXXZ 0000000140010d80 f   SockProcess.obj
 0001:0000ffa0       ?AdjustSocketSendBufSize@CRunSockProcesser@@IEAAH_KH@Z 0000000140010fa0 f   SockProcess.obj
 0001:00010090       ?SetBindAddress@CRunSockProcesser@@QEAAXPEBD@Z 0000000140011090 f   SockProcess.obj
 0001:000100c0       ?SetBindPort@CRunSockProcesser@@QEAAXH@Z 00000001400110c0 f   SockProcess.obj
 0001:000100f0       ?GetBindAddress@CRunSockProcesser@@QEAAPEBDXZ 00000001400110f0 f   SockProcess.obj
 0001:00010120       ?GetBindPort@CRunSockProcesser@@QEAAHXZ 0000000140011120 f   SockProcess.obj
 0001:00010150       ?GetRunSockType@CRunSockProcesser@@QEAA?AW4tagRunSockType@@XZ 0000000140011150 f   SockProcess.obj
 0001:00010170       ?GetDataProcesser@CRunSockProcesser@@QEAAPEAVCRunDataProcesser@@XZ 0000000140011170 f   SockProcess.obj
 0001:00010190       ?SetDataProcesser@CRunSockProcesser@@QEAAPEAVCRunDataProcesser@@PEAV2@@Z 0000000140011190 f   SockProcess.obj
 0001:000101d0       ?InitBase@CRunSockProcesser@@QEAAHXZ 00000001400111d0 f   SockProcess.obj
 0001:00010270       ?UninitBase@CRunSockProcesser@@QEAAXXZ 0000000140011270 f   SockProcess.obj
 0001:000102a0       ?Start@CRunSockProcesser@@UEAAHXZ 00000001400112a0 f   SockProcess.obj
 0001:000102d0       ?Stop@CRunSockProcesser@@UEAAXXZ 00000001400112d0 f   SockProcess.obj
 0001:000102f0       ??_ECRunSockProcesser@@UEAAPEAXI@Z 00000001400112f0 f i SockProcess.obj
 0001:000102f0       ??_GCRunSockProcesser@@UEAAPEAXI@Z 00000001400112f0 f i SockProcess.obj
 0001:00010326       __WSAFDIsSet               0000000140011326 f   Ws2_32:WS2_32.dll
 0001:00010330       ?setSize@CBaseStream@stream@wylib@@UEAA_N_J@Z 0000000140011330 f i wylib_x64:FileStream.obj
 0001:00010340       ??1CHandleStream@stream@wylib@@UEAA@XZ 0000000140011340 f i wylib_x64:FileStream.obj
 0001:00010350       ??1CFileStream@stream@wylib@@UEAA@XZ 0000000140011350 f   wylib_x64:FileStream.obj
 0001:000103a0       ?construct@CFileStream@stream@wylib@@IEAAXPEBDKK@Z 00000001400113a0 f   wylib_x64:FileStream.obj
 0001:00010480       ??0CFileStream@stream@wylib@@QEAA@PEBDK@Z 0000000140011480 f   wylib_x64:FileStream.obj
 0001:000104f0       ??_GCFileStream@stream@wylib@@UEAAPEAXI@Z 00000001400114f0 f i wylib_x64:FileStream.obj
 0001:000104f0       ??_ECFileStream@stream@wylib@@UEAAPEAXI@Z 00000001400114f0 f i wylib_x64:FileStream.obj
 0001:00010560       ??0CFileStream@stream@wylib@@QEAA@PEBDKW4OpenDisposition@012@@Z 0000000140011560 f   wylib_x64:FileStream.obj
 0001:000105d0       ??1CCSLock@lock@sync@wylib@@UEAA@XZ 00000001400115d0 f   wylib_x64:Lock.obj
 0001:000105f0       ?_Lock@CCSLock@lock@sync@wylib@@UEAAXPEADH@Z 00000001400115f0 f   wylib_x64:Lock.obj
 0001:00010610       ?TryLock@CCSLock@lock@sync@wylib@@UEAAHXZ 0000000140011610 f   wylib_x64:Lock.obj
 0001:00010620       ?_Unlock@CCSLock@lock@sync@wylib@@UEAAXPEADH@Z 0000000140011620 f   wylib_x64:Lock.obj
 0001:00010640       ??0CCSLock@lock@sync@wylib@@QEAA@XZ 0000000140011640 f   wylib_x64:Lock.obj
 0001:00010670       ??_ECCSLock@lock@sync@wylib@@UEAAPEAXI@Z 0000000140011670 f i wylib_x64:Lock.obj
 0001:00010670       ??_GCCSLock@lock@sync@wylib@@UEAAPEAXI@Z 0000000140011670 f i wylib_x64:Lock.obj
 0001:000106b0       ?GetTickCount64@tick64@time@wylib@@YA_JXZ 00000001400116b0 f   wylib_x64:Tick.obj
 0001:00010750       ??0CMemoryStream@stream@wylib@@QEAA@XZ 0000000140011750 f   wylib_x64:MemoryStream.obj
 0001:00010770       ??1CMemoryStream@stream@wylib@@UEAA@XZ 0000000140011770 f   wylib_x64:MemoryStream.obj
 0001:000107b0       ?Alloc@CMemoryStream@stream@wylib@@MEAAPEADPEAD_J@Z 00000001400117b0 f   wylib_x64:MemoryStream.obj
 0001:000107f0       ?setSize@CMemoryStream@stream@wylib@@UEAA_N_J@Z 00000001400117f0 f   wylib_x64:MemoryStream.obj
 0001:00010860       ?seek@CMemoryStream@stream@wylib@@UEAA_J_JH@Z 0000000140011860 f   wylib_x64:MemoryStream.obj
 0001:000108b0       ?read@CMemoryStream@stream@wylib@@UEAA_JPEAX_J@Z 00000001400118b0 f   wylib_x64:MemoryStream.obj
 0001:00010910       ?write@CMemoryStream@stream@wylib@@UEAA_JPEBX_J@Z 0000000140011910 f   wylib_x64:MemoryStream.obj
 0001:00010970       ?loadFromFile@CMemoryStream@stream@wylib@@QEAA_JPEBD@Z 0000000140011970 f   wylib_x64:MemoryStream.obj
 0001:000109f0       ??_ECMemoryStream@stream@wylib@@UEAAPEAXI@Z 00000001400119f0 f i wylib_x64:MemoryStream.obj
 0001:000109f0       ??_GCMemoryStream@stream@wylib@@UEAAPEAXI@Z 00000001400119f0 f i wylib_x64:MemoryStream.obj
 0001:00010a50       winitseed                  0000000140011a50 f   wylib_x64:wrand.obj
 0001:00010a80       wrandvalue                 0000000140011a80 f   wylib_x64:wrand.obj
 0001:00010b20       ?getSize@CBaseStream@stream@wylib@@UEAA_JXZ 0000000140011b20 f   wylib_x64:BaseStream.obj
 0001:00010b80       ?setPosition@CBaseStream@stream@wylib@@QEAA_J_J@Z 0000000140011b80 f   wylib_x64:BaseStream.obj
 0001:00010b90       ?copyFrom@CBaseStream@stream@wylib@@UEAA_JAEAV123@_J@Z 0000000140011b90 f   wylib_x64:BaseStream.obj
 0001:00010ca0       ??0CHandleStream@stream@wylib@@QEAA@PEAX@Z 0000000140011ca0 f   wylib_x64:HandleStream.obj
 0001:00010cc0       ?setHandle@CHandleStream@stream@wylib@@IEAAXPEAX@Z 0000000140011cc0 f   wylib_x64:HandleStream.obj
 0001:00010cd0       ?setSize@CHandleStream@stream@wylib@@UEAA_N_J@Z 0000000140011cd0 f   wylib_x64:HandleStream.obj
 0001:00010d00       ?seek@CHandleStream@stream@wylib@@UEAA_J_JH@Z 0000000140011d00 f   wylib_x64:HandleStream.obj
 0001:00010d30       ?read@CHandleStream@stream@wylib@@UEAA_JPEAX_J@Z 0000000140011d30 f   wylib_x64:HandleStream.obj
 0001:00010d70       ?write@CHandleStream@stream@wylib@@UEAA_JPEBX_J@Z 0000000140011d70 f   wylib_x64:HandleStream.obj
 0001:00010db0       ??_GCHandleStream@stream@wylib@@UEAAPEAXI@Z 0000000140011db0 f i wylib_x64:HandleStream.obj
 0001:00010db0       ??_ECHandleStream@stream@wylib@@UEAAPEAXI@Z 0000000140011db0 f i wylib_x64:HandleStream.obj
 0001:00010db0       ??_GCBaseStream@stream@wylib@@UEAAPEAXI@Z 0000000140011db0 f i wylib_x64:FileStream.obj
 0001:00010db0       ??_ECBaseStream@stream@wylib@@UEAAPEAXI@Z 0000000140011db0 f i wylib_x64:FileStream.obj
 0001:00010dd6       __tcmalloc                 0000000140011dd6 f   memory_x64:memory_x64.dll
 0001:00010e90       lua_checkstack             0000000140011e90 f   lua-5.1_x64:lapi.obj
 0001:00010f30       lua_xmove                  0000000140011f30 f   lua-5.1_x64:lapi.obj
 0001:00010f90       lua_setlevel               0000000140011f90 f   lua-5.1_x64:lapi.obj
 0001:00010fa0       lua_atpanic                0000000140011fa0 f   lua-5.1_x64:lapi.obj
 0001:00010fc0       lua_newthread              0000000140011fc0 f   lua-5.1_x64:lapi.obj
 0001:00011000       lua_gettop                 0000000140012000 f   lua-5.1_x64:lapi.obj
 0001:00011010       lua_settop                 0000000140012010 f   lua-5.1_x64:lapi.obj
 0001:00011070       lua_remove                 0000000140012070 f   lua-5.1_x64:lapi.obj
 0001:000110c0       lua_insert                 00000001400120c0 f   lua-5.1_x64:lapi.obj
 0001:00011120       lua_replace                0000000140012120 f   lua-5.1_x64:lapi.obj
 0001:000111f0       lua_pushvalue              00000001400121f0 f   lua-5.1_x64:lapi.obj
 0001:00011220       lua_type                   0000000140012220 f   lua-5.1_x64:lapi.obj
 0001:00011250       lua_typename               0000000140012250 f   lua-5.1_x64:lapi.obj
 0001:00011270       lua_iscfunction            0000000140012270 f   lua-5.1_x64:lapi.obj
 0001:000112a0       lua_isnumber               00000001400122a0 f   lua-5.1_x64:lapi.obj
 0001:000112d0       lua_isstring               00000001400122d0 f   lua-5.1_x64:lapi.obj
 0001:00011310       lua_rawequal               0000000140012310 f   lua-5.1_x64:lapi.obj
 0001:00011360       lua_lessthan               0000000140012360 f   lua-5.1_x64:lapi.obj
 0001:000113b0       lua_tonumber               00000001400123b0 f   lua-5.1_x64:lapi.obj
 0001:000113f0       lua_tointeger              00000001400123f0 f   lua-5.1_x64:lapi.obj
 0001:00011420       lua_toboolean              0000000140012420 f   lua-5.1_x64:lapi.obj
 0001:00011450       lua_tolstring              0000000140012450 f   lua-5.1_x64:lapi.obj
 0001:000114f0       lua_objlen                 00000001400124f0 f   lua-5.1_x64:lapi.obj
 0001:00011570       lua_tothread               0000000140012570 f   lua-5.1_x64:lapi.obj
 0001:00011590       lua_topointer              0000000140012590 f   lua-5.1_x64:lapi.obj
 0001:00011600       lua_pushnil                0000000140012600 f   lua-5.1_x64:lapi.obj
 0001:00011620       lua_pushnumber             0000000140012620 f   lua-5.1_x64:lapi.obj
 0001:00011640       lua_pushinteger            0000000140012640 f   lua-5.1_x64:lapi.obj
 0001:00011660       lua_pushlstring            0000000140012660 f   lua-5.1_x64:lapi.obj
 0001:000116d0       lua_pushstring             00000001400126d0 f   lua-5.1_x64:lapi.obj
 0001:00011720       lua_pushvfstring           0000000140012720 f   lua-5.1_x64:lapi.obj
 0001:00011770       lua_pushfstring            0000000140012770 f   lua-5.1_x64:lapi.obj
 0001:000117c0       lua_pushcclosure           00000001400127c0 f   lua-5.1_x64:lapi.obj
 0001:00011880       lua_pushboolean            0000000140012880 f   lua-5.1_x64:lapi.obj
 0001:000118a0       lua_pushthread             00000001400128a0 f   lua-5.1_x64:lapi.obj
 0001:000118d0       lua_gettable               00000001400128d0 f   lua-5.1_x64:lapi.obj
 0001:00011900       lua_getfield               0000000140012900 f   lua-5.1_x64:lapi.obj
 0001:00011970       lua_rawget                 0000000140012970 f   lua-5.1_x64:lapi.obj
 0001:000119b0       lua_rawgeti                00000001400129b0 f   lua-5.1_x64:lapi.obj
 0001:000119f0       lua_createtable            00000001400129f0 f   lua-5.1_x64:lapi.obj
 0001:00011a60       lua_getmetatable           0000000140012a60 f   lua-5.1_x64:lapi.obj
 0001:00011ac0       lua_getfenv                0000000140012ac0 f   lua-5.1_x64:lapi.obj
 0001:00011b40       lua_settable               0000000140012b40 f   lua-5.1_x64:lapi.obj
 0001:00011b70       lua_setfield               0000000140012b70 f   lua-5.1_x64:lapi.obj
 0001:00011bf0       lua_rawset                 0000000140012bf0 f   lua-5.1_x64:lapi.obj
 0001:00011c70       lua_rawseti                0000000140012c70 f   lua-5.1_x64:lapi.obj
 0001:00011cf0       lua_setmetatable           0000000140012cf0 f   lua-5.1_x64:lapi.obj
 0001:00011db0       lua_setfenv                0000000140012db0 f   lua-5.1_x64:lapi.obj
 0001:00011e50       lua_call                   0000000140012e50 f   lua-5.1_x64:lapi.obj
 0001:00011eb0       lua_pcall                  0000000140012eb0 f   lua-5.1_x64:lapi.obj
 0001:00011fd0       lua_cpcall                 0000000140012fd0 f   lua-5.1_x64:lapi.obj
 0001:00012010       lua_load                   0000000140013010 f   lua-5.1_x64:lapi.obj
 0001:00012060       lua_dump                   0000000140013060 f   lua-5.1_x64:lapi.obj
 0001:000120b0       lua_status                 00000001400130b0 f   lua-5.1_x64:lapi.obj
 0001:000120c0       lua_gc                     00000001400130c0 f   lua-5.1_x64:lapi.obj
 0001:00012260       lua_error                  0000000140013260 f   lua-5.1_x64:lapi.obj
 0001:00012270       lua_next                   0000000140013270 f   lua-5.1_x64:lapi.obj
 0001:000122b0       lua_concat                 00000001400132b0 f   lua-5.1_x64:lapi.obj
 0001:00012340       lua_newuserdata            0000000140013340 f   lua-5.1_x64:lapi.obj
 0001:000123b0       luaL_where                 00000001400133b0 f   lua-5.1_x64:lauxlib.obj
 0001:00012420       luaL_error                 0000000140013420 f   lua-5.1_x64:lauxlib.obj
 0001:000124d0       luaL_checkstack            00000001400134d0 f   lua-5.1_x64:lauxlib.obj
 0001:00012510       luaL_getmetafield          0000000140013510 f   lua-5.1_x64:lauxlib.obj
 0001:00012590       luaL_callmeta              0000000140013590 f   lua-5.1_x64:lauxlib.obj
 0001:00012610       luaL_findtable             0000000140013610 f   lua-5.1_x64:lauxlib.obj
 0001:000127f0       luaL_prepbuffer            00000001400137f0 f   lua-5.1_x64:lauxlib.obj
 0001:00012850       luaL_addlstring            0000000140013850 f   lua-5.1_x64:lauxlib.obj
 0001:000128f0       luaL_pushresult            00000001400138f0 f   lua-5.1_x64:lauxlib.obj
 0001:00012940       luaL_addvalue              0000000140013940 f   lua-5.1_x64:lauxlib.obj
 0001:00012a00       luaL_buffinit              0000000140013a00 f   lua-5.1_x64:lauxlib.obj
 0001:00012b30       luaL_loadfile              0000000140013b30 f   lua-5.1_x64:lauxlib.obj
 0001:00012d70       luaL_loadbuffer            0000000140013d70 f   lua-5.1_x64:lauxlib.obj
 0001:00012da0       luaL_loadstring            0000000140013da0 f   lua-5.1_x64:lauxlib.obj
 0001:00012e60       luaL_newstate              0000000140013e60 f   lua-5.1_x64:lauxlib.obj
 0001:00012ea0       luaL_argerror              0000000140013ea0 f   lua-5.1_x64:lauxlib.obj
 0001:00013000       luaL_checktype             0000000140014000 f   lua-5.1_x64:lauxlib.obj
 0001:00013040       luaL_checkany              0000000140014040 f   lua-5.1_x64:lauxlib.obj
 0001:00013080       luaL_checklstring          0000000140014080 f   lua-5.1_x64:lauxlib.obj
 0001:00013110       luaL_optlstring            0000000140014110 f   lua-5.1_x64:lauxlib.obj
 0001:00013190       luaL_checknumber           0000000140014190 f   lua-5.1_x64:lauxlib.obj
 0001:00013200       luaL_checkinteger          0000000140014200 f   lua-5.1_x64:lauxlib.obj
 0001:00013250       luaL_optinteger            0000000140014250 f   lua-5.1_x64:lauxlib.obj
 0001:000132c0       luaL_openlib               00000001400142c0 f   lua-5.1_x64:lauxlib.obj
 0001:00013440       luaL_checkoption           0000000140014440 f   lua-5.1_x64:lauxlib.obj
 0001:00013500       luaL_register              0000000140014500 f   lua-5.1_x64:lauxlib.obj
 0001:00013af0       luaU_dump                  0000000140014af0 f   lua-5.1_x64:ldump.obj
 0001:000143a0       luaopen_math               00000001400153a0 f   lua-5.1_x64:lmathlib.obj
 0001:00016510       luaopen_string             0000000140017510 f   lua-5.1_x64:lstrlib.obj
 0001:00017bd0       luaopen_base               0000000140018bd0 f   lua-5.1_x64:lbaselib.obj
 0001:00017e10       luaE_newthread             0000000140018e10 f   lua-5.1_x64:lstate.obj
 0001:00017ee0       luaE_freethread            0000000140018ee0 f   lua-5.1_x64:lstate.obj
 0001:00017f50       lua_newstate               0000000140018f50 f   lua-5.1_x64:lstate.obj
 0001:00018110       lua_close                  0000000140019110 f   lua-5.1_x64:lstate.obj
 0001:00018d60       luaopen_table              0000000140019d60 f   lua-5.1_x64:ltablib.obj
 0001:00018d90       luaO_int2fb                0000000140019d90 f   lua-5.1_x64:lobject.obj
 0001:00018dc0       luaO_fb2int                0000000140019dc0 f   lua-5.1_x64:lobject.obj
 0001:00018de0       luaO_log2                  0000000140019de0 f   lua-5.1_x64:lobject.obj
 0001:00018e10       luaO_rawequalObj           0000000140019e10 f   lua-5.1_x64:lobject.obj
 0001:00018e80       luaO_str2d                 0000000140019e80 f   lua-5.1_x64:lobject.obj
 0001:00018fc0       luaO_pushvfstring          0000000140019fc0 f   lua-5.1_x64:lobject.obj
 0001:00019330       luaO_pushfstring           000000014001a330 f   lua-5.1_x64:lobject.obj
 0001:00019360       luaO_chunkid               000000014001a360 f   lua-5.1_x64:lobject.obj
 0001:000194c0       luaD_seterrorobj           000000014001a4c0 f   lua-5.1_x64:ldo.obj
 0001:00019570       luaD_rawrunprotected       000000014001a570 f   lua-5.1_x64:ldo.obj
 0001:000196d0       luaD_reallocstack          000000014001a6d0 f   lua-5.1_x64:ldo.obj
 0001:00019760       luaD_reallocCI             000000014001a760 f   lua-5.1_x64:ldo.obj
 0001:00019810       luaD_growstack             000000014001a810 f   lua-5.1_x64:ldo.obj
 0001:00019830       luaD_callhook              000000014001a830 f   lua-5.1_x64:ldo.obj
 0001:00019d30       luaD_poscall               000000014001ad30 f   lua-5.1_x64:ldo.obj
 0001:00019e50       lua_yield                  000000014001ae50 f   lua-5.1_x64:ldo.obj
 0001:0001a040       luaD_throw                 000000014001b040 f   lua-5.1_x64:ldo.obj
 0001:0001a100       luaD_precall               000000014001b100 f   lua-5.1_x64:ldo.obj
 0001:0001a350       luaD_call                  000000014001b350 f   lua-5.1_x64:ldo.obj
 0001:0001a480       lua_resume                 000000014001b480 f   lua-5.1_x64:ldo.obj
 0001:0001a540       luaD_pcall                 000000014001b540 f   lua-5.1_x64:ldo.obj
 0001:0001a640       luaD_protectedparser       000000014001b640 f   lua-5.1_x64:ldo.obj
 0001:0001a8e0       luaC_separateudata         000000014001b8e0 f   lua-5.1_x64:lgc.obj
 0001:0001b630       luaC_callGCTM              000000014001c630 f   lua-5.1_x64:lgc.obj
 0001:0001b770       luaC_freeall               000000014001c770 f   lua-5.1_x64:lgc.obj
 0001:0001bd70       luaC_step                  000000014001cd70 f   lua-5.1_x64:lgc.obj
 0001:0001bf90       luaC_fullgc                000000014001cf90 f   lua-5.1_x64:lgc.obj
 0001:0001c040       luaC_barrierf              000000014001d040 f   lua-5.1_x64:lgc.obj
 0001:0001c070       luaC_barrierback           000000014001d070 f   lua-5.1_x64:lgc.obj
 0001:0001c090       luaC_link                  000000014001d090 f   lua-5.1_x64:lgc.obj
 0001:0001c0b0       luaC_linkupval             000000014001d0b0 f   lua-5.1_x64:lgc.obj
 0001:0001c190       lua_getstack               000000014001d190 f   lua-5.1_x64:ldebug.obj
 0001:0001c360       luaG_checkopenop           000000014001d360 f   lua-5.1_x64:ldebug.obj
 0001:0001c980       luaG_checkcode             000000014001d980 f   lua-5.1_x64:ldebug.obj
 0001:0001cd50       luaG_errormsg              000000014001dd50 f   lua-5.1_x64:ldebug.obj
 0001:0001ce00       luaG_runerror              000000014001de00 f   lua-5.1_x64:ldebug.obj
 0001:0001cfe0       lua_getinfo                000000014001dfe0 f   lua-5.1_x64:ldebug.obj
 0001:0001d0d0       luaG_typeerror             000000014001e0d0 f   lua-5.1_x64:ldebug.obj
 0001:0001d1a0       luaG_concaterror           000000014001e1a0 f   lua-5.1_x64:ldebug.obj
 0001:0001d1c0       luaG_aritherror            000000014001e1c0 f   lua-5.1_x64:ldebug.obj
 0001:0001d210       luaG_ordererror            000000014001e210 f   lua-5.1_x64:ldebug.obj
 0001:0001d260       luaT_init                  000000014001e260 f   lua-5.1_x64:ltm.obj
 0001:0001d2f0       luaT_gettm                 000000014001e2f0 f   lua-5.1_x64:ltm.obj
 0001:0001d330       luaT_gettmbyobj            000000014001e330 f   lua-5.1_x64:ltm.obj
 0001:0001d380       luaV_tonumber              000000014001e380 f   lua-5.1_x64:lvm.obj
 0001:0001d3e0       luaV_tostring              000000014001e3e0 f   lua-5.1_x64:lvm.obj
 0001:0001d680       luaV_gettable              000000014001e680 f   lua-5.1_x64:lvm.obj
 0001:0001d810       luaV_settable              000000014001e810 f   lua-5.1_x64:lvm.obj
 0001:0001dc20       luaV_lessthan              000000014001ec20 f   lua-5.1_x64:lvm.obj
 0001:0001ddd0       luaV_equalval              000000014001edd0 f   lua-5.1_x64:lvm.obj
 0001:0001df20       luaV_concat                000000014001ef20 f   lua-5.1_x64:lvm.obj
 0001:0001e3c0       luaV_execute               000000014001f3c0 f   lua-5.1_x64:lvm.obj
 0001:0001fc90       luaH_next                  0000000140020c90 f   lua-5.1_x64:ltable.obj
 0001:0001ff20       luaH_new                   0000000140020f20 f   lua-5.1_x64:ltable.obj
 0001:0001ffc0       luaH_free                  0000000140020fc0 f   lua-5.1_x64:ltable.obj
 0001:00020040       luaH_getnum                0000000140021040 f   lua-5.1_x64:ltable.obj
 0001:000200d0       luaH_getstr                00000001400210d0 f   lua-5.1_x64:ltable.obj
 0001:00020120       luaH_get                   0000000140021120 f   lua-5.1_x64:ltable.obj
 0001:000201f0       luaH_set                   00000001400211f0 f   lua-5.1_x64:ltable.obj
 0001:00020280       luaH_setnum                0000000140021280 f   lua-5.1_x64:ltable.obj
 0001:00020530       luaH_getn                  0000000140021530 f   lua-5.1_x64:ltable.obj
 0001:000207f0       luaH_resizearray           00000001400217f0 f   lua-5.1_x64:ltable.obj
 0001:00020b70       luaH_setstr                0000000140021b70 f   lua-5.1_x64:ltable.obj
 0001:00020bf0       luaS_resize                0000000140021bf0 f   lua-5.1_x64:lstring.obj
 0001:00020ce0       luaS_newlstr               0000000140021ce0 f   lua-5.1_x64:lstring.obj
 0001:00020e60       luaS_newudata              0000000140021e60 f   lua-5.1_x64:lstring.obj
 0001:00020ef0       luaF_newCclosure           0000000140021ef0 f   lua-5.1_x64:lfunc.obj
 0001:00020f60       luaF_newLclosure           0000000140021f60 f   lua-5.1_x64:lfunc.obj
 0001:00020fe0       luaF_newupval              0000000140021fe0 f   lua-5.1_x64:lfunc.obj
 0001:00021030       luaF_findupval             0000000140022030 f   lua-5.1_x64:lfunc.obj
 0001:00021100       luaF_freeupval             0000000140022100 f   lua-5.1_x64:lfunc.obj
 0001:00021130       luaF_close                 0000000140022130 f   lua-5.1_x64:lfunc.obj
 0001:00021220       luaF_newproto              0000000140022220 f   lua-5.1_x64:lfunc.obj
 0001:000212a0       luaF_freeproto             00000001400222a0 f   lua-5.1_x64:lfunc.obj
 0001:00021360       luaF_freeclosure           0000000140022360 f   lua-5.1_x64:lfunc.obj
 0001:00021390       luaF_getlocalname          0000000140022390 f   lua-5.1_x64:lfunc.obj
 0001:000213e0       luaZ_fill                  00000001400223e0 f   lua-5.1_x64:lzio.obj
 0001:00021430       luaZ_lookahead             0000000140022430 f   lua-5.1_x64:lzio.obj
 0001:000214a0       luaZ_init                  00000001400224a0 f   lua-5.1_x64:lzio.obj
 0001:000214c0       luaZ_read                  00000001400224c0 f   lua-5.1_x64:lzio.obj
 0001:00021580       luaZ_openspace             0000000140022580 f   lua-5.1_x64:lzio.obj
 0001:000220b0       luaU_header                00000001400230b0 f   lua-5.1_x64:lundump.obj
 0001:00022190       luaU_undump                0000000140023190 f   lua-5.1_x64:lundump.obj
 0001:00022210       luaM_toobig                0000000140023210 f   lua-5.1_x64:lmem.obj
 0001:00022230       luaM_realloc_              0000000140023230 f   lua-5.1_x64:lmem.obj
 0001:000222a0       luaM_growaux_              00000001400232a0 f   lua-5.1_x64:lmem.obj
 0001:00022440       luaX_init                  0000000140023440 f   lua-5.1_x64:llex.obj
 0001:000224b0       luaX_token2str             00000001400234b0 f   lua-5.1_x64:llex.obj
 0001:000225c0       luaX_lexerror              00000001400235c0 f   lua-5.1_x64:llex.obj
 0001:00022660       luaX_syntaxerror           0000000140023660 f   lua-5.1_x64:llex.obj
 0001:00022670       luaX_newstring             0000000140023670 f   lua-5.1_x64:llex.obj
 0001:00022790       luaX_setinput              0000000140023790 f   lua-5.1_x64:llex.obj
 0001:00023b80       luaX_mergestring           0000000140024b80 f   lua-5.1_x64:llex.obj
 0001:00023c40       luaX_next                  0000000140024c40 f   lua-5.1_x64:llex.obj
 0001:00023d40       luaX_lookahead             0000000140024d40 f   lua-5.1_x64:llex.obj
 0001:000272b0       luaY_parser                00000001400282b0 f   lua-5.1_x64:lparser.obj
 0001:00027480       luaK_getlabel              0000000140028480 f   lua-5.1_x64:lcode.obj
 0001:000276d0       luaK_concat                00000001400286d0 f   lua-5.1_x64:lcode.obj
 0001:00027730       luaK_checkstack            0000000140028730 f   lua-5.1_x64:lcode.obj
 0001:00027780       luaK_reserveregs           0000000140028780 f   lua-5.1_x64:lcode.obj
 0001:00027910       luaK_stringK               0000000140028910 f   lua-5.1_x64:lcode.obj
 0001:00027940       luaK_numberK               0000000140028940 f   lua-5.1_x64:lcode.obj
 0001:00027970       luaK_setreturns            0000000140028970 f   lua-5.1_x64:lcode.obj
 0001:00027a00       luaK_setoneret             0000000140028a00 f   lua-5.1_x64:lcode.obj
 0001:00027c10       luaK_fixline               0000000140028c10 f   lua-5.1_x64:lcode.obj
 0001:00027d20       luaK_codeABC               0000000140028d20 f   lua-5.1_x64:lcode.obj
 0001:00027d50       luaK_codeABx               0000000140028d50 f   lua-5.1_x64:lcode.obj
 0001:00027d70       luaK_setlist               0000000140028d70 f   lua-5.1_x64:lcode.obj
 0001:00027e10       luaK_nil                   0000000140028e10 f   lua-5.1_x64:lcode.obj
 0001:00027eb0       luaK_jump                  0000000140028eb0 f   lua-5.1_x64:lcode.obj
 0001:00027f50       luaK_ret                   0000000140028f50 f   lua-5.1_x64:lcode.obj
 0001:00027f70       luaK_patchtohere           0000000140028f70 f   lua-5.1_x64:lcode.obj
 0001:00027fd0       luaK_dischargevars         0000000140028fd0 f   lua-5.1_x64:lcode.obj
 0001:00028450       luaK_exp2nextreg           0000000140029450 f   lua-5.1_x64:lcode.obj
 0001:000284e0       luaK_exp2anyreg            00000001400294e0 f   lua-5.1_x64:lcode.obj
 0001:00028550       luaK_exp2val               0000000140029550 f   lua-5.1_x64:lcode.obj
 0001:000285d0       luaK_exp2RK                00000001400295d0 f   lua-5.1_x64:lcode.obj
 0001:00028710       luaK_storevar              0000000140029710 f   lua-5.1_x64:lcode.obj
 0001:00028810       luaK_self                  0000000140029810 f   lua-5.1_x64:lcode.obj
 0001:00028a10       luaK_goiftrue              0000000140029a10 f   lua-5.1_x64:lcode.obj
 0001:00028d30       luaK_indexed               0000000140029d30 f   lua-5.1_x64:lcode.obj
 0001:00028f40       luaK_prefix                0000000140029f40 f   lua-5.1_x64:lcode.obj
 0001:00029050       luaK_infix                 000000014002a050 f   lua-5.1_x64:lcode.obj
 0001:000290c0       luaK_posfix                000000014002a0c0 f   lua-5.1_x64:lcode.obj
 0001:00029350       luaK_patchlist             000000014002a350 f   lua-5.1_x64:lcode.obj
 0001:000293d6       GetAcceptExSockaddrs       000000014002a3d6 f   mswsock:MSWSOCK.dll
 0001:000293dc       AcceptEx                   000000014002a3dc f   mswsock:MSWSOCK.dll
 0001:000293e4       ??_U@YAPEAX_K@Z            000000014002a3e4 f   msvcprt:newaop_s.obj
 0001:000293ea       __CxxFrameHandler3         000000014002a3ea f   MSVCRT:MSVCR100.dll
 0001:000293f0       ??_Etype_info@@UEAAPEAXI@Z 000000014002a3f0 f i MSVCRT:ti_inst.obj
[...]
 0001:00025260       primaryexp                 0000000140026260 f   lua-5.1_x64:lparser.obj
 0001:00025510       simpleexp                  0000000140026510 f   lua-5.1_x64:lparser.obj
 0001:00025790       getbinopr                  0000000140026790 f   lua-5.1_x64:lparser.obj
 0001:00025950       subexpr                    0000000140026950 f   lua-5.1_x64:lparser.obj
 0001:00025a90       block                      0000000140026a90 f   lua-5.1_x64:lparser.obj
 0001:00025ae0       assignment                 0000000140026ae0 f   lua-5.1_x64:lparser.obj
 0001:00025db0       breakstat                  0000000140026db0 f   lua-5.1_x64:lparser.obj
 0001:00025e40       whilestat                  0000000140026e40 f   lua-5.1_x64:lparser.obj
 0001:00025fb0       repeatstat                 0000000140026fb0 f   lua-5.1_x64:lparser.obj
 0001:00026100       forbody                    0000000140027100 f   lua-5.1_x64:lparser.obj
 0001:00026320       fornum                     0000000140027320 f   lua-5.1_x64:lparser.obj
 0001:00026510       forlist                    0000000140027510 f   lua-5.1_x64:lparser.obj
 0001:00026760       forstat                    0000000140027760 f   lua-5.1_x64:lparser.obj
 0001:00026870       test_then_block            0000000140027870 f   lua-5.1_x64:lparser.obj
 0001:00026950       ifstat                     0000000140027950 f   lua-5.1_x64:lparser.obj
 0001:00026a80       localfunc                  0000000140027a80 f   lua-5.1_x64:lparser.obj
 0001:00026b90       localstat                  0000000140027b90 f   lua-5.1_x64:lparser.obj
 0001:00026d40       funcstat                   0000000140027d40 f   lua-5.1_x64:lparser.obj
 0001:00026ee0       retstat                    0000000140027ee0 f   lua-5.1_x64:lparser.obj
 0001:00027000       statement                  0000000140028000 f   lua-5.1_x64:lparser.obj
 0001:00027210       chunk                      0000000140028210 f   lua-5.1_x64:lparser.obj
 0001:00027410       fixjump                    0000000140028410 f   lua-5.1_x64:lcode.obj
 0001:00027490       removevalues               0000000140028490 f   lua-5.1_x64:lcode.obj
 0001:00027520       patchlistaux               0000000140028520 f   lua-5.1_x64:lcode.obj
 0001:000277f0       addk                       00000001400287f0 f   lua-5.1_x64:lcode.obj
 0001:00027a60       invertjump                 0000000140028a60 f   lua-5.1_x64:lcode.obj
 0001:00027ab0       constfolding               0000000140028ab0 f   lua-5.1_x64:lcode.obj
 0001:00027c30       luaK_code                  0000000140028c30 f   lua-5.1_x64:lcode.obj
 0001:000280b0       discharge2reg              00000001400290b0 f   lua-5.1_x64:lcode.obj
 0001:00028200       discharge2anyreg           0000000140029200 f   lua-5.1_x64:lcode.obj
 0001:00028240       exp2reg                    0000000140029240 f   lua-5.1_x64:lcode.obj
 0001:00028930       jumponcond                 0000000140029930 f   lua-5.1_x64:lcode.obj
 0001:00028b30       luaK_goiffalse             0000000140029b30 f   lua-5.1_x64:lcode.obj
 0001:00028c30       codenot                    0000000140029c30 f   lua-5.1_x64:lcode.obj
 0001:00028d50       codearith                  0000000140029d50 f   lua-5.1_x64:lcode.obj
 0001:00028e60       codecomp                   0000000140029e60 f   lua-5.1_x64:lcode.obj
 0001:00029810       pre_cpp_init               000000014002a810 f   MSVCRT:crtexe.obj
 0001:00029878       __tmainCRTStartup          000000014002a878 f   MSVCRT:crtexe.obj
 0001:000299f8       pre_c_init                 000000014002a9f8 f   MSVCRT:crtexe.obj
 0001:0002a160       time                       000000014002b160 f    CIL library: CIL module
 0001:0002a180       localtime                  000000014002b180 f    CIL library: CIL module
 0001:0002c640       time                       000000014002d640 f    CIL library: CIL module
 0001:0002c660       localtime                  000000014002d660 f    CIL library: CIL module
 0001:00030e60       ?dtor$0@?0??CustomExceptHandler@@YAKQEAU_EXCEPTION_POINTERS@@@Z@4HA 0000000140031e60 f   CustomExceptHander.obj
 0001:00030e80       ?dtor$0@?0??OnStackWalkStart@CustomStackWalker@@UEAAXXZ@4HA 0000000140031e80 f   CustomExceptHander.obj
 0001:00030ea0       ?dtor$0@?0???0CCustomGateClient@@QEAA@XZ@4HA 0000000140031ea0 f   CustomGateClient.obj
 0001:00030ec0       ?dtor$1@?0???0CCustomGateClient@@QEAA@XZ@4HA 0000000140031ec0 f   CustomGateClient.obj
 0001:00030ee0       ?dtor$2@?0???0CCustomGateClient@@QEAA@XZ@4HA 0000000140031ee0 f   CustomGateClient.obj
 0001:00030f00       ?dtor$3@?0???0CCustomGateClient@@QEAA@XZ@4HA 0000000140031f00 f   CustomGateClient.obj
 0001:00030f20       ?dtor$4@?0???0CCustomGateClient@@QEAA@XZ@4HA 0000000140031f20 f   CustomGateClient.obj
 0001:00030f40       ?dtor$5@?0???0CCustomGateClient@@QEAA@XZ@4HA 0000000140031f40 f   CustomGateClient.obj
 0001:00030f60       ?dtor$6@?0???0CCustomGateClient@@QEAA@XZ@4HA 0000000140031f60 f   CustomGateClient.obj
 0001:00030f80       ?dtor$7@?0???0CCustomGateClient@@QEAA@XZ@4HA 0000000140031f80 f   CustomGateClient.obj
 0001:00030fa0       ?dtor$8@?0???0CCustomGateClient@@QEAA@XZ@4HA 0000000140031fa0 f   CustomGateClient.obj
 0001:00030fc0       ?dtor$9@?0???0CCustomGateClient@@QEAA@XZ@4HA 0000000140031fc0 f   CustomGateClient.obj
 0001:00030fe0       ?dtor$10@?0???0CCustomGateClient@@QEAA@XZ@4HA 0000000140031fe0 f   CustomGateClient.obj
 0001:00031010       ?dtor$0@?0???1CCustomGateClient@@UEAA@XZ@4HA 0000000140032010 f   CustomGateClient.obj
 0001:00031030       ?dtor$1@?0???1CCustomGateClient@@UEAA@XZ@4HA 0000000140032030 f   CustomGateClient.obj
 0001:00031050       ?dtor$2@?0???1CCustomGateClient@@UEAA@XZ@4HA 0000000140032050 f   CustomGateClient.obj
 0001:00031070       ?dtor$3@?0???1CCustomGateClient@@UEAA@XZ@4HA 0000000140032070 f   CustomGateClient.obj
 0001:00031090       ?dtor$4@?0???1CCustomGateClient@@UEAA@XZ@4HA 0000000140032090 f   CustomGateClient.obj
 0001:000310b0       ?dtor$5@?0???1CCustomGateClient@@UEAA@XZ@4HA 00000001400320b0 f   CustomGateClient.obj
 0001:000310d0       ?dtor$6@?0???1CCustomGateClient@@UEAA@XZ@4HA 00000001400320d0 f   CustomGateClient.obj
 0001:000310f0       ?dtor$7@?0???1CCustomGateClient@@UEAA@XZ@4HA 00000001400320f0 f   CustomGateClient.obj
 0001:00031110       ?dtor$8@?0???1CCustomGateClient@@UEAA@XZ@4HA 0000000140032110 f   CustomGateClient.obj
 0001:00031130       ?dtor$9@?0???1CCustomGateClient@@UEAA@XZ@4HA 0000000140032130 f   CustomGateClient.obj
 0001:00031150       ?dtor$10@?0???1CCustomGateClient@@UEAA@XZ@4HA 0000000140032150 f   CustomGateClient.obj
 0001:00031180       ?dtor$0@?0??SendPointedData@CCustomGateClient@@IEAA_NPEBD_K@Z@4HA 0000000140032180 f   CustomGateClient.obj
 0001:000311a0       ?dtor$1@?0??SendPointedData@CCustomGateClient@@IEAA_NPEBD_K@Z@4HA 00000001400321a0 f   CustomGateClient.obj
 0001:000311c0       ?dtor$0@?0??ReadPointedData@CCustomGateClient@@IEAA_NPEAD_K@Z@4HA 00000001400321c0 f   CustomGateClient.obj
 0001:000311e0       ?dtor$1@?0??ReadPointedData@CCustomGateClient@@IEAA_NPEAD_K@Z@4HA 00000001400321e0 f   CustomGateClient.obj
 0001:00031200       ?dtor$0@?0??PutMessage@CCustomGateClient@@QEAAXHH_KH0PEADH@Z@4HA 0000000140032200 f   CustomGateClient.obj
 0001:00031220       ?dtor$1@?0??PutMessage@CCustomGateClient@@QEAAXHH_KH0PEADH@Z@4HA 0000000140032220 f   CustomGateClient.obj
 0001:00031240       ?dtor$0@?0??ProcessRecvDataImpl@CCustomGateClient@@AEAAXXZ@4HA 0000000140032240 f   CustomGateClient.obj
 0001:00031260       ?dtor$1@?0??ProcessRecvDataImpl@CCustomGateClient@@AEAAXXZ@4HA 0000000140032260 f   CustomGateClient.obj
 0001:00031280       ?dtor$0@?0???0CRunDataProcesser@@QEAA@H@Z@4HA 0000000140032280 f   DataProcess.obj
 0001:000312a0       ?dtor$1@?0???0CRunDataProcesser@@QEAA@H@Z@4HA 00000001400322a0 f   DataProcess.obj
 0001:000312e0       ?dtor$0@?0???1CRunDataProcesser@@UEAA@XZ@4HA 00000001400322e0 f   DataProcess.obj
 0001:00031300       ?dtor$1@?0???1CRunDataProcesser@@UEAA@XZ@4HA 0000000140032300 f   DataProcess.obj
 0001:00031340       ?dtor$0@?0??InitSendThreadData@CRunDataProcesser@@IEAAXXZ@4HA 0000000140032340 f   DataProcess.obj
 0001:00031360       ?dtor$1@?0??InitSendThreadData@CRunDataProcesser@@IEAAXXZ@4HA 0000000140032360 f   DataProcess.obj
 0001:00031380       ?dtor$0@?0??CheckSendSessionBuffers@CRunDataProcesser@@IEAAXPEAUtagRunDataSendThread@@@Z@4HA 0000000140032380 f   DataProcess.obj
 0001:000313a0       ?dtor$1@?0??CheckSendSessionBuffers@CRunDataProcesser@@IEAAXPEAUtagRunDataSendThread@@@Z@4HA 00000001400323a0 f   DataProcess.obj
 0001:000313c0       ?dtor$0@?0??ProcessUserRecvPacket@CRunDataProcesser@@IEAAXPEAUtagRunGateUserSession@@PEADH@Z@4HA 00000001400323c0 f   DataProcess.obj
 0001:000313e0       ?dtor$1@?0??ProcessUserRecvPacket@CRunDataProcesser@@IEAAXPEAUtagRunGateUserSession@@PEADH@Z@4HA 00000001400323e0 f   DataProcess.obj
 0001:00031400       ?dtor$0@?0??PostUserServerData@CRunDataProcesser@@IEAAXPEAUtagRunGateUserSession@@PEBDHH_J@Z@4HA 0000000140032400 f   DataProcess.obj
 0001:00031420       ?dtor$1@?0??PostUserServerData@CRunDataProcesser@@IEAAXPEAUtagRunGateUserSession@@PEBDHH_J@Z@4HA 0000000140032420 f   DataProcess.obj
 0001:00031440       ?dtor$0@?0??CreateRunGate@@YAPEAVCRunSockProcesser@@W4tagRunSockType@@H@Z@4HA 0000000140032440 f   GateServer.obj
 0001:00031460       ?dtor$1@?0??CreateRunGate@@YAPEAVCRunSockProcesser@@W4tagRunSockType@@H@Z@4HA 0000000140032460 f   GateServer.obj
 0001:00031480       ?dtor$2@?0??CreateRunGate@@YAPEAVCRunSockProcesser@@W4tagRunSockType@@H@Z@4HA 0000000140032480 f   GateServer.obj
 0001:000314a0       ?dtor$0@?0??showError@CGateServerConfig@@MEAAXPEBD@Z@4HA 00000001400324a0 f   GateServerConfig.obj
 0001:000314c0       ?dtor$0@?0??loadConfig@CGateServerConfig@@QEAA_NAEAV?$CBaseList@UtagGateConfig@@@container@wylib@@PEAD@Z@4HA 00000001400324c0 f   GateServerConfig.obj
 0001:000314e0       ?catch$0@?0??loadConfig@CGateServerConfig@@QEAA_NAEAV?$CBaseList@UtagGateConfig@@@container@wylib@@PEAD@Z@4HA 00000001400324e0 f   GateServerConfig.obj
 0001:000314ed       __catch$?loadConfig@CGateServerConfig@@QEAA_NAEAV?$CBaseList@UtagGateConfig@@@container@wylib@@PEAD@Z$0 00000001400324ed f   GateServerConfig.obj
 0001:00031520       ?catch$1@?0??loadConfig@CGateServerConfig@@QEAA_NAEAV?$CBaseList@UtagGateConfig@@@container@wylib@@PEAD@Z@4HA 0000000140032520 f   GateServerConfig.obj
 0001:0003152d       __catch$?loadConfig@CGateServerConfig@@QEAA_NAEAV?$CBaseList@UtagGateConfig@@@container@wylib@@PEAD@Z$1 000000014003252d f   GateServerConfig.obj
 0001:00031550       ?dtor$0@?0???0?$CTRefString@VCAnsiString@string@wylib@@D@string@wylib@@QEAA@PEBD@Z@4HA 0000000140032550 f   GateServerConfig.obj
 0001:00031550       ?dtor$0@?0???0?$CTRefString@VCAnsiString@string@wylib@@D@string@wylib@@QEAA@AEBV012@@Z@4HA 0000000140032550 f   GateServerConfig.obj
 0001:00031570       ?dtor$0@?0???Y?$CTRefString@VCAnsiString@string@wylib@@D@string@wylib@@QEAAXPEBD@Z@4HA 0000000140032570 f   GateServerConfig.obj
 0001:00031590       ?dtor$0@?0???1CIOCPRunSockProcesser@@UEAA@XZ@4HA 0000000140032590 f   IOCPSockProcess.obj
 0001:000315b0       ?dtor$0@?0??ServiceMain@@YAXHPEAPEAD@Z@4HA 00000001400325b0 f   main.obj
 0001:000315d0       ?dtor$0@?0??ServerMain@@YAXHPEAPEAD@Z@4HA 00000001400325d0 f   main.obj
 0001:000315f0       ?dtor$1@?0??ServerMain@@YAXHPEAPEAD@Z@4HA 00000001400325f0 f   main.obj
 0001:00031610       ?dtor$0@?0??CreateAndStartGateServers@@YA_NAEAV?$CBaseList@PEAVCRunSockProcesser@@@container@wylib@@PEAD@Z@4HA 0000000140032610 f   main.obj
 0001:00031630       ?dtor$1@?0??CreateAndStartGateServers@@YA_NAEAV?$CBaseList@PEAVCRunSockProcesser@@@container@wylib@@PEAD@Z@4HA 0000000140032630 f   main.obj
 0001:00031650       ?dtor$2@?0??CreateAndStartGateServers@@YA_NAEAV?$CBaseList@PEAVCRunSockProcesser@@@container@wylib@@PEAD@Z@4HA 0000000140032650 f   main.obj
 0001:00031670       ?dtor$3@?0??CreateAndStartGateServers@@YA_NAEAV?$CBaseList@PEAVCRunSockProcesser@@@container@wylib@@PEAD@Z@4HA 0000000140032670 f   main.obj
 0001:00031690       ?dtor$0@?0??AppMain@CGateService@@UEAAHXZ@4HA 0000000140032690 f   main.obj
 0001:000316b0       ?dtor$1@?0??AppMain@CGateService@@UEAAHXZ@4HA 00000001400326b0 f   main.obj
 0001:000316d0       ?dtor$0@?0???1CSelectRunSockProcesser@@UEAA@XZ@4HA 00000001400326d0 f   SelectSockProcess.obj
 0001:000316f0       ?dtor$0@?0???0CFileStream@stream@wylib@@QEAA@PEBDKW4OpenDisposition@012@@Z@4HA 00000001400326f0 f   wylib_x64:FileStream.obj
 0001:000316f0       ?dtor$0@?0???0CFileStream@stream@wylib@@QEAA@PEBDK@Z@4HA 00000001400326f0 f   wylib_x64:FileStream.obj
 0001:00031700       ?dtor$0@?0??loadFromFile@CMemoryStream@stream@wylib@@QEAA_JPEBD@Z@4HA 0000000140032700 f   wylib_x64:MemoryStream.obj
 0001:0003170c       _onexit$fin$0              000000014003270c f   MSVCRT:atonexit.obj
 0001:00031727       ?filt$0@?0??__ArrayUnwind@@YAXPEAX_KHP6AX0@Z@Z@4HA 0000000140032727 f   MSVCRT:ehvecdtr.obj
 0001:00031768       ?fin$0@?0???_M@YAXPEAX_KHP6AX0@Z@Z@4HA 0000000140032768 f   MSVCRT:ehvecdtr.obj
 0001:00031794       ?fin$0@?0???_L@YAXPEAX_KHP6AX0@Z2@Z@4HA 0000000140032794 f   MSVCRT:ehvecctr.obj
 0001:000317c0       __tmainCRTStartup$filt$0   00000001400327c0 f   MSVCRT:crtexe.obj
 0001:000317e0       _IsNonwritableInCurrentImage$filt$0 00000001400327e0 f   MSVCRT:pesect.obj
 0001:00031810       ?dtor$0@?0??DumpImpl@COPMToFile@@IEAAXXZ@4HA 0000000140032810 f    CIL library: CIL module
 0001:00031830       ?dtor$0@?0???0COPMToFile@@QEAA@PEBD@Z@4HA 0000000140032830 f    CIL library: CIL module
 0001:00031850       ?dtor$1@?0???0COPMToFile@@QEAA@PEBD@Z@4HA 0000000140032850 f    CIL library: CIL module
 0001:00031870       ?dtor$2@?0???0COPMToFile@@QEAA@PEBD@Z@4HA 0000000140032870 f    CIL library: CIL module
 0001:00031890       ?dtor$3@?0???0COPMToFile@@QEAA@PEBD@Z@4HA 0000000140032890 f    CIL library: CIL module
 0001:000318b0       ?dtor$4@?0???0COPMToFile@@QEAA@PEBD@Z@4HA 00000001400328b0 f    CIL library: CIL module
 0001:000318d0       ?dtor$5@?0???0COPMToFile@@QEAA@PEBD@Z@4HA 00000001400328d0 f    CIL library: CIL module
 0001:000318f0       ?dtor$6@?0???0COPMToFile@@QEAA@PEBD@Z@4HA 00000001400328f0 f    CIL library: CIL module
 0001:00031910       ?dtor$7@?0???0COPMToFile@@QEAA@PEBD@Z@4HA 0000000140032910 f    CIL library: CIL module
 0001:00031930       ?dtor$0@?0???0CSendPacketPool@@QEAA@XZ@4HA 0000000140032930 f    CIL library: CIL module
 0001:00031950       ?dtor$1@?0???0CSendPacketPool@@QEAA@XZ@4HA 0000000140032950 f    CIL library: CIL module
 0001:00031980       ?dtor$0@?0???1CCustomLuaScript@@UEAA@XZ@4HA 0000000140032980 f    CIL library: CIL module
 0001:000319b0       ?dtor$0@?0???1CCustomLuaConfig@@UEAA@XZ@4HA 00000001400329b0 f    CIL library: CIL module
 0001:000319d0       ?dtor$1@?0???1CCustomLuaConfig@@UEAA@XZ@4HA 00000001400329d0 f    CIL library: CIL module
 0001:00031a00       ?dtor$0@?0???1CSendPacketPool@@QEAA@XZ@4HA 0000000140032a00 f    CIL library: CIL module
 0001:00031a20       ?dtor$1@?0???1CSendPacketPool@@QEAA@XZ@4HA 0000000140032a20 f    CIL library: CIL module
 0001:00031a40       ?dtor$2@?0???1CSendPacketPool@@QEAA@XZ@4HA 0000000140032a40 f    CIL library: CIL module
 0001:00031a60       ?dtor$3@?0???1CSendPacketPool@@QEAA@XZ@4HA 0000000140032a60 f    CIL library: CIL module
 0001:00031a80       ?dtor$4@?0???1CSendPacketPool@@QEAA@XZ@4HA 0000000140032a80 f    CIL library: CIL module
 0001:00031aa0       ?dtor$5@?0???1CSendPacketPool@@QEAA@XZ@4HA 0000000140032aa0 f    CIL library: CIL module
 0001:00031ac0       ?dtor$6@?0???1CSendPacketPool@@QEAA@XZ@4HA 0000000140032ac0 f    CIL library: CIL module
 0001:00031af0       ?dtor$0@?0??showFieldDoesNotContainValue@CCustomLuaConfig@@IEAAXPEBD0@Z@4HA 0000000140032af0 f    CIL library: CIL module
 0001:00031b10       ?dtor$0@?0??showTableNotExists@CCustomLuaConfig@@IEAAXPEBD@Z@4HA 0000000140032b10 f    CIL library: CIL module
 0001:00031b30       ?dtor$0@?0??showError@CCustomLuaConfig@@MEAAXPEBD@Z@4HA 0000000140032b30 f    CIL library: CIL module
 0001:00031b50       ?dtor$0@?0??dump@CTimeProfMgr@@QEAAXXZ@4HA 0000000140032b50 f    CIL library: CIL module
 0001:00031b80       ?dtor$0@?0??allocSendPacketList@CSendPacketPool@@QEAAXAEAV?$CBaseList@PEAVCDataPacket@@@container@wylib@@_JPEAPEAVCDataPacket@@@Z@4HA 0000000140032b80 f    CIL library: CIL module
 0001:00031bb0       ?dtor$0@?0???0CTimeProfMgr@@QEAA@XZ@4HA 0000000140032bb0 f    CIL library: CIL module
 0001:00031bd0       ?dtor$1@?0???0CTimeProfMgr@@QEAA@XZ@4HA 0000000140032bd0 f    CIL library: CIL module
 0001:00031bf0       ?dtor$2@?0???0CTimeProfMgr@@QEAA@XZ@4HA 0000000140032bf0 f    CIL library: CIL module
 0001:00031c10       ?dtor$3@?0???0CTimeProfMgr@@QEAA@XZ@4HA 0000000140032c10 f    CIL library: CIL module
 0001:00031c30       ?dtor$4@?0???0CTimeProfMgr@@QEAA@XZ@4HA 0000000140032c30 f    CIL library: CIL module
 0001:00031c60       ?dtor$0@?0???0CFileLogger@@QEAA@PEBDZZ@4HA 0000000140032c60 f    CIL library: CIL module
 0001:00031c80       ?dtor$0@?0???1CTimeProfRecord@@QEAA@XZ@4HA 0000000140032c80 f    CIL library: CIL module
 0001:00031ca0       ?dtor$1@?0???1CTimeProfRecord@@QEAA@XZ@4HA 0000000140032ca0 f    CIL library: CIL module
 0001:00031cd0       ?dtor$0@?0???1CTimeProfDummy@@QEAA@XZ@4HA 0000000140032cd0 f    CIL library: CIL module
 0001:00031cf0       ?dtor$0@?0???0CTimeProfDummy@@QEAA@PEBDI@Z@4HA 0000000140032cf0 f    CIL library: CIL module
 0001:00031d10       ?dtor$0@?0???1CTimeProfMgr@@QEAA@XZ@4HA 0000000140032d10 f    CIL library: CIL module
 0001:00031d30       ?dtor$1@?0???1CTimeProfMgr@@QEAA@XZ@4HA 0000000140032d30 f    CIL library: CIL module
 0001:00031d50       ?dtor$2@?0???1CTimeProfMgr@@QEAA@XZ@4HA 0000000140032d50 f    CIL library: CIL module
 0001:00031d70       ?dtor$3@?0???1CTimeProfMgr@@QEAA@XZ@4HA 0000000140032d70 f    CIL library: CIL module
 0001:00031d90       ?dtor$4@?0???1CTimeProfMgr@@QEAA@XZ@4HA 0000000140032d90 f    CIL library: CIL module
 0001:00031db0       ?dtor$0@?0???1CDataPacket@@QEAA@XZ@4HA 0000000140032db0 f    CIL library: CIL module
 0001:00031dd0       ?dtor$0@?0??getSingleton@CounterManager@@SAAEAV1@XZ@4HA 0000000140032dd0 f    CIL library: CIL module
 0001:00031df0       ?dtor$0@?0???YCAnsiString@string@wylib@@QEAAXPEBD@Z@4HA 0000000140032df0 f    CIL library: CIL module
 0001:00031e10       ?dtor$0@?0???1COPMToFile@@UEAA@XZ@4HA 0000000140032e10 f    CIL library: CIL module
 0001:00031e30       ?dtor$1@?0???1COPMToFile@@UEAA@XZ@4HA 0000000140032e30 f    CIL library: CIL module
 0001:00031e50       ?dtor$2@?0???1COPMToFile@@UEAA@XZ@4HA 0000000140032e50 f    CIL library: CIL module
 0001:00031e70       ?dtor$3@?0???1COPMToFile@@UEAA@XZ@4HA 0000000140032e70 f    CIL library: CIL module
 0001:00031e90       ?dtor$4@?0???1COPMToFile@@UEAA@XZ@4HA 0000000140032e90 f    CIL library: CIL module
 0001:00031eb0       ?dtor$5@?0???1COPMToFile@@UEAA@XZ@4HA 0000000140032eb0 f    CIL library: CIL module
 0001:00031ed0       ?dtor$6@?0???1COPMToFile@@UEAA@XZ@4HA 0000000140032ed0 f    CIL library: CIL module
 0001:00031ef0       ?dtor$7@?0???1COPMToFile@@UEAA@XZ@4HA 0000000140032ef0 f    CIL library: CIL module
 0001:00031f10       ?dtor$0@?0??addMsg@COPMToFile@@QEAAXW4tagShareOutputMsgType@@PEBD_J@Z@4HA 0000000140032f10 f    CIL library: CIL module
 0001:00031f30       ?dtor$0@?0??allocTimeProfRecord@CTimeProfMgr@@IEAAXXZ@4HA 0000000140032f30 f    CIL library: CIL module
 0001:00031f50       ?dtor$0@?0??getThreadInst@CTimeProfMgr@@QEAAPEAV1@XZ@4HA 0000000140032f50 f    CIL library: CIL module
 0001:00031f70       ?dtor$0@?0??getSingleton@CTimeProfMgr@@SAAEAV1@XZ@4HA 0000000140032f70 f    CIL library: CIL module
 0001:00031f90       ??__EmmPeriod@@YAXXZ       0000000140032f90 f   wylib_x64:Tick.obj
 0001:00031fb0       ??__EllStartTick@@YAXXZ    0000000140032fb0 f   wylib_x64:Tick.obj
 0001:00031fd0       ??__EdwLastShortTick@@YAXXZ 0000000140032fd0 f   wylib_x64:Tick.obj
