 SessionServer64_R

 Timestamp is 577a23c8 (Mon Jul 04 16:52:24 2016)

 Preferred load address is 0000000140000000

 Start         Length     Name                   Class
 0001:00000000 00033f1dH .text                   CODE
 0001:00033f20 00001069H .text$x                 CODE
 0001:00034f90 00000295H .text$yc                CODE
 0001:00035230 00000015H .text$yd                CODE
 0002:00000000 000007e8H .idata$5                DATA
 0002:000007e8 00000008H .CRT$XCA                DATA
 0002:000007f0 00000008H .CRT$XCAA               DATA
 0002:000007f8 00000020H .CRT$XCU                DATA
 0002:00000818 00000008H .CRT$XCZ                DATA
 0002:00000820 00000008H .CRT$XIA                DATA
 0002:00000828 00000008H .CRT$XIAA               DATA
 0002:00000830 00000008H .CRT$XIY                DATA
 0002:00000838 00000008H .CRT$XIZ                DATA
 0002:00000840 00005ad8H .rdata                  DATA
 0002:00006318 00000061H .rdata$debug            DATA
 0002:00006380 00001f3cH .rdata$r                DATA
 0002:000082c0 00000008H .rtc$IAA                DATA
 0002:000082c8 00000008H .rtc$IZZ                DATA
 0002:000082d0 00000008H .rtc$TAA                DATA
 0002:000082d8 00000008H .rtc$TZZ                DATA
 0002:000082e0 00003a10H .xdata                  DATA
 0002:0000bcf0 0000010cH .xdata$x                DATA
 0002:0000bdfc 000000c8H .idata$2                DATA
 0002:0000bec4 00000014H .idata$3                DATA
 0002:0000bed8 000007e8H .idata$4                DATA
 0002:0000c6c0 00000d80H .idata$6                DATA
 0002:0000d440 00000000H .edata                  DATA
 0003:00000000 00001574H .data                   DATA
 0003:00001580 00034fa0H .bss                    DATA
 0004:00000000 00003b88H .pdata                  DATA

  Address         Publics by Value              Rva+Base               Lib:Object

 0000:00000000       ___safe_se_handler_count   0000000000000000     <absolute>
 0000:00000000       ___safe_se_handler_table   0000000000000000     <absolute>
 0000:00000000       __ImageBase                0000000140000000     <linker-defined>
 0001:00000000       _tcsstr                    0000000140001000 f i srvlib_x64:TimeStat.obj
 0001:00000030       ??2@YAPEAX_KPEAX@Z         0000000140001030 f i srvlib_x64:TimeStat.obj
 0001:00000040       ??3@YAXPEAX0@Z             0000000140001040 f i srvlib_x64:TimeStat.obj
 0001:00000050       ??0CounterNode@CounterManager@@QEAA@XZ 0000000140001050 f i srvlib_x64:TimeStat.obj
 0001:00000080       ??0CounterNode@CounterManager@@QEAA@PEBDPEAX_K@Z 0000000140001080 f i srvlib_x64:TimeStat.obj
 0001:00000240       ??4CounterNode@CounterManager@@QEAAAEAU01@AEBU01@@Z 0000000140001240 f i srvlib_x64:TimeStat.obj
 0001:00000270       ?getSingleton@CounterManager@@SAAEAV1@XZ 0000000140001270 f i srvlib_x64:TimeStat.obj
 0001:000002c0       ??0CounterManager@@QEAA@XZ 00000001400012c0 f i srvlib_x64:TimeStat.obj
 0001:00000310       ?addObjectCounter@CounterManager@@QEAAXPEBDPEAX_K@Z 0000000140001310 f i srvlib_x64:TimeStat.obj
 0001:000003d0       ??_H@YAXPEAX_KHP6APEAX0@Z@Z 00000001400013d0 f i srvlib_x64:TimeStat.obj
 0001:00000420       ??0CTimeProfRecord@@QEAA@XZ 0000000140001420 f i srvlib_x64:TimeStat.obj
 0001:00000450       ?addChild@CTimeProfRecord@@QEAAXPEAV1@@Z 0000000140001450 f i srvlib_x64:TimeStat.obj
 0001:00000480       ?getChildByHash@CTimeProfRecord@@QEAAPEAV1@H@Z 0000000140001480 f i srvlib_x64:TimeStat.obj
 0001:00000510       ?reset@CTimeProfRecord@@QEAAX_N@Z 0000000140001510 f i srvlib_x64:TimeStat.obj
 0001:00000590       ?reInitBasicData@CTimeProfRecord@@QEAAXPEBDI@Z 0000000140001590 f i srvlib_x64:TimeStat.obj
 0001:000006c0       ?startProf@CTimeProfRecord@@QEAAXXZ 00000001400016c0 f i srvlib_x64:TimeStat.obj
 0001:00000710       ?endProf@CTimeProfRecord@@QEAAXXZ 0000000140001710 f i srvlib_x64:TimeStat.obj
 0001:000007f0       ?getSingleton@CTimeProfMgr@@SAAEAV1@XZ 00000001400017f0 f i srvlib_x64:TimeStat.obj
 0001:00000840       ?getThreadInst@CTimeProfMgr@@QEAAPEAV1@XZ 0000000140001840 f i srvlib_x64:TimeStat.obj
 0001:00000970       ?OnTimeProfRecordStart@CTimeProfMgr@@QEAAXPEAVCTimeProfRecord@@@Z 0000000140001970 f i srvlib_x64:TimeStat.obj
 0001:000009a0       ?OnTimeProfRecordEnd@CTimeProfMgr@@QEAAXPEAVCTimeProfRecord@@@Z 00000001400019a0 f i srvlib_x64:TimeStat.obj
 0001:000009c0       ?GetExeUnitCount@CTimeProfMgr@@QEAA_JXZ 00000001400019c0 f i srvlib_x64:TimeStat.obj
 0001:000009e0       ?getCurrTimeProfRecord@CTimeProfMgr@@QEAAPEAVCTimeProfRecord@@XZ 00000001400019e0 f i srvlib_x64:TimeStat.obj
 0001:00000a20       ?allocRecord@CTimeProfMgr@@QEAAPEAVCTimeProfRecord@@XZ 0000000140001a20 f i srvlib_x64:TimeStat.obj
 0001:00000a70       ?freeRecord@CTimeProfMgr@@QEAAXPEAVCTimeProfRecord@@@Z 0000000140001a70 f i srvlib_x64:TimeStat.obj
 0001:00000aa0       ?clear@CTimeProfMgr@@QEAAXXZ 0000000140001aa0 f i srvlib_x64:TimeStat.obj
 0001:00000c40       ?allocTimeProfRecord@CTimeProfMgr@@IEAAXXZ 0000000140001c40 f i srvlib_x64:TimeStat.obj
 0001:00000cf0       ?setThreadId@CTimeProfMgr@@IEAAXK@Z 0000000140001cf0 f i srvlib_x64:TimeStat.obj
 0001:00000d10       ??_GCTimeProfRecord@@QEAAPEAXI@Z 0000000140001d10 f i srvlib_x64:TimeStat.obj
 0001:00000d50       ??_GCTimeProfMgr@@QEAAPEAXI@Z 0000000140001d50 f i srvlib_x64:TimeStat.obj
 0001:00000d90       ??0?$Counter@VCTimeProfDummy@@@@QEAA@XZ 0000000140001d90 f i srvlib_x64:TimeStat.obj
 0001:00000db0       ??1?$Counter@VCTimeProfDummy@@@@QEAA@XZ 0000000140001db0 f i srvlib_x64:TimeStat.obj
 0001:00000dd0       ??0?$Counter@VCTimeProfRecord@@@@QEAA@XZ 0000000140001dd0 f i srvlib_x64:TimeStat.obj
 0001:00000df0       ??1?$Counter@VCTimeProfRecord@@@@QEAA@XZ 0000000140001df0 f i srvlib_x64:TimeStat.obj
 0001:00000e10       ??0?$CBaseList@PEAVCTimeProfRecord@@@container@wylib@@QEAA@XZ 0000000140001e10 f i srvlib_x64:TimeStat.obj
 0001:00000e60       ??1?$CBaseList@PEAVCTimeProfRecord@@@container@wylib@@UEAA@XZ 0000000140001e60 f i srvlib_x64:TimeStat.obj
 0001:00000e90       ?push@?$CBaseList@PEAVCTimeProfRecord@@@container@wylib@@QEAA_JAEBQEAVCTimeProfRecord@@@Z 0000000140001e90 f i srvlib_x64:TimeStat.obj
 0001:00000ec0       ?pop@?$CBaseList@PEAVCTimeProfRecord@@@container@wylib@@QEAAPEAVCTimeProfRecord@@XZ 0000000140001ec0 f i srvlib_x64:TimeStat.obj
 0001:00000f30       ??0?$CBaseList@PEAVCTimeProfMgr@@@container@wylib@@QEAA@XZ 0000000140001f30 f i srvlib_x64:TimeStat.obj
 0001:00000f80       ??1?$CBaseList@PEAVCTimeProfMgr@@@container@wylib@@UEAA@XZ 0000000140001f80 f i srvlib_x64:TimeStat.obj
 0001:00000fb0       ??B?$CBaseList@PEAVCTimeProfMgr@@@container@wylib@@QEBAPEAPEAVCTimeProfMgr@@XZ 0000000140001fb0 f i srvlib_x64:TimeStat.obj
 0001:00000fb0       ??B?$CBaseList@PEAV?$CRefObjectImpl@VCAnsiString@string@wylib@@@misc@wylib@@@container@wylib@@QEBAPEAPEAV?$CRefObjectImpl@VCAnsiString@string@wylib@@@misc@2@XZ 0000000140001fb0 f i srvlib_x64:CustomLuaConfig.obj
 0001:00000fb0       ??B?$CBaseList@PEAVCCustomServerClientSocket@@@container@wylib@@QEBAPEAPEAVCCustomServerClientSocket@@XZ 0000000140001fb0 f i srvlib_x64:CustomServerSocket.obj
 0001:00000fb0       ??B?$CBaseList@PEAVCTimeProfRecord@@@container@wylib@@QEBAPEAPEAVCTimeProfRecord@@XZ 0000000140001fb0 f i srvlib_x64:TimeStat.obj
 0001:00000fb0       ??B?$CBaseList@PEAVCDataPacket@@@container@wylib@@QEBAPEAPEAVCDataPacket@@XZ 0000000140001fb0 f i srvlib_x64:SendPackPool.obj
 0001:00000fb0       ?getSocket@CCustomSocket@socket@inet@wylib@@QEAA_KXZ 0000000140001fb0 f i srvlib_x64:CustomClientSocket.obj
 0001:00000fb0       ??B?$CBaseList@PEAUtagAppInternalMessage@@@container@wylib@@QEBAPEAPEAUtagAppInternalMessage@@XZ 0000000140001fb0 f i srvlib_x64:CustomWorkSocket.obj
 0001:00000fb0       ?rawStr@CAnsiString@string@wylib@@QEAAPEADXZ 0000000140001fb0 f i srvlib_x64:CustomLuaConfig.obj
 0001:00000fc0       ??_G?$CBaseList@PEAVCTimeProfRecord@@@container@wylib@@UEAAPEAXI@Z 0000000140001fc0 f i srvlib_x64:TimeStat.obj
 0001:00000fc0       ??_E?$CBaseList@PEAVCTimeProfRecord@@@container@wylib@@UEAAPEAXI@Z 0000000140001fc0 f i  CIL library: CIL module
 0001:00001000       ??_E?$CBaseList@PEAVCTimeProfMgr@@@container@wylib@@UEAAPEAXI@Z 0000000140002000 f i  CIL library: CIL module
 0001:00001000       ??_G?$CBaseList@PEAVCTimeProfMgr@@@container@wylib@@UEAAPEAXI@Z 0000000140002000 f i srvlib_x64:TimeStat.obj
 0001:00001040       ?addToStat@?$Counter@VCTimeProfDummy@@@@IEAAXXZ 0000000140002040 f i srvlib_x64:TimeStat.obj
 0001:000010a0       ?addToStat@?$Counter@VCTimeProfRecord@@@@IEAAXXZ 00000001400020a0 f i srvlib_x64:TimeStat.obj
 0001:00001100       ?getCount@?$Counter@VCTimeProfDummy@@@@SA_KXZ 0000000140002100 f i srvlib_x64:TimeStat.obj
 0001:00001110       ?getCount@?$Counter@VCTimeProfRecord@@@@SA_KXZ 0000000140002110 f i srvlib_x64:TimeStat.obj
 0001:00001120       ??$strcpy_s@$0EA@@@YAHAEAY0EA@DPEBD@Z 0000000140002120 f i srvlib_x64:TimeStat.obj
 0001:00001150       ??$sprintf_s@$0CAA@@@YAHAEAY0CAA@DPEBDZZ 0000000140002150 f i srvlib_x64:TimeStat.obj
 0001:000011a0       ??$sprintf_s@$0EA@@@YAHAEAY0EA@DPEBDZZ 00000001400021a0 f i srvlib_x64:TimeStat.obj
 0001:000011f0       ?_tcsstr@@YAPEADPEADPEBD@Z 00000001400021f0 f i srvlib_x64:WinService.obj
 0001:00001220       ??_ECWinService@@UEAAPEAXI@Z 0000000140002220 f i  CIL library: CIL module
 0001:00001220       ??_GCWinService@@UEAAPEAXI@Z 0000000140002220 f i srvlib_x64:WinService.obj
 0001:00001260       ?alloc@CAnsiString@string@wylib@@MEAAPEAXPEAX_K@Z 0000000140002260 f i srvlib_x64:CustomLuaConfig.obj
 0001:000012b0       ?setData@CAnsiString@string@wylib@@IEAAXPEBD@Z 00000001400022b0 f i srvlib_x64:CustomLuaConfig.obj
 0001:00001350       ?catData@CAnsiString@string@wylib@@IEAAXPEBD@Z 0000000140002350 f i srvlib_x64:CustomLuaConfig.obj
 0001:000013f0       ??0CAnsiString@string@wylib@@QEAA@XZ 00000001400023f0 f i srvlib_x64:CustomLuaConfig.obj
 0001:00001420       ??0CAnsiString@string@wylib@@QEAA@PEBD@Z 0000000140002420 f i srvlib_x64:CustomLuaConfig.obj
 0001:00001470       ??1CAnsiString@string@wylib@@UEAA@XZ 0000000140002470 f i srvlib_x64:CustomLuaConfig.obj
 0001:000014a0       ??BCAnsiString@string@wylib@@QEAAPEADXZ 00000001400024a0 f i srvlib_x64:CustomLuaConfig.obj
 0001:000014e0       ??4CAnsiString@string@wylib@@QEAAXPEBD@Z 00000001400024e0 f i srvlib_x64:CustomLuaConfig.obj
 0001:00001520       ??YCAnsiString@string@wylib@@QEAAXPEBD@Z 0000000140002520 f i srvlib_x64:CustomLuaConfig.obj
 0001:00001590       ?length@CAnsiString@string@wylib@@QEBA_KXZ 0000000140002590 f i srvlib_x64:CustomLuaConfig.obj
 0001:000015d0       ?isEmpty@CAnsiString@string@wylib@@QEBA_NXZ 00000001400025d0 f i srvlib_x64:CustomLuaConfig.obj
 0001:00001610       ??_GCAnsiString@string@wylib@@UEAAPEAXI@Z 0000000140002610 f i srvlib_x64:CustomLuaConfig.obj
 0001:00001610       ??_ECAnsiString@string@wylib@@UEAAPEAXI@Z 0000000140002610 f i  CIL library: CIL module
 0001:00001650       ??_ECCustomLuaConfig@@UEAAPEAXI@Z 0000000140002650 f i  CIL library: CIL module
 0001:00001650       ??_GCCustomLuaConfig@@UEAAPEAXI@Z 0000000140002650 f i srvlib_x64:CustomLuaConfig.obj
 0001:00001690       ??4?$CTRefString@VCAnsiString@string@wylib@@D@string@wylib@@QEAAXPEBD@Z 0000000140002690 f i srvlib_x64:CustomLuaConfig.obj
 0001:00001730       ??0?$CBaseList@PEAV?$CRefObjectImpl@VCAnsiString@string@wylib@@@misc@wylib@@@container@wylib@@QEAA@XZ 0000000140002730 f i srvlib_x64:CustomLuaConfig.obj
 0001:00001780       ??1?$CBaseList@PEAV?$CRefObjectImpl@VCAnsiString@string@wylib@@@misc@wylib@@@container@wylib@@UEAA@XZ 0000000140002780 f i srvlib_x64:CustomLuaConfig.obj
 0001:000017b0       ?add@?$CBaseList@PEAVCDataPacket@@@container@wylib@@QEAA_JAEBQEAVCDataPacket@@@Z 00000001400027b0 f i srvlib_x64:CustomWorkSocket.obj
 0001:000017b0       ?add@?$CBaseList@PEAVCCustomServerClientSocket@@@container@wylib@@QEAA_JAEBQEAVCCustomServerClientSocket@@@Z 00000001400027b0 f i srvlib_x64:CustomServerSocket.obj
 0001:000017b0       ?add@?$CBaseList@PEAV?$CRefObjectImpl@VCAnsiString@string@wylib@@@misc@wylib@@@container@wylib@@QEAA_JAEBQEAV?$CRefObjectImpl@VCAnsiString@string@wylib@@@misc@3@@Z 00000001400027b0 f i srvlib_x64:CustomLuaConfig.obj
 0001:000017b0       ?add@?$CBaseList@PEAVCTimeProfRecord@@@container@wylib@@QEAA_JAEBQEAVCTimeProfRecord@@@Z 00000001400027b0 f i srvlib_x64:TimeStat.obj
 0001:000017b0       ?add@?$CBaseList@PEAUtagAppInternalMessage@@@container@wylib@@QEAA_JAEBQEAUtagAppInternalMessage@@@Z 00000001400027b0 f i srvlib_x64:CustomWorkSocket.obj
 0001:000017b0       ?add@?$CBaseList@PEAVCTimeProfMgr@@@container@wylib@@QEAA_JAEBQEAVCTimeProfMgr@@@Z 00000001400027b0 f i srvlib_x64:TimeStat.obj
 0001:00001860       ?remove@?$CBaseList@PEAVCCustomServerClientSocket@@@container@wylib@@QEAAX_J@Z 0000000140002860 f i srvlib_x64:CustomServerSocket.obj
 0001:00001860       ?remove@?$CBaseList@PEAV?$CRefObjectImpl@VCAnsiString@string@wylib@@@misc@wylib@@@container@wylib@@QEAAX_J@Z 0000000140002860 f i srvlib_x64:CustomLuaConfig.obj
 0001:000018a0       ?reserve@?$CBaseList@PEAVCTimeProfRecord@@@container@wylib@@UEAAX_J@Z 00000001400028a0 f i srvlib_x64:TimeStat.obj
 0001:000018a0       ?reserve@?$CBaseList@PEAV?$CRefObjectImpl@VCAnsiString@string@wylib@@@misc@wylib@@@container@wylib@@UEAAX_J@Z 00000001400028a0 f i srvlib_x64:CustomLuaConfig.obj
 0001:000018a0       ?reserve@?$CBaseList@PEAUtagAppInternalMessage@@@container@wylib@@UEAAX_J@Z 00000001400028a0 f i srvlib_x64:CustomWorkSocket.obj
 0001:000018a0       ?reserve@?$CBaseList@PEAVCTimeProfMgr@@@container@wylib@@UEAAX_J@Z 00000001400028a0 f i srvlib_x64:TimeStat.obj
 0001:000018a0       ?reserve@?$CBaseList@PEAVCDataPacket@@@container@wylib@@UEAAX_J@Z 00000001400028a0 f i srvlib_x64:SendPackPool.obj
 0001:000018a0       ?reserve@?$CBaseList@PEAVCCustomServerClientSocket@@@container@wylib@@UEAAX_J@Z 00000001400028a0 f i srvlib_x64:CustomServerSocket.obj
 0001:00001910       ??0?$CRefObjectImpl@VCAnsiString@string@wylib@@@misc@wylib@@QEAA@XZ 0000000140002910 f i srvlib_x64:CustomLuaConfig.obj
 0001:00001950       ?addRef@?$CRefObjectImpl@VCAnsiString@string@wylib@@@misc@wylib@@QEAAJXZ 0000000140002950 f i srvlib_x64:CustomLuaConfig.obj
 0001:00001970       ?release@?$CRefObjectImpl@VCAnsiString@string@wylib@@@misc@wylib@@QEAAJXZ 0000000140002970 f i srvlib_x64:CustomLuaConfig.obj
 0001:000019c0       ?finallRelease@?$CRefObjectImpl@VCAnsiString@string@wylib@@@misc@wylib@@MEAAXXZ 00000001400029c0 f i srvlib_x64:CustomLuaConfig.obj
 0001:00001a10       ??_E?$CBaseList@PEAV?$CRefObjectImpl@VCAnsiString@string@wylib@@@misc@wylib@@@container@wylib@@UEAAPEAXI@Z 0000000140002a10 f i  CIL library: CIL module
 0001:00001a10       ??_G?$CBaseList@PEAV?$CRefObjectImpl@VCAnsiString@string@wylib@@@misc@wylib@@@container@wylib@@UEAAPEAXI@Z 0000000140002a10 f i srvlib_x64:CustomLuaConfig.obj
 0001:00001a50       ??_G?$CRefObjectImpl@VCAnsiString@string@wylib@@@misc@wylib@@UEAAPEAXI@Z 0000000140002a50 f i srvlib_x64:CustomLuaConfig.obj
 0001:00001a50       ??_E?$CRefObjectImpl@VCAnsiString@string@wylib@@@misc@wylib@@UEAAPEAXI@Z 0000000140002a50 f i  CIL library: CIL module
 0001:00001a90       ??1?$CRefObjectImpl@VCAnsiString@string@wylib@@@misc@wylib@@UEAA@XZ 0000000140002a90 f i srvlib_x64:CustomLuaConfig.obj
 0001:00001ab0       ?remove@?$CBaseList@PEAV?$CRefObjectImpl@VCAnsiString@string@wylib@@@misc@wylib@@@container@wylib@@QEAAX_J0@Z 0000000140002ab0 f i srvlib_x64:CustomLuaConfig.obj
 0001:00001ab0       ?remove@?$CBaseList@PEAVCCustomServerClientSocket@@@container@wylib@@QEAAX_J0@Z 0000000140002ab0 f i srvlib_x64:CustomServerSocket.obj
 0001:00001b50       _tcsncpy                   0000000140002b50 f i srvlib_x64:CustomLuaScript.obj
 0001:00001b80       ?getMemoryPtr@CDataPacketReader@@QEAAPEADXZ 0000000140002b80 f i srvlib_x64:CustomLuaScript.obj
 0001:00001b90       ?writeBuf@CDataPacket@@QEAAXPEBX_K@Z 0000000140002b90 f i srvlib_x64:CustomLuaScript.obj
 0001:00001c50       ?setLength@CDataPacket@@QEAAX_K@Z 0000000140002c50 f i srvlib_x64:CustomLuaScript.obj
 0001:00001cd0       ?setSize@CDataPacket@@IEAAX_K@Z 0000000140002cd0 f i srvlib_x64:CustomLuaScript.obj
 0001:00001e10       ??_ECCustomLuaScript@@UEAAPEAXI@Z 0000000140002e10 f i  CIL library: CIL module
 0001:00001e10       ??_GCCustomLuaScript@@UEAAPEAXI@Z 0000000140002e10 f i srvlib_x64:CustomLuaScript.obj
 0001:00001e50       ??1?$CTRefString@VCAnsiString@string@wylib@@D@string@wylib@@UEAA@XZ 0000000140002e50 f i srvlib_x64:CustomLuaScript.obj
 0001:00001e70       ?lcCheck@CCustomLuaScript@@IEAA_NH@Z 0000000140002e70 f i srvlib_x64:CustomLuaScript.obj
 0001:00001f90       ??0?$CTRefString@VCAnsiString@string@wylib@@D@string@wylib@@QEAA@XZ 0000000140002f90 f i srvlib_x64:CustomLuaScript.obj
 0001:00001fc0       ??1?$CRefObject@VCAnsiString@string@wylib@@@misc@wylib@@UEAA@XZ 0000000140002fc0 f i srvlib_x64:CustomLuaScript.obj
 0001:00002000       ??_E?$CTRefString@VCAnsiString@string@wylib@@D@string@wylib@@UEAAPEAXI@Z 0000000140003000 f i  CIL library: CIL module
 0001:00002000       ??_G?$CTRefString@VCAnsiString@string@wylib@@D@string@wylib@@UEAAPEAXI@Z 0000000140003000 f i srvlib_x64:CustomLuaScript.obj
 0001:00002040       ??_E?$CRefObject@VCAnsiString@string@wylib@@@misc@wylib@@UEAAPEAXI@Z 0000000140003040 f i  CIL library: CIL module
 0001:00002040       ??_G?$CRefObject@VCAnsiString@string@wylib@@@misc@wylib@@UEAAPEAXI@Z 0000000140003040 f i srvlib_x64:CustomLuaScript.obj
 0001:00002080       ??0?$CRefObject@VCAnsiString@string@wylib@@@misc@wylib@@QEAA@XZ 0000000140003080 f i srvlib_x64:CustomLuaScript.obj
 0001:000020b0       ?connected@CCustomSocket@socket@inet@wylib@@QEAA_NXZ 00000001400030b0 f i srvlib_x64:CustomWorkSocket.obj
 0001:000020c0       ?getLength@CDataPacketReader@@QEAA_KXZ 00000001400030c0 f i srvlib_x64:CustomWorkSocket.obj
 0001:000020e0       ?setPosition@CDataPacket@@QEAA_K_K@Z 00000001400030e0 f i srvlib_x64:CustomWorkSocket.obj
 0001:00002170       ?allocSendPacket@CSendPacketPool@@QEAAAEAVCDataPacket@@XZ 0000000140003170 f i srvlib_x64:CustomWorkSocket.obj
 0001:000021b0       ?flushSendPacket@CSendPacketPool@@QEAAXAEAVCDataPacket@@@Z 00000001400031b0 f i srvlib_x64:CustomWorkSocket.obj
 0001:00002260       ??_ECCustomWorkSocket@@UEAAPEAXI@Z 0000000140003260 f i  CIL library: CIL module
 0001:00002260       ??_GCCustomWorkSocket@@UEAAPEAXI@Z 0000000140003260 f i srvlib_x64:CustomWorkSocket.obj
 0001:000022a0       ??0?$CQueueList@PEAUtagAppInternalMessage@@@container@wylib@@QEAA@XZ 00000001400032a0 f i srvlib_x64:CustomWorkSocket.obj
 0001:000022e0       ??1?$CQueueList@PEAUtagAppInternalMessage@@@container@wylib@@UEAA@XZ 00000001400032e0 f i srvlib_x64:CustomWorkSocket.obj
 0001:00002310       ??_G?$CQueueList@PEAUtagAppInternalMessage@@@container@wylib@@UEAAPEAXI@Z 0000000140003310 f i srvlib_x64:CustomWorkSocket.obj
 0001:00002310       ??_E?$CQueueList@PEAUtagAppInternalMessage@@@container@wylib@@UEAAPEAXI@Z 0000000140003310 f i  CIL library: CIL module
 0001:00002350       ??1?$CLockList@PEAUtagAppInternalMessage@@@container@wylib@@UEAA@XZ 0000000140003350 f i srvlib_x64:CustomWorkSocket.obj
 0001:00002370       ?append@?$CQueueList@PEAUtagAppInternalMessage@@@container@wylib@@QEAAXAEBQEAUtagAppInternalMessage@@@Z 0000000140003370 f i srvlib_x64:CustomWorkSocket.obj
 0001:00002370       ?append@?$CQueueList@PEAVCDataPacket@@@container@wylib@@QEAAXAEBQEAVCDataPacket@@@Z 0000000140003370 f i srvlib_x64:CustomWorkSocket.obj
 0001:00002370       ?append@?$CQueueList@PEAVCCustomServerClientSocket@@@container@wylib@@QEAAXAEBQEAVCCustomServerClientSocket@@@Z 0000000140003370 f i srvlib_x64:CustomServerSocket.obj
 0001:000023b0       ?lock@?$CLockList@PEAVCCustomServerClientSocket@@@container@wylib@@QEAAXXZ 00000001400033b0 f i srvlib_x64:CustomServerSocket.obj
 0001:000023b0       ?lock@?$CLockList@PEAUtagAppInternalMessage@@@container@wylib@@QEAAXXZ 00000001400033b0 f i srvlib_x64:CustomWorkSocket.obj
 0001:000023b0       ?lock@?$CLockList@PEAVCDataPacket@@@container@wylib@@QEAAXXZ 00000001400033b0 f i srvlib_x64:CustomWorkSocket.obj
 0001:000023f0       ??0?$CLockList@PEAUtagAppInternalMessage@@@container@wylib@@QEAA@PEAVCBaseLock@lock@sync@2@@Z 00000001400033f0 f i srvlib_x64:CustomWorkSocket.obj
 0001:00002430       ??0?$CBaseList@PEAUtagAppInternalMessage@@@container@wylib@@QEAA@XZ 0000000140003430 f i srvlib_x64:CustomWorkSocket.obj
 0001:00002480       ??1?$CBaseList@PEAUtagAppInternalMessage@@@container@wylib@@UEAA@XZ 0000000140003480 f i srvlib_x64:CustomWorkSocket.obj
 0001:000024b0       ?empty@?$CBaseList@PEAVCTimeProfMgr@@@container@wylib@@UEAAXXZ 00000001400034b0 f i srvlib_x64:TimeStat.obj
 0001:000024b0       ?empty@?$CBaseList@PEAUtagAppInternalMessage@@@container@wylib@@UEAAXXZ 00000001400034b0 f i srvlib_x64:CustomWorkSocket.obj
 0001:000024b0       ?empty@?$CBaseList@PEAVCCustomServerClientSocket@@@container@wylib@@UEAAXXZ 00000001400034b0 f i srvlib_x64:CustomServerSocket.obj
 0001:000024b0       ?empty@?$CBaseList@PEAVCDataPacket@@@container@wylib@@UEAAXXZ 00000001400034b0 f i srvlib_x64:SendPackPool.obj
 0001:000024b0       ?empty@?$CBaseList@PEAVCTimeProfRecord@@@container@wylib@@UEAAXXZ 00000001400034b0 f i srvlib_x64:TimeStat.obj
 0001:000024b0       ?empty@?$CBaseList@PEAV?$CRefObjectImpl@VCAnsiString@string@wylib@@@misc@wylib@@@container@wylib@@UEAAXXZ 00000001400034b0 f i srvlib_x64:CustomLuaConfig.obj
 0001:00002500       ?clear@?$CBaseList@PEAVCTimeProfRecord@@@container@wylib@@QEAAXXZ 0000000140003500 f i srvlib_x64:TimeStat.obj
 0001:00002500       ?clear@?$CBaseList@PEAVCCustomServerClientSocket@@@container@wylib@@QEAAXXZ 0000000140003500 f i srvlib_x64:CustomServerSocket.obj
 0001:00002500       ?clear@?$CBaseList@PEAV?$CRefObjectImpl@VCAnsiString@string@wylib@@@misc@wylib@@@container@wylib@@QEAAXXZ 0000000140003500 f i srvlib_x64:CustomLuaConfig.obj
 0001:00002500       ?clear@?$CBaseList@PEAVCDataPacket@@@container@wylib@@QEAAXXZ 0000000140003500 f i srvlib_x64:SendPackPool.obj
 0001:00002500       ?clear@?$CBaseList@PEAVCTimeProfMgr@@@container@wylib@@QEAAXXZ 0000000140003500 f i srvlib_x64:TimeStat.obj
 0001:00002500       ?clear@?$CBaseList@PEAUtagAppInternalMessage@@@container@wylib@@QEAAXXZ 0000000140003500 f i srvlib_x64:CustomWorkSocket.obj
 0001:00002520       ??_G?$CLockList@PEAUtagAppInternalMessage@@@container@wylib@@UEAAPEAXI@Z 0000000140003520 f i srvlib_x64:CustomWorkSocket.obj
 0001:00002520       ??_E?$CLockList@PEAUtagAppInternalMessage@@@container@wylib@@UEAAPEAXI@Z 0000000140003520 f i  CIL library: CIL module
 0001:00002560       ??_E?$CBaseList@PEAUtagAppInternalMessage@@@container@wylib@@UEAAPEAXI@Z 0000000140003560 f i  CIL library: CIL module
 0001:00002560       ??_G?$CBaseList@PEAUtagAppInternalMessage@@@container@wylib@@UEAAPEAXI@Z 0000000140003560 f i srvlib_x64:CustomWorkSocket.obj
 0001:000025a0       ??_GCCustomServerClientSocket@@UEAAPEAXI@Z 00000001400035a0 f i srvlib_x64:CustomServerClientSocket.obj
 0001:000025a0       ??_ECCustomServerClientSocket@@UEAAPEAXI@Z 00000001400035a0 f i  CIL library: CIL module
 0001:000025e0       ??0?$Counter@VCCustomServerClientSocket@@@@QEAA@XZ 00000001400035e0 f i srvlib_x64:CustomServerClientSocket.obj
 0001:00002600       ??1?$Counter@VCCustomServerClientSocket@@@@QEAA@XZ 0000000140003600 f i srvlib_x64:CustomServerClientSocket.obj
 0001:00002620       ?addToStat@?$Counter@VCCustomServerClientSocket@@@@IEAAXXZ 0000000140003620 f i srvlib_x64:CustomServerClientSocket.obj
 0001:00002680       ?getCount@?$Counter@VCCustomServerClientSocket@@@@SA_KXZ 0000000140003680 f i srvlib_x64:CustomServerClientSocket.obj
 0001:00002690       ?Run@CCustomServerClientSocket@@QEAAXXZ 0000000140003690 f i srvlib_x64:CustomServerSocket.obj
 0001:000026b0       ??_ECCustomServerSocket@@UEAAPEAXI@Z 00000001400036b0 f i  CIL library: CIL module
 0001:000026b0       ??_GCCustomServerSocket@@UEAAPEAXI@Z 00000001400036b0 f i srvlib_x64:CustomServerSocket.obj
 0001:000026f0       ??0?$CQueueList@PEAVCCustomServerClientSocket@@@container@wylib@@QEAA@XZ 00000001400036f0 f i srvlib_x64:CustomServerSocket.obj
 0001:00002730       ??1?$CQueueList@PEAVCCustomServerClientSocket@@@container@wylib@@UEAA@XZ 0000000140003730 f i srvlib_x64:CustomServerSocket.obj
 0001:00002760       ??_E?$CQueueList@PEAVCCustomServerClientSocket@@@container@wylib@@UEAAPEAXI@Z 0000000140003760 f i  CIL library: CIL module
 0001:00002760       ??_G?$CQueueList@PEAVCCustomServerClientSocket@@@container@wylib@@UEAAPEAXI@Z 0000000140003760 f i srvlib_x64:CustomServerSocket.obj
 0001:000027a0       ??1?$CLockList@PEAVCCustomServerClientSocket@@@container@wylib@@UEAA@XZ 00000001400037a0 f i srvlib_x64:CustomServerSocket.obj
 0001:000027c0       ?flush@?$CQueueList@PEAVCCustomServerClientSocket@@@container@wylib@@QEAAXXZ 00000001400037c0 f i srvlib_x64:CustomServerSocket.obj
 0001:000027c0       ?flush@?$CQueueList@PEAVCDataPacket@@@container@wylib@@QEAAXXZ 00000001400037c0 f i srvlib_x64:SendPackPool.obj
 0001:000027c0       ?flush@?$CQueueList@PEAUtagAppInternalMessage@@@container@wylib@@QEAAXXZ 00000001400037c0 f i srvlib_x64:CustomWorkSocket.obj
 0001:00002830       ??0?$CLockList@PEAVCCustomServerClientSocket@@@container@wylib@@QEAA@PEAVCBaseLock@lock@sync@2@@Z 0000000140003830 f i srvlib_x64:CustomServerSocket.obj
 0001:00002870       ?unlock@?$CLockList@PEAVCCustomServerClientSocket@@@container@wylib@@QEAAXXZ 0000000140003870 f i srvlib_x64:CustomServerSocket.obj
 0001:00002870       ?unlock@?$CLockList@PEAUtagAppInternalMessage@@@container@wylib@@QEAAXXZ 0000000140003870 f i srvlib_x64:CustomWorkSocket.obj
 0001:00002870       ?unlock@?$CLockList@PEAVCDataPacket@@@container@wylib@@QEAAXXZ 0000000140003870 f i srvlib_x64:CustomWorkSocket.obj
 0001:000028b0       ??0?$CBaseList@PEAVCCustomServerClientSocket@@@container@wylib@@QEAA@XZ 00000001400038b0 f i srvlib_x64:CustomServerSocket.obj
 0001:00002900       ??1?$CBaseList@PEAVCCustomServerClientSocket@@@container@wylib@@UEAA@XZ 0000000140003900 f i srvlib_x64:CustomServerSocket.obj
 0001:00002930       ?count@?$CBaseList@PEAVCDataPacket@@@container@wylib@@QEBA_JXZ 0000000140003930 f i srvlib_x64:SendPackPool.obj
 0001:00002930       ?count@?$CBaseList@PEAV?$CRefObjectImpl@VCAnsiString@string@wylib@@@misc@wylib@@@container@wylib@@QEBA_JXZ 0000000140003930 f i srvlib_x64:CustomLuaConfig.obj
 0001:00002930       ?count@?$CBaseList@PEAUtagAppInternalMessage@@@container@wylib@@QEBA_JXZ 0000000140003930 f i srvlib_x64:CustomWorkSocket.obj
 0001:00002930       ?count@?$CBaseList@PEAVCCustomServerClientSocket@@@container@wylib@@QEBA_JXZ 0000000140003930 f i srvlib_x64:CustomServerSocket.obj
 0001:00002930       ?count@?$CBaseList@PEAVCTimeProfRecord@@@container@wylib@@QEBA_JXZ 0000000140003930 f i srvlib_x64:TimeStat.obj
 0001:00002930       ?count@?$CBaseList@PEAVCTimeProfMgr@@@container@wylib@@QEBA_JXZ 0000000140003930 f i srvlib_x64:TimeStat.obj
 0001:00002940       ??_G?$CLockList@PEAVCCustomServerClientSocket@@@container@wylib@@UEAAPEAXI@Z 0000000140003940 f i srvlib_x64:CustomServerSocket.obj
 0001:00002940       ??_E?$CLockList@PEAVCCustomServerClientSocket@@@container@wylib@@UEAAPEAXI@Z 0000000140003940 f i  CIL library: CIL module
 0001:00002980       ??_G?$CBaseList@PEAVCCustomServerClientSocket@@@container@wylib@@UEAAPEAXI@Z 0000000140003980 f i srvlib_x64:CustomServerSocket.obj
 0001:00002980       ??_E?$CBaseList@PEAVCCustomServerClientSocket@@@container@wylib@@UEAAPEAXI@Z 0000000140003980 f i  CIL library: CIL module
 0001:000029c0       ?trunc@?$CBaseList@PEAVCCustomServerClientSocket@@@container@wylib@@QEAAX_J@Z 00000001400039c0 f i srvlib_x64:CustomServerSocket.obj
 0001:000029c0       ?trunc@?$CBaseList@PEAUtagAppInternalMessage@@@container@wylib@@QEAAX_J@Z 00000001400039c0 f i srvlib_x64:CustomWorkSocket.obj
 0001:000029c0       ?trunc@?$CBaseList@PEAVCDataPacket@@@container@wylib@@QEAAX_J@Z 00000001400039c0 f i srvlib_x64:SendPackPool.obj
 0001:000029f0       ?CheckMemory@CSendPacketPool@@QEAAX_NH@Z 00000001400039f0 f i srvlib_x64:CustomClientSocket.obj
 0001:00002a70       ??_GCCustomClientSocket@@UEAAPEAXI@Z 0000000140003a70 f i srvlib_x64:CustomClientSocket.obj
 0001:00002a70       ??_ECCustomClientSocket@@UEAAPEAXI@Z 0000000140003a70 f i  CIL library: CIL module
 0001:00002ab0       ?getAvaliableLength@CDataPacketReader@@QEAA_KXZ 0000000140003ab0 f i srvlib_x64:SendPackPool.obj
 0001:00002ad0       ?maxCount@?$CBaseList@PEAVCDataPacket@@@container@wylib@@QEBA_JXZ 0000000140003ad0 f i srvlib_x64:SendPackPool.obj
 0001:00002ad0       ?getOffsetPtr@CDataPacketReader@@QEAAPEADXZ 0000000140003ad0 f i srvlib_x64:SendPackPool.obj
 0001:00002ae0       ??0CDataPacketReader@@QEAA@XZ 0000000140003ae0 f i srvlib_x64:SendPackPool.obj
 0001:00002b20       ?adjustOffset@CDataPacket@@QEAA_K_J@Z 0000000140003b20 f i srvlib_x64:SendPackPool.obj
 0001:00002be0       ??0CDataPacket@@QEAA@PEAVCBufferAllocator@@@Z 0000000140003be0 f i srvlib_x64:SendPackPool.obj
 0001:00002c30       ??1CDataPacket@@QEAA@XZ    0000000140003c30 f i srvlib_x64:SendPackPool.obj
 0001:00002cc0       ??0?$CQueueList@PEAVCDataPacket@@@container@wylib@@QEAA@XZ 0000000140003cc0 f i srvlib_x64:SendPackPool.obj
 0001:00002d00       ??1?$CQueueList@PEAVCDataPacket@@@container@wylib@@UEAA@XZ 0000000140003d00 f i srvlib_x64:SendPackPool.obj
 0001:00002d30       ??1?$CLockList@PEAVCDataPacket@@@container@wylib@@UEAA@XZ 0000000140003d30 f i srvlib_x64:SendPackPool.obj
 0001:00002d50       ??_G?$CQueueList@PEAVCDataPacket@@@container@wylib@@UEAAPEAXI@Z 0000000140003d50 f i srvlib_x64:SendPackPool.obj
 0001:00002d50       ??_E?$CQueueList@PEAVCDataPacket@@@container@wylib@@UEAAPEAXI@Z 0000000140003d50 f i  CIL library: CIL module
 0001:00002d90       ??_GCDataPacket@@QEAAPEAXI@Z 0000000140003d90 f i srvlib_x64:SendPackPool.obj
 0001:00002dd0       ??0?$Counter@VCDataPacket@@@@QEAA@XZ 0000000140003dd0 f i srvlib_x64:SendPackPool.obj
 0001:00002df0       ??1?$Counter@VCDataPacket@@@@QEAA@XZ 0000000140003df0 f i srvlib_x64:SendPackPool.obj
 0001:00002e10       ??0?$CLockList@PEAVCDataPacket@@@container@wylib@@QEAA@PEAVCBaseLock@lock@sync@2@@Z 0000000140003e10 f i srvlib_x64:SendPackPool.obj
 0001:00002e50       ?setLock@?$CLockList@PEAVCDataPacket@@@container@wylib@@QEAAPEAVCBaseLock@lock@sync@3@PEAV4563@@Z 0000000140003e50 f i srvlib_x64:SendPackPool.obj
 0001:00002e50       ?setLock@?$CLockList@PEAUtagAppInternalMessage@@@container@wylib@@QEAAPEAVCBaseLock@lock@sync@3@PEAV4563@@Z 0000000140003e50 f i srvlib_x64:CustomWorkSocket.obj
 0001:00002e50       ?setLock@?$CLockList@PEAVCCustomServerClientSocket@@@container@wylib@@QEAAPEAVCBaseLock@lock@sync@3@PEAV4563@@Z 0000000140003e50 f i srvlib_x64:CustomServerSocket.obj
 0001:00002e90       ??0?$CBaseList@PEAVCDataPacket@@@container@wylib@@QEAA@XZ 0000000140003e90 f i srvlib_x64:SendPackPool.obj
 0001:00002ee0       ??1?$CBaseList@PEAVCDataPacket@@@container@wylib@@UEAA@XZ 0000000140003ee0 f i srvlib_x64:SendPackPool.obj
 0001:00002f10       ?addArray@?$CBaseList@PEAUtagAppInternalMessage@@@container@wylib@@QEAAXPEAPEAUtagAppInternalMessage@@_J@Z 0000000140003f10 f i srvlib_x64:CustomWorkSocket.obj
 0001:00002f10       ?addArray@?$CBaseList@PEAVCDataPacket@@@container@wylib@@QEAAXPEAPEAVCDataPacket@@_J@Z 0000000140003f10 f i srvlib_x64:SendPackPool.obj
 0001:00002f10       ?addArray@?$CBaseList@PEAVCCustomServerClientSocket@@@container@wylib@@QEAAXPEAPEAVCCustomServerClientSocket@@_J@Z 0000000140003f10 f i srvlib_x64:CustomServerSocket.obj
 0001:00002fb0       ??_E?$CLockList@PEAVCDataPacket@@@container@wylib@@UEAAPEAXI@Z 0000000140003fb0 f i  CIL library: CIL module
 0001:00002fb0       ??_G?$CLockList@PEAVCDataPacket@@@container@wylib@@UEAAPEAXI@Z 0000000140003fb0 f i srvlib_x64:SendPackPool.obj
 0001:00002ff0       ??_E?$CBaseList@PEAVCDataPacket@@@container@wylib@@UEAAPEAXI@Z 0000000140003ff0 f i  CIL library: CIL module
 0001:00002ff0       ??_G?$CBaseList@PEAVCDataPacket@@@container@wylib@@UEAAPEAXI@Z 0000000140003ff0 f i srvlib_x64:SendPackPool.obj
 0001:00003030       ?addToStat@?$Counter@VCDataPacket@@@@IEAAXXZ 0000000140004030 f i srvlib_x64:SendPackPool.obj
 0001:00003090       ?addList@?$CBaseList@PEAUtagAppInternalMessage@@@container@wylib@@QEAAXAEBV123@@Z 0000000140004090 f i srvlib_x64:CustomWorkSocket.obj
 0001:00003090       ?addList@?$CBaseList@PEAVCDataPacket@@@container@wylib@@QEAAXAEBV123@@Z 0000000140004090 f i srvlib_x64:SendPackPool.obj
 0001:00003090       ?addList@?$CBaseList@PEAVCCustomServerClientSocket@@@container@wylib@@QEAAXAEBV123@@Z 0000000140004090 f i srvlib_x64:CustomServerSocket.obj
 0001:000030d0       ?getCount@?$Counter@VCDataPacket@@@@SA_KXZ 00000001400040d0 f i srvlib_x64:SendPackPool.obj
 0001:000030e0       ??0CDataPacketReader@@QEAA@PEBX_K@Z 00000001400040e0 f i AMClient_x64:AMClient.obj
 0001:00003100       ??0CAMClient@@QEAA@XZ      0000000140004100 f   AMClient_x64:AMClient.obj
 0001:000031c0       ??_ECAMClient@@UEAAPEAXI@Z 00000001400041c0 f i  CIL library: CIL module
 0001:000031c0       ??_GCAMClient@@UEAAPEAXI@Z 00000001400041c0 f i AMClient_x64:AMClient.obj
 0001:000031f0       ??1?$CQueueList@UAMOPData@CAMClient@@@container@wylib@@UEAA@XZ 00000001400041f0 f i AMClient_x64:AMClient.obj
 0001:00003260       ??_E?$CQueueList@UAMOPData@CAMClient@@@container@wylib@@UEAAPEAXI@Z 0000000140004260 f i  CIL library: CIL module
 0001:00003260       ??_G?$CQueueList@UAMOPData@CAMClient@@@container@wylib@@UEAAPEAXI@Z 0000000140004260 f i AMClient_x64:AMClient.obj
 0001:000032f0       ??1CAMClient@@UEAA@XZ      00000001400042f0 f   AMClient_x64:AMClient.obj
 0001:000033b0       ?SetProductName@CAMClient@@QEAAXPEBD@Z 00000001400043b0 f   AMClient_x64:AMClient.obj
 0001:000033e0       ?SetSPID@CAMClient@@QEAAXPEBD@Z 00000001400043e0 f   AMClient_x64:AMClient.obj
 0001:00003410       ?ProcessRecvBuffers@CAMClient@@MEAAXPEAUtagDataBuffer@@@Z 0000000140004410 f   AMClient_x64:AMClient.obj
 0001:000034d0       ?SendKeepAlive@CAMClient@@MEAAXXZ 00000001400044d0 f   AMClient_x64:AMClient.obj
 0001:00003620       ?SendRegisteClient@CAMClient@@MEAAXXZ 0000000140004620 f   AMClient_x64:AMClient.obj
 0001:00003860       ?ProcessRecvPacket@CAMClient@@AEAAXAEAVCDataPacketReader@@@Z 0000000140004860 f   AMClient_x64:AMClient.obj
 0001:000039f0       ?GetAMOPResults@CAMClient@@QEAA_JAEAV?$CBaseList@UAMOPData@CAMClient@@@container@wylib@@@Z 00000001400049f0 f   AMClient_x64:AMClient.obj
 0001:00003a90       ?PostQueryAmount@CAMClient@@QEAAX_J00@Z 0000000140004a90 f   AMClient_x64:AMClient.obj
 0001:00003bd0       ?PostConsume@CAMClient@@QEAAX_J00PEBD0@Z 0000000140004bd0 f   AMClient_x64:AMClient.obj
 0001:00003d70       ?append@?$CQueueList@UAMOPData@CAMClient@@@container@wylib@@QEAAXAEBUAMOPData@CAMClient@@@Z 0000000140004d70 f i AMClient_x64:AMClient.obj
 0001:00003e20       ?flush@?$CQueueList@UAMOPData@CAMClient@@@container@wylib@@QEAAXXZ 0000000140004e20 f i AMClient_x64:AMClient.obj
 0001:00003ed0       ??1?$CBaseList@UAMOPData@CAMClient@@@container@wylib@@UEAA@XZ 0000000140004ed0 f i AMClient_x64:AMClient.obj
 0001:00003f10       ?reserve@?$CBaseList@UAMOPData@CAMClient@@@container@wylib@@UEAAX_J@Z 0000000140004f10 f i AMClient_x64:AMClient.obj
 0001:00003f50       ??_G?$CBaseList@UAMOPData@CAMClient@@@container@wylib@@UEAAPEAXI@Z 0000000140004f50 f i AMClient_x64:AMClient.obj
 0001:00003f50       ??_E?$CBaseList@UAMOPData@CAMClient@@@container@wylib@@UEAAPEAXI@Z 0000000140004f50 f i  CIL library: CIL module
 0001:00003fb0       ??$writeAtom@D@CDataPacket@@QEAAXD@Z 0000000140004fb0 f i AMClient_x64:AMClient.obj
 0001:00004000       ?terminated@CBaseThread@thread@wylib@@IEAA_NXZ 0000000140005000 f i servercommon_x64:FileLogger.obj
 0001:00004010       ?readBuf@CDataPacketReader@@QEAA_KPEAX_K@Z 0000000140005010 f i servercommon_x64:FileLogger.obj
 0001:000040a0       ?readString@CDataPacketReader@@QEAA_KPEAD_K@Z 00000001400050a0 f i servercommon_x64:FileLogger.obj
 0001:000040d0       ??5CDataPacketReader@@QEAAAEAV0@AEAPEBD@Z 00000001400050d0 f i servercommon_x64:FileLogger.obj
 0001:00004100       ??0COPMToFile@@QEAA@PEBD@Z 0000000140005100 f i servercommon_x64:FileLogger.obj
 0001:00004270       ?addRef@COPMToFile@@QEAAJXZ 0000000140005270 f i servercommon_x64:FileLogger.obj
 0001:00004290       ?release@COPMToFile@@QEAAJXZ 0000000140005290 f i servercommon_x64:FileLogger.obj
 0001:00004320       ??1COPMToFile@@UEAA@XZ     0000000140005320 f i servercommon_x64:FileLogger.obj
 0001:000045b0       ?addMsg@COPMToFile@@QEAAXW4tagShareOutputMsgType@@PEBD_J@Z 00000001400055b0 f i servercommon_x64:FileLogger.obj
 0001:000047f0       ?OnRountine@COPMToFile@@MEAAXXZ 00000001400057f0 f i servercommon_x64:FileLogger.obj
 0001:00004870       ?ProcessMessages@COPMToFile@@IEAAXXZ 0000000140005870 f i servercommon_x64:FileLogger.obj
 0001:00004b60       ?writeMessage@COPMToFile@@IEAAXW4tagShareOutputMsgType@@PEBD_K12@Z 0000000140005b60 f i servercommon_x64:FileLogger.obj
 0001:00004e30       ?displayMessage@COPMToFile@@IEAAXW4tagShareOutputMsgType@@PEBD1_K@Z 0000000140005e30 f i servercommon_x64:FileLogger.obj
 0001:00004ec0       ?convertToUTF8@COPMToFile@@IEAA_KPEBD_KPEAD1@Z 0000000140005ec0 f i servercommon_x64:FileLogger.obj
 0001:00004fd0       ?convertToACP@COPMToFile@@IEAA_KPEBD_KPEAD1@Z 0000000140005fd0 f i servercommon_x64:FileLogger.obj
 0001:00005120       ?DumpImpl@COPMToFile@@IEAAXXZ 0000000140006120 f i servercommon_x64:FileLogger.obj
 0001:000055e0       ??_GCOPMToFile@@UEAAPEAXI@Z 00000001400065e0 f i servercommon_x64:FileLogger.obj
 0001:000055e0       ??_ECOPMToFile@@UEAAPEAXI@Z 00000001400065e0 f i  CIL library: CIL module
 0001:00005620       ?appendCount@?$CQueueList@PEAVCDataPacket@@@container@wylib@@QEAA_JXZ 0000000140006620 f i servercommon_x64:FileLogger.obj
 0001:00005640       ??$rawReadStringLen@PEADG@CDataPacketReader@@IEAA_KPEAD_K@Z 0000000140006640 f i servercommon_x64:FileLogger.obj
 0001:000057e0       ??$rawReadStringPtr@DG@CDataPacketReader@@IEAAPEBDXZ 00000001400067e0 f i servercommon_x64:FileLogger.obj
 0001:00005870       ??$?6_W@CDataPacket@@QEAAAEAV0@_W@Z 0000000140006870 f i servercommon_x64:FileLogger.obj
 0001:00005870       ??$?6G@CDataPacket@@QEAAAEAV0@G@Z 0000000140006870 f i servercommon_x64:FileLogger.obj
 0001:000058c0       ??$?5H@CDataPacketReader@@QEAAAEAV0@AEAH@Z 00000001400068c0 f i servercommon_x64:LogSender.obj
 0001:000058c0       ??$?5W4tagShareOutputMsgType@@@CDataPacketReader@@QEAAAEAV0@AEAW4tagShareOutputMsgType@@@Z 00000001400068c0 f i servercommon_x64:FileLogger.obj
 0001:00005910       ??$?5U_SYSTEMTIME@@@CDataPacketReader@@QEAAAEAV0@AEAU_SYSTEMTIME@@@Z 0000000140006910 f i servercommon_x64:FileLogger.obj
 0001:00005980       ??$writeAtom@G@CDataPacket@@QEAAXG@Z 0000000140006980 f i servercommon_x64:FileLogger.obj
 0001:00005980       ??$writeAtom@_W@CDataPacket@@QEAAX_W@Z 0000000140006980 f i servercommon_x64:FileLogger.obj
 0001:00005a30       ??$writeAtom@W4tagShareOutputMsgType@@@CDataPacket@@QEAAXW4tagShareOutputMsgType@@@Z 0000000140006a30 f i servercommon_x64:FileLogger.obj
 0001:00005a30       ??$writeAtom@H@CDataPacket@@QEAAXH@Z 0000000140006a30 f i servercommon_x64:LogSender.obj
 0001:00005ae0       ??$readAtom@W4tagShareOutputMsgType@@@CDataPacketReader@@QEAA?AW4tagShareOutputMsgType@@XZ 0000000140006ae0 f i servercommon_x64:FileLogger.obj
 0001:00005ae0       ??$readAtom@H@CDataPacketReader@@QEAAHXZ 0000000140006ae0 f i servercommon_x64:LogSender.obj
 0001:00005ba0       ??$readAtom@U_SYSTEMTIME@@@CDataPacketReader@@QEAA?AU_SYSTEMTIME@@XZ 0000000140006ba0 f i servercommon_x64:FileLogger.obj
 0001:00005ca0       ??_ECOPMToFile@@WBI@EAAPEAXI@Z 0000000140006ca0 f i servercommon_x64:FileLogger.obj
 0001:00005cb0       ?GetRemoteHost@CCustomServerClientSocket@@QEAAPEBDXZ 0000000140006cb0 f i servercommon_x64:CustomJXServerClientSocket.obj
 0001:00005cd0       ?GetRemotePort@CCustomServerClientSocket@@QEAAHXZ 0000000140006cd0 f i servercommon_x64:CustomJXServerClientSocket.obj
 0001:00005cf0       ?getServerTypeName@jxSrvDef@@YAPEBDW4tagServerType@1@@Z 0000000140006cf0 f i servercommon_x64:CustomJXServerClientSocket.obj
 0001:00005d80       ?getClientName@CCustomJXServerClientSocket@@QEAAPEBDXZ 0000000140006d80 f i servercommon_x64:CustomJXServerClientSocket.obj
 0001:00005da0       ?OnRegDataValidated@CCustomJXServerClientSocket@@MEAAXXZ 0000000140006da0 f i servercommon_x64:CustomJXServerClientSocket.obj
 0001:00005da0       ?_Assert@CDataPacket@@QEAAXXZ 0000000140006da0 f i srvlib_x64:CustomLuaScript.obj
 0001:00005db0       ??_ECCustomJXServerClientSocket@@UEAAPEAXI@Z 0000000140006db0 f i  CIL library: CIL module
 0001:00005db0       ??_GCCustomJXServerClientSocket@@UEAAPEAXI@Z 0000000140006db0 f i servercommon_x64:CustomJXServerClientSocket.obj
 0001:00005df0       ??1CCustomJXServerClientSocket@@UEAA@XZ 0000000140006df0 f i servercommon_x64:CustomJXServerClientSocket.obj
 0001:00005e10       ??$?5G@CDataPacketReader@@QEAAAEAV0@AEAG@Z 0000000140006e10 f i servercommon_x64:CustomJXServerClientSocket.obj
 0001:00005e60       ??$readAtom@G@CDataPacketReader@@QEAAGXZ 0000000140006e60 f i servercommon_x64:CustomJXServerClientSocket.obj
 0001:00005f20       ?SetChatLogFlag@LogSender@@QEAAXH@Z 0000000140006f20 f i servercommon_x64:LogSender.obj
 0001:00005f50       ??_GLogSender@@UEAAPEAXI@Z 0000000140006f50 f i servercommon_x64:LogSender.obj
 0001:00005f50       ??_ELogSender@@UEAAPEAXI@Z 0000000140006f50 f i  CIL library: CIL module
 0001:00005f90       ??0CCustomJXClientSocket@@QEAA@XZ 0000000140006f90 f i servercommon_x64:LogSender.obj
 0001:00005fc0       ??1CCustomJXClientSocket@@UEAA@XZ 0000000140006fc0 f i servercommon_x64:LogSender.obj
 0001:00005fe0       ??_GCCustomJXClientSocket@@UEAAPEAXI@Z 0000000140006fe0 f i servercommon_x64:LogSender.obj
 0001:00005fe0       ??_ECCustomJXClientSocket@@UEAAPEAXI@Z 0000000140006fe0 f i  CIL library: CIL module
 0001:00006020       ??$rawWriteStringLen@G@CDataPacket@@IEAAXPEBD_K@Z 0000000140007020 f i servercommon_x64:LogSender.obj
 0001:000060b0       ??$?6UtagLogDataLogin@@@CDataPacket@@QEAAAEAV0@UtagLogDataLogin@@@Z 00000001400070b0 f i servercommon_x64:LogSender.obj
 0001:00006130       ??$?6UtagLogDataOnlineCount@@@CDataPacket@@QEAAAEAV0@UtagLogDataOnlineCount@@@Z 0000000140007130 f i servercommon_x64:LogSender.obj
 0001:00006190       ??$?6W4tagShareOutputMsgType@@@CDataPacket@@QEAAAEAV0@W4tagShareOutputMsgType@@@Z 0000000140007190 f i servercommon_x64:FileLogger.obj
 0001:00006190       ??$?6H@CDataPacket@@QEAAAEAV0@H@Z 0000000140007190 f i servercommon_x64:LogSender.obj
 0001:000061e0       ??$writeAtom@UtagLogDataLogin@@@CDataPacket@@QEAAXUtagLogDataLogin@@@Z 00000001400071e0 f i servercommon_x64:LogSender.obj
 0001:000062e0       ??$writeAtom@UtagLogDataOnlineCount@@@CDataPacket@@QEAAXUtagLogDataOnlineCount@@@Z 00000001400072e0 f i servercommon_x64:LogSender.obj
 0001:000063b0       ?GetClientName@CCustomClientSocket@@QEAAPEBDXZ 00000001400073b0 f i servercommon_x64:CustomJXClientSocket.obj
 0001:000063d0       ?logToFile@CounterManager@@QEAAXXZ 00000001400073d0 f i main.obj
 0001:000066d0       ??1CSSConfig@@UEAA@XZ      00000001400076d0 f i main.obj
 0001:000066e0       ??_GCSSConfig@@UEAAPEAXI@Z 00000001400076e0 f i main.obj
 0001:000066e0       ??_ECSSConfig@@UEAAPEAXI@Z 00000001400076e0 f i main.obj
 0001:00006710       ?ServerMain@@YAXXZ         0000000140007710 f   main.obj
 0001:00006c50       main                       0000000140007c50 f   main.obj
 0001:00006d10       ?RegistWndClass@CPerformanceWnd@@AEAAXXZ 0000000140007d10 f i PerformanceWatcher.obj
 0001:00006df0       ?CreatePerformanceWindow@CPerformanceWnd@@AEAAXXZ 0000000140007df0 f i PerformanceWatcher.obj
 0001:00006e60       ?WndProc@CPerformanceWnd@@MEAA_JPEAUHWND__@@I_K_J@Z 0000000140007e60 f i PerformanceWatcher.obj
 0001:00007030       ??_GCPerformanceWnd@@UEAAPEAXI@Z 0000000140008030 f i PerformanceWatcher.obj
 0001:00007030       ??_ECPerformanceWnd@@UEAAPEAXI@Z 0000000140008030 f i PerformanceWatcher.obj
 0001:00007090       ?RegistWndClass@CServerConnectionWnd@@AEAAXXZ 0000000140008090 f i PerformanceWatcher.obj
 0001:00007170       ?CreateDisplayConnectWndWindow@CServerConnectionWnd@@AEAAXXZ 0000000140008170 f i PerformanceWatcher.obj
 0001:000071e0       ?CreateWndFont@CServerConnectionWnd@@AEAAXXZ 00000001400081e0 f i PerformanceWatcher.obj
 0001:00007250       ?CreateListView@CServerConnectionWnd@@AEAAXPEAUHWND__@@@Z 0000000140008250 f i PerformanceWatcher.obj
 0001:00007470       ?WndProc@CServerConnectionWnd@@MEAA_JPEAUHWND__@@I_K_J@Z 0000000140008470 f i PerformanceWatcher.obj
 0001:000075f0       ??_GCServerConnectionWnd@@UEAAPEAXI@Z 00000001400085f0 f i PerformanceWatcher.obj
 0001:000075f0       ??_ECServerConnectionWnd@@UEAAPEAXI@Z 00000001400085f0 f i PerformanceWatcher.obj
 0001:00007630       ??0CPerformanceWatcher@@QEAA@PEAVCSSManager@@@Z 0000000140008630 f   PerformanceWatcher.obj
 0001:00007670       ??1CPerformanceWatcher@@QEAA@XZ 0000000140008670 f   PerformanceWatcher.obj
 0001:00007680       ?reserve@?$CBaseList@UServerConnetionInfo@CPerformanceWatcher@@@container@wylib@@UEAAX_J@Z 0000000140008680 f i PerformanceWatcher.obj
 0001:000076c0       ?DisplayServerConnections@CServerConnectionWnd@@QEAAXAEAV?$CBaseList@UServerConnetionInfo@CPerformanceWatcher@@@container@wylib@@@Z 00000001400086c0 f i PerformanceWatcher.obj
 0001:000078b0       ?ShowPerformance@CPerformanceWatcher@@AEAAXXZ 00000001400088b0 f   PerformanceWatcher.obj
 0001:00007970       ?EnumServerConnectionCallBack@CPerformanceWatcher@@CAIPEAV?$CBaseList@UServerConnetionInfo@CPerformanceWatcher@@@container@wylib@@PEAVCSessionClient@@@Z 0000000140008970 f   PerformanceWatcher.obj
 0001:00007a40       ?ShowPerformanceWindow@CPerformanceWatcher@@QEAAXH@Z 0000000140008a40 f   PerformanceWatcher.obj
 0001:00007a90       ??1?$CBaseList@UServerConnetionInfo@CPerformanceWatcher@@@container@wylib@@UEAA@XZ 0000000140008a90 f i PerformanceWatcher.obj
 0001:00007ad0       ??_E?$CBaseList@UServerConnetionInfo@CPerformanceWatcher@@@container@wylib@@UEAAPEAXI@Z 0000000140008ad0 f i PerformanceWatcher.obj
 0001:00007ad0       ??_G?$CBaseList@UServerConnetionInfo@CPerformanceWatcher@@@container@wylib@@UEAAPEAXI@Z 0000000140008ad0 f i PerformanceWatcher.obj
 0001:00007b30       ?ShowServerConnections@CPerformanceWatcher@@AEAAXXZ 0000000140008b30 f   PerformanceWatcher.obj
 0001:00007bc0       ?ShowServerConnectionWindow@CPerformanceWatcher@@QEAAXH@Z 0000000140008bc0 f   PerformanceWatcher.obj
 0001:00007c10       ?OnRountine@CPerformanceWatcher@@MEAAXXZ 0000000140008c10 f   PerformanceWatcher.obj
 0001:00007df0       ?OnValidateRegData@CSessionClient@@MEAA_NQEAUtagServerRegistData@jxSrvDef@@@Z 0000000140008df0 f   SessionClient.obj
 0001:00007e10       ?OnDispatchRecvPacket@CSessionClient@@MEAAXGAEAVCDataPacketReader@@@Z 0000000140008e10 f   SessionClient.obj
 0001:00007e50       ?OnDisconnected@CSessionClient@@MEAAXXZ 0000000140008e50 f   SessionClient.obj
 0001:00007f10       ?OnError@CSessionClient@@MEAAXH@Z 0000000140008f10 f   SessionClient.obj
 0001:00007f90       ?CheckUserValid@CSessionClient@@QEAAHPEAD0AEAUtagGlobalSessionOpenData@jxSrvDef@@@Z 0000000140008f90 f   SessionClient.obj
 0001:000083b0       ??$readAtom@_J@CDataPacketReader@@QEAA_JXZ 00000001400093b0 f i SessionClient.obj
 0001:000083b0       ??$readAtom@_K@CDataPacketReader@@QEAA_KXZ 00000001400093b0 f i SessionClient.obj
 0001:00008430       ??$readAtom@E@CDataPacketReader@@QEAAEXZ 0000000140009430 f i SessionClient.obj
 0001:000084b0       ??0CSessionClient@@QEAA@PEAVCSessionServer@@PEAVCSQLConenction@@_KPEAUsockaddr_in@@@Z 00000001400094b0 f   SessionClient.obj
 0001:00008570       ??_GCSessionClient@@UEAAPEAXI@Z 0000000140009570 f i SessionClient.obj
 0001:00008570       ??_ECSessionClient@@UEAAPEAXI@Z 0000000140009570 f i SessionClient.obj
 0001:000085e0       ??$?6E@CDataPacket@@QEAAAEAV0@E@Z 00000001400095e0 f i SessionClient.obj
 0001:00008640       ??$?6_K@CDataPacket@@QEAAAEAV0@_K@Z 0000000140009640 f i SessionClient.obj
 0001:000086a0       ?CatchConformOpenSession@CSessionClient@@QEAAXAEAVCDataPacketReader@@@Z 00000001400096a0 f   SessionClient.obj
 0001:000086c0       ?CatchRequestTransmit@CSessionClient@@QEAAXAEAVCDataPacketReader@@@Z 00000001400096c0 f   SessionClient.obj
 0001:000088c0       ?CatchCloseSession@CSessionClient@@QEAAXAEAVCDataPacketReader@@@Z 00000001400098c0 f   SessionClient.obj
 0001:00008920       ?CatchUpdateSession@CSessionClient@@QEAAXAEAVCDataPacketReader@@@Z 0000000140009920 f   SessionClient.obj
 0001:00008990       ?CatchQuerySessionResult@CSessionClient@@QEAAXAEAVCDataPacketReader@@@Z 0000000140009990 f   SessionClient.obj
 0001:00008a20       ?CatchOnlineCount@CSessionClient@@QEAAXAEAVCDataPacketReader@@@Z 0000000140009a20 f   SessionClient.obj
 0001:00008a50       ?CatchLoadUserItem@CSessionClient@@QEAAXAEAVCDataPacketReader@@@Z 0000000140009a50 f   SessionClient.obj
 0001:00008dd0       ?CatchGetUserItem@CSessionClient@@QEAAXAEAVCDataPacketReader@@@Z 0000000140009dd0 f   SessionClient.obj
 0001:00009010       ?CatchRemoveUserItem@CSessionClient@@QEAAXAEAVCDataPacketReader@@@Z 000000014000a010 f   SessionClient.obj
 0001:00009150       ?CatchAddValueCard@CSessionClient@@QEAAXAEAVCDataPacketReader@@@Z 000000014000a150 f   SessionClient.obj
 0001:000094e0       ?CatchQueryAddValueCard@CSessionClient@@QEAAXAEAVCDataPacketReader@@@Z 000000014000a4e0 f   SessionClient.obj
 0001:000097f0       ?CatchQueryYuanbaoCount@CSessionClient@@QEAAXAEAVCDataPacketReader@@@Z 000000014000a7f0 f   SessionClient.obj
 0001:00009880       ?CatchWithdrawYuanbao@CSessionClient@@QEAAXAEAVCDataPacketReader@@@Z 000000014000a880 f   SessionClient.obj
 0001:00009a50       ?sendAMCMsgAck@CSessionClient@@QEAAXAEBUAMOPData@CAMClient@@@Z 000000014000aa50 f   SessionClient.obj
 0001:00009b00       ?CatchSaveCsRank@CSessionClient@@QEAAXAEAVCDataPacketReader@@@Z 000000014000ab00 f   SessionClient.obj
 0001:00009d80       ?CatchLoadCsRank@CSessionClient@@QEAAXAEAVCDataPacketReader@@@Z 000000014000ad80 f   SessionClient.obj
 0001:0000a0f0       ?CatchClearCsRank@CSessionClient@@QEAAXAEAVCDataPacketReader@@@Z 000000014000b0f0 f   SessionClient.obj
 0001:0000a180       ?CatchCheckUserPassword@CSessionClient@@QEAAXAEAVCDataPacketReader@@@Z 000000014000b180 f   SessionClient.obj
 0001:0000a540       ?CatchCreateAccount@CSessionClient@@QEAAXAEAVCDataPacketReader@@@Z 000000014000b540 f   SessionClient.obj
 0001:0000a920       ?SetCommonServerId@CSessionClient@@QEAAXAEAVCDataPacketReader@@@Z 000000014000b920 f   SessionClient.obj
 0001:0000a9a0       ?CatchGroupMessage@CSessionClient@@QEAAXAEAVCDataPacketReader@@@Z 000000014000b9a0 f   SessionClient.obj
 0001:0000aba0       ?CatchBroadcastMessage@CSessionClient@@QEAAXAEAVCDataPacketReader@@@Z 000000014000bba0 f   SessionClient.obj
 0001:0000add0       ?CreateClientSocket@CSessionServer@@MEAAPEAVCCustomServerClientSocket@@_KPEAUsockaddr_in@@@Z 000000014000bdd0 f   SessionServer.obj
 0001:0000ae40       ?InitACCountId@CSessionServer@@AEAA_NXZ 000000014000be40 f   SessionServer.obj
 0001:0000aff0       ?PostKickCrossActor@CSessionServer@@QEAAX_JH@Z 000000014000bff0 f   SessionServer.obj
 0001:0000b020       ?PostCloseSessionByAccountId@CSessionServer@@QEAAX_K0@Z 000000014000c020 f   SessionServer.obj
 0001:0000b050       ?PostCloseSessionByAccount@CSessionServer@@QEAAXQEBD@Z 000000014000c050 f   SessionServer.obj
 0001:0000b0d0       ?SendLogOnlineCount@CSessionServer@@AEAAXXZ 000000014000c0d0 f   SessionServer.obj
 0001:0000b1b0       ?ConnectSQL@CSessionServer@@AEAAHXZ 000000014000c1b0 f   SessionServer.obj
 0001:0000b260       ?SendAllClientMsg@CSessionServer@@AEAA_JW4tagServerType@jxSrvDef@@PEBD_K@Z 000000014000c260 f   SessionServer.obj
 0001:0000b300       ?SendLogicClientMsg@CSessionServer@@AEAA_J_JPEBD_K@Z 000000014000c300 f   SessionServer.obj
 0001:0000b3b0       ?SendGroupLogicClientMsg@CSessionServer@@AEAA_JHPEAX_K@Z 000000014000c3b0 f   SessionServer.obj
 0001:0000b460       ?SendAllDBAndIndexEngineMsg@CSessionServer@@AEAA_J_JPEBD_K@Z 000000014000c460 f   SessionServer.obj
 0001:0000b560       ?GetSession@CSessionServer@@QEAAH_JPEAUtagGameSession@@@Z 000000014000c560 f   SessionServer.obj
 0001:0000b630       ?GetSpecialServerSession@CSessionServer@@QEAAPEAUtagGameSession@@_JH@Z 000000014000c630 f   SessionServer.obj
 0001:0000b660       ?GetLogicClientCount@CSessionServer@@QEAA_J_J@Z 000000014000c660 f   SessionServer.obj
 0001:0000b750       ?UserCanLoginToServer@CSessionServer@@QEAA_J_J@Z 000000014000c750 f   SessionServer.obj
 0001:0000b830       ?EnumConnections@CSessionServer@@QEAAXP6AIPEBXPEAVCSessionClient@@@Z0@Z 000000014000c830 f   SessionServer.obj
 0001:0000b8f0       ?PostAMCMsg@CSessionServer@@QEAAXAEBUAMOPData@CAMClient@@@Z 000000014000c8f0 f   SessionServer.obj
 0001:0000b980       ?flush@?$CQueueList@PEAUtagGameSession@@@container@wylib@@QEAAXXZ 000000014000c980 f i SessionServer.obj
 0001:0000ba30       ??_G?$CBaseList@PEAUtagGameSession@@@container@wylib@@UEAAPEAXI@Z 000000014000ca30 f i SessionServer.obj
 0001:0000ba30       ??_E?$CBaseList@PEAUtagGameSession@@@container@wylib@@UEAAPEAXI@Z 000000014000ca30 f i SessionServer.obj
 0001:0000ba90       ?ProcessClients@CSessionServer@@MEAAXXZ 000000014000ca90 f   SessionServer.obj
 0001:0000bc00       ?SingleRun@CSessionServer@@MEAAXXZ 000000014000cc00 f   SessionServer.obj
 0001:0000bcc0       ??1?$CQueueList@PEAUtagGameSession@@@container@wylib@@UEAA@XZ 000000014000ccc0 f i SessionServer.obj
 0001:0000bd30       ??_G?$CQueueList@PEAUtagGameSession@@@container@wylib@@UEAAPEAXI@Z 000000014000cd30 f i SessionServer.obj
 0001:0000bd30       ??_E?$CQueueList@PEAUtagGameSession@@@container@wylib@@UEAAPEAXI@Z 000000014000cd30 f i SessionServer.obj
 0001:0000bd60       ?ProcessKickCrossActor@CSessionServer@@QEAAX_JH@Z 000000014000cd60 f   SessionServer.obj
 0001:0000be30       ?BroadCastUpdateSessionState@CSessionServer@@AEAA_JPEAUtagGameSession@@@Z 000000014000ce30 f   SessionServer.obj
 0001:0000bf60       ?BroadCastCloseSession@CSessionServer@@AEAA_J_K_KH@Z 000000014000cf60 f   SessionServer.obj
 0001:0000c090       ?BroadCastSessionConfim@CSessionServer@@AEAA_J_J0@Z 000000014000d090 f   SessionServer.obj
 0001:0000c1b0       ?PostOpenSession@CSessionServer@@QEAAH_J0PEBD000_J_K2@Z 000000014000d1b0 f   SessionServer.obj
 0001:0000c4f0       ??0CSessionServer@@QEAA@PEAVCSSManager@@@Z 000000014000d4f0 f   SessionServer.obj
 0001:0000c5f0       ??_ECSessionServer@@UEAAPEAXI@Z 000000014000d5f0 f i SessionServer.obj
 0001:0000c5f0       ??_GCSessionServer@@UEAAPEAXI@Z 000000014000d5f0 f i SessionServer.obj
 0001:0000c670       ?CloseSessionAtListIndex@CSessionServer@@AEAAH_J@Z 000000014000d670 f   SessionServer.obj
 0001:0000c8b0       ?DispatchInternalMessage@CSessionServer@@MEAAXI_K000@Z 000000014000d8b0 f   SessionServer.obj
 0001:0000cd00       ?readConfig@CSSConfig@@IEAA_NPEAVCSSManager@@@Z 000000014000dd00 f   SSConfig.obj
 0001:0000cfe0       ?loadConfig@CSSConfig@@QEAA_NPEAVCSSManager@@@Z 000000014000dfe0 f   SSConfig.obj
 0001:0000d090       ??0?$CTRefString@VCAnsiString@string@wylib@@D@string@wylib@@QEAA@AEBV012@@Z 000000014000e090 f i SSConfig.obj
 0001:0000d0e0       ?showError@CSSConfig@@MEAAXPEBD@Z 000000014000e0e0 f   SSConfig.obj
 0001:0000d250       ??0?$CRefObject@VCAnsiString@string@wylib@@@misc@wylib@@QEAA@AEAV012@@Z 000000014000e250 f i SSConfig.obj
 0001:0000d270       ?SetupSQLConnection@CSSManager@@QEAAXPEAVCSQLConenction@@@Z 000000014000e270 f   SSManager.obj
 0001:0000d2f0       ?SetServerName@CSSManager@@QEAAXPEBD@Z 000000014000e2f0 f   SSManager.obj
 0001:0000d330       ?SetSessionServiceAddress@CSSManager@@QEAAXPEBDH@Z 000000014000e330 f   SSManager.obj
 0001:0000d370       ?SetAMServerAddr@CSSManager@@QEAAXPEBDH@Z 000000014000e370 f   SSManager.obj
 0001:0000d3b0       ?SetSPID@CSSManager@@QEAAXPEBD@Z 000000014000e3b0 f   SSManager.obj
 0001:0000d400       ?SetLogServerAddress@CSSManager@@QEAAXPEBDH@Z 000000014000e400 f   SSManager.obj
 0001:0000d440       ?SetSQLConfig@CSSManager@@QEAAXPEBDH000@Z 000000014000e440 f   SSManager.obj
 0001:0000d4f0       ?reserve@?$CBaseList@H@container@wylib@@UEAAX_J@Z 000000014000e4f0 f i SSManager.obj
 0001:0000d530       ?reserve@?$CBaseList@UtagLogicServerInfo@@@container@wylib@@UEAAX_J@Z 000000014000e530 f i SSManager.obj
 0001:0000d530       ?reserve@?$CBaseList@VCommServerClient@@@container@wylib@@UEAAX_J@Z 000000014000e530 f i SSManager.obj
 0001:0000d570       ?reserve@?$CBaseList@PEAUtagCharGateRoute@@@container@wylib@@UEAAX_J@Z 000000014000e570 f i SSManager.obj
 0001:0000d570       ?reserve@?$CBaseList@PEAUtagAdminLoginRecord@@@container@wylib@@UEAAX_J@Z 000000014000e570 f i SSManager.obj
 0001:0000d570       ?reserve@?$CBaseList@PEAUtagGameSession@@@container@wylib@@UEAAX_J@Z 000000014000e570 f i SessionServer.obj
 0001:0000d5b0       ?Add@CommServerClient@@QEAAXH@Z 000000014000e5b0 f i SSManager.obj
 0001:0000d640       ?Trace@CommServerClientList@@QEAAXXZ 000000014000e640 f i SSManager.obj
 0001:0000d700       ?ClearRouteList@CSSManager@@AEAAXXZ 000000014000e700 f   SSManager.obj
 0001:0000d7a0       ?ClearAdministLoginList@CSSManager@@AEAAXXZ 000000014000e7a0 f   SSManager.obj
 0001:0000d840       ?Shutdown@CSSManager@@QEAAXXZ 000000014000e840 f   SSManager.obj
 0001:0000d890       ?empty@?$CBaseList@UServerConnetionInfo@CPerformanceWatcher@@@container@wylib@@UEAAXXZ 000000014000e890 f i PerformanceWatcher.obj
 0001:0000d890       ?empty@?$CBaseList@UtagLogicServerInfo@@@container@wylib@@UEAAXXZ 000000014000e890 f i SSManager.obj
 0001:0000d890       ?empty@?$CBaseList@PEAUtagCharGateRoute@@@container@wylib@@UEAAXXZ 000000014000e890 f i SSManager.obj
 0001:0000d890       ?empty@?$CBaseList@PEAUtagAdminLoginRecord@@@container@wylib@@UEAAXXZ 000000014000e890 f i SSManager.obj
 0001:0000d890       ?empty@?$CBaseList@PEAUtagGameSession@@@container@wylib@@UEAAXXZ 000000014000e890 f i SessionServer.obj
 0001:0000d890       ?empty@?$CBaseList@H@container@wylib@@UEAAXXZ 000000014000e890 f i SSManager.obj
 0001:0000d890       ?empty@?$CBaseList@VCommServerClient@@@container@wylib@@UEAAXXZ 000000014000e890 f i SSManager.obj
 0001:0000d890       ?empty@?$CBaseList@UAMOPData@CAMClient@@@container@wylib@@UEAAXXZ 000000014000e890 f i AMClient_x64:AMClient.obj
 0001:0000d8d0       ??1?$CLockList@PEAUtagCharGateRoute@@@container@wylib@@UEAA@XZ 000000014000e8d0 f i SSManager.obj
 0001:0000d8d0       ??1?$CBaseList@PEAUtagCharGateRoute@@@container@wylib@@UEAA@XZ 000000014000e8d0 f i SSManager.obj
 0001:0000d910       ??1?$CBaseList@PEAUtagAdminLoginRecord@@@container@wylib@@UEAA@XZ 000000014000e910 f i SSManager.obj
 0001:0000d910       ??1?$CLockList@PEAUtagAdminLoginRecord@@@container@wylib@@UEAA@XZ 000000014000e910 f i SSManager.obj
 0001:0000d950       ??_G?$CBaseList@H@container@wylib@@UEAAPEAXI@Z 000000014000e950 f i SSManager.obj
 0001:0000d950       ??_E?$CBaseList@H@container@wylib@@UEAAPEAXI@Z 000000014000e950 f i SSManager.obj
 0001:0000d9b0       ??_E?$CBaseList@VCommServerClient@@@container@wylib@@UEAAPEAXI@Z 000000014000e9b0 f i SSManager.obj
 0001:0000d9b0       ??_G?$CBaseList@VCommServerClient@@@container@wylib@@UEAAPEAXI@Z 000000014000e9b0 f i SSManager.obj
 0001:0000da10       ??_G?$CBaseList@PEAUtagCharGateRoute@@@container@wylib@@UEAAPEAXI@Z 000000014000ea10 f i SSManager.obj
 0001:0000da10       ??_E?$CBaseList@PEAUtagCharGateRoute@@@container@wylib@@UEAAPEAXI@Z 000000014000ea10 f i SSManager.obj
 0001:0000da10       ??_G?$CLockList@PEAUtagCharGateRoute@@@container@wylib@@UEAAPEAXI@Z 000000014000ea10 f i SSManager.obj
 0001:0000da10       ??_E?$CLockList@PEAUtagCharGateRoute@@@container@wylib@@UEAAPEAXI@Z 000000014000ea10 f i SSManager.obj
 0001:0000da70       ??_E?$CBaseList@PEAUtagAdminLoginRecord@@@container@wylib@@UEAAPEAXI@Z 000000014000ea70 f i SSManager.obj
 0001:0000da70       ??_G?$CLockList@PEAUtagAdminLoginRecord@@@container@wylib@@UEAAPEAXI@Z 000000014000ea70 f i SSManager.obj
 0001:0000da70       ??_G?$CBaseList@PEAUtagAdminLoginRecord@@@container@wylib@@UEAAPEAXI@Z 000000014000ea70 f i SSManager.obj
 0001:0000da70       ??_E?$CLockList@PEAUtagAdminLoginRecord@@@container@wylib@@UEAAPEAXI@Z 000000014000ea70 f i SSManager.obj
 0001:0000dad0       ??_E?$CLockList@UtagLogicServerInfo@@@container@wylib@@UEAAPEAXI@Z 000000014000ead0 f i SSManager.obj
 0001:0000dad0       ??_G?$CBaseList@UtagLogicServerInfo@@@container@wylib@@UEAAPEAXI@Z 000000014000ead0 f i SSManager.obj
 0001:0000dad0       ??_E?$CBaseList@UtagLogicServerInfo@@@container@wylib@@UEAAPEAXI@Z 000000014000ead0 f i SSManager.obj
 0001:0000dad0       ??_G?$CLockList@UtagLogicServerInfo@@@container@wylib@@UEAAPEAXI@Z 000000014000ead0 f i SSManager.obj
 0001:0000db30       ??1CommServerClient@@QEAA@XZ 000000014000eb30 f i SSManager.obj
 0001:0000db70       ??1CommServerClientList@@QEAA@XZ 000000014000eb70 f i SSManager.obj
 0001:0000dbe0       ?AddClient@CommServerClientList@@QEAAXHH@Z 000000014000ebe0 f i SSManager.obj
 0001:0000dce0       ??1?$CLockList@UtagLogicServerInfo@@@container@wylib@@UEAA@XZ 000000014000ece0 f i SSManager.obj
 0001:0000dce0       ??1?$CBaseList@UtagLogicServerInfo@@@container@wylib@@UEAA@XZ 000000014000ece0 f i SSManager.obj
 0001:0000dd20       ??1CSSManager@@QEAA@XZ     000000014000ed20 f   SSManager.obj
 0001:0000deb0       ?LoadCharGateRouteTable@CSSManager@@QEAA_JXZ 000000014000eeb0 f   SSManager.obj
 0001:0000e2a0       ?LoadAdministLoginTable@CSSManager@@QEAA_JXZ 000000014000f2a0 f   SSManager.obj
 0001:0000e610       ?LoadLogicServerInfoList@CSSManager@@QEAA_JXZ 000000014000f610 f   SSManager.obj
 0001:0000ea50       ?Startup@CSSManager@@QEAAHXZ 000000014000fa50 f   SSManager.obj
 0001:0000eb20       ?UpdateAMC@CSSManager@@QEAAXXZ 000000014000fb20 f   SSManager.obj
 0001:0000ebf0       ??0CSSManager@@QEAA@XZ     000000014000fbf0 f   SSManager.obj
 0001:0000ee50       mysql_fetch_row            000000014000fe50 f   libmysql:LIBMYSQL.dll
 0001:0000ee56       mysql_options              000000014000fe56 f   libmysql:LIBMYSQL.dll
 0001:0000ee5c       inet_ntoa                  000000014000fe5c f   Ws2_32:WS2_32.dll
 0001:0000ee62       htons                      000000014000fe62 f   Ws2_32:WS2_32.dll
 0001:0000ee70       ?setSize@CBaseStream@stream@wylib@@UEAA_N_J@Z 000000014000fe70 f i wylib_x64:FileStream.obj
 0001:0000ee80       ??1CHandleStream@stream@wylib@@UEAA@XZ 000000014000fe80 f i wylib_x64:FileStream.obj
 0001:0000ee90       ??1CFileStream@stream@wylib@@UEAA@XZ 000000014000fe90 f   wylib_x64:FileStream.obj
 0001:0000eee0       ?construct@CFileStream@stream@wylib@@IEAAXPEBDKK@Z 000000014000fee0 f   wylib_x64:FileStream.obj
 0001:0000efc0       ??0CFileStream@stream@wylib@@QEAA@PEBDK@Z 000000014000ffc0 f   wylib_x64:FileStream.obj
 0001:0000f030       ??_GCFileStream@stream@wylib@@UEAAPEAXI@Z 0000000140010030 f i wylib_x64:FileStream.obj
 0001:0000f030       ??_ECFileStream@stream@wylib@@UEAAPEAXI@Z 0000000140010030 f i wylib_x64:FileStream.obj
 0001:0000f0a0       ??0CFileStream@stream@wylib@@QEAA@PEBDKW4OpenDisposition@012@@Z 00000001400100a0 f   wylib_x64:FileStream.obj
 0001:0000f110       ??0CHandleStream@stream@wylib@@QEAA@PEAX@Z 0000000140010110 f   wylib_x64:HandleStream.obj
 0001:0000f130       ?setHandle@CHandleStream@stream@wylib@@IEAAXPEAX@Z 0000000140010130 f   wylib_x64:HandleStream.obj
 0001:0000f140       ?setSize@CHandleStream@stream@wylib@@UEAA_N_J@Z 0000000140010140 f   wylib_x64:HandleStream.obj
 0001:0000f170       ?seek@CHandleStream@stream@wylib@@UEAA_J_JH@Z 0000000140010170 f   wylib_x64:HandleStream.obj
 0001:0000f1a0       ?read@CHandleStream@stream@wylib@@UEAA_JPEAX_J@Z 00000001400101a0 f   wylib_x64:HandleStream.obj
 0001:0000f1e0       ?write@CHandleStream@stream@wylib@@UEAA_JPEBX_J@Z 00000001400101e0 f   wylib_x64:HandleStream.obj
 0001:0000f220       ??_GCBaseStream@stream@wylib@@UEAAPEAXI@Z 0000000140010220 f i wylib_x64:FileStream.obj
 0001:0000f220       ??_ECHandleStream@stream@wylib@@UEAAPEAXI@Z 0000000140010220 f i wylib_x64:HandleStream.obj
 0001:0000f220       ??_ECBaseStream@stream@wylib@@UEAAPEAXI@Z 0000000140010220 f i wylib_x64:FileStream.obj
 0001:0000f220       ??_GCHandleStream@stream@wylib@@UEAAPEAXI@Z 0000000140010220 f i wylib_x64:HandleStream.obj
 0001:0000f250       ?getSize@CBaseStream@stream@wylib@@UEAA_JXZ 0000000140010250 f   wylib_x64:BaseStream.obj
 0001:0000f2b0       ?setPosition@CBaseStream@stream@wylib@@QEAA_J_J@Z 00000001400102b0 f   wylib_x64:BaseStream.obj
 0001:0000f2c0       ?copyFrom@CBaseStream@stream@wylib@@UEAA_JAEAV123@_J@Z 00000001400102c0 f   wylib_x64:BaseStream.obj
 0001:0000f3d0       ?ThreadRoutine@CBaseThread@thread@wylib@@CAXPEAV123@@Z 00000001400103d0 f   wylib_x64:Thread.obj
 0001:0000f400       ?OnDisconnected@CCustomSocket@socket@inet@wylib@@MEAAXXZ 0000000140010400 f   wylib_x64:CustomSocket.obj
 0001:0000f400       ?OnResume@CBaseThread@thread@wylib@@MEAAXH@Z 0000000140010400 f   wylib_x64:Thread.obj
 0001:0000f400       ?DoStop@CSessionServer@@MEAAXXZ 0000000140010400 f   SessionServer.obj
 0001:0000f400       ?OnSuspend@CBaseThread@thread@wylib@@MEAAXH@Z 0000000140010400 f   wylib_x64:Thread.obj
 0001:0000f400       ?OnError@CCustomSocket@socket@inet@wylib@@MEAAXH@Z 0000000140010400 f   wylib_x64:CustomSocket.obj
 0001:0000f400       ?OnConnected@CCustomSocket@socket@inet@wylib@@MEAAXXZ 0000000140010400 f   wylib_x64:CustomSocket.obj
 0001:0000f400       ?OnTerminated@CBaseThread@thread@wylib@@MEAAXXZ 0000000140010400 f   wylib_x64:Thread.obj
 0001:0000f400       ?OnRegDataValidated@CSessionClient@@MEAAXXZ 0000000140010400 f   SessionClient.obj
 0001:0000f400       ?OnRountine@CBaseThread@thread@wylib@@MEAAXXZ 0000000140010400 f   wylib_x64:Thread.obj
 0001:0000f400       ?OnRun@CSessionClient@@MEAAXXZ 0000000140010400 f   SessionClient.obj
 0001:0000f400       ?CatchDefaultPacket@CSessionClient@@QEAAXAEAVCDataPacketReader@@@Z 0000000140010400 f   SessionClient.obj
 0001:0000f410       ?resume@CBaseThread@thread@wylib@@QEAAHXZ 0000000140010410 f   wylib_x64:Thread.obj
 0001:0000f460       ?waitFor@CBaseThread@thread@wylib@@QEAAHK_N@Z 0000000140010460 f   wylib_x64:Thread.obj
 0001:0000f470       ?terminate@CBaseThread@thread@wylib@@QEAAXXZ 0000000140010470 f   wylib_x64:Thread.obj
 0001:0000f480       ??1CBaseThread@thread@wylib@@QEAA@XZ 0000000140010480 f   wylib_x64:Thread.obj
 0001:0000f4d0       ??0CBaseThread@thread@wylib@@QEAA@_N@Z 00000001400104d0 f   wylib_x64:Thread.obj
 0001:0000f530       ?AllocClassedWndProcInstance@@YAP6A_JPEAUHWND__@@I_K_J@ZPEAX3@Z 0000000140010530 f   wylib_x64:ClassedWnd.obj
 0001:0000f600       ??1CClassedWnd@window@wylib@@UEAA@XZ 0000000140010600 f   wylib_x64:ClassedWnd.obj
 0001:0000f630       ?InitClassedWndProc@CClassedWnd@window@wylib@@CA_JPEAUHWND__@@I_K_J@Z 0000000140010630 f   wylib_x64:ClassedWnd.obj
 0001:0000f6e0       ?MyCreateWindowEx@CClassedWnd@window@wylib@@IEAAPEAUHWND__@@KPEBD0KHHHHPEAU4@PEAUHMENU__@@PEAUHINSTANCE__@@PEAX@Z 00000001400106e0 f   wylib_x64:ClassedWnd.obj
 0001:0000f780       ?StaticWndProc@CClassedWnd@window@wylib@@CA_JPEAUHWND__@@I_K_JPEAV123@@Z 0000000140010780 f   wylib_x64:ClassedWnd.obj
 0001:0000f7b0       ?WndProc@CClassedWnd@window@wylib@@MEAA_JPEAUHWND__@@I_K_J@Z 00000001400107b0 f   wylib_x64:ClassedWnd.obj
 0001:0000f7d0       ?getClassedWndProc@CClassedWnd@window@wylib@@QEAAP6A_JPEAUHWND__@@I_K_J@ZXZ 00000001400107d0 f   wylib_x64:ClassedWnd.obj
 0001:0000f7e0       ??0CClassedWnd@window@wylib@@QEAA@XZ 00000001400107e0 f   wylib_x64:ClassedWnd.obj
 0001:0000f810       ??_ECClassedWnd@window@wylib@@UEAAPEAXI@Z 0000000140010810 f i wylib_x64:ClassedWnd.obj
 0001:0000f810       ??_GCClassedWnd@window@wylib@@UEAAPEAXI@Z 0000000140010810 f i wylib_x64:ClassedWnd.obj
 0001:0000f860       ?GetTickCount64@tick64@time@wylib@@YA_JXZ 0000000140010860 f   wylib_x64:Tick.obj
 0001:0000f900       ??0CCustomSocket@socket@inet@wylib@@QEAA@XZ 0000000140010900 f   wylib_x64:CustomSocket.obj
 0001:0000f950       ?Connected@CCustomSocket@socket@inet@wylib@@MEAAXXZ 0000000140010950 f   wylib_x64:CustomSocket.obj
 0001:0000f960       ?Disconnected@CCustomSocket@socket@inet@wylib@@MEAAXXZ 0000000140010960 f   wylib_x64:CustomSocket.obj
 0001:0000f970       ?setBlockMode@CCustomSocket@socket@inet@wylib@@QEAAH_N@Z 0000000140010970 f   wylib_x64:CustomSocket.obj
 0001:0000f9d0       ?close@CCustomSocket@socket@inet@wylib@@QEAAXXZ 00000001400109d0 f   wylib_x64:CustomSocket.obj
 0001:0000fa10       ?bind@CCustomSocket@socket@inet@wylib@@QEAAHKH@Z 0000000140010a10 f   wylib_x64:CustomSocket.obj
 0001:0000fa90       ?bind@CCustomSocket@socket@inet@wylib@@QEAAHPEBDH@Z 0000000140010a90 f   wylib_x64:CustomSocket.obj
 0001:0000fae0       ?setRecvBufSize@CCustomSocket@socket@inet@wylib@@QEAAHK@Z 0000000140010ae0 f   wylib_x64:CustomSocket.obj
 0001:0000fb20       ?setSendBufSize@CCustomSocket@socket@inet@wylib@@QEAAHK@Z 0000000140010b20 f   wylib_x64:CustomSocket.obj
 0001:0000fb60       ?listen@CCustomSocket@socket@inet@wylib@@QEAAHH@Z 0000000140010b60 f   wylib_x64:CustomSocket.obj
 0001:0000fb90       ?accept@CCustomSocket@socket@inet@wylib@@QEAAHPEA_KKPEAUsockaddr_in@@@Z 0000000140010b90 f   wylib_x64:CustomSocket.obj
 0001:0000fc50       ?connect@CCustomSocket@socket@inet@wylib@@QEAAHKH@Z 0000000140010c50 f   wylib_x64:CustomSocket.obj
 0001:0000fce0       ?createSocket@CCustomSocket@socket@inet@wylib@@SAHPEA_KHHH@Z 0000000140010ce0 f   wylib_x64:CustomSocket.obj
 0001:0000fd20       ?recv@CCustomSocket@socket@inet@wylib@@UEAAHPEAXHH@Z 0000000140010d20 f   wylib_x64:CustomSocket.obj
 0001:0000fdc0       ?send@CCustomSocket@socket@inet@wylib@@UEAAHPEAXHH@Z 0000000140010dc0 f   wylib_x64:CustomSocket.obj
 0001:0000fea0       ??1CCustomSocket@socket@inet@wylib@@UEAA@XZ 0000000140010ea0 f   wylib_x64:CustomSocket.obj
 0001:0000fef0       ?SocketError@CCustomSocket@socket@inet@wylib@@MEAAXH@Z 0000000140010ef0 f   wylib_x64:CustomSocket.obj
 0001:0000ff40       ?setSocket@CCustomSocket@socket@inet@wylib@@QEAAX_K@Z 0000000140010f40 f   wylib_x64:CustomSocket.obj
 0001:0000ffc0       ?connect@CCustomSocket@socket@inet@wylib@@QEAAHPEBDH@Z 0000000140010fc0 f   wylib_x64:CustomSocket.obj
 0001:00010010       ??_ECCustomSocket@socket@inet@wylib@@UEAAPEAXI@Z 0000000140011010 f i wylib_x64:CustomSocket.obj
 0001:00010010       ??_GCCustomSocket@socket@inet@wylib@@UEAAPEAXI@Z 0000000140011010 f i wylib_x64:CustomSocket.obj
 0001:00010080       ??1CCSLock@lock@sync@wylib@@UEAA@XZ 0000000140011080 f   wylib_x64:Lock.obj
 0001:000100a0       ?_Lock@CCSLock@lock@sync@wylib@@UEAAXPEADH@Z 00000001400110a0 f   wylib_x64:Lock.obj
 0001:000100c0       ?TryLock@CCSLock@lock@sync@wylib@@UEAAHXZ 00000001400110c0 f   wylib_x64:Lock.obj
 0001:000100d0       ?_Unlock@CCSLock@lock@sync@wylib@@UEAAXPEADH@Z 00000001400110d0 f   wylib_x64:Lock.obj
 0001:000100f0       ??0CCSLock@lock@sync@wylib@@QEAA@XZ 00000001400110f0 f   wylib_x64:Lock.obj
 0001:00010120       ??_GCCSLock@lock@sync@wylib@@UEAAPEAXI@Z 0000000140011120 f i wylib_x64:Lock.obj
 0001:00010120       ??_ECCSLock@lock@sync@wylib@@UEAAPEAXI@Z 0000000140011120 f i wylib_x64:Lock.obj
 0001:00010160       ??0CMemoryStream@stream@wylib@@QEAA@XZ 0000000140011160 f   wylib_x64:MemoryStream.obj
 0001:00010180       ??1CMemoryStream@stream@wylib@@UEAA@XZ 0000000140011180 f   wylib_x64:MemoryStream.obj
 0001:000101c0       ?Alloc@CMemoryStream@stream@wylib@@MEAAPEADPEAD_J@Z 00000001400111c0 f   wylib_x64:MemoryStream.obj
 0001:00010200       ?setSize@CMemoryStream@stream@wylib@@UEAA_N_J@Z 0000000140011200 f   wylib_x64:MemoryStream.obj
 0001:00010270       ?seek@CMemoryStream@stream@wylib@@UEAA_J_JH@Z 0000000140011270 f   wylib_x64:MemoryStream.obj
 0001:000102c0       ?read@CMemoryStream@stream@wylib@@UEAA_JPEAX_J@Z 00000001400112c0 f   wylib_x64:MemoryStream.obj
 0001:00010320       ?write@CMemoryStream@stream@wylib@@UEAA_JPEBX_J@Z 0000000140011320 f   wylib_x64:MemoryStream.obj
 0001:00010380       ?loadFromFile@CMemoryStream@stream@wylib@@QEAA_JPEBD@Z 0000000140011380 f   wylib_x64:MemoryStream.obj
 0001:00010400       ??_ECMemoryStream@stream@wylib@@UEAAPEAXI@Z 0000000140011400 f i wylib_x64:MemoryStream.obj
 0001:00010400       ??_GCMemoryStream@stream@wylib@@UEAAPEAXI@Z 0000000140011400 f i wylib_x64:MemoryStream.obj
 0001:00010458       ??_U@YAPEAX_K@Z            0000000140011458 f   msvcprt:newaop_s.obj
 0001:0001045e       __CxxFrameHandler3         000000014001145e f   MSVCRT:MSVCR100.dll
 0001:00010464       memset                     0000000140011464 f   MSVCRT:MSVCR100.dll
 0001:0001046c       ??_Etype_info@@UEAAPEAXI@Z 000000014001146c f i MSVCRT:ti_inst.obj
 0001:000104d6       ??3@YAXPEAX@Z              00000001400114d6 f   MSVCRT:MSVCR100.dll
 0001:000104dc       _onexit                    00000001400114dc f   MSVCRT:atonexit.obj
 0001:0001058c       atexit                     000000014001158c f   MSVCRT:atonexit.obj
 0001:000105a4       ??2@YAPEAX_K@Z             00000001400115a4 f   MSVCRT:MSVCR100.dll
 0001:000105aa       memcpy                     00000001400115aa f   MSVCRT:MSVCR100.dll
 0001:000105c0       __chkstk                   00000001400115c0 f   MSVCRT:chkstk.obj
 0001:000105c0       _alloca_probe              00000001400115c0     MSVCRT:chkstk.obj
 0001:0001060e       _CxxThrowException         000000014001160e f   MSVCRT:MSVCR100.dll
 0001:000108cc       mainCRTStartup             00000001400118cc f   MSVCRT:crtexe.obj
 0001:000108de       _purecall                  00000001400118de f   MSVCRT:MSVCR100.dll
 0001:00010900       __security_check_cookie    0000000140011900 f   MSVCRT:amdsecgs.obj
 0001:00010920       ?__ArrayUnwind@@YAXPEAX_KHP6AX0@Z@Z 0000000140011920 f   MSVCRT:ehvecdtr.obj
 0001:0001096c       ??_M@YAXPEAX_KHP6AX0@Z@Z   000000014001196c f   MSVCRT:ehvecdtr.obj
 0001:000109ca       __C_specific_handler       00000001400119ca f   MSVCRT:MSVCR100.dll
 0001:000109d0       _unlock                    00000001400119d0 f   MSVCRT:MSVCR100.dll
 0001:000109d6       __dllonexit                00000001400119d6 f   MSVCRT:MSVCR100.dll
 0001:000109dc       _lock                      00000001400119dc f   MSVCRT:MSVCR100.dll
 0001:000109e4       ?__CxxUnhandledExceptionFilter@@YAJPEAU_EXCEPTION_POINTERS@@@Z 00000001400119e4 f   MSVCRT:unhandld.obj
 0001:00010a28       __CxxSetUnhandledExceptionFilter 0000000140011a28 f   MSVCRT:unhandld.obj
 0001:00010a40       _amsg_exit                 0000000140011a40 f   MSVCRT:MSVCR100.dll
 0001:00010a48       _RTC_Initialize            0000000140011a48 f   MSVCRT:_initsect_.obj
 0001:00010a80       _RTC_Terminate             0000000140011a80 f   MSVCRT:_initsect_.obj
 0001:00010ab8       _XcptFilter                0000000140011ab8 f   MSVCRT:MSVCR100.dll
 0001:00010ac0       _ValidateImageBase         0000000140011ac0 f   MSVCRT:pesect.obj
 0001:00010af0       _FindPESection             0000000140011af0 f   MSVCRT:pesect.obj
 0001:00010b40       _IsNonwritableInCurrentImage 0000000140011b40 f   MSVCRT:pesect.obj
 0001:00010b82       _initterm                  0000000140011b82 f   MSVCRT:MSVCR100.dll
 0001:00010b88       _initterm_e                0000000140011b88 f   MSVCRT:MSVCR100.dll
 0001:00010b90       _matherr                   0000000140011b90 f   MSVCRT:merr.obj
 0001:00010b90       _setargv                   0000000140011b90 f   MSVCRT:dllargv.obj
 0001:00010b94       __security_init_cookie     0000000140011b94 f   MSVCRT:gs_support.obj
 0001:00010c48       __report_gsfailure         0000000140011c48 f   MSVCRT:gs_report.obj
 0001:00010d92       ?terminate@@YAXXZ          0000000140011d92 f   MSVCRT:MSVCR100.dll
 0001:00010d98       ?_type_info_dtor_internal_method@type_info@@QEAAXXZ 0000000140011d98 f   MSVCRT:MSVCR100.dll
 0001:00010d98       ??1type_info@@UEAA@XZ      0000000140011d98 f   MSVCRT:MSVCR100.dll
 0001:00010d9e       __crt_debugger_hook        0000000140011d9e f   MSVCRT:MSVCR100.dll
 0001:00010da4       WSAGetLastError            0000000140011da4 f   Ws2_32:WS2_32.dll
 0001:00010daa       ioctlsocket                0000000140011daa f   Ws2_32:WS2_32.dll
 0001:00010db0       closesocket                0000000140011db0 f   Ws2_32:WS2_32.dll
 0001:00010db6       bind                       0000000140011db6 f   Ws2_32:WS2_32.dll
 0001:00010dbc       gethostbyname              0000000140011dbc f   Ws2_32:WS2_32.dll
 0001:00010dc2       setsockopt                 0000000140011dc2 f   Ws2_32:WS2_32.dll
 0001:00010dc8       listen                     0000000140011dc8 f   Ws2_32:WS2_32.dll
 0001:00010dce       accept                     0000000140011dce f   Ws2_32:WS2_32.dll
 0001:00010dd4       select                     0000000140011dd4 f   Ws2_32:WS2_32.dll
 0001:00010dda       connect                    0000000140011dda f   Ws2_32:WS2_32.dll
 0001:00010de0       socket                     0000000140011de0 f   Ws2_32:WS2_32.dll
 0001:00010de6       recv                       0000000140011de6 f   Ws2_32:WS2_32.dll
 0001:00010dec       send                       0000000140011dec f   Ws2_32:WS2_32.dll
 0001:00010e00       Encode6BitBuf              0000000140011e00 f   edcode_x64:EDcode.obj
 0001:00010ef0       Decode6BitBuf              0000000140011ef0 f   edcode_x64:EDcode.obj
 0001:00011090       lua_checkstack             0000000140012090 f   lua-5.1_x64:lapi.obj
 0001:00011130       lua_xmove                  0000000140012130 f   lua-5.1_x64:lapi.obj
 0001:00011190       lua_setlevel               0000000140012190 f   lua-5.1_x64:lapi.obj
 0001:000111a0       lua_atpanic                00000001400121a0 f   lua-5.1_x64:lapi.obj
 0001:000111c0       lua_newthread              00000001400121c0 f   lua-5.1_x64:lapi.obj
 0001:00011200       lua_gettop                 0000000140012200 f   lua-5.1_x64:lapi.obj
 0001:00011210       lua_settop                 0000000140012210 f   lua-5.1_x64:lapi.obj
 0001:00011270       lua_remove                 0000000140012270 f   lua-5.1_x64:lapi.obj
 0001:000112c0       lua_insert                 00000001400122c0 f   lua-5.1_x64:lapi.obj
 0001:00011320       lua_replace                0000000140012320 f   lua-5.1_x64:lapi.obj
 0001:000113f0       lua_pushvalue              00000001400123f0 f   lua-5.1_x64:lapi.obj
 0001:00011420       lua_type                   0000000140012420 f   lua-5.1_x64:lapi.obj
 0001:00011450       lua_typename               0000000140012450 f   lua-5.1_x64:lapi.obj
 0001:00011470       lua_iscfunction            0000000140012470 f   lua-5.1_x64:lapi.obj
 0001:000114a0       lua_isnumber               00000001400124a0 f   lua-5.1_x64:lapi.obj
 0001:000114d0       lua_isstring               00000001400124d0 f   lua-5.1_x64:lapi.obj
 0001:00011510       lua_rawequal               0000000140012510 f   lua-5.1_x64:lapi.obj
 0001:00011560       lua_lessthan               0000000140012560 f   lua-5.1_x64:lapi.obj
 0001:000115b0       lua_tonumber               00000001400125b0 f   lua-5.1_x64:lapi.obj
 0001:000115f0       lua_tointeger              00000001400125f0 f   lua-5.1_x64:lapi.obj
 0001:00011620       lua_toboolean              0000000140012620 f   lua-5.1_x64:lapi.obj
 0001:00011650       lua_tolstring              0000000140012650 f   lua-5.1_x64:lapi.obj
 0001:000116f0       lua_objlen                 00000001400126f0 f   lua-5.1_x64:lapi.obj
 0001:00011770       lua_tothread               0000000140012770 f   lua-5.1_x64:lapi.obj
 0001:00011790       lua_topointer              0000000140012790 f   lua-5.1_x64:lapi.obj
 0001:00011800       lua_pushnil                0000000140012800 f   lua-5.1_x64:lapi.obj
 0001:00011820       lua_pushnumber             0000000140012820 f   lua-5.1_x64:lapi.obj
 0001:00011840       lua_pushinteger            0000000140012840 f   lua-5.1_x64:lapi.obj
 0001:00011860       lua_pushlstring            0000000140012860 f   lua-5.1_x64:lapi.obj
[...]
 0001:000282b0       discharge2reg              00000001400292b0 f   lua-5.1_x64:lcode.obj
 0001:00028400       discharge2anyreg           0000000140029400 f   lua-5.1_x64:lcode.obj
 0001:00028440       exp2reg                    0000000140029440 f   lua-5.1_x64:lcode.obj
 0001:00028b30       jumponcond                 0000000140029b30 f   lua-5.1_x64:lcode.obj
 0001:00028d30       luaK_goiffalse             0000000140029d30 f   lua-5.1_x64:lcode.obj
 0001:00028e30       codenot                    0000000140029e30 f   lua-5.1_x64:lcode.obj
 0001:00028f50       codearith                  0000000140029f50 f   lua-5.1_x64:lcode.obj
 0001:00029060       codecomp                   000000014002a060 f   lua-5.1_x64:lcode.obj
 0001:0002bb10       time                       000000014002cb10 f    CIL library: CIL module
 0001:0002bb30       localtime                  000000014002cb30 f    CIL library: CIL module
 0001:00031c40       ?SetupThreadLocale@@YAXXZ  0000000140032c40 f    CIL library: CIL module
 0001:00031c60       ?PathCreateThreadCode@@YAHPEBTJMPInstruct@@@Z 0000000140032c60 f    CIL library: CIL module
 0001:00031d70       ?_Path_ThreadLocale_Rountine@@YA_JPEAUPTD@@@Z 0000000140032d70 f    CIL library: CIL module
 0001:00031de0       ?UnPathCreateThread@@YAHXZ 0000000140032de0 f    CIL library: CIL module
 0001:00031e00       ?PathCreateThread@@YAHXZ   0000000140032e00 f    CIL library: CIL module
 0001:00031e70       ?_CreateThread_Path_@@YAPEAXPEAU_SECURITY_ATTRIBUTES@@_KP6AKPEAX@Z2KPEAK@Z 0000000140032e70 f    CIL library: CIL module
 0001:00031ff0       time                       0000000140032ff0 f    CIL library: CIL module
 0001:00032010       localtime                  0000000140033010 f    CIL library: CIL module
 0001:00033f20       ?dtor$0@?0??logToFile@CounterManager@@QEAAXXZ@4HA 0000000140034f20 f   main.obj
 0001:00033f30       ?dtor$0@?0??ServerMain@@YAXXZ@4HA 0000000140034f30 f   main.obj
 0001:00033f40       ?dtor$1@?0??ServerMain@@YAXXZ@4HA 0000000140034f40 f   main.obj
 0001:00033f50       ?dtor$3@?0??ServerMain@@YAXXZ@4HA 0000000140034f50 f   main.obj
 0001:00033f60       ?dtor$2@?0??ServerMain@@YAXXZ@4HA 0000000140034f60 f   main.obj
 0001:00033f70       ?dtor$0@?0??getSingleton@CTimeProfMgr@@SAAEAV1@XZ@4HA 0000000140034f70 f   main.obj
 0001:00033f70       main$dtor$0                0000000140034f70 f   main.obj
 0001:00033f90       ?dtor$0@?0??ShowServerConnections@CPerformanceWatcher@@AEAAXXZ@4HA 0000000140034f90 f   PerformanceWatcher.obj
 0001:00033fa0       ?dtor$0@?0??OnRountine@CPerformanceWatcher@@MEAAXXZ@4HA 0000000140034fa0 f   PerformanceWatcher.obj
 0001:00033fb0       ?dtor$2@?0??OnRountine@CPerformanceWatcher@@MEAAXXZ@4HA 0000000140034fb0 f   PerformanceWatcher.obj
 0001:00033fc0       ?dtor$1@?0??OnRountine@CPerformanceWatcher@@MEAAXXZ@4HA 0000000140034fc0 f   PerformanceWatcher.obj
 0001:00033fd0       ?dtor$3@?0??OnRountine@CPerformanceWatcher@@MEAAXXZ@4HA 0000000140034fd0 f   PerformanceWatcher.obj
 0001:00033fe0       ?dtor$1@?0??CheckUserValid@CSessionClient@@QEAAHPEAD0AEAUtagGlobalSessionOpenData@jxSrvDef@@@Z@4HA 0000000140034fe0 f   SessionClient.obj
 0001:00033ff0       ?dtor$0@?0???_GCSessionClient@@UEAAPEAXI@Z@4HA 0000000140034ff0 f   SessionClient.obj
 0001:00033ff0       ?dtor$0@?0???0CSessionClient@@QEAA@PEAVCSessionServer@@PEAVCSQLConenction@@_KPEAUsockaddr_in@@@Z@4HA 0000000140034ff0 f   SessionClient.obj
 0001:00034000       ?dtor$1@?0??CatchCreateAccount@CSessionClient@@QEAAXAEAVCDataPacketReader@@@Z@4HA 0000000140035000 f   SessionClient.obj
 0001:00034010       ?dtor$0@?0??CreateClientSocket@CSessionServer@@MEAAPEAVCCustomServerClientSocket@@_KPEAUsockaddr_in@@@Z@4HA 0000000140035010 f   SessionServer.obj
 0001:00034020       ?dtor$0@?0??CatchBroadcastMessage@CSessionClient@@QEAAXAEAVCDataPacketReader@@@Z@4HA 0000000140035020 f   SessionServer.obj
 0001:00034020       ?dtor$0@?0??CatchGroupMessage@CSessionClient@@QEAAXAEAVCDataPacketReader@@@Z@4HA 0000000140035020 f   SessionServer.obj
 0001:00034020       ?dtor$0@?0??ProcessKickCrossActor@CSessionServer@@QEAAX_JH@Z@4HA 0000000140035020 f   SessionServer.obj
 0001:00034030       ?dtor$1@?0??CatchBroadcastMessage@CSessionClient@@QEAAXAEAVCDataPacketReader@@@Z@4HA 0000000140035030 f   SessionServer.obj
 0001:00034030       ?dtor$1@?0??ProcessKickCrossActor@CSessionServer@@QEAAX_JH@Z@4HA 0000000140035030 f   SessionServer.obj
 0001:00034030       ?dtor$1@?0??CatchGroupMessage@CSessionClient@@QEAAXAEAVCDataPacketReader@@@Z@4HA 0000000140035030 f   SessionServer.obj
 0001:00034040       ?dtor$0@?0??BroadCastSessionConfim@CSessionServer@@AEAA_J_J0@Z@4HA 0000000140035040 f   SessionServer.obj
 0001:00034040       ?dtor$0@?0??BroadCastUpdateSessionState@CSessionServer@@AEAA_JPEAUtagGameSession@@@Z@4HA 0000000140035040 f   SessionServer.obj
 0001:00034050       ?dtor$1@?0??BroadCastUpdateSessionState@CSessionServer@@AEAA_JPEAUtagGameSession@@@Z@4HA 0000000140035050 f   SessionServer.obj
 0001:00034050       ?dtor$1@?0??BroadCastSessionConfim@CSessionServer@@AEAA_J_J0@Z@4HA 0000000140035050 f   SessionServer.obj
 0001:00034060       ?dtor$0@?0??BroadCastCloseSession@CSessionServer@@AEAA_J_K_KH@Z@4HA 0000000140035060 f   SessionServer.obj
 0001:00034070       ?dtor$1@?0??BroadCastCloseSession@CSessionServer@@AEAA_J_K_KH@Z@4HA 0000000140035070 f   SessionServer.obj
 0001:00034080       ?dtor$2@?0??BroadCastCloseSession@CSessionServer@@AEAA_J_K_KH@Z@4HA 0000000140035080 f   SessionServer.obj
 0001:00034090       ?dtor$0@?0??PostOpenSession@CSessionServer@@QEAAH_J0PEBD000_J_K2@Z@4HA 0000000140035090 f   SessionServer.obj
 0001:000340a0       ?dtor$1@?0??PostOpenSession@CSessionServer@@QEAAH_J0PEBD000_J_K2@Z@4HA 00000001400350a0 f   SessionServer.obj
 0001:000340b0       ?dtor$0@?0???0CSessionServer@@QEAA@PEAVCSSManager@@@Z@4HA 00000001400350b0 f   SessionServer.obj
 0001:000340c0       ?dtor$1@?0???0CSessionServer@@QEAA@PEAVCSSManager@@@Z@4HA 00000001400350c0 f   SessionServer.obj
 0001:000340e0       ?dtor$2@?0???0CSessionServer@@QEAA@PEAVCSSManager@@@Z@4HA 00000001400350e0 f   SessionServer.obj
 0001:00034100       ?dtor$3@?0???0CSessionServer@@QEAA@PEAVCSSManager@@@Z@4HA 0000000140035100 f   SessionServer.obj
 0001:00034120       ?dtor$0@?0???_GCSessionServer@@UEAAPEAXI@Z@4HA 0000000140035120 f   SessionServer.obj
 0001:00034130       ?dtor$1@?0???_GCSessionServer@@UEAAPEAXI@Z@4HA 0000000140035130 f   SessionServer.obj
 0001:00034150       ?dtor$2@?0???_GCSessionServer@@UEAAPEAXI@Z@4HA 0000000140035150 f   SessionServer.obj
 0001:00034170       ?dtor$0@?0??loadConfig@CSSConfig@@QEAA_NPEAVCSSManager@@@Z@4HA 0000000140035170 f   SSConfig.obj
 0001:00034180       ?catch$0@?0??loadConfig@CSSConfig@@QEAA_NPEAVCSSManager@@@Z@4HA 0000000140035180 f   SSConfig.obj
 0001:0003418d       __catch$?loadConfig@CSSConfig@@QEAA_NPEAVCSSManager@@@Z$0 000000014003518d f   SSConfig.obj
 0001:000341c0       ?catch$1@?0??loadConfig@CSSConfig@@QEAA_NPEAVCSSManager@@@Z@4HA 00000001400351c0 f   SSConfig.obj
 0001:000341cd       __catch$?loadConfig@CSSConfig@@QEAA_NPEAVCSSManager@@@Z$1 00000001400351cd f   SSConfig.obj
 0001:000341f0       ?dtor$0@?0???0?$CTRefString@VCAnsiString@string@wylib@@D@string@wylib@@QEAA@AEBV012@@Z@4HA 00000001400351f0 f   SSConfig.obj
 0001:00034200       ?dtor$1@?0??showError@CSSConfig@@MEAAXPEBD@Z@4HA 0000000140035200 f   SSConfig.obj
 0001:00034210       ?dtor$0@?0??showError@CSSConfig@@MEAAXPEBD@Z@4HA 0000000140035210 f   SSConfig.obj
 0001:00034220       ?dtor$4@?0??showError@CSSConfig@@MEAAXPEBD@Z@4HA 0000000140035220 f   SSConfig.obj
 0001:00034230       ?dtor$0@?0??AddClient@CommServerClientList@@QEAAXHH@Z@4HA 0000000140035230 f   SSManager.obj
 0001:00034240       ?dtor$0@?0???1CSSManager@@QEAA@XZ@4HA 0000000140035240 f   SSManager.obj
 0001:00034260       ?dtor$1@?0???1CSSManager@@QEAA@XZ@4HA 0000000140035260 f   SSManager.obj
 0001:00034280       ?dtor$2@?0???1CSSManager@@QEAA@XZ@4HA 0000000140035280 f   SSManager.obj
 0001:000342a0       ?dtor$3@?0???1CSSManager@@QEAA@XZ@4HA 00000001400352a0 f   SSManager.obj
 0001:000342c0       ?dtor$4@?0???1CSSManager@@QEAA@XZ@4HA 00000001400352c0 f   SSManager.obj
 0001:000342e0       ?dtor$5@?0???1CSSManager@@QEAA@XZ@4HA 00000001400352e0 f   SSManager.obj
 0001:00034300       ?dtor$6@?0???1CSSManager@@QEAA@XZ@4HA 0000000140035300 f   SSManager.obj
 0001:00034320       ?dtor$0@?0??LoadCharGateRouteTable@CSSManager@@QEAA_JXZ@4HA 0000000140035320 f   SSManager.obj
 0001:00034330       ?dtor$1@?0??LoadCharGateRouteTable@CSSManager@@QEAA_JXZ@4HA 0000000140035330 f   SSManager.obj
 0001:00034340       ?dtor$0@?0??LoadAdministLoginTable@CSSManager@@QEAA_JXZ@4HA 0000000140035340 f   SSManager.obj
 0001:00034350       ?dtor$1@?0??LoadAdministLoginTable@CSSManager@@QEAA_JXZ@4HA 0000000140035350 f   SSManager.obj
 0001:00034360       ?dtor$0@?0??LoadLogicServerInfoList@CSSManager@@QEAA_JXZ@4HA 0000000140035360 f   SSManager.obj
 0001:00034370       ?dtor$1@?0??LoadLogicServerInfoList@CSSManager@@QEAA_JXZ@4HA 0000000140035370 f   SSManager.obj
 0001:00034380       ?dtor$0@?0??UpdateAMC@CSSManager@@QEAAXXZ@4HA 0000000140035380 f   SSManager.obj
 0001:00034390       ?dtor$0@?0???0CSSManager@@QEAA@XZ@4HA 0000000140035390 f   SSManager.obj
 0001:000343b0       ?dtor$1@?0???0CSSManager@@QEAA@XZ@4HA 00000001400353b0 f   SSManager.obj
 0001:000343d0       ?dtor$2@?0???0CSSManager@@QEAA@XZ@4HA 00000001400353d0 f   SSManager.obj
 0001:000343f0       ?dtor$3@?0???0CSSManager@@QEAA@XZ@4HA 00000001400353f0 f   SSManager.obj
 0001:00034410       ?dtor$4@?0???0CSSManager@@QEAA@XZ@4HA 0000000140035410 f   SSManager.obj
 0001:00034430       ?dtor$5@?0???0CSSManager@@QEAA@XZ@4HA 0000000140035430 f   SSManager.obj
 0001:00034450       ?dtor$6@?0???0CSSManager@@QEAA@XZ@4HA 0000000140035450 f   SSManager.obj
 0001:00034470       ?dtor$7@?0???0CSSManager@@QEAA@XZ@4HA 0000000140035470 f   SSManager.obj
 0001:00034480       ?dtor$8@?0???0CSSManager@@QEAA@XZ@4HA 0000000140035480 f   SSManager.obj
 0001:00034490       ?dtor$9@?0???0CSSManager@@QEAA@XZ@4HA 0000000140035490 f   SSManager.obj
 0001:000344a0       ?dtor$0@?0???0CFileStream@stream@wylib@@QEAA@PEBDKW4OpenDisposition@012@@Z@4HA 00000001400354a0 f   wylib_x64:FileStream.obj
 0001:000344a0       ?dtor$0@?0???0CFileStream@stream@wylib@@QEAA@PEBDK@Z@4HA 00000001400354a0 f   wylib_x64:FileStream.obj
 0001:000344b0       ?dtor$0@?0??loadFromFile@CMemoryStream@stream@wylib@@QEAA_JPEBD@Z@4HA 00000001400354b0 f   wylib_x64:MemoryStream.obj
 0001:000344bc       _onexit$fin$0              00000001400354bc f   MSVCRT:atonexit.obj
 0001:000344d7       __tmainCRTStartup$filt$0   00000001400354d7 f   MSVCRT:crtexe.obj
 0001:000344f5       ?filt$0@?0??__ArrayUnwind@@YAXPEAX_KHP6AX0@Z@Z@4HA 00000001400354f5 f   MSVCRT:ehvecdtr.obj
 0001:00034536       ?fin$0@?0???_M@YAXPEAX_KHP6AX0@Z@Z@4HA 0000000140035536 f   MSVCRT:ehvecdtr.obj
 0001:00034570       _IsNonwritableInCurrentImage$filt$0 0000000140035570 f   MSVCRT:pesect.obj
 0001:000345a0       ?dtor$0@?0??DumpImpl@COPMToFile@@IEAAXXZ@4HA 00000001400355a0 f    CIL library: CIL module
 0001:000345c0       ?dtor$0@?0???0COPMToFile@@QEAA@PEBD@Z@4HA 00000001400355c0 f    CIL library: CIL module
 0001:000345e0       ?dtor$1@?0???0COPMToFile@@QEAA@PEBD@Z@4HA 00000001400355e0 f    CIL library: CIL module
 0001:00034600       ?dtor$2@?0???0COPMToFile@@QEAA@PEBD@Z@4HA 0000000140035600 f    CIL library: CIL module
 0001:00034620       ?dtor$3@?0???0COPMToFile@@QEAA@PEBD@Z@4HA 0000000140035620 f    CIL library: CIL module
 0001:00034640       ?dtor$4@?0???0COPMToFile@@QEAA@PEBD@Z@4HA 0000000140035640 f    CIL library: CIL module
 0001:00034660       ?dtor$5@?0???0COPMToFile@@QEAA@PEBD@Z@4HA 0000000140035660 f    CIL library: CIL module
 0001:00034680       ?dtor$6@?0???0COPMToFile@@QEAA@PEBD@Z@4HA 0000000140035680 f    CIL library: CIL module
 0001:000346a0       ?dtor$7@?0???0COPMToFile@@QEAA@PEBD@Z@4HA 00000001400356a0 f    CIL library: CIL module
 0001:000346c0       ?dtor$0@?0???0CSendPacketPool@@QEAA@XZ@4HA 00000001400356c0 f    CIL library: CIL module
 0001:000346e0       ?dtor$1@?0???0CSendPacketPool@@QEAA@XZ@4HA 00000001400356e0 f    CIL library: CIL module
 0001:00034710       ?dtor$0@?0???1CSendPacketPool@@QEAA@XZ@4HA 0000000140035710 f    CIL library: CIL module
 0001:00034730       ?dtor$1@?0???1CSendPacketPool@@QEAA@XZ@4HA 0000000140035730 f    CIL library: CIL module
 0001:00034750       ?dtor$2@?0???1CSendPacketPool@@QEAA@XZ@4HA 0000000140035750 f    CIL library: CIL module
 0001:00034770       ?dtor$3@?0???1CSendPacketPool@@QEAA@XZ@4HA 0000000140035770 f    CIL library: CIL module
 0001:00034790       ?dtor$4@?0???1CSendPacketPool@@QEAA@XZ@4HA 0000000140035790 f    CIL library: CIL module
 0001:000347b0       ?dtor$5@?0???1CSendPacketPool@@QEAA@XZ@4HA 00000001400357b0 f    CIL library: CIL module
 0001:000347d0       ?dtor$6@?0???1CSendPacketPool@@QEAA@XZ@4HA 00000001400357d0 f    CIL library: CIL module
 0001:00034800       ?dtor$0@?0???1CCustomWorkSocket@@UEAA@XZ@4HA 0000000140035800 f    CIL library: CIL module
 0001:00034820       ?dtor$1@?0???1CCustomWorkSocket@@UEAA@XZ@4HA 0000000140035820 f    CIL library: CIL module
 0001:00034840       ?dtor$2@?0???1CCustomWorkSocket@@UEAA@XZ@4HA 0000000140035840 f    CIL library: CIL module
 0001:00034860       ?dtor$3@?0???1CCustomWorkSocket@@UEAA@XZ@4HA 0000000140035860 f    CIL library: CIL module
 0001:00034880       ?dtor$4@?0???1CCustomWorkSocket@@UEAA@XZ@4HA 0000000140035880 f    CIL library: CIL module
 0001:000348b0       ?dtor$0@?0???0CCustomWorkSocket@@QEAA@XZ@4HA 00000001400358b0 f    CIL library: CIL module
 0001:000348d0       ?dtor$1@?0???0CCustomWorkSocket@@QEAA@XZ@4HA 00000001400358d0 f    CIL library: CIL module
 0001:000348f0       ?dtor$2@?0???0CCustomWorkSocket@@QEAA@XZ@4HA 00000001400358f0 f    CIL library: CIL module
 0001:00034910       ?dtor$3@?0???0CCustomWorkSocket@@QEAA@XZ@4HA 0000000140035910 f    CIL library: CIL module
 0001:00034940       ?dtor$0@?0???1CCustomLuaScript@@UEAA@XZ@4HA 0000000140035940 f    CIL library: CIL module
 0001:00034970       ?dtor$0@?0???1CCustomLuaConfig@@UEAA@XZ@4HA 0000000140035970 f    CIL library: CIL module
 0001:00034990       ?dtor$1@?0???1CCustomLuaConfig@@UEAA@XZ@4HA 0000000140035990 f    CIL library: CIL module
 0001:000349c0       ?dtor$0@?0???1CCustomClientSocket@@UEAA@XZ@4HA 00000001400359c0 f    CIL library: CIL module
 0001:000349e0       ?dtor$0@?0???0CCustomClientSocket@@QEAA@XZ@4HA 00000001400359e0 f    CIL library: CIL module
 0001:00034a00       ?dtor$0@?0???1CCustomServerSocket@@UEAA@XZ@4HA 0000000140035a00 f    CIL library: CIL module
 0001:00034a20       ?dtor$1@?0???1CCustomServerSocket@@UEAA@XZ@4HA 0000000140035a20 f    CIL library: CIL module
 0001:00034a40       ?dtor$2@?0???1CCustomServerSocket@@UEAA@XZ@4HA 0000000140035a40 f    CIL library: CIL module
 0001:00034a70       ?dtor$0@?0???0CCustomServerSocket@@QEAA@XZ@4HA 0000000140035a70 f    CIL library: CIL module
 0001:00034a90       ?dtor$1@?0???0CCustomServerSocket@@QEAA@XZ@4HA 0000000140035a90 f    CIL library: CIL module
 0001:00034ac0       ?dtor$0@?0???0CCustomServerClientSocket@@QEAA@XZ@4HA 0000000140035ac0 f    CIL library: CIL module
 0001:00034ae0       ?dtor$0@?0??showFieldDoesNotContainValue@CCustomLuaConfig@@IEAAXPEBD0@Z@4HA 0000000140035ae0 f    CIL library: CIL module
 0001:00034b00       ?dtor$0@?0??showTableNotExists@CCustomLuaConfig@@IEAAXPEBD@Z@4HA 0000000140035b00 f    CIL library: CIL module
 0001:00034b20       ?dtor$0@?0??showError@CCustomLuaConfig@@MEAAXPEBD@Z@4HA 0000000140035b20 f    CIL library: CIL module
 0001:00034b40       ?dtor$0@?0??dump@CTimeProfMgr@@QEAAXXZ@4HA 0000000140035b40 f    CIL library: CIL module
 0001:00034b70       ?dtor$0@?0??allocSendPacketList@CSendPacketPool@@QEAAXAEAV?$CBaseList@PEAVCDataPacket@@@container@wylib@@_JPEAPEAVCDataPacket@@@Z@4HA 0000000140035b70 f    CIL library: CIL module
 0001:00034ba0       ?dtor$0@?0???0CTimeProfMgr@@QEAA@XZ@4HA 0000000140035ba0 f    CIL library: CIL module
 0001:00034bc0       ?dtor$1@?0???0CTimeProfMgr@@QEAA@XZ@4HA 0000000140035bc0 f    CIL library: CIL module
 0001:00034be0       ?dtor$2@?0???0CTimeProfMgr@@QEAA@XZ@4HA 0000000140035be0 f    CIL library: CIL module
 0001:00034c00       ?dtor$3@?0???0CTimeProfMgr@@QEAA@XZ@4HA 0000000140035c00 f    CIL library: CIL module
 0001:00034c20       ?dtor$4@?0???0CTimeProfMgr@@QEAA@XZ@4HA 0000000140035c20 f    CIL library: CIL module
 0001:00034c50       ?dtor$0@?0???0CFileLogger@@QEAA@PEBDZZ@4HA 0000000140035c50 f    CIL library: CIL module
 0001:00034c70       ?dtor$0@?0???1CTimeProfRecord@@QEAA@XZ@4HA 0000000140035c70 f    CIL library: CIL module
 0001:00034c90       ?dtor$1@?0???1CTimeProfRecord@@QEAA@XZ@4HA 0000000140035c90 f    CIL library: CIL module
 0001:00034cc0       ?dtor$0@?0???1CTimeProfDummy@@QEAA@XZ@4HA 0000000140035cc0 f    CIL library: CIL module
 0001:00034ce0       ?dtor$0@?0???0CTimeProfDummy@@QEAA@PEBDI@Z@4HA 0000000140035ce0 f    CIL library: CIL module
 0001:00034d00       ?dtor$0@?0???1CTimeProfMgr@@QEAA@XZ@4HA 0000000140035d00 f    CIL library: CIL module
 0001:00034d20       ?dtor$1@?0???1CTimeProfMgr@@QEAA@XZ@4HA 0000000140035d20 f    CIL library: CIL module
 0001:00034d40       ?dtor$2@?0???1CTimeProfMgr@@QEAA@XZ@4HA 0000000140035d40 f    CIL library: CIL module
 0001:00034d60       ?dtor$3@?0???1CTimeProfMgr@@QEAA@XZ@4HA 0000000140035d60 f    CIL library: CIL module
 0001:00034d80       ?dtor$4@?0???1CTimeProfMgr@@QEAA@XZ@4HA 0000000140035d80 f    CIL library: CIL module
 0001:00034da0       ?dtor$0@?0???1CDataPacket@@QEAA@XZ@4HA 0000000140035da0 f    CIL library: CIL module
 0001:00034dc0       ?dtor$0@?0??getSingleton@CounterManager@@SAAEAV1@XZ@4HA 0000000140035dc0 f    CIL library: CIL module
 0001:00034de0       ?dtor$0@?0???YCAnsiString@string@wylib@@QEAAXPEBD@Z@4HA 0000000140035de0 f    CIL library: CIL module
 0001:00034e00       ?dtor$0@?0???1COPMToFile@@UEAA@XZ@4HA 0000000140035e00 f    CIL library: CIL module
 0001:00034e20       ?dtor$1@?0???1COPMToFile@@UEAA@XZ@4HA 0000000140035e20 f    CIL library: CIL module
 0001:00034e40       ?dtor$2@?0???1COPMToFile@@UEAA@XZ@4HA 0000000140035e40 f    CIL library: CIL module
 0001:00034e60       ?dtor$3@?0???1COPMToFile@@UEAA@XZ@4HA 0000000140035e60 f    CIL library: CIL module
 0001:00034e80       ?dtor$4@?0???1COPMToFile@@UEAA@XZ@4HA 0000000140035e80 f    CIL library: CIL module
 0001:00034ea0       ?dtor$5@?0???1COPMToFile@@UEAA@XZ@4HA 0000000140035ea0 f    CIL library: CIL module
 0001:00034ec0       ?dtor$6@?0???1COPMToFile@@UEAA@XZ@4HA 0000000140035ec0 f    CIL library: CIL module
 0001:00034ee0       ?dtor$7@?0???1COPMToFile@@UEAA@XZ@4HA 0000000140035ee0 f    CIL library: CIL module
 0001:00034f00       ?dtor$0@?0??addMsg@COPMToFile@@QEAAXW4tagShareOutputMsgType@@PEBD_J@Z@4HA 0000000140035f00 f    CIL library: CIL module
 0001:00034f20       ?dtor$0@?0???0CAMClient@@QEAA@XZ@4HA 0000000140035f20 f    CIL library: CIL module
 0001:00034f20       ?dtor$0@?0???1CAMClient@@UEAA@XZ@4HA 0000000140035f20 f    CIL library: CIL module
 0001:00034f30       ?dtor$1@?0???0CAMClient@@QEAA@XZ@4HA 0000000140035f30 f    CIL library: CIL module
 0001:00034f30       ?dtor$1@?0???1CAMClient@@UEAA@XZ@4HA 0000000140035f30 f    CIL library: CIL module
 0001:00034f50       ?dtor$0@?0??allocTimeProfRecord@CTimeProfMgr@@IEAAXXZ@4HA 0000000140035f50 f    CIL library: CIL module
 0001:00034f70       ?dtor$0@?0??getThreadInst@CTimeProfMgr@@QEAAPEAV1@XZ@4HA 0000000140035f70 f    CIL library: CIL module
 0001:00034f90       ??__E?SSSockPacketHandlers@CSessionClient@@0QBQ81@EAAXAEAVCDataPacketReader@@@ZB@@YAXXZ 0000000140035f90 f   SessionClient.obj
 0001:000351d0       ??__EmmPeriod@@YAXXZ       00000001400361d0 f   wylib_x64:Tick.obj
 0001:000351f0       ??__EllStartTick@@YAXXZ    00000001400361f0 f   wylib_x64:Tick.obj
 0001:00035210       ??__EdwLastShortTick@@YAXXZ 0000000140036210 f   wylib_x64:Tick.obj
